# gate: C4-diff-cov — diff coverage: changed lines executed by the patch's tests
# cmd: ./engine/scripts/run-diff-cov.sh
# cwd: /home/eddie/wyrd/wyrd-pdca
# PDCA_WORKTREE: /home/eddie/wyrd/wyrd.pdca-wt-l0
# start: 2026-08-18T11:40:34+00:00
# duration_secs: 2.98
# exit: 0
# outcome: pass
# ---- combined stdout+stderr (verbatim) ----
run-diff-cov.sh: MEASURE — cargo llvm-cov test -p wyrd-validate --test cli_surface (fix applied)
info: cargo-llvm-cov currently setting cfg(coverage); you can opt-out it by passing --no-cfg-coverage
   Compiling wyrd-validate v0.0.0 (/home/eddie/wyrd/wyrd-cov-l0/crates/validate)
    Finished `test` profile [unoptimized + debuginfo] target(s) in 0.46s
     Running tests/cli_surface.rs (target/llvm-cov-target/debug/deps/cli_surface-c8fbe6c68d719f67)

running 29 tests
test a_newline_in_the_access_key_id_cannot_forge_a_credentials_line ... ok
test an_unusable_value_in_an_unconsulted_variable_does_not_block_the_winning_pair ... ok
test resolve_credentials_falls_back_to_wyrd_over_the_injected_lookup ... ok
test resolve_credentials_refuses_a_present_but_empty_name ... ok
test resolve_credentials_refuses_a_non_utf8_name_rather_than_falling_back ... ok
test resolve_credentials_prefers_aws_over_wyrd_over_the_injected_lookup ... ok
test resolve_credentials_refuses_over_the_injected_lookup_when_neither_pair_is_present ... ok
test resolve_credentials_refuses_half_a_pair_rather_than_falling_back ... ok
test a_newline_in_a_value_cannot_forge_a_configuration_line ... ok
test the_debug_rendering_of_credentials_redacts_the_secret ... ok
test a_non_utf8_argument_exits_nonzero_without_panicking ... ok
test an_empty_value_is_refused_naming_the_flag ... ok
test the_echoed_block_covers_every_required_flag_in_order ... ok
test utf8_args_refuses_an_unreadable_argument_naming_its_position ... ok
test a_flag_left_without_its_value_does_not_consume_the_next_flag ... ok
test all_ten_flags_exit_zero_and_each_is_echoed_with_its_given_value ... ok
test a_single_dash_value_is_still_accepted ... ok
test a_terminal_control_sequence_in_a_value_is_escaped ... ok
test a_non_utf8_credential_refuses_over_the_real_binary_instead_of_falling_back ... ok
test a_repeated_flag_is_refused_naming_it ... ok
test half_an_aws_pair_refuses_over_the_real_binary_instead_of_using_the_wyrd_identity ... ok
test both_present_aws_wins ... ok
test neither_present_exits_nonzero_naming_what_to_set ... ok
test aws_credentials_present_resolve_to_the_aws_id_and_source ... ok
test wyrd_fallback_credentials_resolve_when_aws_is_absent ... ok
test the_equals_spelling_is_refused_by_name_rather_than_half_parsed ... ok
test an_unrecognised_flag_exits_nonzero_naming_it ... ok
test a_flag_shaped_token_in_a_value_slot_is_refused_for_every_flag ... ok
test a_missing_required_flag_exits_nonzero_naming_it_on_stderr ... ok

test result: ok. 29 passed; 0 failed; 0 ignored; 0 measured; 0 filtered out; finished in 0.01s
run-diff-cov.sh: MEASURE — cargo llvm-cov test -p xtask --test blackbox_dependency_guard (fix applied)
info: cargo-llvm-cov currently setting cfg(coverage); you can opt-out it by passing --no-cfg-coverage
   Compiling wyrd-chunk-format v0.0.0 (/home/eddie/wyrd/wyrd-cov-l0/crates/chunk-format)
   Compiling xtask v0.0.0 (/home/eddie/wyrd/wyrd-cov-l0/xtask)
    Finished `test` profile [unoptimized + debuginfo] target(s) in 0.99s
     Running tests/blackbox_dependency_guard.rs (target/llvm-cov-target/debug/deps/blackbox_dependency_guard-2f9a81bf1fdb8637)

running 21 tests
test a_declared_dependency_whose_kind_cannot_be_classified_is_err ... ok
test a_dev_edge_prunes_everything_behind_it ... ok
test an_unparsable_document_is_err ... ok
test more_than_one_package_under_the_scanned_name_is_err ... ok
test an_unreadable_declared_dependency_list_is_err ... ok
test a_normal_wyrd_dependency_is_exactly_one_violation_naming_it ... ok
test a_cyclic_graph_terminates_and_still_reports ... ok
test a_multi_hop_normal_path_reaches_the_violation_and_reports_the_path ... ok
test a_dev_route_does_not_mask_a_normal_route_to_the_same_crate ... ok
test an_optional_off_by_default_normal_edge_is_still_the_violation ... ok
test a_document_with_no_resolve_section_is_err ... ok
test a_clean_multi_hop_closure_is_green ... ok
test an_edge_reaching_a_package_with_no_resolve_node_is_err ... ok
test a_package_present_but_absent_from_the_resolve_graph_is_err ... ok
test run_hygiene_guards_stops_at_the_first_failing_guard ... ok
test the_same_edge_marked_dev_is_no_violation ... ok
test an_edge_whose_kind_cannot_be_classified_is_err_not_silently_non_normal ... ok
test run_hygiene_guards_reaches_the_blackbox_guard ... ok
test a_package_absent_from_packages_is_err ... ok
test the_blackbox_guard_is_registered_in_hygiene_guards ... ok
test the_guard_reads_an_all_features_locked_resolve_of_the_real_workspace ... ok

test result: ok. 21 passed; 0 failed; 0 ignored; 0 measured; 0 filtered out; finished in 0.30s
run-diff-cov.sh: NOTE — 391 of 941 changed production lines carried a coverage
                 region; the other 550 are not scored either way. Most are simply not
                 executable (comments, `use`, declarations, bare delimiters). But code
                 compiled out by a #[cfg(...)] your feature selection does not enable looks
                 identical here, and this gate cannot tell the two apart (#222).
                 The largest unscored spans, so you can tell at a glance which it is:
run-diff-cov.sh:   UNSCORED crates/validate/src/lib.rs:1-107 (107 lines)
run-diff-cov.sh:   UNSCORED xtask/src/repo_guard.rs:568-625 (58 lines)
run-diff-cov.sh:   UNSCORED crates/validate/src/lib.rs:233-269 (37 lines)
run-diff-cov.sh:   UNSCORED xtask/src/repo_guard.rs:933-969 (37 lines)
run-diff-cov.sh:   UNSCORED crates/validate/src/lib.rs:158-193 (36 lines)
run-diff-cov.sh:   UNSCORED xtask/src/repo_guard.rs:679-713 (35 lines)
run-diff-cov.sh:   … and 68 further span(s), none larger; all of them are in coverage/diff-cov.json
run-diff-cov.sh: MISS crates/validate/src/lib.rs:113
run-diff-cov.sh: MISS crates/validate/src/lib.rs:114
run-diff-cov.sh: MISS crates/validate/src/lib.rs:115
run-diff-cov.sh: MISS crates/validate/src/lib.rs:116
run-diff-cov.sh: MISS crates/validate/src/lib.rs:117
run-diff-cov.sh: MISS xtask/src/main.rs:1565
run-diff-cov.sh: MISS xtask/src/main.rs:1933
run-diff-cov.sh: MISS xtask/src/repo_guard.rs:807
run-diff-cov.sh: MISS xtask/src/repo_guard.rs:811
run-diff-cov.sh: MISS xtask/src/repo_guard.rs:814
run-diff-cov.sh: MISS xtask/src/repo_guard.rs:815
run-diff-cov.sh: MISS xtask/src/repo_guard.rs:816
run-diff-cov.sh: MISS xtask/src/repo_guard.rs:817
run-diff-cov.sh: MISS xtask/src/repo_guard.rs:902
run-diff-cov.sh: MISS xtask/src/repo_guard.rs:903
run-diff-cov.sh: MISS xtask/src/repo_guard.rs:904
run-diff-cov.sh: MISS xtask/src/repo_guard.rs:905
run-diff-cov.sh: MISS xtask/src/repo_guard.rs:906
run-diff-cov.sh: MISS xtask/src/repo_guard.rs:916
run-diff-cov.sh: MISS xtask/src/repo_guard.rs:925
run-diff-cov.sh: MISS xtask/src/repo_guard.rs:926
run-diff-cov.sh: MISS xtask/src/repo_guard.rs:927
run-diff-cov.sh: MISS xtask/src/repo_guard.rs:928
run-diff-cov.sh: MISS xtask/src/repo_guard.rs:929
run-diff-cov.sh: MISS xtask/src/repo_guard.rs:930
METRIC diff_cov=93.6 covered=366 instrumentable=391 unscored=550
run-diff-cov.sh: PASS — the patch's tests execute 93.6% of its 391 instrumentable changed
                 lines (floor 80%, 50 test(s) ran).
PDCA-EVIDENCE: diff coverage 93.6% — 366 of 391 instrumentable changed lines executed (floor 80%); 391 of 941 changed lines were instrumentable
