# gate C4-verify — attempt 1/1: unverifiable (exit 77)
# cmd: ./engine/scripts/run-verify.sh
# cwd: /home/eddie/wyrd/wyrd-pdca
# PDCA_WORKTREE: /home/eddie/wyrd/wyrd.pdca-wt-l0
# started: 2026-08-05T21:19:17+02:00   duration: 6s

run-verify.sh: GREEN — cargo test -p wyrd-core --test multipart_records (fix applied)

running 22 tests
......................
test result: ok. 22 passed; 0 failed; 0 ignored; 0 measured; 0 filtered out; finished in 0.00s
run-verify.sh: RED — cargo test -p wyrd-core --test multipart_records (production reverted, test kept)
error[E0432]: unresolved import `wyrd_core::multipart`
  --> crates/core/tests/multipart_records.rs:24:16
   |
24 | use wyrd_core::multipart::{
   |                ^^^^^^^^^ could not find `multipart` in `wyrd_core`

error[E0432]: unresolved import `sha2`
   --> crates/core/tests/multipart_records.rs:594:9
    |
594 |     use sha2::{Digest as _, Sha256};
    |         ^^^^ use of unresolved module or unlinked crate `sha2`
    |
    = help: if you wanted to use a crate named `sha2`, use `cargo add sha2` to add it to your `Cargo.toml`

error[E0425]: cannot find value `PartAccepted` in this scope
   --> crates/core/tests/multipart_records.rs:522:34
    |
522 |         (UploadPart, Some(Open), PartAccepted),
    |                                  ^^^^^^^^^^^^ not found in this scope

error[E0425]: cannot find value `NoSuchUpload` in this scope
   --> crates/core/tests/multipart_records.rs:523:40
    |
523 |         (UploadPart, Some(Completing), NoSuchUpload),
    |                                        ^^^^^^^^^^^^ not found in this scope

error[E0425]: cannot find value `NoSuchUpload` in this scope
   --> crates/core/tests/multipart_records.rs:524:38
    |
524 |         (UploadPart, Some(Aborting), NoSuchUpload),
    |                                      ^^^^^^^^^^^^ not found in this scope

error[E0425]: cannot find value `NoSuchUpload` in this scope
   --> crates/core/tests/multipart_records.rs:525:39
    |
525 |         (UploadPart, Some(Completed), NoSuchUpload),
    |                                       ^^^^^^^^^^^^ not found in this scope

error[E0425]: cannot find value `NoSuchUpload` in this scope
   --> crates/core/tests/multipart_records.rs:526:28
    |
526 |         (UploadPart, None, NoSuchUpload),
    |                            ^^^^^^^^^^^^ not found in this scope

error[E0425]: cannot find value `CompleteFences` in this scope
   --> crates/core/tests/multipart_records.rs:527:47
    |
527 |         (CompleteMultipartUpload, Some(Open), CompleteFences),
    |                                               ^^^^^^^^^^^^^^ not found in this scope

error[E0425]: cannot find value `OperationAborted` in this scope
   --> crates/core/tests/multipart_records.rs:528:53
    |
528 |         (CompleteMultipartUpload, Some(Completing), OperationAborted),
    |                                                     ^^^^^^^^^^^^^^^^ not found in this scope

error[E0425]: cannot find value `NoSuchUpload` in this scope
   --> crates/core/tests/multipart_records.rs:529:51
    |
529 |         (CompleteMultipartUpload, Some(Aborting), NoSuchUpload),
    |                                                   ^^^^^^^^^^^^ not found in this scope

error[E0425]: cannot find value `CompleteIdenticalRetry` in this scope
   --> crates/core/tests/multipart_records.rs:533:13
    |
533 |             CompleteIdenticalRetry,
    |             ^^^^^^^^^^^^^^^^^^^^^^ not found in this scope

error[E0425]: cannot find value `NoSuchUpload` in this scope
   --> crates/core/tests/multipart_records.rs:535:41
    |
535 |         (CompleteMultipartUpload, None, NoSuchUpload),
    |                                         ^^^^^^^^^^^^ not found in this scope

error[E0425]: cannot find value `AbortFences` in this scope
   --> crates/core/tests/multipart_records.rs:536:44
    |
536 |         (AbortMultipartUpload, Some(Open), AbortFences),
    |                                            ^^^^^^^^^^^ not found in this scope

error[E0425]: cannot find value `OperationAborted` in this scope
   --> crates/core/tests/multipart_records.rs:537:50
    |
537 |         (AbortMultipartUpload, Some(Completing), OperationAborted),
    |                                                  ^^^^^^^^^^^^^^^^ not found in this scope

error[E0425]: cannot find value `AbortAlreadyAborting` in this scope
   --> crates/core/tests/multipart_records.rs:538:48
    |
538 |         (AbortMultipartUpload, Some(Aborting), AbortAlreadyAborting),
    |                                                ^^^^^^^^^^^^^^^^^^^^ not found in this scope

error[E0425]: cannot find value `NoSuchUpload` in this scope
   --> crates/core/tests/multipart_records.rs:539:49
    |
539 |         (AbortMultipartUpload, Some(Completed), NoSuchUpload),
    |                                                 ^^^^^^^^^^^^ not found in this scope

error[E0425]: cannot find value `NoSuchUpload` in this scope
   --> crates/core/tests/multipart_records.rs:540:38
    |
540 |         (AbortMultipartUpload, None, NoSuchUpload),
    |                                      ^^^^^^^^^^^^ not found in this scope

error[E0425]: cannot find value `ListPartsOpenSet` in this scope
   --> crates/core/tests/multipart_records.rs:541:33
    |
541 |         (ListParts, Some(Open), ListPartsOpenSet),
    |                                 ^^^^^^^^^^^^^^^^ not found in this scope

error[E0425]: cannot find value `ListPartsFrozenSet` in this scope
   --> crates/core/tests/multipart_records.rs:542:39
    |
542 |         (ListParts, Some(Completing), ListPartsFrozenSet),
    |                                       ^^^^^^^^^^^^^^^^^^ not found in this scope

error[E0425]: cannot find value `NoSuchUpload` in this scope
   --> crates/core/tests/multipart_records.rs:543:37
    |
543 |         (ListParts, Some(Aborting), NoSuchUpload),
    |                                     ^^^^^^^^^^^^ not found in this scope

error[E0425]: cannot find value `NoSuchUpload` in this scope
   --> crates/core/tests/multipart_records.rs:544:38
    |
544 |         (ListParts, Some(Completed), NoSuchUpload),
    |                                      ^^^^^^^^^^^^ not found in this scope

error[E0425]: cannot find value `NoSuchUpload` in this scope
   --> crates/core/tests/multipart_records.rs:545:27
    |
545 |         (ListParts, None, NoSuchUpload),
    |                           ^^^^^^^^^^^^ not found in this scope

error[E0425]: cannot find value `Listed` in this scope
   --> crates/core/tests/multipart_records.rs:546:44
    |
546 |         (ListMultipartUploads, Some(Open), Listed),
    |                                            ^^^^^^ not found in this scope

error[E0425]: cannot find value `Listed` in this scope
   --> crates/core/tests/multipart_records.rs:547:50
    |
547 |         (ListMultipartUploads, Some(Completing), Listed),
    |                                                  ^^^^^^ not found in this scope

error[E0425]: cannot find value `NotListed` in this scope
   --> crates/core/tests/multipart_records.rs:548:48
    |
548 |         (ListMultipartUploads, Some(Aborting), NotListed),
    |                                                ^^^^^^^^^ not found in this scope

error[E0425]: cannot find value `NotListed` in this scope
   --> crates/core/tests/multipart_records.rs:549:49
    |
549 |         (ListMultipartUploads, Some(Completed), NotListed),
    |                                                 ^^^^^^^^^ not found in this scope

error[E0425]: cannot find value `NotListed` in this scope
   --> crates/core/tests/multipart_records.rs:550:38
    |
550 |         (ListMultipartUploads, None, NotListed),
    |                                      ^^^^^^^^^ not found in this scope

error[E0609]: no field `owner` on type `PendingEntry`
   --> crates/core/tests/multipart_records.rs:337:22
    |
337 |     assert_eq!(prior.owner, None);
    |                      ^^^^^ unknown field
    |
    = note: available field is: `lease_expiry_millis`

error[E0609]: no field `staged` on type `PendingEntry`
   --> crates/core/tests/multipart_records.rs:338:22
    |
338 |     assert_eq!(prior.staged, None);
    |                      ^^^^^^ unknown field
    |
    = note: available field is: `lease_expiry_millis`

error[E0560]: struct `PendingEntry` has no field named `owner`
   --> crates/core/tests/multipart_records.rs:353:9
    |
353 |         owner: Some(UPLOAD_ID.to_string()),
    |         ^^^^^ `PendingEntry` does not have this field
    |
    = note: all struct fields are already assigned

error[E0560]: struct `PendingEntry` has no field named `staged`
   --> crates/core/tests/multipart_records.rs:354:9
    |
354 |         staged: Some(StagedPlacement {
    |         ^^^^^^ `PendingEntry` does not have this field
    |
    = note: all struct fields are already assigned

Some errors have detailed explanations: E0425, E0432, E0560, E0609.
For more information about an error, try `rustc --explain E0425`.
error: could not compile `wyrd-core` (test "multipart_records") due to 31 previous errors
run-verify.sh: UNVERIFIABLE — the RED leg's cargo run failed (status 101) WITHOUT
               running a test, so no RED was established. This is NOT 'red without the
               fix' — the discriminator never executed. The usual cause is that it does
               not COMPILE against the reverted base: it calls production API this patch
               adds, so reverting the fix removes the symbol it needs. Split the test so
               it exercises the behaviour through pre-existing API, or record at sign-off
               why this slice has no isolable red (the cargo output is above).
