# gate C5-mutants — attempt 1/1: fail (exit 2)
# cmd: scripts/mutants-in-diff
# cwd: /home/eddie/wyrd/wyrd-pdca
# PDCA_WORKTREE: /home/eddie/wyrd/wyrd.pdca-wt-l0
# started: 2026-08-05T21:20:24+02:00   duration: 225s

Found 164 mutants to test
ok       Unmutated baseline in 11s build + 1s test
 INFO Auto-set test timeout to 20s
MISSED   crates/core/src/multipart.rs:240:19: replace > with >= in canonical_decimal in 0s build + 2s test
MISSED   crates/core/src/multipart.rs:398:25: replace || with && in parse_sidx_key in 0s build + 2s test
MISSED   crates/core/src/multipart.rs:539:33: replace || with && in parse_retire_key in 0s build + 1s test
MISSED   crates/core/src/multipart.rs:602:54: replace + with - in Budget::u_ref in 0s build + 1s test
MISSED   crates/core/src/multipart.rs:602:54: replace + with * in Budget::u_ref in 0s build + 1s test
MISSED   crates/core/src/multipart.rs:604:16: replace < with == in Budget::u_ref in 0s build + 1s test
MISSED   crates/core/src/multipart.rs:604:16: replace < with <= in Budget::u_ref in 0s build + 1s test
MISSED   crates/core/src/multipart.rs:621:52: replace / with * in Budget::max_sessions in 0s build + 1s test
MISSED   crates/core/src/multipart.rs:622:29: replace < with <= in Budget::max_sessions in 0s build + 2s test
MISSED   crates/core/src/multipart.rs:983:44: replace || with && in parse_digest in 0s build + 1s test
MISSED   crates/core/src/multipart.rs:983:18: replace * with + in parse_digest in 0s build + 1s test
MISSED   crates/core/src/multipart.rs:983:57: replace + with * in parse_digest in 0s build + 1s test
MISSED   crates/core/src/multipart.rs:983:53: replace * with + in parse_digest in 0s build + 2s test
164 mutants tested in 4m: 13 missed, 61 caught, 90 unviable
