# gate: C4-diff-cov — diff coverage: changed lines executed by the patch's tests
# cmd: ./engine/scripts/run-diff-cov.sh
# cwd: /home/eddie/wyrd/wyrd-pdca
# PDCA_WORKTREE: /home/eddie/wyrd/wyrd.pdca-wt-l0
# start: 2026-09-29T13:23:15+00:00
# duration_secs: 6.19
# exit: 0
# outcome: pass
# ---- combined stdout+stderr (verbatim) ----
run-diff-cov.sh: at least one changed crate ships no test in this patch — it is scored
                 against its EXISTING suite, and any co-located #[cfg(test)] lines the
                 patch adds count as covered, so that part of the figure is the generous
                 one; see the coverage boundary in this file's header.
run-diff-cov.sh: MEASURE — cargo llvm-cov test -p wyrd-core (fix applied)
info: cargo-llvm-cov currently setting cfg(coverage); you can opt-out it by passing --no-cfg-coverage
   Compiling wyrd-traits v0.0.0 (/home/eddie/wyrd/wyrd-cov-l0/crates/traits)
   Compiling wyrd-chunk-format v0.0.0 (/home/eddie/wyrd/wyrd-cov-l0/crates/chunk-format)
   Compiling wyrd-proto v0.0.0 (/home/eddie/wyrd/wyrd-cov-l0/crates/proto)
   Compiling wyrd-testkit v0.0.0 (/home/eddie/wyrd/wyrd-cov-l0/crates/testkit)
   Compiling wyrd-metadata-redb v0.0.0 (/home/eddie/wyrd/wyrd-cov-l0/crates/metadata-redb)
   Compiling wyrd-core v0.0.0 (/home/eddie/wyrd/wyrd-cov-l0/crates/core)
   Compiling wyrd-chunkstore-fs v0.0.0 (/home/eddie/wyrd/wyrd-cov-l0/crates/chunkstore-fs)
   Compiling wyrd-chunkstore-grpc v0.0.0 (/home/eddie/wyrd/wyrd-cov-l0/crates/chunkstore-grpc)
    Finished `test` profile [unoptimized + debuginfo] target(s) in 3.09s
     Running unittests src/lib.rs (target/llvm-cov-target/debug/deps/wyrd_core-f64d4189a2d79cdc)

running 63 tests
test erasure::tests::coder_error_exposes_its_wrapped_source ... ok
test erasure::tests::reconstruct_with_m_zero_is_a_typed_error_even_with_all_k_shards_present ... ok
test erasure::tests::reconstruct_with_k_zero_is_a_typed_error_not_a_panic ... ok
test erasure::tests::supported_accepts_the_schemes_this_module_round_trips ... ok
test metadata::orphan_mark_codec::the_legacy_shape_is_every_existing_writers_bare_decimal ... ok
test metadata::orphan_mark_codec::a_value_outside_the_encoders_image_is_refused ... ok
test metadata::orphan_mark_codec::the_structured_and_reclaiming_shapes_round_trip_byte_for_byte ... ok
test metadata::orphan_mark_codec::a_writer_cannot_encode_what_the_decoder_refuses ... ok
test metadata::orphan_mark_codec::an_event_names_a_retirement_only_in_the_retire_key_grammars_spelling ... ok
test metadata::placement_move::chunk_at_needs_both_the_offset_and_the_reference ... ok
test metadata::placement_move::segment_may_hold_is_the_half_open_span_plus_an_empty_chunks_end ... ok
test metadata::segmented_shape_invariants::a_decoded_segment_record_reports_the_span_its_chunks_cover ... ok
test metadata::segmented_shape_invariants::a_group_prefix_can_never_alias_another_generations_epoch_range ... ok
test metadata::segmented_shape_invariants::a_decoded_root_exposes_which_shape_it_is ... ok
test metadata::segmented_shape_invariants::a_segment_record_covering_no_bytes_is_err ... ok
test metadata::segmented_shape_invariants::wrong_width_segment_index_key_is_malformed ... ok
test metadata::tests::empty_placement_is_valid_pre_m3_identity ... ok
test metadata::tests::full_length_placement_is_valid ... ok
test metadata::tests::non_empty_wrong_length_placement_is_malformed ... ok
test metadata::tests::read_path_fragments_stays_liberal_for_malformed_placement ... ok
test metadata::segmented_shape_invariants::segment_record_chunk_lengths_not_summing_to_byte_len_is_err ... ok
test metadata::tests::the_value_ceiling_admits_the_boundary_and_refuses_only_past_it ... ok
test metadata::segmented_shape_invariants::every_span_arithmetic_that_leaves_u64_is_refused_not_wrapped ... ok
test metadata::segmented_shape_invariants::only_canonical_epoch_spellings_address_a_segment ... ok
test metadata::segmented_shape_invariants::segment_key_round_trips_over_the_whole_addressable_index_space ... ok
test metadata::segmented_shape_invariants::a_segment_index_past_the_key_space_is_neither_a_key_nor_a_value ... ok
test metadata::placement_move::flat_arm_refuses_a_version_it_cannot_advance ... ok
test placement::tests::refuses_when_domains_below_n ... ok
test placement::tests::replacement_avoids_occupied_domains ... ok
test placement::tests::replacement_refuses_when_no_free_domain_remains ... ok
test placement::tests::domain_utilization_sums_per_domain ... ok
test placement::tests::excluding_carries_retained_utilization_not_excluded ... ok
test placement::tests::places_across_n_distinct_domains ... ok
test placement::tests::excluding_drops_servers_and_their_utilization ... ok
test placement::tests::places_when_free_domains_exactly_equal_need ... ok
test read::tests::read_chunk_rejects_a_stored_k_zero_scheme ... ok
test read::tests::read_chunk_rejects_a_stored_m_zero_scheme ... ok
test repair::tests::intact_shard_accepts_the_expected_fragment_and_rejects_wrong_identity ... ok
test repair::tests::replication_single_copy_fragment_is_admitted_under_scheme_none ... ok
test read::tests::oversized_inode_size_with_empty_chunk_map_errors_cleanly_not_panics ... ok
test metadata::placement_move::flat_arm_moves_the_placement_and_advances_the_version_preserving_metadata ... ok
test metadata::placement_move::flat_arm_conflicts_on_a_changed_chunk_and_on_a_superseded_root ... ok
test metadata::placement_move::a_superseded_root_fails_the_batch_or_the_move ... ok
test metadata::placement_move::a_sibling_edit_is_merged_and_an_edit_to_the_planned_chunk_conflicts ... ok
test metadata::placement_move::a_zero_length_chunk_on_a_segment_boundary_is_found_by_equality ... ok
test metadata::placement_move::segmented_arm_rewrites_only_the_covering_segment_and_never_the_root ... ok
test metadata::segmented_shape_invariants::every_chunk_map_commit_refuses_a_segmented_prior_instead_of_stranding_its_segments ... ok
test metadata::segmented_shape_invariants::create_refuses_a_record_it_could_not_read_back ... ok
test metadata::placement_move::a_damaged_segment_of_the_live_generation_is_structural_corruption ... ok
test metadata::segmented_shape_invariants::create_refuses_a_segmented_record_this_build_cannot_publish ... ok
test metadata::segmented_shape_invariants::a_segmented_prior_outranks_the_lease_state_it_is_committed_under ... ok
test metadata::segmented_shape_invariants::unlink_refuses_a_segmented_inode_rather_than_unbind_fragments_it_cannot_orphan ... ok
test metadata::placement_move::a_replacement_placement_must_name_every_fragment ... ok
test metadata::segmented_shape_invariants::high_water_marks_is_total_over_records_it_cannot_read ... ok
test metadata::placement_move::a_segment_row_over_the_ceiling_is_never_decoded_nor_rewritten ... ok
test metadata::placement_move::flat_arm_refuses_a_record_the_move_would_push_past_the_value_ceiling ... ok
test erasure::tests::reconstruct_with_k_zero_and_nonempty_available_is_still_a_typed_error ... ok
test erasure::tests::fewer_than_k_shards_is_an_error ... ok
test metadata::placement_move::segmented_arm_weighs_its_record_against_the_full_value_ceiling ... ok
test erasure::tests::round_trip_matrix ... ok
test erasure::tests::reconstructs_from_every_six_of_nine_for_rs_6_3 ... ok
test metadata::placement_move::seeded_moves_race_each_other_and_the_roots_retirement ... ok
test erasure::tests::seeded_random_data_and_subsets_round_trip ... ok

test result: ok. 63 passed; 0 failed; 0 ignored; 0 measured; 0 filtered out; finished in 1.20s

     Running tests/buffered_lease_lapse.rs (target/llvm-cov-target/debug/deps/buffered_lease_lapse-b0765982f5f3e922)

running 3 tests
test stalled_buffered_placed_create_fails_closed_when_its_lease_lapses ... ok
test buffered_create_inside_the_ttl_still_publishes ... ok
test stalled_buffered_create_fails_closed_when_its_lease_lapses ... ok

test result: ok. 3 passed; 0 failed; 0 ignored; 0 measured; 0 filtered out; finished in 0.01s

     Running tests/domain_placement.rs (target/llvm-cov-target/debug/deps/domain_placement-4846c172c591af5a)

running 1 test
test write_records_distinct_domain_placement_not_identity ... ok

test result: ok. 1 passed; 0 failed; 0 ignored; 0 measured; 0 filtered out; finished in 0.04s

     Running tests/fragment_identity.rs (target/llvm-cov-target/debug/deps/fragment_identity-b4fbe359c97866c8)

running 3 tests
test ec_read_rejects_a_same_chunk_wrong_index_fragment ... ok
test ec_read_rejects_a_same_scheme_type_wrong_geometry_fragment ... ok
test ec_read_rejects_a_fragment_whose_ec_tuple_disagrees_with_scheme ... ok

test result: ok. 3 passed; 0 failed; 0 ignored; 0 measured; 0 filtered out; finished in 0.04s

     Running tests/multipart_budget_admission.rs (target/llvm-cov-target/debug/deps/multipart_budget_admission-ba04602fbaa81065)

running 18 tests
test g2_zero_inflight_parts_is_refused ... ok
test g4_more_parts_in_flight_than_the_session_may_hold_is_refused ... ok
test g1_zero_part_chunks_is_refused_before_the_derivation ... ok
test an_unknown_field_or_unreadable_bytes_are_refused_rather_than_dropped ... ok
test g7_reference_budget_below_one_session_is_refused ... ok
test p1_count_above_its_own_max_sessions_still_decodes ... ok
test max_sessions_is_clamped_to_scan_cap_half_when_that_term_binds ... ok
test p2_staged_ceiling_above_any_publishable_product_still_decodes ... ok
test g8_stored_limit_disagreeing_with_its_own_profile_is_refused ... ok
test g5_owned_staging_range_past_scan_cap_half_is_refused ... ok
test g6_staged_ceiling_below_one_maximal_part_is_refused ... ok
test p_arith_reject_maximal_record_names_the_rule_exact_arithmetic_violates ... ok
test p_arith_accept_maximal_staged_chunks_decodes ... ok
test p3_part_chunks_outside_the_proposal_window_still_decodes ... ok
test g3_parts_per_session_past_the_key_space_is_refused ... ok
test u_ref_takes_whichever_of_its_two_arms_binds ... ok
test round_trip_preserves_every_field ... ok
test re_encoding_a_record_this_codec_wrote_is_byte_identical ... ok

test result: ok. 18 passed; 0 failed; 0 ignored; 0 measured; 0 filtered out; finished in 0.00s

     Running tests/multipart_keys.rs (target/llvm-cov-target/debug/deps/multipart_keys-6a09482fb2fe7199)

running 21 tests
test a_retire_key_reports_an_unknown_mode_apart_from_a_key_that_does_not_decode ... ok
test digest_hex_is_the_exact_inverse_over_every_byte_value ... ok
test a_session_range_selects_exactly_its_own_class_and_session ... ok
test every_rejection_is_a_typed_error_that_names_the_violation ... ok
test no_key_prefix_is_a_prefix_of_another ... ok
test mpu_key_round_trips_and_rejects_noncanonical ... ok
test fixed_width_key_byte_order_matches_numeric_order ... ok
test pinned_format_constants_hold ... ok
test part_key_round_trips_and_rejects_noncanonical ... ok
test scan_mpu_does_not_reach_the_mpuctl_singleton ... ok
test psum_key_round_trips_and_rejects_noncanonical ... ok
test retire_key_round_trips_both_token_forms_under_both_modes ... ok
test sidx_is_not_reachable_from_a_pending_scan ... ok
test retire_key_rejects_a_token_of_neither_form_and_every_malformed_spelling ... ok
test slot_key_round_trips_and_rejects_noncanonical ... ok
test the_canonical_spelling_of_every_key_is_pinned_to_the_byte ... ok
test serde_decode_routes_through_the_validating_constructors ... ok
test upload_and_attempt_ids_validate_the_token_grammar ... ok
test the_identity_accessors_return_the_value_they_were_built_from ... ok
test sidx_key_round_trips_and_rejects_noncanonical ... ok
test digest_hex_rejects_every_second_spelling ... ok

test result: ok. 21 passed; 0 failed; 0 ignored; 0 measured; 0 filtered out; finished in 0.00s

     Running tests/multipart_knobs.rs (target/llvm-cov-target/debug/deps/multipart_knobs-1dc19c1f133dd0ae)

running 8 tests
test leg1_the_shipped_set_passes_every_clamp ... ok
test leg3_each_budget_takes_the_half_0016_states ... ok
test leg5_the_two_retry_budgets_are_separate_and_contention_outlasts_the_room ... ok
test leg3_the_chunk_caps_are_half_a_value_over_the_measured_worst_chunk_ref ... ok
test leg5_the_backoff_is_bounded_jittered_and_grows_with_the_attempt ... ok
test leg3_u_ref_and_the_session_limit_follow_the_formulas_under_either_arm ... ok
test leg2_each_clamp_passes_its_bound_and_names_itself_one_step_past_it ... ok
test leg4_every_capacity_fits_its_key_space_in_byte_order_at_the_cap ... ok

test result: ok. 8 passed; 0 failed; 0 ignored; 0 measured; 0 filtered out; finished in 0.00s

     Running tests/multipart_owned_staging.rs (target/llvm-cov-target/debug/deps/multipart_owned_staging-cf67b3dce18cfb5e)

running 15 tests
test an_explicit_null_ownership_field_is_refused ... ok
test s2_an_owner_other_than_the_keys_upload_id_is_refused ... ok
test s1_staged_geometry_the_erasure_coder_refuses_is_a_typed_error ... ok
test an_owned_entry_round_trips_under_its_own_key ... ok
test s4_each_namespace_refuses_the_other_namespaces_shape ... ok
test s7_an_ordinary_pending_entry_reencodes_byte_identically ... ok
test s6_a_length_mismatched_staged_placement_decodes ... ok
test s9_an_owned_entry_is_minted_outside_the_crate_through_the_checked_path ... ok
test staged_scheme_is_read_through_a_closed_wire ... ok
test s8_an_owned_entry_reencodes_byte_identically_across_a_renewal ... ok
test s3_a_torn_value_is_refused_under_both_namespaces ... ok
test s4_renew_pending_refuses_a_misfiled_owned_entry ... ok
test s4_a_leased_commit_refuses_over_a_misfiled_owned_entry ... ok
test s4_the_pending_writers_refuse_to_store_an_owned_entry ... ok
test s5_the_lease_sweep_skips_what_it_cannot_read_and_completes_for_the_rest ... ok

test result: ok. 15 passed; 0 failed; 0 ignored; 0 measured; 0 filtered out; finished in 0.30s

     Running tests/multipart_retire_obligation.rs (target/llvm-cov-target/debug/deps/multipart_retire_obligation-13335dc43e6f8565)

running 28 tests
test a_key_that_names_no_obligation_is_rejected ... ok
test a_component_spelled_outside_its_grammar_is_rejected ... ok
test a_generation_naming_both_sources_is_rejected ... ok
test a_generation_disagreeing_with_its_token_is_rejected ... ok
test a_component_under_the_wrong_mode_is_rejected ... ok
test a_foreign_spelling_of_an_accepted_payload_is_rejected ... ok
test a_noncanonical_part_number_set_is_rejected ... ok
test bytes_generation_with_segments_decodes ... ok
test bytes_chunks_under_a_per_part_token_decodes ... ok
test part_number_set_minting_is_canonical_and_never_empty ... ok
test a_placement_length_mismatch_still_decodes ... ok
test records_parts_and_seg_decodes ... ok
test an_unknown_or_omitted_field_is_rejected ... ok
test records_parts_decodes ... ok
test bytes_parts_alone_decodes ... ok
test a_segment_group_epoch_other_than_the_tokens_is_rejected ... ok
test a_session_wide_component_under_a_per_part_token_is_rejected ... ok
test an_obligation_owing_nothing_is_rejected ... ok
test a_segment_groups_nonce_and_a_generations_epoch_are_unchecked ... ok
test records_seg_decodes ... ok
test bytes_session_alone_decodes ... ok
test chunks_under_a_session_wide_token_is_rejected ... ok
test bytes_session_and_all_parts_decodes ... ok
test an_unsupported_chunk_scheme_is_rejected ... ok
test bytes_generation_with_chunks_decodes ... ok
test the_all_parts_wildcard_outside_a_session_teardown_is_rejected ... ok
test the_mode_is_part_of_the_decoded_obligation ... ok
test bytes_session_and_parts_decodes ... ok

test result: ok. 28 passed; 0 failed; 0 ignored; 0 measured; 0 filtered out; finished in 0.00s

     Running tests/multipart_session_records.rs (target/llvm-cov-target/debug/deps/multipart_session_records-1a9d6ddbf244d13e)

running 34 tests
test completion_round_trips_standalone ... ok
test leg_1c_epoch_publish_target_epoch_mismatch_is_rejected ... ok
test completing_cursor_past_key_space_is_rejected ... ok
test leg_1c_publish_target_key_mismatch_is_rejected ... ok
test completing_cursor_at_key_space_boundary_still_decodes ... ok
test leg_1i_chunk_scheme_unsupported_is_rejected ... ok
test leg_1i_slot_lease_already_lapsed_is_rejected ... ok
test leg_1j_open_session_with_forbidden_completing_field_is_rejected ... ok
test leg_1k_part_length_mismatch_is_rejected ... ok
test leg_1m_unknown_field_in_nested_scheme_is_rejected ... ok
test leg_1m_unknown_field_is_rejected ... ok
test leg_1j_completing_session_missing_required_field_is_rejected ... ok
test noncanonical_field_order_is_rejected_for_session ... ok
test leg_1i_chunk_ref_wrong_placement_length_still_decodes ... ok
test leg_1m_unknown_field_in_nested_chunk_is_rejected ... ok
test noncanonical_escape_spelling_is_rejected_for_part_summary ... ok
test noncanonical_nested_chunk_order_is_rejected_for_part ... ok
test noncanonical_whitespace_is_rejected_for_slot ... ok
test part_chunk_omitted_placement_is_rejected ... ok
test part_length_overflow_is_rejected ... ok
test part_summary_omitted_digest_is_rejected ... ok
test publish_target_round_trips_standalone ... ok
test part_summary_round_trips ... ok
test part_round_trips ... ok
test part_with_zero_length_chunk_is_empty ... ok
test session_aborting_round_trips ... ok
test session_completing_round_trips ... ok
test session_completed_round_trips ... ok
test session_null_content_type_spelling_is_rejected ... ok
test session_open_round_trips ... ok
test session_state_round_trips_standalone ... ok
test session_absent_content_type_re_encodes_omitted ... ok
test slot_round_trips ... ok
test session_with_content_type_round_trips ... ok

test result: ok. 34 passed; 0 failed; 0 ignored; 0 measured; 0 filtered out; finished in 0.00s

     Running tests/multipart_state_machine.rs (target/llvm-cov-target/debug/deps/multipart_state_machine-733781624f2d8359)

running 22 tests
test complete_fingerprint_disagrees_on_a_strict_subset ... ok
test complete_fingerprint_agrees_on_an_identical_retry ... ok
test complete_fingerprint_disagrees_on_the_same_digests_under_different_numbers ... ok
test complete_fingerprint_disagrees_on_one_changed_digest ... ok
test a_tombstone_recording_a_bare_digest_is_refused_at_decode ... ok
test complete_fingerprint_refuses_what_multipart_etag_refuses ... ok
test complete_fingerprint_is_the_oracle ... ok
test a_stored_tombstone_answers_an_identical_retry_with_the_whole_recorded_etag ... ok
test multipart_etag_is_over_raw_digest_bytes_not_hex_text ... ok
test a_non_identical_complete_is_refused_by_the_tombstone ... ok
test multipart_etag_of_a_strict_subset_differs_from_the_full_set ... ok
test multipart_etag_of_one_part_is_the_oracle ... ok
test every_decision_3_cell_is_answered_for_an_identical_retry ... ok
test multipart_etag_of_the_winning_list_is_the_recorded_etag ... ok
test multipart_etag_parse_refuses_a_malformed_digest ... ok
test multipart_etag_parse_refuses_a_count_outside_the_range ... ok
test multipart_etag_suffix_is_the_named_count ... ok
test multipart_etag_parse_refuses_a_malformed_suffix ... ok
test multipart_etag_refuses_a_non_ascending_duplicate_or_empty_list ... ok
test multipart_etag_parse_accepts_the_whole_count_range ... ok
test per_verb_answers_agree_with_the_dispatcher ... ok
test outcome_enums_are_exhaustive ... ok

test result: ok. 22 passed; 0 failed; 0 ignored; 0 measured; 0 filtered out; finished in 0.00s

     Running tests/mutation_regressions.rs (target/llvm-cov-target/debug/deps/mutation_regressions-a04cc2cdba635ef0)

running 9 tests
test commit_chunk_map_preserves_object_metadata_across_a_repair ... ok
test sweep_reclaims_at_expiry_boundary_and_deletes ... ok
test commit_chunk_map_superseding_stamps_a_fresh_modified ... ok
test a_legacy_record_without_metadata_fields_still_wins_its_cas_commits ... ok
test commit_chunk_map_bumps_version_by_one ... ok
test commit_chunk_map_superseding_leased_stamps_a_fresh_modified ... ok
test write_new_object_placed_releases_pending_on_commit ... ok
test write_new_object_releases_pending_on_commit ... ok
test read_with_fewer_than_k_fragments_reports_insufficient ... ok

test result: ok. 9 passed; 0 failed; 0 ignored; 0 measured; 0 filtered out; finished in 0.04s

     Running tests/mutation_regressions_round2.rs (target/llvm-cov-target/debug/deps/mutation_regressions_round2-fa74d2f77def6833)

running 3 tests
test write_plan_chunk_ids_are_the_minted_ids ... ok
test write_new_object_lease_expiry_is_now_plus_ttl ... ok
test write_new_object_placed_lease_expiry_is_now_plus_ttl ... ok

test result: ok. 3 passed; 0 failed; 0 ignored; 0 measured; 0 filtered out; finished in 0.04s

     Running tests/placement_record.rs (target/llvm-cov-target/debug/deps/placement_record-dc115e20755ad586)

running 11 tests
test fragments_matrix::none_empty_placement_is_pure_identity ... ok
test fragments_matrix::none_malformed_length_placement_still_resolves_liberally ... ok
test fragments_matrix::none_full_placement_resolves_from_record ... ok
test empty_placement_ec_none_resolves_via_identity_fallback ... ok
test fragments_matrix::rs_empty_placement_is_pure_identity ... ok
test fragments_matrix::rs_full_placement_resolves_from_record ... ok
test fragments_matrix::rs_short_placement_mixes_record_and_identity_fallback ... ok
test empty_placement_rs_6_3_resolves_via_identity_fallback ... ok
test short_placement_rs_6_3_mixed_explicit_and_fallback ... ok
test write_records_placement_read_resolves_after_reopen ... ok
test moved_fragment_resolved_from_record_after_reopen ... ok

test result: ok. 11 passed; 0 failed; 0 ignored; 0 measured; 0 filtered out; finished in 0.05s

     Running tests/read_block_fault_repair.rs (target/llvm-cov-target/debug/deps/read_block_fault_repair-6a6aff31327b5fa0)

running 2 tests
test none_scheme_block_fault_fails_the_read_but_still_enqueues_repair ... ok
test ec_read_around_block_fault_still_enqueues_repair_with_non_corruption_reason ... ok

test result: ok. 2 passed; 0 failed; 0 ignored; 0 measured; 0 filtered out; finished in 0.05s

     Running tests/read_repair.rs (target/llvm-cov-target/debug/deps/read_repair-ab39b8ab32f04dc6)

running 8 tests
test none_read_rejects_a_misplaced_but_intact_fragment ... ok
test none_read_enqueues_integrity_fault_fragment_for_repair ... ok
test unrecoverable_read_still_enqueues_the_corrupt_chunk ... ok
test ec_read_treats_a_misplaced_but_intact_fragment_as_absent ... ok
test ec_read_enqueues_integrity_fault_shard_for_repair_and_reconstructs ... ok
test a_corrupt_fragment_is_reported_with_its_index_and_its_placed_dserver ... ok
test ec_read_excludes_corrupt_fragment_and_enqueues_for_repair ... ok
test a_transient_dserver_failure_is_no_longer_silent ... ok

test result: ok. 8 passed; 0 failed; 0 ignored; 0 measured; 0 filtered out; finished in 0.05s

     Running tests/segmented_map_record.rs (target/llvm-cov-target/debug/deps/segmented_map_record-be78d2d341a94b66)

running 16 tests
test a_segment_table_whose_tiling_leaves_u64_is_err ... ok
test overlapping_segment_spans_is_err ... ok
test a_zero_byte_segment_is_err ... ok
test non_monotonic_segment_span_is_err ... ok
test segment_index_gap_is_err ... ok
test an_empty_segmented_map_is_err ... ok
test segmented_root_round_trips_byte_identically ... ok
test non_hex_nonce_is_err ... ok
test legacy_flat_record_round_trips_byte_identically ... ok
test segment_count_mismatching_segments_len_is_err ... ok
test well_formed_segmented_root_decodes ... ok
test segment_table_span_disagreeing_with_size_is_err ... ok
test duplicate_segment_index_is_err ... ok
test legacy_flat_record_cas_still_commits_against_the_original_bytes ... ok
test segmented_root_cas_commits_against_the_stored_bytes ... ok
test segmented_root_at_max_root_segments_stays_inside_the_value_ceiling ... ok

test result: ok. 16 passed; 0 failed; 0 ignored; 0 measured; 0 filtered out; finished in 0.01s

     Running tests/segmented_map_resolution.rs (target/llvm-cov-target/debug/deps/segmented_map_resolution-125278aee3bf6f2e)

running 13 tests
test chunks_are_ordered_by_the_parsed_index_not_by_page_order ... ok
test a_root_over_the_segment_ceiling_is_refused_before_any_range_read ... ok
test every_anomaly_on_a_generation_the_root_still_names_fails_closed ... ok
test a_segment_value_at_exactly_the_ceiling_still_resolves ... ok
test a_resolve_reads_only_its_own_root_and_its_own_group_range ... ok
test an_over_ceiling_root_superseded_mid_read_restarts_onto_the_live_generation ... ok
test a_generation_retired_mid_resolve_restarts_onto_the_live_root_or_reads_as_absent ... ok
test a_delete_met_on_the_readers_last_attempt_is_no_such_object ... ok
test an_object_that_cannot_resolve_fails_closed_for_itself_alone ... ok
test a_row_from_another_group_answered_inside_this_range_is_refused ... ok
test a_generation_retired_under_every_restart_is_a_typed_refusal_that_terminates ... ok
test a_segmented_object_reads_byte_identical_to_its_flat_equivalent ... ok
test the_widest_admissible_root_still_sizes_no_page_and_reads_back_whole ... ok

test result: ok. 13 passed; 0 failed; 0 ignored; 0 measured; 0 filtered out; finished in 0.04s

     Running tests/stream_lease_lapse.rs (target/llvm-cov-target/debug/deps/stream_lease_lapse-e7fc18321273d2bd)

running 5 tests
test present_but_expired_leases_refuse_at_commit_and_publish_nothing ... ok
test commit_refuses_at_exact_lease_deadline ... ok
test mid_upload_lapse_aborts_the_stream_and_publishes_nothing ... ok
test live_overwrite_still_commits_and_reads_back_the_new_version ... ok
test eof_window_lapse_refuses_at_commit_and_publishes_nothing ... ok

test result: ok. 5 passed; 0 failed; 0 ignored; 0 measured; 0 filtered out; finished in 0.01s

     Running tests/stream_lease_renewal.rs (target/llvm-cov-target/debug/deps/stream_lease_renewal-277e1bf0421e24df)

running 4 tests
test create_commit_refuses_at_exact_lease_deadline ... ok
test create_commit_refuses_when_lease_swept ... ok
test renewal_at_exact_deadline_aborts_the_upload ... ok
test slow_streaming_put_renews_in_flight_leases_before_commit ... ok

test result: ok. 4 passed; 0 failed; 0 ignored; 0 measured; 0 filtered out; finished in 0.01s

     Running tests/write_fanout.rs (target/llvm-cov-target/debug/deps/write_fanout-4ab9fe3cec24f696)

running 2 tests
test full_fan_out_acks_every_fragment ... ok
test partial_fan_out_fails_closed ... ok

test result: ok. 2 passed; 0 failed; 0 ignored; 0 measured; 0 filtered out; finished in 0.04s
run-diff-cov.sh: NOTE — 659 of 1090 changed production lines carried a coverage
                 region; the other 431 are not scored either way. Most are simply not
                 executable (comments, `use`, declarations, bare delimiters). But code
                 compiled out by a #[cfg(...)] your feature selection does not enable looks
                 identical here, and this gate cannot tell the two apart (#222).
                 The largest unscored spans, so you can tell at a glance which it is:
run-diff-cov.sh:   UNSCORED crates/core/src/metadata.rs:3102-3168 (67 lines)
run-diff-cov.sh:   UNSCORED crates/core/src/metadata.rs:3173-3231 (59 lines)
run-diff-cov.sh:   UNSCORED crates/core/src/metadata.rs:5011-5046 (36 lines)
run-diff-cov.sh:   UNSCORED crates/core/src/metadata.rs:4435-4447 (13 lines)
run-diff-cov.sh:   UNSCORED crates/core/src/metadata.rs:4751-4758 (8 lines)
run-diff-cov.sh:   UNSCORED crates/core/src/metadata.rs:5232-5239 (8 lines)
run-diff-cov.sh:   … and 134 further span(s), none larger; all of them are in coverage/diff-cov.json
run-diff-cov.sh: MISS crates/core/src/metadata.rs:4495
run-diff-cov.sh: MISS crates/core/src/metadata.rs:5200
METRIC diff_cov=99.7 covered=657 instrumentable=659 unscored=431
run-diff-cov.sh: PASS — the patch's tests execute 99.7% of its 659 instrumentable changed
                 lines (floor 80%, 289 test(s) ran).
PDCA-EVIDENCE: diff coverage 99.7% — 657 of 659 instrumentable changed lines executed (floor 80%); 659 of 1090 changed lines were instrumentable
