# gate: C4-verify — per-fix red->green: this patch's test red pre-fix, green post-fix
# cmd: ./engine/scripts/run-verify.sh
# cwd: /home/eddie/wyrd/wyrd-pdca
# PDCA_WORKTREE: /home/eddie/wyrd/wyrd.pdca-wt-l1
# start: 2026-10-03T20:35:23+00:00
# duration_secs: 8.85
# exit: 0
# outcome: pass
# ---- combined stdout+stderr (verbatim) ----
run-verify.sh: GREEN — cargo test -p wyrd-validate --test s3_client_upload_peers (fix applied)

running 7 tests
.......
test result: ok. 7 passed; 0 failed; 0 ignored; 0 measured; 0 filtered out; finished in 3.02s
run-verify.sh: RED — cargo test -p wyrd-validate --test s3_client_upload_peers (production reverted, test kept)

running 7 tests
a_source_that_fails_after_the_acknowledgement_is_the_body_error --- FAILED
. 2/7
a_source_fully_taken_before_the_acknowledgement_is_a_receipt --- FAILED
a_final_piece_ready_once_the_client_has_read_the_acknowledgement_is_the_body_error --- FAILED
an_acknowledgement_before_the_source_is_done_is_the_body_error --- FAILED
an_acknowledgement_under_backpressure_is_the_body_error_and_releases_the_upload --- FAILED
a_peer_that_stops_reading_and_never_answers_is_the_operation_timeout --- FAILED

failures:

---- a_source_that_fails_after_the_acknowledgement_is_the_body_error stdout ----

thread 'a_source_that_fails_after_the_acknowledgement_is_the_body_error' (1454543) panicked at crates/validate/tests/s3_client_upload_peers.rs:775:40:
the body error does not carry the acknowledgement's request id: object body: the PUT source failed after yielding 4 bytes: the source failed after the acknowledgement. Run { outcome: Err(Body(SourceFailed { produced: 4, detail: "the source failed after the acknowledgement" })), declared: 10, elapsed: 4.122921ms, dropped_at_return: true, given_at_return: 4, peer: Some(PeerReport { backed_up: NotWaited, parked: BeforeAnswer, answered: true, client_close: After(937.838µs), closed: Eof { drained: 0 } }) }
note: run with `RUST_BACKTRACE=1` environment variable to display a backtrace

---- a_source_fully_taken_before_the_acknowledgement_is_a_receipt stdout ----

thread 'a_source_fully_taken_before_the_acknowledgement_is_a_receipt' (1454542) panicked at crates/validate/tests/s3_client_upload_peers.rs:731:5:
the client's socket was still ESTABLISHED 1s after the call ended: the client had not closed the connection. PeerReport { backed_up: NotWaited, parked: NotWaited, answered: true, client_close: Not, closed: StillOpen { drained: 0 } }; Run { outcome: Ok(PutOutcome { etag: None }), declared: 10, elapsed: 2.348126ms, dropped_at_return: true, given_at_return: 10, peer: Some(PeerReport { backed_up: NotWaited, parked: NotWaited, answered: true, client_close: Not, closed: StillOpen { drained: 0 } }) }

---- a_final_piece_ready_once_the_client_has_read_the_acknowledgement_is_the_body_error stdout ----

thread 'a_final_piece_ready_once_the_client_has_read_the_acknowledgement_is_the_body_error' (1454539) panicked at crates/validate/tests/s3_client_upload_peers.rs:780:14:
an acknowledgement that arrived while the source still had bytes to give must be the body error carrying request id `early`, never a receipt: Run { outcome: Ok(PutOutcome { etag: None }), declared: 10, elapsed: 4.921787ms, dropped_at_return: true, given_at_return: 10, peer: Some(PeerReport { backed_up: NotWaited, parked: BeforeAnswer, answered: true, client_close: Not, closed: StillOpen { drained: 303 } }) }

---- an_acknowledgement_before_the_source_is_done_is_the_body_error stdout ----

thread 'an_acknowledgement_before_the_source_is_done_is_the_body_error' (1454544) panicked at crates/validate/tests/s3_client_upload_peers.rs:780:14:
an acknowledgement that arrived while the source still had bytes to give must be the body error carrying request id `early`, never a receipt: Run { outcome: Ok(PutOutcome { etag: None }), declared: 67108864, elapsed: 66.305311ms, dropped_at_return: false, given_at_return: 3145728, peer: Some(PeerReport { backed_up: NotWaited, parked: NotWaited, answered: true, client_close: Not, closed: StillOpen { drained: 217301 } }) }

---- an_acknowledgement_under_backpressure_is_the_body_error_and_releases_the_upload stdout ----

thread 'an_acknowledgement_under_backpressure_is_the_body_error_and_releases_the_upload' (1454545) panicked at crates/validate/tests/s3_client_upload_peers.rs:780:14:
an acknowledgement that arrived while the source still had bytes to give must be the body error carrying request id `early`, never a receipt: Run { outcome: Ok(PutOutcome { etag: None }), declared: 536870912, elapsed: 283.823677ms, dropped_at_return: false, given_at_return: 33554432, peer: Some(PeerReport { backed_up: Yes(2500849), parked: NotWaited, answered: true, client_close: Not, closed: StillOpen { drained: 122973 } }) }

---- a_peer_that_stops_reading_and_never_answers_is_the_operation_timeout stdout ----

thread 'a_peer_that_stops_reading_and_never_answers_is_the_operation_timeout' (1454540) panicked at crates/validate/tests/s3_client_upload_peers.rs:718:5:
the source was still alive when put_object returned: the upload outlived its call. Run { outcome: Err(Timeout { phase: Operation, limit: 3s }), declared: 536870912, elapsed: 3.004510849s, dropped_at_return: false, given_at_return: 33554432, peer: Some(PeerReport { backed_up: NotWaited, parked: NotWaited, answered: false, client_close: After(1.10389ms), closed: Eof { drained: 2623822 } }) }


failures:
    a_final_piece_ready_once_the_client_has_read_the_acknowledgement_is_the_body_error
    a_peer_that_stops_reading_and_never_answers_is_the_operation_timeout
    a_source_fully_taken_before_the_acknowledgement_is_a_receipt
    a_source_that_fails_after_the_acknowledgement_is_the_body_error
    an_acknowledgement_before_the_source_is_done_is_the_body_error
    an_acknowledgement_under_backpressure_is_the_body_error_and_releases_the_upload

test result: FAILED. 1 passed; 6 failed; 0 ignored; 0 measured; 0 filtered out; finished in 3.02s

error: test failed, to rerun pass `-p wyrd-validate --test s3_client_upload_peers`
run-verify.sh: PASS — red without the fix, green with it (7 test(s) ran red).
