# gate: C4-verify — per-fix red->green: this patch's test red pre-fix, green post-fix
# cmd: ./engine/scripts/run-verify.sh
# cwd: /home/eddie/wyrd/wyrd-pdca
# PDCA_WORKTREE: /home/eddie/wyrd/wyrd.pdca-wt-l0
# start: 2026-10-02T00:57:42+00:00
# duration_secs: 6.74
# exit: 77
# outcome: unverifiable
# ---- combined stdout+stderr (verbatim) ----
run-verify.sh: GREEN — cargo test -p wyrd-validate --test s3_client_roundtrip (fix applied)

running 19 tests
...................
test result: ok. 19 passed; 0 failed; 0 ignored; 0 measured; 0 filtered out; finished in 4.29s
run-verify.sh: RED — cargo test -p wyrd-validate --test s3_client_roundtrip (production reverted, test kept)
error[E0432]: unresolved import `wyrd_validate::error`
  --> crates/validate/tests/s3_client_roundtrip.rs:75:20
   |
75 | use wyrd_validate::error::REQUEST_ID_HEADER;
   |                    ^^^^^ could not find `error` in `wyrd_validate`

error[E0432]: unresolved imports `wyrd_validate::ClientOptions`, `wyrd_validate::ErrorCode`, `wyrd_validate::Phase`, `wyrd_validate::S3Client`, `wyrd_validate::S3Error`, `wyrd_validate::ServiceError`
  --> crates/validate/tests/s3_client_roundtrip.rs:77:5
   |
77 |     ClientOptions, Credentials, ErrorCode, Phase, ResolvedConfig, S3Client, S3Error, ServiceError,
   |     ^^^^^^^^^^^^^               ^^^^^^^^^  ^^^^^                  ^^^^^^^^  ^^^^^^^  ^^^^^^^^^^^^ no `ServiceError` in the root
   |     |                           |          |                      |         |
   |     |                           |          |                      |         no `S3Error` in the root
   |     |                           |          |                      no `S3Client` in the root
   |     |                           |          no `Phase` in the root
   |     |                           no `ErrorCode` in the root
   |     no `ClientOptions` in the root

error[E0432]: unresolved import `bytes`
  --> crates/validate/tests/s3_client_roundtrip.rs:61:5
   |
61 | use bytes::Bytes;
   |     ^^^^^ use of unresolved module or unlinked crate `bytes`
   |
   = help: if you wanted to use a crate named `bytes`, use `cargo add bytes` to add it to your `Cargo.toml`

error[E0432]: unresolved import `futures_util`
  --> crates/validate/tests/s3_client_roundtrip.rs:62:5
   |
62 | use futures_util::stream;
   |     ^^^^^^^^^^^^ use of unresolved module or unlinked crate `futures_util`
   |
   = help: if you wanted to use a crate named `futures_util`, use `cargo add futures_util` to add it to your `Cargo.toml`

error[E0433]: cannot find module or crate `tokio` in this scope
  --> crates/validate/tests/s3_client_roundtrip.rs:64:5
   |
64 | use tokio::io::{AsyncReadExt, AsyncWriteExt};
   |     ^^^^^ use of unresolved module or unlinked crate `tokio`
   |
   = help: if you wanted to use a crate named `tokio`, use `cargo add tokio` to add it to your `Cargo.toml`

error[E0433]: cannot find module or crate `tokio` in this scope
  --> crates/validate/tests/s3_client_roundtrip.rs:65:5
   |
65 | use tokio::net::tcp::{OwnedReadHalf, OwnedWriteHalf};
   |     ^^^^^ use of unresolved module or unlinked crate `tokio`
   |
   = help: if you wanted to use a crate named `tokio`, use `cargo add tokio` to add it to your `Cargo.toml`

error[E0433]: cannot find module or crate `tokio` in this scope
  --> crates/validate/tests/s3_client_roundtrip.rs:66:5
   |
66 | use tokio::net::{TcpListener, TcpStream};
   |     ^^^^^ use of unresolved module or unlinked crate `tokio`
   |
   = help: if you wanted to use a crate named `tokio`, use `cargo add tokio` to add it to your `Cargo.toml`

error[E0433]: cannot find module or crate `tokio` in this scope
  --> crates/validate/tests/s3_client_roundtrip.rs:67:5
   |
67 | use tokio::sync::watch;
   |     ^^^^^ use of unresolved module or unlinked crate `tokio`
   |
   = help: if you wanted to use a crate named `tokio`, use `cargo add tokio` to add it to your `Cargo.toml`

error[E0433]: cannot find module or crate `tokio` in this scope
  --> crates/validate/tests/s3_client_roundtrip.rs:68:5
   |
68 | use tokio::task::{JoinHandle, JoinSet};
   |     ^^^^^ use of unresolved module or unlinked crate `tokio`
   |
   = help: if you wanted to use a crate named `tokio`, use `cargo add tokio` to add it to your `Cargo.toml`

error[E0432]: unresolved import `futures_util`
  --> crates/validate/tests/s3_client_roundtrip.rs:63:5
   |
63 | use futures_util::StreamExt as _;
   |     ^^^^^^^^^^^^ use of unresolved module or unlinked crate `futures_util`
   |
   = help: if you wanted to use a crate named `futures_util`, use `cargo add futures_util` to add it to your `Cargo.toml`

error[E0432]: unresolved import `wyrd_chunkstore_fs`
  --> crates/validate/tests/s3_client_roundtrip.rs:69:5
   |
69 | use wyrd_chunkstore_fs::FsChunkStore;
   |     ^^^^^^^^^^^^^^^^^^ use of unresolved module or unlinked crate `wyrd_chunkstore_fs`
   |
   = help: if you wanted to use a crate named `wyrd_chunkstore_fs`, use `cargo add wyrd_chunkstore_fs` to add it to your `Cargo.toml`

error[E0433]: cannot find module or crate `wyrd_gateway_s3` in this scope
  --> crates/validate/tests/s3_client_roundtrip.rs:71:5
   |
71 | use wyrd_gateway_s3::sigv4::Credentials as GatewayCredentials;
   |     ^^^^^^^^^^^^^^^ use of unresolved module or unlinked crate `wyrd_gateway_s3`
   |
   = help: if you wanted to use a crate named `wyrd_gateway_s3`, use `cargo add wyrd_gateway_s3` to add it to your `Cargo.toml`

error[E0432]: unresolved import `wyrd_coordination_mem`
  --> crates/validate/tests/s3_client_roundtrip.rs:70:5
   |
70 | use wyrd_coordination_mem::MemCoordination;
   |     ^^^^^^^^^^^^^^^^^^^^^ use of unresolved module or unlinked crate `wyrd_coordination_mem`
   |
   = help: if you wanted to use a crate named `wyrd_coordination_mem`, use `cargo add wyrd_coordination_mem` to add it to your `Cargo.toml`

error[E0432]: unresolved import `wyrd_gateway_s3`
  --> crates/validate/tests/s3_client_roundtrip.rs:72:5
   |
72 | use wyrd_gateway_s3::{S3Config, S3Gateway};
   |     ^^^^^^^^^^^^^^^ use of unresolved module or unlinked crate `wyrd_gateway_s3`
   |
   = help: if you wanted to use a crate named `wyrd_gateway_s3`, use `cargo add wyrd_gateway_s3` to add it to your `Cargo.toml`

error[E0432]: unresolved import `wyrd_metadata_redb`
  --> crates/validate/tests/s3_client_roundtrip.rs:73:5
   |
73 | use wyrd_metadata_redb::RedbMetadataStore;
   |     ^^^^^^^^^^^^^^^^^^ use of unresolved module or unlinked crate `wyrd_metadata_redb`
   |
   = help: if you wanted to use a crate named `wyrd_metadata_redb`, use `cargo add wyrd_metadata_redb` to add it to your `Cargo.toml`

error[E0432]: unresolved import `wyrd_server`
  --> crates/validate/tests/s3_client_roundtrip.rs:74:5
   |
74 | use wyrd_server::Gateway;
   |     ^^^^^^^^^^^ use of unresolved module or unlinked crate `wyrd_server`
   |
   = help: if you wanted to use a crate named `wyrd_server`, use `cargo add wyrd_server` to add it to your `Cargo.toml`

error[E0433]: cannot find module or crate `tokio` in this scope
   --> crates/validate/tests/s3_client_roundtrip.rs:545:3
    |
545 | #[tokio::test(flavor = "multi_thread", worker_threads = 4)]
    |   ^^^^^ use of unresolved module or unlinked crate `tokio`

error[E0433]: cannot find module or crate `tokio` in this scope
   --> crates/validate/tests/s3_client_roundtrip.rs:618:3
    |
618 | #[tokio::test(flavor = "multi_thread", worker_threads = 4)]
    |   ^^^^^ use of unresolved module or unlinked crate `tokio`

error[E0433]: cannot find module or crate `tokio` in this scope
   --> crates/validate/tests/s3_client_roundtrip.rs:685:3
    |
685 | #[tokio::test(flavor = "multi_thread", worker_threads = 4)]
    |   ^^^^^ use of unresolved module or unlinked crate `tokio`

error[E0433]: cannot find module or crate `tokio` in this scope
   --> crates/validate/tests/s3_client_roundtrip.rs:709:3
    |
709 | #[tokio::test(flavor = "multi_thread", worker_threads = 4)]
    |   ^^^^^ use of unresolved module or unlinked crate `tokio`

error[E0433]: cannot find module or crate `tokio` in this scope
   --> crates/validate/tests/s3_client_roundtrip.rs:788:3
    |
788 | #[tokio::test(flavor = "multi_thread", worker_threads = 4)]
    |   ^^^^^ use of unresolved module or unlinked crate `tokio`

error[E0433]: cannot find module or crate `tokio` in this scope
   --> crates/validate/tests/s3_client_roundtrip.rs:852:3
    |
852 | #[tokio::test(flavor = "multi_thread", worker_threads = 4)]
    |   ^^^^^ use of unresolved module or unlinked crate `tokio`

error[E0433]: cannot find module or crate `tokio` in this scope
   --> crates/validate/tests/s3_client_roundtrip.rs:871:3
    |
871 | #[tokio::test(flavor = "multi_thread", worker_threads = 4)]
    |   ^^^^^ use of unresolved module or unlinked crate `tokio`

error[E0433]: cannot find module or crate `tokio` in this scope
   --> crates/validate/tests/s3_client_roundtrip.rs:894:3
    |
894 | #[tokio::test(flavor = "multi_thread", worker_threads = 4)]
    |   ^^^^^ use of unresolved module or unlinked crate `tokio`

error[E0433]: cannot find module or crate `tokio` in this scope
   --> crates/validate/tests/s3_client_roundtrip.rs:905:3
    |
905 | #[tokio::test(flavor = "multi_thread", worker_threads = 4)]
    |   ^^^^^ use of unresolved module or unlinked crate `tokio`

error[E0433]: cannot find module or crate `tokio` in this scope
   --> crates/validate/tests/s3_client_roundtrip.rs:919:3
    |
919 | #[tokio::test(flavor = "multi_thread", worker_threads = 4)]
    |   ^^^^^ use of unresolved module or unlinked crate `tokio`

error[E0433]: cannot find module or crate `tokio` in this scope
   --> crates/validate/tests/s3_client_roundtrip.rs:965:3
    |
965 | #[tokio::test(flavor = "multi_thread", worker_threads = 4)]
    |   ^^^^^ use of unresolved module or unlinked crate `tokio`

error[E0433]: cannot find module or crate `tokio` in this scope
   --> crates/validate/tests/s3_client_roundtrip.rs:987:3
    |
987 | #[tokio::test(flavor = "multi_thread", worker_threads = 4)]
    |   ^^^^^ use of unresolved module or unlinked crate `tokio`

error[E0433]: cannot find module or crate `tokio` in this scope
    --> crates/validate/tests/s3_client_roundtrip.rs:1017:3
     |
1017 | #[tokio::test(flavor = "multi_thread", worker_threads = 4)]
     |   ^^^^^ use of unresolved module or unlinked crate `tokio`

error[E0433]: cannot find module or crate `tokio` in this scope
    --> crates/validate/tests/s3_client_roundtrip.rs:1059:3
     |
1059 | #[tokio::test(flavor = "multi_thread", worker_threads = 4)]
     |   ^^^^^ use of unresolved module or unlinked crate `tokio`

error[E0433]: cannot find module or crate `tokio` in this scope
    --> crates/validate/tests/s3_client_roundtrip.rs:1084:3
     |
1084 | #[tokio::test(flavor = "multi_thread", worker_threads = 4)]
     |   ^^^^^ use of unresolved module or unlinked crate `tokio`

error[E0433]: cannot find module or crate `tokio` in this scope
    --> crates/validate/tests/s3_client_roundtrip.rs:1127:3
     |
1127 | #[tokio::test(flavor = "multi_thread", worker_threads = 4)]
     |   ^^^^^ use of unresolved module or unlinked crate `tokio`

error[E0433]: cannot find module or crate `tokio` in this scope
    --> crates/validate/tests/s3_client_roundtrip.rs:1220:3
     |
1220 | #[tokio::test(flavor = "multi_thread", worker_threads = 4)]
     |   ^^^^^ use of unresolved module or unlinked crate `tokio`

error[E0433]: cannot find module or crate `tokio` in this scope
    --> crates/validate/tests/s3_client_roundtrip.rs:1244:3
     |
1244 | #[tokio::test(flavor = "multi_thread", worker_threads = 4)]
     |   ^^^^^ use of unresolved module or unlinked crate `tokio`

error[E0433]: cannot find module or crate `tokio` in this scope
    --> crates/validate/tests/s3_client_roundtrip.rs:1298:3
     |
1298 | #[tokio::test(flavor = "multi_thread", worker_threads = 4)]
     |   ^^^^^ use of unresolved module or unlinked crate `tokio`

error[E0433]: cannot find module or crate `tokio` in this scope
   --> crates/validate/tests/s3_client_roundtrip.rs:214:5
    |
214 |     tokio::time::timeout(TEST_WAIT, call)
    |     ^^^^^ use of unresolved module or unlinked crate `tokio`
    |
    = help: if you wanted to use a crate named `tokio`, use `cargo add tokio` to add it to your `Cargo.toml`

error[E0433]: cannot find module or crate `tokio` in this scope
   --> crates/validate/tests/s3_client_roundtrip.rs:260:5
    |
260 |     tokio::sync::oneshot::Receiver<()>,
    |     ^^^^^ use of unresolved module or unlinked crate `tokio`
    |
    = help: if you wanted to use a crate named `tokio`, use `cargo add tokio` to add it to your `Cargo.toml`

error[E0433]: cannot find module or crate `tokio` in this scope
   --> crates/validate/tests/s3_client_roundtrip.rs:265:28
    |
265 |     let (held, released) = tokio::sync::oneshot::channel::<()>();
    |                            ^^^^^ use of unresolved module or unlinked crate `tokio`
    |
    = help: if you wanted to use a crate named `tokio`, use `cargo add tokio` to add it to your `Cargo.toml`

error[E0433]: cannot find module or crate `tokio` in this scope
    --> crates/validate/tests/s3_client_roundtrip.rs:1019:18
     |
1019 |     let socket = tokio::net::TcpSocket::new_v4().expect("socket");
     |                  ^^^^^ use of unresolved module or unlinked crate `tokio`
     |
     = help: if you wanted to use a crate named `tokio`, use `cargo add tokio` to add it to your `Cargo.toml`

error[E0433]: cannot find module or crate `tokio` in this scope
    --> crates/validate/tests/s3_client_roundtrip.rs:1029:15
     |
1029 |         match tokio::time::timeout(SHORT, TcpStream::connect(addr)).await {
     |               ^^^^^ use of unresolved module or unlinked crate `tokio`
     |
     = help: if you wanted to use a crate named `tokio`, use `cargo add tokio` to add it to your `Cargo.toml`

error[E0433]: cannot find module or crate `tokio` in this scope
    --> crates/validate/tests/s3_client_roundtrip.rs:1148:26
     |
1148 |     let (fail, failed) = tokio::sync::oneshot::channel::<()>();
     |                          ^^^^^ use of unresolved module or unlinked crate `tokio`
     |
     = help: if you wanted to use a crate named `tokio`, use `cargo add tokio` to add it to your `Cargo.toml`

error[E0433]: cannot find module or crate `tokio` in this scope
    --> crates/validate/tests/s3_client_roundtrip.rs:1317:20
     |
1317 |     let mut body = tokio::time::timeout(HOLD_WAIT, client.get_object(BUCKET, "stream/get"))
     |                    ^^^^^ use of unresolved module or unlinked crate `tokio`
     |
     = help: if you wanted to use a crate named `tokio`, use `cargo add tokio` to add it to your `Cargo.toml`

error[E0433]: cannot find module or crate `tokio` in this scope
    --> crates/validate/tests/s3_client_roundtrip.rs:1329:17
     |
1329 |     let first = tokio::time::timeout(HOLD_WAIT, body.next_chunk())
     |                 ^^^^^ use of unresolved module or unlinked crate `tokio`
     |
     = help: if you wanted to use a crate named `tokio`, use `cargo add tokio` to add it to your `Cargo.toml`

error[E0425]: cannot find type `ObjectBody` in crate `wyrd_validate`
   --> crates/validate/tests/s3_client_roundtrip.rs:508:48
    |
508 | async fn read_to_end(body: &mut wyrd_validate::ObjectBody) -> Result<Vec<u8>, S3Error> {
    |                                                ^^^^^^^^^^ not found in `wyrd_validate`

error[E0433]: cannot find module or crate `tempfile` in this scope
   --> crates/validate/tests/s3_client_roundtrip.rs:133:11
    |
133 |     _dir: tempfile::TempDir,
    |           ^^^^^^^^ use of unresolved module or unlinked crate `tempfile`
    |
    = help: if you wanted to use a crate named `tempfile`, use `cargo add tempfile` to add it to your `Cargo.toml`

error[E0433]: cannot find module or crate `tempfile` in this scope
   --> crates/validate/tests/s3_client_roundtrip.rs:137:15
    |
137 |     let dir = tempfile::tempdir().expect("temp dir");
    |               ^^^^^^^^ use of unresolved module or unlinked crate `tempfile`
    |
    = help: if you wanted to use a crate named `tempfile`, use `cargo add tempfile` to add it to your `Cargo.toml`

error[E0433]: cannot find module or crate `tokio` in this scope
   --> crates/validate/tests/s3_client_roundtrip.rs:153:16
    |
153 |     let task = tokio::spawn(async move {
    |                ^^^^^ use of unresolved module or unlinked crate `tokio`
    |
    = help: if you wanted to use a crate named `tokio`, use `cargo add tokio` to add it to your `Cargo.toml`

error[E0433]: cannot find module or crate `futures_util` in this scope
   --> crates/validate/tests/s3_client_roundtrip.rs:250:11
    |
250 | ) -> impl futures_util::Stream<Item = Result<Bytes, std::io::Error>> + Send + Sync + 'static {
    |           ^^^^^^^^^^^^ use of unresolved module or unlinked crate `futures_util`
    |
    = help: if you wanted to use a crate named `futures_util`, use `cargo add futures_util` to add it to your `Cargo.toml`

error[E0433]: cannot find module or crate `futures_util` in this scope
   --> crates/validate/tests/s3_client_roundtrip.rs:263:8
    |
263 |     S: futures_util::Stream<Item = Result<Bytes, std::io::Error>> + Send + Sync + 'static,
    |        ^^^^^^^^^^^^ use of unresolved module or unlinked crate `futures_util`
    |
    = help: if you wanted to use a crate named `futures_util`, use `cargo add futures_util` to add it to your `Cargo.toml`

error[E0433]: cannot find module or crate `futures_util` in this scope
   --> crates/validate/tests/s3_client_roundtrip.rs:259:10
    |
259 |     impl futures_util::Stream<Item = Result<Bytes, std::io::Error>> + Send + Sync + 'static,
    |          ^^^^^^^^^^^^ use of unresolved module or unlinked crate `futures_util`
    |
    = help: if you wanted to use a crate named `futures_util`, use `cargo add futures_util` to add it to your `Cargo.toml`

error[E0433]: cannot find module or crate `tokio` in this scope
   --> crates/validate/tests/s3_client_roundtrip.rs:319:16
    |
319 |     let task = tokio::spawn(async move {
    |                ^^^^^ use of unresolved module or unlinked crate `tokio`
    |
    = help: if you wanted to use a crate named `tokio`, use `cargo add tokio` to add it to your `Cargo.toml`

error[E0433]: cannot find module or crate `tokio` in this scope
   --> crates/validate/tests/s3_client_roundtrip.rs:448:16
    |
448 |     let task = tokio::spawn(async move {
    |                ^^^^^ use of unresolved module or unlinked crate `tokio`
    |
    = help: if you wanted to use a crate named `tokio`, use `cargo add tokio` to add it to your `Cargo.toml`

Some errors have detailed explanations: E0425, E0432, E0433.
For more information about an error, try `rustc --explain E0425`.
error: could not compile `wyrd-validate` (test "s3_client_roundtrip") due to 52 previous errors
run-verify.sh: UNVERIFIABLE — the RED leg's cargo run failed (status 101) WITHOUT
               running a test, so no RED was established. This is NOT 'red without the
               fix' — the discriminator never executed. The usual cause is that it does
               not COMPILE against the reverted base: it calls production API this patch
               adds, so reverting the fix removes the symbol it needs. Split the test so
               it exercises the behaviour through pre-existing API, or record at sign-off
               why this slice has no isolable red (the cargo output is above).
