# gate C4-verify — attempt 1/1: pass (exit 0)
# cmd: ./engine/scripts/run-verify.sh
# cwd: /home/eddie/wyrd/wyrd-pdca
# PDCA_WORKTREE: /home/eddie/wyrd/wyrd.pdca-wt-l0
# started: 2026-08-06T13:48:26+02:00   duration: 2s

run-verify.sh: GREEN — cargo test -p wyrd-custodian --test segmented_map_passes (fix applied)

running 6 tests
......
test result: ok. 6 passed; 0 failed; 0 ignored; 0 measured; 0 filtered out; finished in 0.04s
run-verify.sh: RED — cargo test -p wyrd-custodian --test segmented_map_passes (production reverted, test kept)

running 6 tests
reconstruction_reads_the_namespace_once_per_pass --- FAILED
a_segmented_object_ends_no_pass_and_the_flat_work_still_happens --- FAILED
a_duplicate_committed_chunk_id_is_repaired_by_neither_reference --- FAILED
a_fault_that_is_not_one_objects_map_still_ends_the_pass --- FAILED
an_unreadable_object_is_named_and_the_walk_continues --- FAILED
work_in_a_segmented_record_is_refused_never_discarded --- FAILED

failures:

---- reconstruction_reads_the_namespace_once_per_pass stdout ----

thread 'reconstruction_reads_the_namespace_once_per_pass' (327344) panicked at crates/custodian/tests/segmented_map_passes.rs:698:5:
assertion `left == right` failed: nothing here is refused
  left: Satisfied
 right: Changed
note: run with `RUST_BACKTRACE=1` environment variable to display a backtrace

---- a_segmented_object_ends_no_pass_and_the_flat_work_still_happens stdout ----

thread 'a_segmented_object_ends_no_pass_and_the_flat_work_still_happens' (327342) panicked at crates/custodian/tests/segmented_map_passes.rs:497:34:
the step must run: "reconciliation store access: reconstruction::find_chunk met a segmented chunk map, which this build cannot yet resolve"

---- a_duplicate_committed_chunk_id_is_repaired_by_neither_reference stdout ----

thread 'a_duplicate_committed_chunk_id_is_repaired_by_neither_reference' (327340) panicked at crates/custodian/tests/segmented_map_passes.rs:661:5:
assertion `left == right` failed: ambiguity is no repair
  left: Satisfied
 right: Blocked

---- a_fault_that_is_not_one_objects_map_still_ends_the_pass stdout ----

thread 'a_fault_that_is_not_one_objects_map_still_ends_the_pass' (327341) panicked at crates/custodian/tests/segmented_map_passes.rs:726:9:
reconstruction absorbed: reconciliation store access: key must be a string at line 1 column 2

---- an_unreadable_object_is_named_and_the_walk_continues stdout ----

thread 'an_unreadable_object_is_named_and_the_walk_continues' (327343) panicked at crates/custodian/tests/segmented_map_passes.rs:166:48:
reconstruction must not end the pass: reconciliation store access: key must be a string at line 1 column 2

---- work_in_a_segmented_record_is_refused_never_discarded stdout ----

thread 'work_in_a_segmented_record_is_refused_never_discarded' (327345) panicked at crates/custodian/tests/segmented_map_passes.rs:166:48:
reconstruction must not end the pass: reconciliation store access: reconstruction::find_chunk met a segmented chunk map, which this build cannot yet resolve


failures:
    a_duplicate_committed_chunk_id_is_repaired_by_neither_reference
    a_fault_that_is_not_one_objects_map_still_ends_the_pass
    a_segmented_object_ends_no_pass_and_the_flat_work_still_happens
    an_unreadable_object_is_named_and_the_walk_continues
    reconstruction_reads_the_namespace_once_per_pass
    work_in_a_segmented_record_is_refused_never_discarded

test result: FAILED. 0 passed; 6 failed; 0 ignored; 0 measured; 0 filtered out; finished in 0.05s

error: test failed, to rerun pass `-p wyrd-custodian --test segmented_map_passes`
run-verify.sh: PASS — red without the fix, green with it (6 test(s) ran red).
