# gate: C4-verify — per-fix red->green: this patch's test red pre-fix, green post-fix
# cmd: ./engine/scripts/run-verify.sh
# cwd: /home/eddie/wyrd/wyrd-pdca
# PDCA_WORKTREE: /home/eddie/wyrd/wyrd.pdca-wt-l0
# start: 2026-10-03T19:15:54+00:00
# duration_secs: 2.53
# exit: 0
# outcome: pass
# ---- combined stdout+stderr (verbatim) ----
run-verify.sh: GREEN — cargo test -p wyrd-server --test build_identity_startup_log (fix applied)

running 1 test
.
test result: ok. 1 passed; 0 failed; 0 ignored; 0 measured; 0 filtered out; finished in 0.02s
run-verify.sh: RED — cargo test -p wyrd-server --test build_identity_startup_log (production reverted, test kept)

running 1 test
the_s3_role_logs_the_build_identity_derived_from_git --- FAILED

failures:

---- the_s3_role_logs_the_build_identity_derived_from_git stdout ----

thread 'the_s3_role_logs_the_build_identity_derived_from_git' (873500) panicked at crates/server/tests/build_identity_startup_log.rs:205:9:
the `role started` event carries no string `version` field: {"fields":{"dservers":0,"listen":"127.0.0.1:44055","message":"role started","region":"us-east-1","role":"s3"},"level":"INFO","target":"wyrd.role","timestamp":"2026-10-03T19:15:57.168917Z"}
note: run with `RUST_BACKTRACE=1` environment variable to display a backtrace


failures:
    the_s3_role_logs_the_build_identity_derived_from_git

test result: FAILED. 0 passed; 1 failed; 0 ignored; 0 measured; 0 filtered out; finished in 0.01s

error: test failed, to rerun pass `-p wyrd-server --test build_identity_startup_log`
run-verify.sh: PASS — red without the fix, green with it (1 test(s) ran red).
