# gate: C4-diff-cov — diff coverage: changed lines executed by the patch's tests
# cmd: ./engine/scripts/run-diff-cov.sh
# cwd: /home/eddie/wyrd/wyrd-pdca
# PDCA_WORKTREE: /home/eddie/wyrd/wyrd.pdca-wt-l2
# start: 2026-10-01T00:57:51+00:00
# duration_secs: 4.53
# exit: 0
# outcome: pass
# ---- combined stdout+stderr (verbatim) ----
run-diff-cov.sh: MEASURE — cargo llvm-cov test -p wyrd-custodian --test segmented_map_repoint (fix applied)
info: cargo-llvm-cov currently setting cfg(coverage); you can opt-out it by passing --no-cfg-coverage
    Blocking waiting for file lock on package cache
   Compiling wyrd-traits v0.0.0 (/home/eddie/wyrd/wyrd-cov-l2/crates/traits)
   Compiling wyrd-chunk-format v0.0.0 (/home/eddie/wyrd/wyrd-cov-l2/crates/chunk-format)
   Compiling wyrd-telemetry v0.0.0 (/home/eddie/wyrd/wyrd-cov-l2/crates/telemetry)
   Compiling wyrd-testkit v0.0.0 (/home/eddie/wyrd/wyrd-cov-l2/crates/testkit)
   Compiling wyrd-core v0.0.0 (/home/eddie/wyrd/wyrd-cov-l2/crates/core)
   Compiling wyrd-chunkstore-fs v0.0.0 (/home/eddie/wyrd/wyrd-cov-l2/crates/chunkstore-fs)
   Compiling wyrd-coordination-mem v0.0.0 (/home/eddie/wyrd/wyrd-cov-l2/crates/coordination-mem)
   Compiling wyrd-custodian v0.0.0 (/home/eddie/wyrd/wyrd-cov-l2/crates/custodian)
    Finished `test` profile [unoptimized + debuginfo] target(s) in 3.40s
     Running tests/segmented_map_repoint.rs (target/llvm-cov-target/debug/deps/segmented_map_repoint-0abc52865d48c9e9)

running 10 tests
test a_flat_chunk_past_a_length_overflow_is_contained_not_left_conflicting ... ok
test a_segmented_objects_under_replicated_chunk_is_repaired_in_its_own_record ... ok
test a_flat_record_whose_version_cannot_advance_is_contained_not_wrapped ... ok
test a_segmented_object_under_an_unparsable_key_is_contained_not_skipped ... ok
test a_racing_move_of_the_planned_chunk_itself_is_a_conflict ... ok
test a_racing_move_of_a_sibling_chunk_in_the_same_segment_record_is_merged ... ok
test a_superseded_root_generation_makes_the_repair_lose ... ok
test a_segment_record_torn_under_the_move_is_contained ... ok
test two_obligations_meeting_one_torn_record_are_one_containment ... ok
test a_repoint_one_byte_past_the_value_ceiling_is_refused ... ok

test result: ok. 10 passed; 0 failed; 0 ignored; 0 measured; 0 filtered out; finished in 0.16s
run-diff-cov.sh: NOTE — 65 of 199 changed production lines carried a coverage
                 region; the other 134 are not scored either way. Most are simply not
                 executable (comments, `use`, declarations, bare delimiters). But code
                 compiled out by a #[cfg(...)] your feature selection does not enable looks
                 identical here, and this gate cannot tell the two apart (#222).
                 The largest unscored spans, so you can tell at a glance which it is:
run-diff-cov.sh:   UNSCORED crates/custodian/src/reconstruction.rs:1140-1155 (16 lines)
run-diff-cov.sh:   UNSCORED crates/custodian/src/reconstruction.rs:1059-1069 (11 lines)
run-diff-cov.sh:   UNSCORED crates/custodian/src/reconstruction.rs:411-419 (9 lines)
run-diff-cov.sh:   UNSCORED crates/custodian/src/reconstruction.rs:566-571 (6 lines)
run-diff-cov.sh:   UNSCORED crates/custodian/src/reconstruction.rs:1075-1079 (5 lines)
run-diff-cov.sh:   UNSCORED crates/custodian/src/reconstruction.rs:182-186 (5 lines)
run-diff-cov.sh:   … and 30 further span(s), none larger; all of them are in coverage/diff-cov.json
run-diff-cov.sh: MISS crates/custodian/src/reconstruction.rs:1185
METRIC diff_cov=98.5 covered=64 instrumentable=65 unscored=134
run-diff-cov.sh: PASS — the patch's tests execute 98.5% of its 65 instrumentable changed
                 lines (floor 80%, 10 test(s) ran).
PDCA-EVIDENCE: diff coverage 98.5% — 64 of 65 instrumentable changed lines executed (floor 80%); 65 of 199 changed lines were instrumentable
