# gate: C4-verify — per-fix red->green: this patch's test red pre-fix, green post-fix
# cmd: ./engine/scripts/run-verify.sh
# cwd: /home/eddie/wyrd/wyrd-pdca
# PDCA_WORKTREE: /home/eddie/wyrd/wyrd.pdca-wt-l2
# start: 2026-10-01T00:57:48+00:00
# duration_secs: 3.68
# exit: 0
# outcome: pass
# ---- combined stdout+stderr (verbatim) ----
run-verify.sh: GREEN — cargo test -p wyrd-custodian --test segmented_map_repoint (fix applied)

running 10 tests
..........
test result: ok. 10 passed; 0 failed; 0 ignored; 0 measured; 0 filtered out; finished in 0.15s
run-verify.sh: RED — cargo test -p wyrd-custodian --test segmented_map_repoint (production reverted, test kept)

running 10 tests
a_flat_chunk_past_a_length_overflow_is_contained_not_left_conflicting --- FAILED
a_racing_move_of_a_sibling_chunk_in_the_same_segment_record_is_merged --- FAILED
a_segmented_object_under_an_unparsable_key_is_contained_not_skipped --- FAILED
a_segment_record_torn_under_the_move_is_contained --- FAILED
two_obligations_meeting_one_torn_record_are_one_containment --- FAILED
a_racing_move_of_the_planned_chunk_itself_is_a_conflict --- FAILED
a_superseded_root_generation_makes_the_repair_lose --- FAILED
a_segmented_objects_under_replicated_chunk_is_repaired_in_its_own_record --- FAILED
a_flat_record_whose_version_cannot_advance_is_contained_not_wrapped --- FAILED
.
failures:

---- a_flat_chunk_past_a_length_overflow_is_contained_not_left_conflicting stdout ----

thread 'a_flat_chunk_past_a_length_overflow_is_contained_not_left_conflicting' (2362752) panicked at crates/custodian/tests/segmented_map_repoint.rs:779:5:
assertion `left == right` failed: {"timestamp":"2026-10-01T00:57:51.668470Z","level":"INFO","fields":{"histogram.reconstruction_queue_depth":1},"target":"wyrd_custodian::reconstruction"}
{"timestamp":"2026-10-01T00:57:51.668634Z","level":"INFO","fields":{"gauge.reconstruction_under_replicated":1},"target":"wyrd_custodian::reconstruction"}
{"timestamp":"2026-10-01T00:57:51.668643Z","level":"WARN","fields":{"gauge.reconstruction_unreachable":0},"target":"wyrd_custodian::reconstruction"}
{"timestamp":"2026-10-01T00:57:51.668649Z","level":"WARN","fields":{"gauge.reconstruction_repair_blocked":0},"target":"wyrd_custodian::reconstruction"}
{"timestamp":"2026-10-01T00:57:51.668655Z","level":"INFO","fields":{"monotonic_counter.reconstruction_repaired":1},"target":"wyrd_custodian::reconstruction"}
{"timestamp":"2026-10-01T00:57:51.668661Z","level":"INFO","fields":{"histogram.reconstruction_time_to_repair_millis":10000},"target":"wyrd_custodian::reconstruction"}
{"timestamp":"2026-10-01T00:57:51.668668Z","level":"INFO","fields":{"message":"reconstruction is rebuilding the missing shard(s) and repointing the placement record","action":"repair","chunk":"0000000000000000000000000000a200","rebuilt":1},"target":"wyrd.custodian.reconstruction.audit"}

  left: Changed
 right: Blocked

---- a_racing_move_of_a_sibling_chunk_in_the_same_segment_record_is_merged stdout ----

thread 'a_racing_move_of_a_sibling_chunk_in_the_same_segment_record_is_merged' (2362754) panicked at crates/custodian/tests/segmented_map_repoint.rs:528:5:
assertion `left == right` failed: the repair still lands
  left: Blocked
 right: Changed

---- a_segmented_object_under_an_unparsable_key_is_contained_not_skipped stdout ----

thread 'a_segmented_object_under_an_unparsable_key_is_contained_not_skipped' (2362758) panicked at crates/custodian/tests/segmented_map_repoint.rs:745:5:
assertion `left == right` failed: nothing drains over a reading with a hole in it
  left: [41472]
 right: [3584, 41472]

---- a_segment_record_torn_under_the_move_is_contained stdout ----

thread 'a_segment_record_torn_under_the_move_is_contained' (2362757) panicked at crates/custodian/tests/segmented_map_repoint.rs:709:5:
assertion `left == right` failed: ONE name and ONE count for the object, however many obligations meet it: {"timestamp":"2026-10-01T00:57:51.668456Z","level":"INFO","fields":{"histogram.reconstruction_queue_depth":1},"target":"wyrd_custodian::reconstruction"}
{"timestamp":"2026-10-01T00:57:51.668628Z","level":"WARN","fields":{"monotonic_counter.reconstruction_refused_records":1},"target":"wyrd_custodian::reconstruction"}
{"timestamp":"2026-10-01T00:57:51.668644Z","level":"WARN","fields":{"message":"reconstruction refused a repair for a chunk whose committed reference lives in a segmented record; nothing was written, the obligation stays queued, and the pass does not certify","action":"refused-segmented","inode":"inode:1"},"target":"wyrd.custodian.reconstruction.audit"}
{"timestamp":"2026-10-01T00:57:51.668664Z","level":"INFO","fields":{"gauge.reconstruction_under_replicated":0},"target":"wyrd_custodian::reconstruction"}
{"timestamp":"2026-10-01T00:57:51.668670Z","level":"WARN","fields":{"gauge.reconstruction_unreachable":0},"target":"wyrd_custodian::reconstruction"}
{"timestamp":"2026-10-01T00:57:51.668675Z","level":"WARN","fields":{"gauge.reconstruction_repair_blocked":0},"target":"wyrd_custodian::reconstruction"}

  left: (0, 0, true)
 right: (1, 1, true)

---- two_obligations_meeting_one_torn_record_are_one_containment stdout ----

thread 'two_obligations_meeting_one_torn_record_are_one_containment' (2362761) panicked at crates/custodian/tests/segmented_map_repoint.rs:709:5:
assertion `left == right` failed: ONE name and ONE count for the object, however many obligations meet it: {"timestamp":"2026-10-01T00:57:51.668456Z","level":"INFO","fields":{"histogram.reconstruction_queue_depth":2},"target":"wyrd_custodian::reconstruction"}
{"timestamp":"2026-10-01T00:57:51.668627Z","level":"WARN","fields":{"monotonic_counter.reconstruction_refused_records":1},"target":"wyrd_custodian::reconstruction"}
{"timestamp":"2026-10-01T00:57:51.668648Z","level":"WARN","fields":{"message":"reconstruction refused a repair for a chunk whose committed reference lives in a segmented record; nothing was written, the obligation stays queued, and the pass does not certify","action":"refused-segmented","inode":"inode:1"},"target":"wyrd.custodian.reconstruction.audit"}
{"timestamp":"2026-10-01T00:57:51.668682Z","level":"INFO","fields":{"gauge.reconstruction_under_replicated":0},"target":"wyrd_custodian::reconstruction"}
{"timestamp":"2026-10-01T00:57:51.668691Z","level":"WARN","fields":{"gauge.reconstruction_unreachable":0},"target":"wyrd_custodian::reconstruction"}
{"timestamp":"2026-10-01T00:57:51.668700Z","level":"WARN","fields":{"gauge.reconstruction_repair_blocked":0},"target":"wyrd_custodian::reconstruction"}

  left: (0, 0, true)
 right: (1, 1, true)

---- a_racing_move_of_the_planned_chunk_itself_is_a_conflict stdout ----

thread 'a_racing_move_of_the_planned_chunk_itself_is_a_conflict' (2362755) panicked at crates/custodian/tests/segmented_map_repoint.rs:448:5:
assertion `left == right` failed: a lost CAS is a retry, not a hole: the next pass re-plans onto the winner's bytes
  left: Blocked
 right: Satisfied

---- a_superseded_root_generation_makes_the_repair_lose stdout ----

thread 'a_superseded_root_generation_makes_the_repair_lose' (2362760) panicked at crates/custodian/tests/segmented_map_repoint.rs:432:5:
fixture: the race never landed

---- a_segmented_objects_under_replicated_chunk_is_repaired_in_its_own_record stdout ----

thread 'a_segmented_objects_under_replicated_chunk_is_repaired_in_its_own_record' (2362759) panicked at crates/custodian/tests/segmented_map_repoint.rs:469:5:
assertion `left == right` failed: a repair that moved a placement: {"timestamp":"2026-10-01T00:57:51.668460Z","level":"INFO","fields":{"histogram.reconstruction_queue_depth":1},"target":"wyrd_custodian::reconstruction"}
{"timestamp":"2026-10-01T00:57:51.668630Z","level":"WARN","fields":{"monotonic_counter.reconstruction_refused_records":1},"target":"wyrd_custodian::reconstruction"}
{"timestamp":"2026-10-01T00:57:51.668645Z","level":"WARN","fields":{"message":"reconstruction refused a repair for a chunk whose committed reference lives in a segmented record; nothing was written, the obligation stays queued, and the pass does not certify","action":"refused-segmented","inode":"inode:1"},"target":"wyrd.custodian.reconstruction.audit"}
{"timestamp":"2026-10-01T00:57:51.668671Z","level":"INFO","fields":{"gauge.reconstruction_under_replicated":0},"target":"wyrd_custodian::reconstruction"}
{"timestamp":"2026-10-01T00:57:51.668681Z","level":"WARN","fields":{"gauge.reconstruction_unreachable":0},"target":"wyrd_custodian::reconstruction"}
{"timestamp":"2026-10-01T00:57:51.668690Z","level":"WARN","fields":{"gauge.reconstruction_repair_blocked":0},"target":"wyrd_custodian::reconstruction"}

  left: Blocked
 right: Changed

---- a_flat_record_whose_version_cannot_advance_is_contained_not_wrapped stdout ----

thread 'a_flat_record_whose_version_cannot_advance_is_contained_not_wrapped' (2362753) panicked at crates/custodian/src/reconstruction.rs:1157:18:
attempt to add with overflow
note: run with `RUST_BACKTRACE=1` environment variable to display a backtrace


failures:
    a_flat_chunk_past_a_length_overflow_is_contained_not_left_conflicting
    a_flat_record_whose_version_cannot_advance_is_contained_not_wrapped
    a_racing_move_of_a_sibling_chunk_in_the_same_segment_record_is_merged
    a_racing_move_of_the_planned_chunk_itself_is_a_conflict
    a_segment_record_torn_under_the_move_is_contained
    a_segmented_object_under_an_unparsable_key_is_contained_not_skipped
    a_segmented_objects_under_replicated_chunk_is_repaired_in_its_own_record
    a_superseded_root_generation_makes_the_repair_lose
    two_obligations_meeting_one_torn_record_are_one_containment

test result: FAILED. 1 passed; 9 failed; 0 ignored; 0 measured; 0 filtered out; finished in 0.15s

error: test failed, to rerun pass `-p wyrd-custodian --test segmented_map_repoint`
run-verify.sh: PASS — red without the fix, green with it (10 test(s) ran red).
