# gate: C4-verify — per-fix red->green: this patch's test red pre-fix, green post-fix
# cmd: ./engine/scripts/run-verify.sh
# cwd: /home/eddie/wyrd/wyrd-pdca
# PDCA_WORKTREE: /home/eddie/wyrd/wyrd.pdca-wt-l1
# start: 2026-10-02T23:24:52+00:00
# duration_secs: 29.9
# exit: 0
# outcome: pass
# ---- combined stdout+stderr (verbatim) ----
run-verify.sh: GREEN — cargo test -p wyrd-validate --test s3_client_nonconforming_responses (fix applied)

running 14 tests
..............
test result: ok. 14 passed; 0 failed; 0 ignored; 0 measured; 0 filtered out; finished in 0.31s
run-verify.sh: RED — cargo test -p wyrd-validate --test s3_client_nonconforming_responses (production reverted, test kept)

running 14 tests
. 1/14
a_chunked_get_with_its_terminal_chunk_is_accepted_whole --- FAILED
a_success_the_sdk_cannot_read_is_unreadable_with_its_diagnostic --- FAILED
a_get_whose_length_disagrees_with_its_declaration_is_a_body_error --- FAILED
. 5/14
a_well_formed_error_document_without_a_code_is_no_code_in_body --- FAILED
... 9/14
an_error_body_whose_length_disagrees_with_its_declaration_is_unreadable --- FAILED
an_unclosed_cut_or_trailed_error_document_is_unreadable --- FAILED
a_put_or_delete_success_body_is_cut_at_the_budget --- FAILED
. 13/14
an_error_body_with_no_declared_length_is_cut_at_the_budget --- FAILED

failures:

---- a_chunked_get_with_its_terminal_chunk_is_accepted_whole stdout ----
RED   chunked-4x-budget [GET]: expected the whole object, got Body(LengthUndeclared)
RED   chunked-empty [GET]: expected the whole object, got Body(LengthUndeclared)

thread 'a_chunked_get_with_its_terminal_chunk_is_accepted_whole' (999842) panicked at crates/validate/tests/s3_client_nonconforming_responses.rs:609:9:
2 case(s) misclassified:
  chunked-4x-budget [GET]: expected the whole object, got Body(LengthUndeclared)
  chunked-empty [GET]: expected the whole object, got Body(LengthUndeclared)
note: run with `RUST_BACKTRACE=1` environment variable to display a backtrace

---- a_success_the_sdk_cannot_read_is_unreadable_with_its_diagnostic stdout ----
GREEN unreadable-success [GET]
RED   unreadable-success [PUT]: expected Unreadable { status: 200, request_id: Some("853-unreadable-success-PUT") }, got Err(Service { status: 200, code: NoBody, message: None, request_id: Some("853-unreadable-success-PUT") })
RED   unreadable-success [DELETE]: expected Unreadable { status: 204, request_id: Some("853-unreadable-success-DELETE") }, got Err(Service { status: 204, code: NoBody, message: None, request_id: Some("853-unreadable-success-DELETE") })

thread 'a_success_the_sdk_cannot_read_is_unreadable_with_its_diagnostic' (999849) panicked at crates/validate/tests/s3_client_nonconforming_responses.rs:609:9:
2 case(s) misclassified:
  unreadable-success [PUT]: expected Unreadable { status: 200, request_id: Some("853-unreadable-success-PUT") }, got Err(Service { status: 200, code: NoBody, message: None, request_id: Some("853-unreadable-success-PUT") })
  unreadable-success [DELETE]: expected Unreadable { status: 204, request_id: Some("853-unreadable-success-DELETE") }, got Err(Service { status: 204, code: NoBody, message: None, request_id: Some("853-unreadable-success-DELETE") })

---- a_get_whose_length_disagrees_with_its_declaration_is_a_body_error stdout ----
GREEN length-over-sent [GET]
GREEN chunked-and-length-over [GET]
GREEN chunked-and-length-under [GET]
RED   chunked-and-length-agreeing [GET]: accepted as a 12293-byte object of 12293

thread 'a_get_whose_length_disagrees_with_its_declaration_is_a_body_error' (999846) panicked at crates/validate/tests/s3_client_nonconforming_responses.rs:609:9:
1 case(s) misclassified:
  chunked-and-length-agreeing [GET]: accepted as a 12293-byte object of 12293

---- a_well_formed_error_document_without_a_code_is_no_code_in_body stdout ----
RED   error-without-code [GET]: expected Service { status: 400, code: MissingInXml, message: Some("the server named no code"), request_id: Some("853-error-without-code-GET") }, got Err(Unreadable { status: 400, request_id: Some("853-error-without-code-GET"), detail: "service error: unhandled error: Error { message: \"the server named no code\", aws_request_id: \"853-error-without-code-GET\" } (ServiceError(ServiceError { source: Unhandled(Unhandled { source: ErrorMetadata { code: None, message: Some(\"the server named no code\"), extras: Some({\"aws_request_id\": \"853-error-without-code-GET\"}) }, meta: ErrorMetadata { code… (1160 bytes in all)
RED   error-without-code [PUT]: expected Service { status: 400, code: MissingInXml, message: Some("the server named no code"), request_id: Some("853-error-without-code-PUT") }, got Err(Unreadable { status: 400, request_id: Some("853-error-without-code-PUT"), detail: "service error: unhandled error: Error { message: \"the server named no code\", aws_request_id: \"853-error-without-code-PUT\" } (ServiceError(ServiceError { source: Unhandled(Unhandled { source: ErrorMetadata { code: None, message: Some(\"the server named no code\"), extras: Some({\"aws_request_id\": \"853-error-without-code-PUT\"}) }, meta: ErrorMetadata { code… (1160 bytes in all)
RED   error-without-code [DELETE]: expected Service { status: 400, code: MissingInXml, message: Some("the server named no code"), request_id: Some("853-error-without-code-DELETE") }, got Err(Unreadable { status: 400, request_id: Some("853-error-without-code-DELETE"), detail: "service error: unhandled error: Error { message: \"the server named no code\", aws_request_id: \"853-error-without-code-DELETE\" } (ServiceError(ServiceError { source: Unhandled(Unhandled { source: ErrorMetadata { code: None, message: Some(\"the server named no code\"), extras: Some({\"aws_request_id\": \"853-error-without-code-DELETE\"}) }, meta: ErrorMet… (1262 bytes in all)

thread 'a_well_formed_error_document_without_a_code_is_no_code_in_body' (999851) panicked at crates/validate/tests/s3_client_nonconforming_responses.rs:609:9:
3 case(s) misclassified:
  error-without-code [GET]: expected Service { status: 400, code: MissingInXml, message: Some("the server named no code"), request_id: Some("853-error-without-code-GET") }, got Err(Unreadable { status: 400, request_id: Some("853-error-without-code-GET"), detail: "service error: unhandled error: Error { message: \"the server named no code\", aws_request_id: \"853-error-without-code-GET\" } (ServiceError(ServiceError { source: Unhandled(Unhandled { source: ErrorMetadata { code: None, message: Some(\"the server named no code\"), extras: Some({\"aws_request_id\": \"853-error-without-code-GET\"}) }, meta: ErrorMetadata { code… (1160 bytes in all)
  error-without-code [PUT]: expected Service { status: 400, code: MissingInXml, message: Some("the server named no code"), request_id: Some("853-error-without-code-PUT") }, got Err(Unreadable { status: 400, request_id: Some("853-error-without-code-PUT"), detail: "service error: unhandled error: Error { message: \"the server named no code\", aws_request_id: \"853-error-without-code-PUT\" } (ServiceError(ServiceError { source: Unhandled(Unhandled { source: ErrorMetadata { code: None, message: Some(\"the server named no code\"), extras: Some({\"aws_request_id\": \"853-error-without-code-PUT\"}) }, meta: ErrorMetadata { code… (1160 bytes in all)
  error-without-code [DELETE]: expected Service { status: 400, code: MissingInXml, message: Some("the server named no code"), request_id: Some("853-error-without-code-DELETE") }, got Err(Unreadable { status: 400, request_id: Some("853-error-without-code-DELETE"), detail: "service error: unhandled error: Error { message: \"the server named no code\", aws_request_id: \"853-error-without-code-DELETE\" } (ServiceError(ServiceError { source: Unhandled(Unhandled { source: ErrorMetadata { code: None, message: Some(\"the server named no code\"), extras: Some({\"aws_request_id\": \"853-error-without-code-DELETE\"}) }, meta: ErrorMet… (1262 bytes in all)

---- an_error_body_whose_length_disagrees_with_its_declaration_is_unreadable stdout ----
GREEN length-over-sent [GET]
GREEN length-over-sent [PUT]
GREEN length-over-sent [DELETE]
RED   length-under-sent [GET]: expected Unreadable { status: 503, request_id: Some("853-length-under-sent-GET") }, got Err(Service { status: 503, code: Code("SlowDown"), message: Some("Please "), request_id: Some("853-length-under-sent-GET") })
RED   length-under-sent [PUT]: expected Unreadable { status: 503, request_id: Some("853-length-under-sent-PUT") }, got Err(Service { status: 503, code: Code("SlowDown"), message: Some("Please "), request_id: Some("853-length-under-sent-PUT") })
RED   length-under-sent [DELETE]: expected Unreadable { status: 503, request_id: Some("853-length-under-sent-DELETE") }, got Err(Service { status: 503, code: Code("SlowDown"), message: Some("Please "), request_id: Some("853-length-under-sent-DELETE") })
RED   chunked-and-length-agreeing [GET]: expected Unreadable { status: 503, request_id: Some("853-chunked-and-length-agreeing-GET") }, got Err(Service { status: 503, code: Code("SlowDown"), message: Some("Please reduce your request rate."), request_id: Some("853-chunked-and-length-agreeing-GET") })
RED   chunked-and-length-agreeing [PUT]: expected Unreadable { status: 503, request_id: Some("853-chunked-and-length-agreeing-PUT") }, got Err(Service { status: 503, code: Code("SlowDown"), message: Some("Please reduce your request rate."), request_id: Some("853-chunked-and-length-agreeing-PUT") })
RED   chunked-and-length-agreeing [DELETE]: expected Unreadable { status: 503, request_id: Some("853-chunked-and-length-agreeing-DELETE") }, got Err(Service { status: 503, code: Code("SlowDown"), message: Some("Please reduce your request rate."), request_id: Some("853-chunked-and-length-agreeing-DELETE") })
GREEN chunked-and-length-over [GET]
RED   chunked-and-length-over [PUT]: expected Unreadable { status: 503, request_id: Some("853-chunked-and-length-over-PUT") }, got Err(Service { status: 503, code: Code("SlowDown"), message: Some("Please reduce your request rate."), request_id: Some("853-chunked-and-length-over-PUT") })
RED   chunked-and-length-over [DELETE]: expected Unreadable { status: 503, request_id: Some("853-chunked-and-length-over-DELETE") }, got Err(Service { status: 503, code: Code("SlowDown"), message: Some("Please reduce your request rate."), request_id: Some("853-chunked-and-length-over-DELETE") })
GREEN chunked-and-length-under [GET]
RED   chunked-and-length-under [PUT]: expected Unreadable { status: 503, request_id: Some("853-chunked-and-length-under-PUT") }, got Err(Service { status: 503, code: Code("SlowDown"), message: Some("Please reduce your request rate."), request_id: Some("853-chunked-and-length-under-PUT") })
RED   chunked-and-length-under [DELETE]: expected Unreadable { status: 503, request_id: Some("853-chunked-and-length-under-DELETE") }, got Err(Service { status: 503, code: Code("SlowDown"), message: Some("Please reduce your request rate."), request_id: Some("853-chunked-and-length-under-DELETE") })

thread 'an_error_body_whose_length_disagrees_with_its_declaration_is_unreadable' (999855) panicked at crates/validate/tests/s3_client_nonconforming_responses.rs:609:9:
10 case(s) misclassified:
  length-under-sent [GET]: expected Unreadable { status: 503, request_id: Some("853-length-under-sent-GET") }, got Err(Service { status: 503, code: Code("SlowDown"), message: Some("Please "), request_id: Some("853-length-under-sent-GET") })
  length-under-sent [PUT]: expected Unreadable { status: 503, request_id: Some("853-length-under-sent-PUT") }, got Err(Service { status: 503, code: Code("SlowDown"), message: Some("Please "), request_id: Some("853-length-under-sent-PUT") })
  length-under-sent [DELETE]: expected Unreadable { status: 503, request_id: Some("853-length-under-sent-DELETE") }, got Err(Service { status: 503, code: Code("SlowDown"), message: Some("Please "), request_id: Some("853-length-under-sent-DELETE") })
  chunked-and-length-agreeing [GET]: expected Unreadable { status: 503, request_id: Some("853-chunked-and-length-agreeing-GET") }, got Err(Service { status: 503, code: Code("SlowDown"), message: Some("Please reduce your request rate."), request_id: Some("853-chunked-and-length-agreeing-GET") })
  chunked-and-length-agreeing [PUT]: expected Unreadable { status: 503, request_id: Some("853-chunked-and-length-agreeing-PUT") }, got Err(Service { status: 503, code: Code("SlowDown"), message: Some("Please reduce your request rate."), request_id: Some("853-chunked-and-length-agreeing-PUT") })
  chunked-and-length-agreeing [DELETE]: expected Unreadable { status: 503, request_id: Some("853-chunked-and-length-agreeing-DELETE") }, got Err(Service { status: 503, code: Code("SlowDown"), message: Some("Please reduce your request rate."), request_id: Some("853-chunked-and-length-agreeing-DELETE") })
  chunked-and-length-over [PUT]: expected Unreadable { status: 503, request_id: Some("853-chunked-and-length-over-PUT") }, got Err(Service { status: 503, code: Code("SlowDown"), message: Some("Please reduce your request rate."), request_id: Some("853-chunked-and-length-over-PUT") })
  chunked-and-length-over [DELETE]: expected Unreadable { status: 503, request_id: Some("853-chunked-and-length-over-DELETE") }, got Err(Service { status: 503, code: Code("SlowDown"), message: Some("Please reduce your request rate."), request_id: Some("853-chunked-and-length-over-DELETE") })
  chunked-and-length-under [PUT]: expected Unreadable { status: 503, request_id: Some("853-chunked-and-length-under-PUT") }, got Err(Service { status: 503, code: Code("SlowDown"), message: Some("Please reduce your request rate."), request_id: Some("853-chunked-and-length-under-PUT") })
  chunked-and-length-under [DELETE]: expected Unreadable { status: 503, request_id: Some("853-chunked-and-length-under-DELETE") }, got Err(Service { status: 503, code: Code("SlowDown"), message: Some("Please reduce your request rate."), request_id: Some("853-chunked-and-length-under-DELETE") })

---- an_unclosed_cut_or_trailed_error_document_is_unreadable stdout ----
RED   unclosed [GET]: expected Unreadable { status: 503, request_id: Some("853-unclosed-GET") }, got Err(Service { status: 503, code: Code("SlowDown"), message: None, request_id: Some("853-unclosed-GET") })
RED   unclosed [PUT]: expected Unreadable { status: 503, request_id: Some("853-unclosed-PUT") }, got Err(Service { status: 503, code: Code("SlowDown"), message: None, request_id: Some("853-unclosed-PUT") })
RED   unclosed [DELETE]: expected Unreadable { status: 503, request_id: Some("853-unclosed-DELETE") }, got Err(Service { status: 503, code: Code("SlowDown"), message: None, request_id: Some("853-unclosed-DELETE") })
RED   cut-mid-message [GET]: expected Unreadable { status: 503, request_id: Some("853-cut-mid-message-GET") }, got Err(Service { status: 503, code: Code("SlowDown"), message: Some("Please reduce your req"), request_id: Some("853-cut-mid-message-GET") })
RED   cut-mid-message [PUT]: expected Unreadable { status: 503, request_id: Some("853-cut-mid-message-PUT") }, got Err(Service { status: 503, code: Code("SlowDown"), message: Some("Please reduce your req"), request_id: Some("853-cut-mid-message-PUT") })
RED   cut-mid-message [DELETE]: expected Unreadable { status: 503, request_id: Some("853-cut-mid-message-DELETE") }, got Err(Service { status: 503, code: Code("SlowDown"), message: Some("Please reduce your req"), request_id: Some("853-cut-mid-message-DELETE") })
RED   junk-after-error [GET]: expected Unreadable { status: 503, request_id: Some("853-junk-after-error-GET") }, got Err(Service { status: 503, code: Code("SlowDown"), message: Some("Please reduce your request rate."), request_id: Some("853-junk-after-error-GET") })
RED   junk-after-error [PUT]: expected Unreadable { status: 503, request_id: Some("853-junk-after-error-PUT") }, got Err(Service { status: 503, code: Code("SlowDown"), message: Some("Please reduce your request rate."), request_id: Some("853-junk-after-error-PUT") })
RED   junk-after-error [DELETE]: expected Unreadable { status: 503, request_id: Some("853-junk-after-error-DELETE") }, got Err(Service { status: 503, code: Code("SlowDown"), message: Some("Please reduce your request rate."), request_id: Some("853-junk-after-error-DELETE") })
RED   element-after-error [GET]: expected Unreadable { status: 503, request_id: Some("853-element-after-error-GET") }, got Err(Service { status: 503, code: Code("SlowDown"), message: Some("Please reduce your request rate."), request_id: Some("853-element-after-error-GET") })
RED   element-after-error [PUT]: expected Unreadable { status: 503, request_id: Some("853-element-after-error-PUT") }, got Err(Service { status: 503, code: Code("SlowDown"), message: Some("Please reduce your request rate."), request_id: Some("853-element-after-error-PUT") })
RED   element-after-error [DELETE]: expected Unreadable { status: 503, request_id: Some("853-element-after-error-DELETE") }, got Err(Service { status: 503, code: Code("SlowDown"), message: Some("Please reduce your request rate."), request_id: Some("853-element-after-error-DELETE") })
GREEN comment-after-error [GET]
GREEN comment-after-error [PUT]
GREEN comment-after-error [DELETE]

thread 'an_unclosed_cut_or_trailed_error_document_is_unreadable' (999892) panicked at crates/validate/tests/s3_client_nonconforming_responses.rs:609:9:
12 case(s) misclassified:
  unclosed [GET]: expected Unreadable { status: 503, request_id: Some("853-unclosed-GET") }, got Err(Service { status: 503, code: Code("SlowDown"), message: None, request_id: Some("853-unclosed-GET") })
  unclosed [PUT]: expected Unreadable { status: 503, request_id: Some("853-unclosed-PUT") }, got Err(Service { status: 503, code: Code("SlowDown"), message: None, request_id: Some("853-unclosed-PUT") })
  unclosed [DELETE]: expected Unreadable { status: 503, request_id: Some("853-unclosed-DELETE") }, got Err(Service { status: 503, code: Code("SlowDown"), message: None, request_id: Some("853-unclosed-DELETE") })
  cut-mid-message [GET]: expected Unreadable { status: 503, request_id: Some("853-cut-mid-message-GET") }, got Err(Service { status: 503, code: Code("SlowDown"), message: Some("Please reduce your req"), request_id: Some("853-cut-mid-message-GET") })
  cut-mid-message [PUT]: expected Unreadable { status: 503, request_id: Some("853-cut-mid-message-PUT") }, got Err(Service { status: 503, code: Code("SlowDown"), message: Some("Please reduce your req"), request_id: Some("853-cut-mid-message-PUT") })
  cut-mid-message [DELETE]: expected Unreadable { status: 503, request_id: Some("853-cut-mid-message-DELETE") }, got Err(Service { status: 503, code: Code("SlowDown"), message: Some("Please reduce your req"), request_id: Some("853-cut-mid-message-DELETE") })
  junk-after-error [GET]: expected Unreadable { status: 503, request_id: Some("853-junk-after-error-GET") }, got Err(Service { status: 503, code: Code("SlowDown"), message: Some("Please reduce your request rate."), request_id: Some("853-junk-after-error-GET") })
  junk-after-error [PUT]: expected Unreadable { status: 503, request_id: Some("853-junk-after-error-PUT") }, got Err(Service { status: 503, code: Code("SlowDown"), message: Some("Please reduce your request rate."), request_id: Some("853-junk-after-error-PUT") })
  junk-after-error [DELETE]: expected Unreadable { status: 503, request_id: Some("853-junk-after-error-DELETE") }, got Err(Service { status: 503, code: Code("SlowDown"), message: Some("Please reduce your request rate."), request_id: Some("853-junk-after-error-DELETE") })
  element-after-error [GET]: expected Unreadable { status: 503, request_id: Some("853-element-after-error-GET") }, got Err(Service { status: 503, code: Code("SlowDown"), message: Some("Please reduce your request rate."), request_id: Some("853-element-after-error-GET") })
  element-after-error [PUT]: expected Unreadable { status: 503, request_id: Some("853-element-after-error-PUT") }, got Err(Service { status: 503, code: Code("SlowDown"), message: Some("Please reduce your request rate."), request_id: Some("853-element-after-error-PUT") })
  element-after-error [DELETE]: expected Unreadable { status: 503, request_id: Some("853-element-after-error-DELETE") }, got Err(Service { status: 503, code: Code("SlowDown"), message: Some("Please reduce your request rate."), request_id: Some("853-element-after-error-DELETE") })

---- a_put_or_delete_success_body_is_cut_at_the_budget stdout ----
RED   success-over-budget [PUT]: expected Unreadable { status: 200, request_id: Some("853-success-over-budget-PUT") }, got Ok(())
RED   success-over-budget [PUT]: the endpoint wrote the whole 69304320-byte body: the client read it to the end instead of closing at its 65536-byte budget
RED   success-over-budget [DELETE]: expected Unreadable { status: 200, request_id: Some("853-success-over-budget-DELETE") }, got Ok(())
RED   success-over-budget [DELETE]: the endpoint wrote the whole 69304320-byte body: the client read it to the end instead of closing at its 65536-byte budget

thread 'a_put_or_delete_success_body_is_cut_at_the_budget' (999848) panicked at crates/validate/tests/s3_client_nonconforming_responses.rs:609:9:
4 case(s) misclassified:
  success-over-budget [PUT]: expected Unreadable { status: 200, request_id: Some("853-success-over-budget-PUT") }, got Ok(())
  success-over-budget [PUT]: the endpoint wrote the whole 69304320-byte body: the client read it to the end instead of closing at its 65536-byte budget
  success-over-budget [DELETE]: expected Unreadable { status: 200, request_id: Some("853-success-over-budget-DELETE") }, got Ok(())
  success-over-budget [DELETE]: the endpoint wrote the whole 69304320-byte body: the client read it to the end instead of closing at its 65536-byte budget

---- an_error_body_with_no_declared_length_is_cut_at_the_budget stdout ----
RED   error-over-budget [GET]: expected Unreadable { status: 503, request_id: Some("853-error-over-budget-GET") }, got Err(Service { status: 503, code: Code("SlowDown"), message: Some("aaaaaaaaaaaaaaaaaaaaaaaaaaaaaaaaaaaaaaaaaaaaaaaaaaaaaaaaaaaaaaaaaaaaaaaaaaaaaaaaaaaaaaaaaaaaaaaaaaaaaaaaaaaaaaaaaaaaaaaaaaaaaaaaaaaaaaaaaaaaaaaaaaaaaaaaaaaaaaaaaaaaaaaaaaaaaaaaaaaaaaaaaaaaaaaaaaaaaaaaaaaaaaaaaaaaaaaaaaaaaaaaaaaaaaaaaaaaaaaaaaaaaaaaaaaaaaaaaaaaaaaaaaaaaaaaaaaaaaaaaaaaaaaaaaaaaaaaaaaaaaaaaaaaaaaaaaaaaaaaaaaaaaaaaaaaaaaaaaaaaaaaaaaaaaaaaaaaaaaaaaaaaaaaaaaaaaaaaaaaaaaaaaaaaaaaaaaaaaaaaaaaaaaaaaaaaaaaaaaaaaaaaaaaaaaaaaaaaaaaaaaaaa… (69304526 bytes in all)
RED   error-over-budget [GET]: the endpoint wrote the whole 69304453-byte body: the client read it to the end instead of closing at its 65536-byte budget
RED   error-over-budget [PUT]: expected Unreadable { status: 503, request_id: Some("853-error-over-budget-PUT") }, got Err(Service { status: 503, code: Code("SlowDown"), message: Some("aaaaaaaaaaaaaaaaaaaaaaaaaaaaaaaaaaaaaaaaaaaaaaaaaaaaaaaaaaaaaaaaaaaaaaaaaaaaaaaaaaaaaaaaaaaaaaaaaaaaaaaaaaaaaaaaaaaaaaaaaaaaaaaaaaaaaaaaaaaaaaaaaaaaaaaaaaaaaaaaaaaaaaaaaaaaaaaaaaaaaaaaaaaaaaaaaaaaaaaaaaaaaaaaaaaaaaaaaaaaaaaaaaaaaaaaaaaaaaaaaaaaaaaaaaaaaaaaaaaaaaaaaaaaaaaaaaaaaaaaaaaaaaaaaaaaaaaaaaaaaaaaaaaaaaaaaaaaaaaaaaaaaaaaaaaaaaaaaaaaaaaaaaaaaaaaaaaaaaaaaaaaaaaaaaaaaaaaaaaaaaaaaaaaaaaaaaaaaaaaaaaaaaaaaaaaaaaaaaaaaaaaaaaaaaaaaaaaaaaaaaaaaa… (69304526 bytes in all)
RED   error-over-budget [PUT]: the endpoint wrote the whole 69304453-byte body: the client read it to the end instead of closing at its 65536-byte budget
RED   error-over-budget [DELETE]: expected Unreadable { status: 503, request_id: Some("853-error-over-budget-DELETE") }, got Err(Service { status: 503, code: Code("SlowDown"), message: Some("aaaaaaaaaaaaaaaaaaaaaaaaaaaaaaaaaaaaaaaaaaaaaaaaaaaaaaaaaaaaaaaaaaaaaaaaaaaaaaaaaaaaaaaaaaaaaaaaaaaaaaaaaaaaaaaaaaaaaaaaaaaaaaaaaaaaaaaaaaaaaaaaaaaaaaaaaaaaaaaaaaaaaaaaaaaaaaaaaaaaaaaaaaaaaaaaaaaaaaaaaaaaaaaaaaaaaaaaaaaaaaaaaaaaaaaaaaaaaaaaaaaaaaaaaaaaaaaaaaaaaaaaaaaaaaaaaaaaaaaaaaaaaaaaaaaaaaaaaaaaaaaaaaaaaaaaaaaaaaaaaaaaaaaaaaaaaaaaaaaaaaaaaaaaaaaaaaaaaaaaaaaaaaaaaaaaaaaaaaaaaaaaaaaaaaaaaaaaaaaaaaaaaaaaaaaaaaaaaaaaaaaaaaaaaaaaaaaaaaaaaaa… (69304532 bytes in all)
RED   error-over-budget [DELETE]: the endpoint wrote the whole 69304453-byte body: the client read it to the end instead of closing at its 65536-byte budget

thread 'an_error_body_with_no_declared_length_is_cut_at_the_budget' (999886) panicked at crates/validate/tests/s3_client_nonconforming_responses.rs:609:9:
6 case(s) misclassified:
  error-over-budget [GET]: expected Unreadable { status: 503, request_id: Some("853-error-over-budget-GET") }, got Err(Service { status: 503, code: Code("SlowDown"), message: Some("aaaaaaaaaaaaaaaaaaaaaaaaaaaaaaaaaaaaaaaaaaaaaaaaaaaaaaaaaaaaaaaaaaaaaaaaaaaaaaaaaaaaaaaaaaaaaaaaaaaaaaaaaaaaaaaaaaaaaaaaaaaaaaaaaaaaaaaaaaaaaaaaaaaaaaaaaaaaaaaaaaaaaaaaaaaaaaaaaaaaaaaaaaaaaaaaaaaaaaaaaaaaaaaaaaaaaaaaaaaaaaaaaaaaaaaaaaaaaaaaaaaaaaaaaaaaaaaaaaaaaaaaaaaaaaaaaaaaaaaaaaaaaaaaaaaaaaaaaaaaaaaaaaaaaaaaaaaaaaaaaaaaaaaaaaaaaaaaaaaaaaaaaaaaaaaaaaaaaaaaaaaaaaaaaaaaaaaaaaaaaaaaaaaaaaaaaaaaaaaaaaaaaaaaaaaaaaaaaaaaaaaaaaaaaaaaaaaaaaaaaaaaaa… (69304526 bytes in all)
  error-over-budget [GET]: the endpoint wrote the whole 69304453-byte body: the client read it to the end instead of closing at its 65536-byte budget
  error-over-budget [PUT]: expected Unreadable { status: 503, request_id: Some("853-error-over-budget-PUT") }, got Err(Service { status: 503, code: Code("SlowDown"), message: Some("aaaaaaaaaaaaaaaaaaaaaaaaaaaaaaaaaaaaaaaaaaaaaaaaaaaaaaaaaaaaaaaaaaaaaaaaaaaaaaaaaaaaaaaaaaaaaaaaaaaaaaaaaaaaaaaaaaaaaaaaaaaaaaaaaaaaaaaaaaaaaaaaaaaaaaaaaaaaaaaaaaaaaaaaaaaaaaaaaaaaaaaaaaaaaaaaaaaaaaaaaaaaaaaaaaaaaaaaaaaaaaaaaaaaaaaaaaaaaaaaaaaaaaaaaaaaaaaaaaaaaaaaaaaaaaaaaaaaaaaaaaaaaaaaaaaaaaaaaaaaaaaaaaaaaaaaaaaaaaaaaaaaaaaaaaaaaaaaaaaaaaaaaaaaaaaaaaaaaaaaaaaaaaaaaaaaaaaaaaaaaaaaaaaaaaaaaaaaaaaaaaaaaaaaaaaaaaaaaaaaaaaaaaaaaaaaaaaaaaaaaaaaaa… (69304526 bytes in all)
  error-over-budget [PUT]: the endpoint wrote the whole 69304453-byte body: the client read it to the end instead of closing at its 65536-byte budget
  error-over-budget [DELETE]: expected Unreadable { status: 503, request_id: Some("853-error-over-budget-DELETE") }, got Err(Service { status: 503, code: Code("SlowDown"), message: Some("aaaaaaaaaaaaaaaaaaaaaaaaaaaaaaaaaaaaaaaaaaaaaaaaaaaaaaaaaaaaaaaaaaaaaaaaaaaaaaaaaaaaaaaaaaaaaaaaaaaaaaaaaaaaaaaaaaaaaaaaaaaaaaaaaaaaaaaaaaaaaaaaaaaaaaaaaaaaaaaaaaaaaaaaaaaaaaaaaaaaaaaaaaaaaaaaaaaaaaaaaaaaaaaaaaaaaaaaaaaaaaaaaaaaaaaaaaaaaaaaaaaaaaaaaaaaaaaaaaaaaaaaaaaaaaaaaaaaaaaaaaaaaaaaaaaaaaaaaaaaaaaaaaaaaaaaaaaaaaaaaaaaaaaaaaaaaaaaaaaaaaaaaaaaaaaaaaaaaaaaaaaaaaaaaaaaaaaaaaaaaaaaaaaaaaaaaaaaaaaaaaaaaaaaaaaaaaaaaaaaaaaaaaaaaaaaaaaaaaaaaaa… (69304532 bytes in all)
  error-over-budget [DELETE]: the endpoint wrote the whole 69304453-byte body: the client read it to the end instead of closing at its 65536-byte budget


failures:
    a_chunked_get_with_its_terminal_chunk_is_accepted_whole
    a_get_whose_length_disagrees_with_its_declaration_is_a_body_error
    a_put_or_delete_success_body_is_cut_at_the_budget
    a_success_the_sdk_cannot_read_is_unreadable_with_its_diagnostic
    a_well_formed_error_document_without_a_code_is_no_code_in_body
    an_error_body_whose_length_disagrees_with_its_declaration_is_unreadable
    an_error_body_with_no_declared_length_is_cut_at_the_budget
    an_unclosed_cut_or_trailed_error_document_is_unreadable

test result: FAILED. 6 passed; 8 failed; 0 ignored; 0 measured; 0 filtered out; finished in 8.32s

error: test failed, to rerun pass `-p wyrd-validate --test s3_client_nonconforming_responses`
run-verify.sh: PASS — red without the fix, green with it (14 test(s) ran red).
