# gate: C5-mutants — surviving mutants on the bundle diff (cargo mutants --in-diff)
# cmd: scripts/mutants-in-diff
# cwd: /home/eddie/wyrd/wyrd-pdca
# PDCA_WORKTREE: /home/eddie/wyrd/wyrd.pdca-wt-l1
# start: 2026-10-02T23:27:19+00:00
# duration_secs: 196.98
# exit: 2
# outcome: fail
# ---- combined stdout+stderr (verbatim) ----
Found 76 mutants to test
ok       Unmutated baseline in 23s build + 5s test
 INFO Auto-set test timeout to 29s
MISSED   crates/validate/src/s3/response.rs:45:42: replace * with + in 1s build + 5s test
MISSED   crates/validate/src/s3/response.rs:85:37: replace match guard coding.trim().eq_ignore_ascii_case("chunked") with true in Framing::of in 1s build + 5s test
MISSED   crates/validate/src/s3/response.rs:106:24: replace && with || in decimal_length in 1s build + 5s test
MISSED   crates/validate/src/s3/response.rs:111:23: replace == with != in decimal_length in 1s build + 5s test
MISSED   crates/validate/src/s3/response.rs:182:9: replace <impl Intercept for ResponseGuard>::name -> &'static str with "" in 1s build + 5s test
MISSED   crates/validate/src/s3/response.rs:182:9: replace <impl Intercept for ResponseGuard>::name -> &'static str with "xyzzy" in 1s build + 5s test
MISSED   crates/validate/src/s3/response.rs:215:42: replace match guard declared > BUFFERED_BODY_BUDGET with false in <impl Intercept for ResponseGuard>::modify_before_deserialization in 1s build + 5s test
MISSED   crates/validate/src/s3/response.rs:215:51: replace > with == in <impl Intercept for ResponseGuard>::modify_before_deserialization in 1s build + 5s test
MISSED   crates/validate/src/s3/response.rs:215:51: replace > with >= in <impl Intercept for ResponseGuard>::modify_before_deserialization in 1s build + 5s test
MISSED   crates/validate/src/s3/response.rs:262:30: replace > with >= in <impl http_body::Body for Budgeted>::poll_frame in 1s build + 6s test
MISSED   crates/validate/src/s3/response.rs:274:9: replace <impl http_body::Body for Budgeted>::is_end_stream -> bool with true in 1s build + 5s test
MISSED   crates/validate/src/s3/response.rs:274:9: replace <impl http_body::Body for Budgeted>::is_end_stream -> bool with false in 1s build + 7s test
MISSED   crates/validate/src/s3/response.rs:274:24: replace && with || in <impl http_body::Body for Budgeted>::is_end_stream in 1s build + 6s test
MISSED   crates/validate/src/s3/response.rs:274:9: delete ! in <impl http_body::Body for Budgeted>::is_end_stream in 1s build + 5s test
MISSED   crates/validate/src/s3/response.rs:278:9: replace <impl http_body::Body for Budgeted>::size_hint -> SizeHint with Default::default() in 1s build + 7s test
MISSED   crates/validate/src/s3/response.rs:312:43: delete ! in error_document in 1s build + 5s test
MISSED   crates/validate/src/s3/response.rs:345:20: replace && with || in is_blank in 1s build + 5s test
76 mutants tested in 3m: 17 missed, 15 caught, 44 unviable
