# gate: host-tikv — tikv feature compiles (crate + server selection arms)
# cmd: WYRD_TIKV_TOOLCHAIN=1 sh -c 'cargo clippy -p wyrd-metadata-tikv --features tikv --tests && cargo clippy -p wyrd-server --features tikv,etcd --tests'
# cwd: /home/eddie/wyrd/wyrd.pdca-wt
# PDCA_WORKTREE: /home/eddie/wyrd/wyrd.pdca-wt
# start: 2026-09-17T14:16:44+00:00
# duration_secs: 23.97
# exit: 0
# outcome: pass
# ---- combined stdout+stderr (verbatim) ----
    Checking futures-io v0.3.34
   Compiling zerocopy v0.8.52
   Compiling pkg-config v0.3.33
   Compiling vcpkg v0.2.15
    Checking futures-channel v0.3.34
    Checking tracing-core v0.1.36
   Compiling openssl v0.10.81
    Checking foreign-types-shared v0.1.1
   Compiling serde v1.0.229
   Compiling native-tls v0.2.18
    Checking untrusted v0.9.0
   Compiling getrandom v0.1.16
   Compiling indexmap v1.9.3
   Compiling ring v0.17.14
    Checking sync_wrapper v1.0.2
    Checking hashbrown v0.12.3
   Compiling rustix v0.38.44
    Checking getrandom v0.2.17
    Checking serde_core v1.0.229
    Checking socket2 v0.5.10
   Compiling either v1.16.0
   Compiling syn v1.0.109
   Compiling rustls v0.21.12
    Checking foreign-types v0.3.2
   Compiling openssl-macros v0.1.1
    Checking tokio v1.52.3
   Compiling axum-core v0.3.4
   Compiling axum v0.6.20
   Compiling num-traits v0.2.19
    Checking linux-raw-sys v0.4.15
    Checking simd-adler32 v0.3.9
    Checking adler2 v2.0.1
   Compiling protobuf v2.28.0
   Compiling procfs v0.16.0
    Checking procfs-core v0.16.0
   Compiling async-stream-impl v0.3.6
    Checking aho-corasick v1.1.4
    Checking encoding_rs v0.8.35
    Checking bitflags v1.3.2
   Compiling prometheus v0.13.4
    Checking regex-syntax v0.8.11
    Checking futures-util v0.3.34
    Checking rand_core v0.6.4
    Checking base64 v0.21.7
   Compiling itertools v0.12.1
    Checking miniz_oxide v0.8.9
    Checking matchit v0.7.3
    Checking sync_wrapper v0.1.2
    Checking take_mut v0.2.2
    Checking semver v1.0.28
    Checking rand_core v0.5.1
    Checking tracing v0.1.44
    Checking rustls-pemfile v1.0.4
   Compiling openssl-sys v0.9.117
    Checking async-stream v0.3.6
    Checking flate2 v1.1.9
    Checking chrono v0.4.45
   Compiling prost-derive v0.12.6
    Checking regex-automata v0.4.14
    Checking serde_json v1.0.151
    Checking serde_urlencoded v0.7.1
    Checking prost v0.12.6
    Checking futures-executor v0.3.32
    Checking wyrd-metadata-conformance v0.0.0 (/home/eddie/wyrd/wyrd.pdca-wt/crates/metadata-conformance)
    Checking futures v0.3.32
   Compiling async-recursion v0.3.2
   Compiling derive-new v0.5.9
    Checking rustls-webpki v0.101.7
    Checking sct v0.7.1
    Checking regex v1.12.4
    Checking tokio-util v0.7.18
    Checking tower v0.5.3
    Checking tokio-io-timeout v1.2.1
    Checking tokio-stream v0.1.19
    Checking ppv-lite86 v0.2.21
    Checking tokio-native-tls v0.3.1
    Checking rand_chacha v0.3.1
    Checking rand_chacha v0.2.2
    Checking rand_chacha v0.10.0
    Checking h2 v0.4.19
    Checking h2 v0.3.27
    Checking tower-http v0.6.11
    Checking rand v0.7.3
    Checking wyrd-testkit v0.0.0 (/home/eddie/wyrd/wyrd.pdca-wt/crates/testkit)
    Checking rand v0.8.6
    Checking wyrd-metadata-fault-conformance v0.0.0 (/home/eddie/wyrd/wyrd.pdca-wt/crates/metadata-fault-conformance)
    Checking tower v0.4.13
    Checking fail v0.4.0
    Checking tokio-rustls v0.24.1
    Checking hyper v0.14.32
    Checking hyper v1.10.1
    Checking hyper-util v0.1.20
    Checking hyper-tls v0.6.0
    Checking reqwest v0.12.28
    Checking hyper-timeout v0.4.1
    Checking tonic v0.10.2
    Checking tikv-client v0.4.0
    Checking wyrd-metadata-tikv v0.0.0 (/home/eddie/wyrd/wyrd.pdca-wt/crates/metadata-tikv)
    Finished `dev` profile [unoptimized + debuginfo] target(s) in 10.93s
   Compiling serde_core v1.0.229
    Checking tokio v1.52.3
    Checking bytes-utils v0.1.4
   Compiling once_cell v1.21.4
   Compiling indexmap v2.14.0
    Checking axum-core v0.5.6
   Compiling prost-derive v0.13.5
    Checking futures-executor v0.3.32
    Checking regex-automata v0.4.14
    Checking rand_chacha v0.9.0
   Compiling itertools v0.12.1
    Checking axum-core v0.4.5
    Checking wyrd-testkit v0.0.0 (/home/eddie/wyrd/wyrd.pdca-wt/crates/testkit)
    Checking wyrd-gateway-core v0.0.0 (/home/eddie/wyrd/wyrd.pdca-wt/crates/gateway-core)
    Checking futures v0.3.32
   Compiling tempfile v3.27.0
    Checking rand v0.9.4
    Checking wyrd-coordination-mem v0.0.0 (/home/eddie/wyrd/wyrd.pdca-wt/crates/coordination-mem)
   Compiling petgraph v0.8.3
   Compiling petgraph v0.7.1
    Checking opentelemetry_sdk v0.32.1
   Compiling prost v0.13.5
   Compiling prost-types v0.13.5
   Compiling prost-derive v0.12.6
    Checking serde v1.0.229
    Checking serde_json v1.0.151
   Compiling prost-build v0.14.4
   Compiling prost-build v0.13.5
    Checking opentelemetry-prometheus v0.32.0
    Checking prost v0.12.6
    Checking matchers v0.2.0
    Checking regex v1.12.4
    Checking serde_urlencoded v0.7.1
    Checking tracing-serde v0.2.0
   Compiling tonic-build v0.12.3
    Checking tracing-subscriber v0.3.23
    Checking wyrd-core v0.0.0 (/home/eddie/wyrd/wyrd.pdca-wt/crates/core)
   Compiling tonic-prost-build v0.14.6
   Compiling madsim-tonic-build v0.6.0+0.14
   Compiling wyrd-proto v0.0.0 (/home/eddie/wyrd/wyrd.pdca-wt/crates/proto)
   Compiling etcd-client v0.14.1
    Checking tracing-opentelemetry v0.33.0
    Checking tokio-util v0.7.18
    Checking aws-smithy-async v1.3.0
    Checking tokio-native-tls v0.3.1
    Checking tokio-io-timeout v1.2.1
    Checking tokio-rustls v0.24.1
    Checking wyrd-chunkstore-fs v0.0.0 (/home/eddie/wyrd/wyrd.pdca-wt/crates/chunkstore-fs)
    Checking wyrd-metadata-fault-conformance v0.0.0 (/home/eddie/wyrd/wyrd.pdca-wt/crates/metadata-fault-conformance)
    Checking h2 v0.4.19
    Checking tower v0.5.3
    Checking tokio-stream v0.1.19
    Checking aws-smithy-types v1.6.2
    Checking tower v0.4.13
    Checking h2 v0.3.27
    Checking aws-smithy-runtime-api v1.15.0
    Checking aws-smithy-eventstream v0.61.2
    Checking tower-http v0.6.11
    Checking axum v0.7.9
    Checking aws-smithy-schema v0.2.0
    Checking aws-smithy-http v0.64.0
    Checking aws-credential-types v1.3.0
    Checking aws-smithy-observability v0.3.0
    Checking aws-sigv4 v1.5.1
    Checking aws-smithy-checksums v0.65.0
    Checking aws-smithy-runtime v1.14.0
    Checking aws-types v1.5.0
    Checking aws-smithy-xml v0.62.0
    Checking aws-smithy-json v0.63.0
    Checking hyper v0.14.32
    Checking hyper v1.10.1
    Checking aws-runtime v1.9.1
    Checking hyper-util v0.1.20
    Checking aws-sdk-s3 v1.142.0
    Checking hyper-timeout v0.5.2
    Checking axum v0.8.9
    Checking hyper-tls v0.6.0
    Checking aws-smithy-http-client v1.4.0
    Checking reqwest v0.12.28
    Checking tonic v0.12.3
    Checking hyper-timeout v0.4.1
    Checking axum v0.6.20
    Checking prometheus v0.13.4
    Checking tonic v0.14.6
    Checking wyrd-gateway-s3 v0.0.0 (/home/eddie/wyrd/wyrd.pdca-wt/crates/gateway-s3)
    Checking tonic v0.10.2
    Checking wyrd-coordination-etcd v0.0.0 (/home/eddie/wyrd/wyrd.pdca-wt/crates/coordination-etcd)
    Checking tonic-prost v0.14.6
    Checking tonic-types v0.14.6
    Checking tikv-client v0.4.0
    Checking opentelemetry-proto v0.32.0
    Checking tonic-health v0.14.6
    Checking wyrd-chunkstore-grpc v0.0.0 (/home/eddie/wyrd/wyrd.pdca-wt/crates/chunkstore-grpc)
    Checking opentelemetry-otlp v0.32.0
    Checking wyrd-telemetry v0.0.0 (/home/eddie/wyrd/wyrd.pdca-wt/crates/telemetry)
    Checking wyrd-custodian v0.0.0 (/home/eddie/wyrd/wyrd.pdca-wt/crates/custodian)
    Checking wyrd-metadata-tikv v0.0.0 (/home/eddie/wyrd/wyrd.pdca-wt/crates/metadata-tikv)
    Checking wyrd-server v0.0.0 (/home/eddie/wyrd/wyrd.pdca-wt/crates/server)
    Finished `dev` profile [unoptimized + debuginfo] target(s) in 12.89s
