# gate: C4-diff-cov — diff coverage: changed lines executed by the patch's tests
# cmd: ./engine/scripts/run-diff-cov.sh
# cwd: /home/eddie/wyrd/wyrd-pdca
# PDCA_WORKTREE: /home/eddie/wyrd/wyrd.pdca-wt-l1
# start: 2026-09-12T11:43:17+00:00
# duration_secs: 5.13
# exit: 0
# outcome: pass
# ---- combined stdout+stderr (verbatim) ----
run-diff-cov.sh: MEASURE — cargo llvm-cov test -p wyrd-core --test multipart_state_machine (fix applied)
info: cargo-llvm-cov currently setting cfg(coverage); you can opt-out it by passing --no-cfg-coverage
   Compiling futures-core v0.3.34
   Compiling futures-sink v0.3.34
   Compiling futures-task v0.3.34
   Compiling wyrd-traits v0.0.0 (/home/eddie/wyrd/wyrd-cov-l1/crates/traits)
   Compiling chacha20 v0.10.2
   Compiling redb v4.2.0
   Compiling digest v0.11.3
   Compiling wyrd-chunk-format v0.0.0 (/home/eddie/wyrd/wyrd-cov-l1/crates/chunk-format)
   Compiling wyrd-proto v0.0.0 (/home/eddie/wyrd/wyrd-cov-l1/crates/proto)
   Compiling tokio-util v0.7.18
   Compiling futures-util v0.3.34
   Compiling futures-channel v0.3.34
   Compiling http-body-util v0.1.3
   Compiling tokio-stream v0.1.19
   Compiling sha2 v0.11.0
   Compiling rand v0.10.2
   Compiling axum-core v0.5.6
   Compiling h2 v0.4.19
   Compiling wyrd-testkit v0.0.0 (/home/eddie/wyrd/wyrd-cov-l1/crates/testkit)
   Compiling wyrd-chunkstore-fs v0.0.0 (/home/eddie/wyrd/wyrd-cov-l1/crates/chunkstore-fs)
   Compiling tower v0.5.3
   Compiling wyrd-core v0.0.0 (/home/eddie/wyrd/wyrd-cov-l1/crates/core)
   Compiling axum v0.8.9
   Compiling hyper v1.10.1
   Compiling wyrd-metadata-redb v0.0.0 (/home/eddie/wyrd/wyrd-cov-l1/crates/metadata-redb)
   Compiling hyper-util v0.1.20
   Compiling hyper-timeout v0.5.2
   Compiling tonic v0.14.6
   Compiling tonic-prost v0.14.6
   Compiling wyrd-chunkstore-grpc v0.0.0 (/home/eddie/wyrd/wyrd-cov-l1/crates/chunkstore-grpc)
    Finished `test` profile [unoptimized + debuginfo] target(s) in 4.12s
     Running tests/multipart_state_machine.rs (target/llvm-cov-target/debug/deps/multipart_state_machine-c2525822513c43f8)

running 21 tests
test complete_fingerprint_disagrees_on_a_strict_subset ... ok
test complete_fingerprint_agrees_on_an_identical_ascending_retry ... ok
test complete_fingerprint_refuses_the_same_malformed_lists_as_multipart_etag ... ok
test multipart_etag_matches_the_oracle_for_one_part ... ok
test complete_tombstone_mismatch_is_refused ... ok
test complete_fingerprint_disagrees_on_the_same_digests_under_different_numbering ... ok
test multipart_etag_parse_rejects_a_missing_separator ... ok
test multipart_etag_parse_rejects_a_count_past_the_keyspace ... ok
test multipart_etag_parse_rejects_a_zero_part_count ... ok
test multipart_etag_parse_rejects_a_malformed_suffix ... ok
test every_decision_3_cell_is_answered ... ok
test complete_fingerprint_disagrees_on_one_changed_digest ... ok
test multipart_etag_refuses_a_non_ascending_list_rather_than_sorting_it ... ok
test outcome_enums_are_exhaustive_no_non_exhaustive_marker ... ok
test multipart_etag_parse_round_trips_a_composed_value ... ok
test per_verb_helpers_agree_with_the_dispatcher ... ok
test multipart_etag_suffix_is_the_named_count ... ok
test multipart_etag_refuses_a_duplicate_part_number ... ok
test multipart_etag_is_over_raw_bytes_not_hex_text ... ok
test multipart_etag_strict_subset_differs_from_full_set ... ok
test multipart_etag_parse_rejects_malformed_hex ... ok

test result: ok. 21 passed; 0 failed; 0 ignored; 0 measured; 0 filtered out; finished in 0.00s
run-diff-cov.sh: NOTE — 148 of 631 changed production lines carried a coverage
                 region; the other 483 are not scored either way. Most are simply not
                 executable (comments, `use`, declarations, bare delimiters). But code
                 compiled out by a #[cfg(...)] your feature selection does not enable looks
                 identical here, and this gate cannot tell the two apart (#222).
                 The largest unscored spans, so you can tell at a glance which it is:
run-diff-cov.sh:   UNSCORED crates/core/src/multipart.rs:3967-4150 (184 lines)
run-diff-cov.sh:   UNSCORED crates/core/src/multipart.rs:3853-3958 (106 lines)
run-diff-cov.sh:   UNSCORED crates/core/src/multipart.rs:510-539 (30 lines)
run-diff-cov.sh:   UNSCORED crates/core/src/multipart.rs:3796-3822 (27 lines)
run-diff-cov.sh:   UNSCORED crates/core/src/multipart.rs:3704-3720 (17 lines)
run-diff-cov.sh:   UNSCORED crates/core/src/multipart.rs:4162-4177 (16 lines)
run-diff-cov.sh:   … and 35 further span(s), none larger; all of them are in coverage/diff-cov.json
run-diff-cov.sh: MISS crates/core/src/multipart.rs:748
run-diff-cov.sh: MISS crates/core/src/multipart.rs:749
run-diff-cov.sh: MISS crates/core/src/multipart.rs:753
run-diff-cov.sh: MISS crates/core/src/multipart.rs:754
run-diff-cov.sh: MISS crates/core/src/multipart.rs:758
run-diff-cov.sh: MISS crates/core/src/multipart.rs:759
run-diff-cov.sh: MISS crates/core/src/multipart.rs:760
run-diff-cov.sh: MISS crates/core/src/multipart.rs:761
run-diff-cov.sh: MISS crates/core/src/multipart.rs:765
run-diff-cov.sh: MISS crates/core/src/multipart.rs:766
run-diff-cov.sh: MISS crates/core/src/multipart.rs:769
run-diff-cov.sh: MISS crates/core/src/multipart.rs:770
run-diff-cov.sh: MISS crates/core/src/multipart.rs:3725
METRIC diff_cov=91.2 covered=135 instrumentable=148 unscored=483
run-diff-cov.sh: PASS — the patch's tests execute 91.2% of its 148 instrumentable changed
                 lines (floor 80%, 21 test(s) ran).
PDCA-EVIDENCE: diff coverage 91.2% — 135 of 148 instrumentable changed lines executed (floor 80%); 148 of 631 changed lines were instrumentable
