# gate: C4-verify — per-fix red->green: this patch's test red pre-fix, green post-fix
# cmd: ./engine/scripts/run-verify.sh
# cwd: /home/eddie/wyrd/wyrd-pdca
# PDCA_WORKTREE: /home/eddie/wyrd/wyrd.pdca-wt-l1
# start: 2026-09-12T11:43:11+00:00
# duration_secs: 6.09
# exit: 77
# outcome: unverifiable
# ---- combined stdout+stderr (verbatim) ----
run-verify.sh: GREEN — cargo test -p wyrd-core --test multipart_state_machine (fix applied)

running 21 tests
.....................
test result: ok. 21 passed; 0 failed; 0 ignored; 0 measured; 0 filtered out; finished in 0.00s
run-verify.sh: RED — cargo test -p wyrd-core --test multipart_state_machine (production reverted, test kept)
error[E0432]: unresolved imports `wyrd_core::multipart::abort_answer`, `wyrd_core::multipart::answer`, `wyrd_core::multipart::complete_answer`, `wyrd_core::multipart::complete_fingerprint`, `wyrd_core::multipart::list_parts_answer`, `wyrd_core::multipart::list_uploads_answer`, `wyrd_core::multipart::multipart_etag`, `wyrd_core::multipart::upload_part_answer`, `wyrd_core::multipart::AbortAnswer`, `wyrd_core::multipart::AbortOutcome`, `wyrd_core::multipart::Answer`, `wyrd_core::multipart::Backpressure`, `wyrd_core::multipart::CompleteAnswer`, `wyrd_core::multipart::CompleteOutcome`, `wyrd_core::multipart::CreateOutcome`, `wyrd_core::multipart::InvalidPart`, `wyrd_core::multipart::ListPartsAnswer`, `wyrd_core::multipart::ListUploadsAnswer`, `wyrd_core::multipart::MultipartEtag`, `wyrd_core::multipart::Publication`, `wyrd_core::multipart::Refusal`, `wyrd_core::multipart::ReserveOutcome`, `wyrd_core::multipart::UploadPartAnswer`, `wyrd_core::multipart::UploadPartOutcome`, `wyrd_core::multipart::Verb`
  --> crates/core/tests/multipart_state_machine.rs:30:5
   |
30 |     abort_answer, answer, complete_answer, complete_fingerprint, list_parts_answer,
   |     ^^^^^^^^^^^^  ^^^^^^  ^^^^^^^^^^^^^^^  ^^^^^^^^^^^^^^^^^^^^  ^^^^^^^^^^^^^^^^^ no `list_parts_answer` in `multipart`
   |     |             |       |                |
   |     |             |       |                no `complete_fingerprint` in `multipart`
   |     |             |       no `complete_answer` in `multipart`
   |     |             no `answer` in `multipart`
   |     no `abort_answer` in `multipart`
31 |     list_uploads_answer, multipart_etag, upload_part_answer, AbortAnswer, AbortOutcome, Answer,
   |     ^^^^^^^^^^^^^^^^^^^  ^^^^^^^^^^^^^^  ^^^^^^^^^^^^^^^^^^  ^^^^^^^^^^^  ^^^^^^^^^^^^  ^^^^^^
   |     |                    |               |                   |            |
   |     |                    |               |                   |            no `AbortOutcome` in `multipart`
   |     |                    |               |                   no `AbortAnswer` in `multipart`
   |     |                    |               no `upload_part_answer` in `multipart`
   |     |                    no `multipart_etag` in `multipart`
   |     no `list_uploads_answer` in `multipart`
32 |     Backpressure, CompleteAnswer, CompleteOutcome, Completion, CreateOutcome, Digest, InvalidPart,
   |     ^^^^^^^^^^^^  ^^^^^^^^^^^^^^  ^^^^^^^^^^^^^^^              ^^^^^^^^^^^^^          ^^^^^^^^^^^
33 |     ListPartsAnswer, ListUploadsAnswer, MultipartEtag, PartNumber, Publication, PublishTarget,
   |     ^^^^^^^^^^^^^^^  ^^^^^^^^^^^^^^^^^  ^^^^^^^^^^^^^              ^^^^^^^^^^^
34 |     RecordError, Refusal, ReserveOutcome, SessionState, UploadPartAnswer, UploadPartOutcome, Verb,
   |                  ^^^^^^^  ^^^^^^^^^^^^^^                ^^^^^^^^^^^^^^^^  ^^^^^^^^^^^^^^^^^  ^^^^

error[E0432]: unresolved import `sha2`
  --> crates/core/tests/multipart_state_machine.rs:28:5
   |
28 | use sha2::{Digest as _, Sha256};
   |     ^^^^ use of unresolved module or unlinked crate `sha2`
   |
   = help: if you wanted to use a crate named `sha2`, use `cargo add sha2` to add it to your `Cargo.toml`

error[E0599]: no variant named `DuplicatePart` found for enum `RecordError`
   --> crates/core/tests/multipart_state_machine.rs:310:34
    |
310 |     assert_eq!(err, RecordError::DuplicatePart { part_number: 1 });
    |                                  ^^^^^^^^^^^^^ variant not found in `RecordError`

error[E0599]: no variant named `PartsOutOfOrder` found for enum `RecordError`
   --> crates/core/tests/multipart_state_machine.rs:324:22
    |
324 |         RecordError::PartsOutOfOrder {
    |                      ^^^^^^^^^^^^^^^ variant not found in `RecordError`

error[E0599]: no variant, associated function, or constant named `NoPartsNamed` found for enum `RecordError` in the current scope
   --> crates/core/tests/multipart_state_machine.rs:426:34
    |
426 |     assert_eq!(err, RecordError::NoPartsNamed);
    |                                  ^^^^^^^^^^^^ variant, associated function, or constant not found in `RecordError`

error[E0599]: no variant named `EtagPartCountOutOfRange` found for enum `RecordError`
   --> crates/core/tests/multipart_state_machine.rs:435:22
    |
435 |         RecordError::EtagPartCountOutOfRange { parts: 1_000_000 }
    |                      ^^^^^^^^^^^^^^^^^^^^^^^ variant not found in `RecordError`

error[E0599]: no variant named `MultipartEtagMalformed` found for enum `RecordError`
   --> crates/core/tests/multipart_state_machine.rs:472:26
    |
472 |         Err(RecordError::MultipartEtagMalformed { .. })
    |                          ^^^^^^^^^^^^^^^^^^^^^^ variant not found in `RecordError`

Some errors have detailed explanations: E0432, E0599.
For more information about an error, try `rustc --explain E0432`.
error: could not compile `wyrd-core` (test "multipart_state_machine") due to 7 previous errors
run-verify.sh: UNVERIFIABLE — the RED leg's cargo run failed (status 101) WITHOUT
               running a test, so no RED was established. This is NOT 'red without the
               fix' — the discriminator never executed. The usual cause is that it does
               not COMPILE against the reverted base: it calls production API this patch
               adds, so reverting the fix removes the symbol it needs. Split the test so
               it exercises the behaviour through pre-existing API, or record at sign-off
               why this slice has no isolable red (the cargo output is above).
