# gate: C4-verify — per-fix red->green: this patch's test red pre-fix, green post-fix
# cmd: ./engine/scripts/run-verify.sh
# cwd: /home/eddie/wyrd/wyrd-pdca
# PDCA_WORKTREE: /home/eddie/wyrd/wyrd.pdca-wt
# start: 2026-09-21T17:02:38+00:00
# duration_secs: 1.98
# exit: 0
# outcome: pass
# ---- combined stdout+stderr (verbatim) ----
run-verify.sh: GREEN — cargo test -p wyrd-custodian --test staged_repair (fix applied)

running 23 tests
.......................
test result: ok. 23 passed; 0 failed; 0 ignored; 0 measured; 0 filtered out; finished in 0.04s
run-verify.sh: RED — cargo test -p wyrd-custodian --test staged_repair (production reverted, test kept)

running 23 tests
. 1/23
an_unreadable_session_withholds_the_move --- FAILED
the_write_deadline_runs_from_the_premark_not_the_pass_start --- FAILED
the_premark_is_durable_when_the_write_arrives --- FAILED
gc_reclaiming_the_destination_before_the_adoption_makes_it_lose --- FAILED
a_part_record_rewritten_between_the_write_and_the_adoption_strands_nothing --- FAILED
. 7/23
a_destinations_existing_mark_is_restamped_fresh --- FAILED
. 9/23
a_fragment_lost_from_a_live_server_is_rebuilt_in_place --- FAILED
a_degraded_chunk_with_no_usable_destination_is_kept --- FAILED
an_open_uploads_intact_chunk_drains_its_obligation --- FAILED
a_drain_recorded_before_the_adoption_makes_it_lose --- FAILED
a_write_refused_past_its_deadline_adopts_nothing --- FAILED
no_write_is_authorized_on_a_premark_w_repoint_old --- FAILED
a_server_with_any_desired_state_record_is_never_chosen --- FAILED
a_session_fenced_between_the_write_and_the_adoption_strands_nothing --- FAILED
an_unreadable_vacated_mark_withholds_the_move --- FAILED
a_write_the_server_cannot_certify_adopts_nothing --- FAILED
a_slow_but_legal_write_never_stops_a_multi_fragment_move --- FAILED
a_ruled_out_position_rules_out_only_itself --- FAILED
a_session_fenced_before_the_premark_writes_nothing --- FAILED
an_open_uploads_committed_part_is_rebuilt_and_adopted --- FAILED

failures:

---- an_unreadable_session_withholds_the_move stdout ----

thread 'an_unreadable_session_withholds_the_move' (3918770) panicked at crates/custodian/tests/staged_repair.rs:1579:5:
assertion failed: named_on_audit_seam(&String::from_utf8(mpu_key(&fx.upload)).unwrap())

---- the_write_deadline_runs_from_the_premark_not_the_pass_start stdout ----

thread 'the_write_deadline_runs_from_the_premark_not_the_pass_start' (3918775) panicked at crates/custodian/tests/staged_repair.rs:1202:5:
assertion `left == right` failed: the write must carry the deadline the pre-mark's own stamp fixes
  left: []
 right: [(2, FragmentId { chunk: 33096, index: 2 }, Some(16000))]

---- the_premark_is_durable_when_the_write_arrives stdout ----

thread 'the_premark_is_durable_when_the_write_arrives' (3918774) panicked at crates/custodian/tests/staged_repair.rs:1043:5:
assertion `left == right` failed: exactly one write must reach the destination
  left: 0
 right: 1

---- gc_reclaiming_the_destination_before_the_adoption_makes_it_lose stdout ----

thread 'gc_reclaiming_the_destination_before_the_adoption_makes_it_lose' (3918772) panicked at crates/custodian/tests/staged_repair.rs:1534:10:
GC never reclaimed the destination between the write and the adoption
note: run with `RUST_BACKTRACE=1` environment variable to display a backtrace

---- a_part_record_rewritten_between_the_write_and_the_adoption_strands_nothing stdout ----

thread 'a_part_record_rewritten_between_the_write_and_the_adoption_strands_nothing' (3918760) panicked at crates/custodian/tests/staged_repair.rs:973:5:
assertion `left == right` failed: the part record was never rewritten between the write and the adoption
  left: None
 right: Some(Committed)

---- a_destinations_existing_mark_is_restamped_fresh stdout ----

thread 'a_destinations_existing_mark_is_restamped_fresh' (3918757) panicked at crates/custodian/tests/staged_repair.rs:1089:9:
assertion `left == right` failed: another event: exactly one write must arrive
  left: 0
 right: 1

---- a_fragment_lost_from_a_live_server_is_rebuilt_in_place stdout ----

thread 'a_fragment_lost_from_a_live_server_is_rebuilt_in_place' (3918759) panicked at crates/custodian/tests/staged_repair.rs:1884:5:
assertion `left == right` failed
  left: Blocked
 right: Changed

---- a_degraded_chunk_with_no_usable_destination_is_kept stdout ----

thread 'a_degraded_chunk_with_no_usable_destination_is_kept' (3918756) panicked at crates/custodian/tests/staged_repair.rs:1738:5:
assertion `left == right` failed: blocked for want of a destination, as a committed chunk with no free domain is
  left: Blocked
 right: Satisfied

---- an_open_uploads_intact_chunk_drains_its_obligation stdout ----

thread 'an_open_uploads_intact_chunk_drains_its_obligation' (3918769) panicked at crates/custodian/tests/staged_repair.rs:1863:5:
assertion `left == right` failed
  left: Blocked
 right: Satisfied

---- a_drain_recorded_before_the_adoption_makes_it_lose stdout ----

thread 'a_drain_recorded_before_the_adoption_makes_it_lose' (3918758) panicked at crates/custodian/tests/staged_repair.rs:1647:5:
the drain was recorded

---- a_write_refused_past_its_deadline_adopts_nothing stdout ----

thread 'a_write_refused_past_its_deadline_adopts_nothing' (3918766) panicked at crates/custodian/tests/staged_repair.rs:1238:5:
assertion `left == right` failed: the write must reach the D server, which refuses it
  left: 0
 right: 1

---- no_write_is_authorized_on_a_premark_w_repoint_old stdout ----

thread 'no_write_is_authorized_on_a_premark_w_repoint_old' (3918773) panicked at crates/custodian/tests/staged_repair.rs:1327:13:
the stale pre-mark stands: None

---- a_server_with_any_desired_state_record_is_never_chosen stdout ----

thread 'a_server_with_any_desired_state_record_is_never_chosen' (3918762) panicked at crates/custodian/tests/staged_repair.rs:1612:9:
assertion `left == right` failed: maintenance: one pass must repair the chunk
  left: Blocked
 right: Changed

---- a_session_fenced_between_the_write_and_the_adoption_strands_nothing stdout ----

thread 'a_session_fenced_between_the_write_and_the_adoption_strands_nothing' (3918764) panicked at crates/custodian/tests/staged_repair.rs:918:5:
assertion `left == right` failed: the fence never landed between the write and the adoption, so the race was not run
  left: None
 right: Some(Committed)

---- an_unreadable_vacated_mark_withholds_the_move stdout ----

thread 'an_unreadable_vacated_mark_withholds_the_move' (3918771) panicked at crates/custodian/tests/staged_repair.rs:1376:5:
the unreadable mark must be named on the audit seam

---- a_write_the_server_cannot_certify_adopts_nothing stdout ----

thread 'a_write_the_server_cannot_certify_adopts_nothing' (3918767) panicked at crates/custodian/tests/staged_repair.rs:1276:5:
the unverified write's bytes may have landed — here they did

---- a_slow_but_legal_write_never_stops_a_multi_fragment_move stdout ----

thread 'a_slow_but_legal_write_never_stops_a_multi_fragment_move' (3918765) panicked at crates/custodian/tests/staged_repair.rs:1451:5:
two passes must rebuild and adopt both fragments, so the obligation drains: [Blocked, Blocked], writes []

---- a_ruled_out_position_rules_out_only_itself stdout ----

thread 'a_ruled_out_position_rules_out_only_itself' (3918761) panicked at crates/custodian/tests/staged_repair.rs:1142:9:
assertion `left == right` failed: reclaiming: one pass must repair both lost fragments
  left: Blocked
 right: Changed

---- a_session_fenced_before_the_premark_writes_nothing stdout ----

thread 'a_session_fenced_before_the_premark_writes_nothing' (3918763) panicked at crates/custodian/tests/staged_repair.rs:1018:5:
the aborted move must say why on the audit seam

---- an_open_uploads_committed_part_is_rebuilt_and_adopted stdout ----

thread 'an_open_uploads_committed_part_is_rebuilt_and_adopted' (3918768) panicked at crates/custodian/tests/staged_repair.rs:832:5:
assertion `left == right` failed: one pass must rebuild and adopt the lost fragment
  left: Blocked
 right: Changed


failures:
    a_degraded_chunk_with_no_usable_destination_is_kept
    a_destinations_existing_mark_is_restamped_fresh
    a_drain_recorded_before_the_adoption_makes_it_lose
    a_fragment_lost_from_a_live_server_is_rebuilt_in_place
    a_part_record_rewritten_between_the_write_and_the_adoption_strands_nothing
    a_ruled_out_position_rules_out_only_itself
    a_server_with_any_desired_state_record_is_never_chosen
    a_session_fenced_before_the_premark_writes_nothing
    a_session_fenced_between_the_write_and_the_adoption_strands_nothing
    a_slow_but_legal_write_never_stops_a_multi_fragment_move
    a_write_refused_past_its_deadline_adopts_nothing
    a_write_the_server_cannot_certify_adopts_nothing
    an_open_uploads_committed_part_is_rebuilt_and_adopted
    an_open_uploads_intact_chunk_drains_its_obligation
    an_unreadable_session_withholds_the_move
    an_unreadable_vacated_mark_withholds_the_move
    gc_reclaiming_the_destination_before_the_adoption_makes_it_lose
    no_write_is_authorized_on_a_premark_w_repoint_old
    the_premark_is_durable_when_the_write_arrives
    the_write_deadline_runs_from_the_premark_not_the_pass_start

test result: FAILED. 3 passed; 20 failed; 0 ignored; 0 measured; 0 filtered out; finished in 0.04s

error: test failed, to rerun pass `-p wyrd-custodian --test staged_repair`
run-verify.sh: PASS — red without the fix, green with it (23 test(s) ran red).
