# gate: C5-mutants — surviving mutants on the bundle diff (cargo mutants --in-diff)
# cmd: scripts/mutants-in-diff
# cwd: /home/eddie/wyrd/wyrd-pdca
# PDCA_WORKTREE: /home/eddie/wyrd/wyrd.pdca-wt
# start: 2026-09-21T17:04:52+00:00
# duration_secs: 716.87
# exit: 3
# outcome: fail
# ---- combined stdout+stderr (verbatim) ----
Found 83 mutants to test
ok       Unmutated baseline in 27s build + 30s test
 INFO Auto-set test timeout to 155s
MISSED   crates/custodian/src/reconstruction.rs:913:37: replace + with - in Gathered::settle in 1s build + 12s test
MISSED   crates/custodian/src/reconstruction.rs:913:37: replace + with * in Gathered::settle in 1s build + 12s test
MISSED   crates/custodian/src/reconstruction/staged.rs:212:42: replace || with && in read in 1s build + 12s test
TIMEOUT  crates/custodian/src/reconstruction/staged.rs:430:25: replace == with != in choose_destinations in 1s build + 155s test
MISSED   crates/custodian/src/reconstruction/staged.rs:766:9: replace && with || in repointed_part in 1s build + 12s test
MISSED   crates/custodian/src/reconstruction/staged.rs:765:9: replace && with || in repointed_part in 1s build + 12s test
MISSED   crates/custodian/src/reconstruction/staged.rs:764:9: replace && with || in repointed_part in 1s build + 12s test
MISSED   crates/custodian/src/reconstruction/staged.rs:763:9: replace && with || in repointed_part in 1s build + 12s test
83 mutants tested in 12m: 7 missed, 27 caught, 48 unviable, 1 timeouts
