# gate: C4-diff-cov — diff coverage: changed lines executed by the patch's tests
# cmd: ./engine/scripts/run-diff-cov.sh
# cwd: /home/eddie/wyrd/wyrd-pdca
# PDCA_WORKTREE: /home/eddie/wyrd/wyrd.pdca-wt-l0
# start: 2026-09-13T21:22:42+00:00
# duration_secs: 2.73
# exit: 0
# outcome: pass
# ---- combined stdout+stderr (verbatim) ----
run-diff-cov.sh: MEASURE — cargo llvm-cov test -p wyrd-core --test multipart_knobs (fix applied)
info: cargo-llvm-cov currently setting cfg(coverage); you can opt-out it by passing --no-cfg-coverage
   Compiling wyrd-traits v0.0.0 (/home/eddie/wyrd/wyrd-cov-l0/crates/traits)
   Compiling wyrd-chunk-format v0.0.0 (/home/eddie/wyrd/wyrd-cov-l0/crates/chunk-format)
   Compiling wyrd-proto v0.0.0 (/home/eddie/wyrd/wyrd-cov-l0/crates/proto)
   Compiling wyrd-testkit v0.0.0 (/home/eddie/wyrd/wyrd-cov-l0/crates/testkit)
   Compiling wyrd-core v0.0.0 (/home/eddie/wyrd/wyrd-cov-l0/crates/core)
   Compiling wyrd-metadata-redb v0.0.0 (/home/eddie/wyrd/wyrd-cov-l0/crates/metadata-redb)
   Compiling wyrd-chunkstore-fs v0.0.0 (/home/eddie/wyrd/wyrd-cov-l0/crates/chunkstore-fs)
   Compiling wyrd-chunkstore-grpc v0.0.0 (/home/eddie/wyrd/wyrd-cov-l0/crates/chunkstore-grpc)
    Finished `test` profile [unoptimized + debuginfo] target(s) in 1.71s
     Running tests/multipart_knobs.rs (target/llvm-cov-target/debug/deps/multipart_knobs-30710ef5e7548608)

running 8 tests
test leg1_the_shipped_set_passes_every_clamp ... ok
test leg5_the_two_retry_budgets_are_separate_and_contention_outlasts_the_room ... ok
test leg3_u_ref_and_the_session_limit_follow_the_formulas_under_either_arm ... ok
test leg3_the_chunk_caps_are_half_a_value_over_the_measured_worst_chunk_ref ... ok
test leg2_each_clamp_passes_its_bound_and_names_itself_one_step_past_it ... ok
test leg3_each_budget_takes_the_half_0016_states ... ok
test leg5_the_backoff_is_bounded_jittered_and_grows_with_the_attempt ... ok
test leg4_every_capacity_fits_its_key_space_in_byte_order_at_the_cap ... ok

test result: ok. 8 passed; 0 failed; 0 ignored; 0 measured; 0 filtered out; finished in 0.01s
run-diff-cov.sh: NOTE — 101 of 614 changed production lines carried a coverage
                 region; the other 513 are not scored either way. Most are simply not
                 executable (comments, `use`, declarations, bare delimiters). But code
                 compiled out by a #[cfg(...)] your feature selection does not enable looks
                 identical here, and this gate cannot tell the two apart (#222).
                 The largest unscored spans, so you can tell at a glance which it is:
run-diff-cov.sh:   UNSCORED crates/core/src/multipart.rs:4464-4638 (175 lines)
run-diff-cov.sh:   UNSCORED crates/core/src/multipart.rs:4712-4781 (70 lines)
run-diff-cov.sh:   UNSCORED crates/core/src/multipart.rs:4642-4703 (62 lines)
run-diff-cov.sh:   UNSCORED crates/core/src/multipart.rs:4791-4849 (59 lines)
run-diff-cov.sh:   UNSCORED crates/core/src/multipart.rs:4345-4395 (51 lines)
run-diff-cov.sh:   UNSCORED crates/core/src/multipart.rs:4428-4460 (33 lines)
run-diff-cov.sh:   … and 16 further span(s), none larger; all of them are in coverage/diff-cov.json
METRIC diff_cov=100.0 covered=101 instrumentable=101 unscored=513
run-diff-cov.sh: PASS — the patch's tests execute 100.0% of its 101 instrumentable changed
                 lines (floor 80%, 8 test(s) ran).
PDCA-EVIDENCE: diff coverage 100.0% — 101 of 101 instrumentable changed lines executed (floor 80%); 101 of 614 changed lines were instrumentable
