# gate: C4-verify — per-fix red->green: this patch's test red pre-fix, green post-fix
# cmd: ./engine/scripts/run-verify.sh
# cwd: /home/eddie/wyrd/wyrd-pdca
# PDCA_WORKTREE: /home/eddie/wyrd/wyrd.pdca-wt-l0
# start: 2026-09-13T21:22:39+00:00
# duration_secs: 3.08
# exit: 77
# outcome: unverifiable
# ---- combined stdout+stderr (verbatim) ----
run-verify.sh: GREEN — cargo test -p wyrd-core --test multipart_knobs (fix applied)

running 8 tests
........
test result: ok. 8 passed; 0 failed; 0 ignored; 0 measured; 0 filtered out; finished in 0.00s
run-verify.sh: RED — cargo test -p wyrd-core --test multipart_knobs (production reverted, test kept)
error[E0432]: unresolved imports `wyrd_core::multipart::KnobClamp`, `wyrd_core::multipart::ADMISSION_BACKOFF_BASE_MILLIS`, `wyrd_core::multipart::ADMISSION_BACKOFF_CAP_MILLIS`
  --> crates/core/tests/multipart_knobs.rs:39:5
   |
39 |     KnobClamp as C, ADMISSION_BACKOFF_BASE_MILLIS as BASE, ADMISSION_BACKOFF_CAP_MILLIS as CAP,
   |     ^^^^^^^^^^^^^^  ^^^^^^^^^^^^^^^^^^^^^^^^^^^^^^^^^^^^^  ^^^^^^^^^^^^^^^^^^^^^^^^^^^^^^^^^^^ no `ADMISSION_BACKOFF_CAP_MILLIS` in `multipart`
   |     |               |
   |     |               no `ADMISSION_BACKOFF_BASE_MILLIS` in `multipart`
   |     no `KnobClamp` in `multipart`

error[E0425]: cannot find type `KnobSet` in this scope
  --> crates/core/tests/multipart_knobs.rs:61:10
   |
61 | const D: KnobSet = KnobSet::DEPLOYED;
   |          ^^^^^^^ not found in this scope

error[E0425]: cannot find type `KnobSet` in this scope
  --> crates/core/tests/multipart_knobs.rs:68:13
   |
68 | const TINY: KnobSet = KnobSet {
   |             ^^^^^^^ not found in this scope

error[E0422]: cannot find struct, variant or union type `KnobSet` in this scope
  --> crates/core/tests/multipart_knobs.rs:68:23
   |
68 | const TINY: KnobSet = KnobSet {
   |                       ^^^^^^^ not found in this scope

error[E0425]: cannot find type `KnobSet` in this scope
  --> crates/core/tests/multipart_knobs.rs:86:15
   |
86 | fn with(base: KnobSet, edit: impl FnOnce(&mut KnobSet)) -> KnobSet {
   |               ^^^^^^^ not found in this scope

error[E0425]: cannot find type `KnobSet` in this scope
  --> crates/core/tests/multipart_knobs.rs:86:47
   |
86 | fn with(base: KnobSet, edit: impl FnOnce(&mut KnobSet)) -> KnobSet {
   |                                               ^^^^^^^ not found in this scope

error[E0425]: cannot find type `KnobSet` in this scope
  --> crates/core/tests/multipart_knobs.rs:86:60
   |
86 | fn with(base: KnobSet, edit: impl FnOnce(&mut KnobSet)) -> KnobSet {
   |                                                            ^^^^^^^ not found in this scope

error[E0425]: cannot find type `KnobSet` in this scope
  --> crates/core/tests/multipart_knobs.rs:93:19
   |
93 | fn inflight(base: KnobSet, slots: u32) -> KnobSet {
   |                   ^^^^^^^ not found in this scope

error[E0425]: cannot find type `KnobSet` in this scope
  --> crates/core/tests/multipart_knobs.rs:93:43
   |
93 | fn inflight(base: KnobSet, slots: u32) -> KnobSet {
   |                                           ^^^^^^^ not found in this scope

error[E0425]: cannot find type `KnobSet` in this scope
  --> crates/core/tests/multipart_knobs.rs:98:14
   |
98 | fn u_ref(k: &KnobSet) -> u64 {
   |              ^^^^^^^ not found in this scope

error[E0425]: cannot find type `KnobSet` in this scope
   --> crates/core/tests/multipart_knobs.rs:109:15
    |
109 | fn derived(k: KnobSet) -> KnobSet {
    |               ^^^^^^^ not found in this scope

error[E0425]: cannot find type `KnobSet` in this scope
   --> crates/core/tests/multipart_knobs.rs:109:27
    |
109 | fn derived(k: KnobSet) -> KnobSet {
    |                           ^^^^^^^ not found in this scope

error[E0422]: cannot find struct, variant or union type `KnobSet` in this scope
   --> crates/core/tests/multipart_knobs.rs:111:5
    |
111 |     KnobSet {
    |     ^^^^^^^ not found in this scope

error[E0425]: cannot find value `MAX_PART_CHUNKS` in this scope
   --> crates/core/tests/multipart_knobs.rs:182:45
    |
182 |     let (seg, part_ops) = (seg_put_bytes(), MAX_PART_CHUNKS + PART_COMMIT_FIXED_OPS);
    |                                             ^^^^^^^^^^^^^^^ not found in this scope

error[E0425]: cannot find value `MAX_BATCH_OPS` in this scope
   --> crates/core/tests/multipart_knobs.rs:184:34
    |
184 |     let (fence_edge, ops_top) = (MAX_BATCH_OPS - FENCE_FIXED_OPS, 2 * MAX_BATCH_OPS);
    |                                  ^^^^^^^^^^^^^ not found in this scope

error[E0425]: cannot find value `MAX_BATCH_OPS` in this scope
   --> crates/core/tests/multipart_knobs.rs:184:71
    |
184 |     let (fence_edge, ops_top) = (MAX_BATCH_OPS - FENCE_FIXED_OPS, 2 * MAX_BATCH_OPS);
    |                                                                       ^^^^^^^^^^^^^ not found in this scope

error[E0425]: cannot find value `MAX_PART_CHUNKS` in this scope
   --> crates/core/tests/multipart_knobs.rs:190:65
    |
190 |     let scan_inflight = u32::try_from(SCAN_CAP).unwrap() / (2 * MAX_PART_CHUNKS) + 1;
    |                                                                 ^^^^^^^^^^^^^^^ not found in this scope

error[E0425]: cannot find value `MAX_SESSIONS` in this scope
   --> crates/core/tests/multipart_knobs.rs:203:31
    |
203 |         with(D, |k| k.w_ref = MAX_SESSIONS * U_REF) => Ok(());
    |                               ^^^^^^^^^^^^ not found in this scope

error[E0425]: cannot find value `U_REF` in this scope
   --> crates/core/tests/multipart_knobs.rs:203:46
    |
 98 | fn u_ref(k: &KnobSet) -> u64 {
    | ---------------------------- similarly named function `u_ref` defined here
...
203 |         with(D, |k| k.w_ref = MAX_SESSIONS * U_REF) => Ok(());
    |                                              ^^^^^
    |
help: a function with a similar name exists
    |
203 -         with(D, |k| k.w_ref = MAX_SESSIONS * U_REF) => Ok(());
203 +         with(D, |k| k.w_ref = MAX_SESSIONS * u_ref) => Ok(());
    |

error[E0425]: cannot find value `MAX_INFLIGHT_PARTS` in this scope
   --> crates/core/tests/multipart_knobs.rs:223:47
    |
223 |         with(D, |k| k.max_parts_per_session = MAX_INFLIGHT_PARTS - 1)
    |                                               ^^^^^^^^^^^^^^^^^^ not found in this scope

error[E0425]: cannot find value `MAX_INFLIGHT_PARTS` in this scope
   --> crates/core/tests/multipart_knobs.rs:225:37
    |
225 |                 max_inflight_parts: MAX_INFLIGHT_PARTS,
    |                                     ^^^^^^^^^^^^^^^^^^ not found in this scope

error[E0425]: cannot find value `MAX_INFLIGHT_PARTS` in this scope
   --> crates/core/tests/multipart_knobs.rs:226:40
    |
226 |                 max_parts_per_session: MAX_INFLIGHT_PARTS - 1 }));
    |                                        ^^^^^^^^^^^^^^^^^^ not found in this scope

error[E0425]: cannot find value `MAX_PART_CHUNKS` in this scope
   --> crates/core/tests/multipart_knobs.rs:228:64
    |
228 |             owned_sidx: u128::from(scan_inflight) * u128::from(MAX_PART_CHUNKS) }));
    |                                                                ^^^^^^^^^^^^^^^ not found in this scope

error[E0425]: cannot find value `MAX_PART_CHUNKS` in this scope
   --> crates/core/tests/multipart_knobs.rs:229:51
    |
229 |         derived(with(D, |k| k.max_staged_chunks = MAX_PART_CHUNKS - 1))
    |                                                   ^^^^^^^^^^^^^^^ not found in this scope

error[E0425]: cannot find value `MAX_PART_CHUNKS` in this scope
   --> crates/core/tests/multipart_knobs.rs:231:36
    |
231 |                 max_staged_chunks: MAX_PART_CHUNKS - 1, max_part_chunks: MAX_PART_CHUNKS }));
    |                                    ^^^^^^^^^^^^^^^ not found in this scope

error[E0425]: cannot find value `MAX_PART_CHUNKS` in this scope
   --> crates/core/tests/multipart_knobs.rs:231:74
    |
231 |                 max_staged_chunks: MAX_PART_CHUNKS - 1, max_part_chunks: MAX_PART_CHUNKS }));
    |                                                                          ^^^^^^^^^^^^^^^ not found in this scope

error[E0425]: cannot find value `U_REF` in this scope
   --> crates/core/tests/multipart_knobs.rs:232:31
    |
 98 | fn u_ref(k: &KnobSet) -> u64 {
    | ---------------------------- similarly named function `u_ref` defined here
...
232 |         with(D, |k| k.w_ref = U_REF - 1) => Err(C::Profile(BudgetBelowFootprint {
    |                               ^^^^^
    |
help: a function with a similar name exists
    |
232 -         with(D, |k| k.w_ref = U_REF - 1) => Err(C::Profile(BudgetBelowFootprint {
232 +         with(D, |k| k.w_ref = u_ref - 1) => Err(C::Profile(BudgetBelowFootprint {
    |

error[E0425]: cannot find value `U_REF` in this scope
   --> crates/core/tests/multipart_knobs.rs:233:20
    |
 98 | fn u_ref(k: &KnobSet) -> u64 {
    | ---------------------------- similarly named function `u_ref` defined here
...
233 |             w_ref: U_REF - 1, u_ref: U_REF.into() }));
    |                    ^^^^^
    |
help: a function with a similar name exists
    |
233 -             w_ref: U_REF - 1, u_ref: U_REF.into() }));
233 +             w_ref: u_ref - 1, u_ref: U_REF.into() }));
    |

error[E0425]: cannot find value `U_REF` in this scope
   --> crates/core/tests/multipart_knobs.rs:233:38
    |
 98 | fn u_ref(k: &KnobSet) -> u64 {
    | ---------------------------- similarly named function `u_ref` defined here
...
233 |             w_ref: U_REF - 1, u_ref: U_REF.into() }));
    |                                      ^^^^^
    |
help: a function with a similar name exists
    |
233 -             w_ref: U_REF - 1, u_ref: U_REF.into() }));
233 +             w_ref: U_REF - 1, u_ref: u_ref.into() }));
    |

error[E0425]: cannot find value `MAX_PART_CHUNKS` in this scope
   --> crates/core/tests/multipart_knobs.rs:243:35
    |
243 |         with(D, |k| k.batch_ops = MAX_PART_CHUNKS - 1) => Err(C::PartCommitOverOps);
    |                                   ^^^^^^^^^^^^^^^ not found in this scope

error[E0425]: cannot find value `MAX_BATCH_OPS` in this scope
   --> crates/core/tests/multipart_knobs.rs:248:21
    |
248 |         inflight(D, MAX_BATCH_OPS + 1) => Err(C::SlotRangeOverOps);
    |                     ^^^^^^^^^^^^^ not found in this scope

error[E0425]: cannot find value `SIZING_SCHEME` in this scope
   --> crates/core/tests/multipart_knobs.rs:277:42
    |
277 |     let measured = widest_chunkref_bytes(SIZING_SCHEME);
    |                                          ^^^^^^^^^^^^^ not found in this scope

error[E0425]: cannot find value `MAX_CHUNKREF_BYTES` in this scope
   --> crates/core/tests/multipart_knobs.rs:278:16
    |
278 |     assert_eq!(MAX_CHUNKREF_BYTES, measured);
    |                ^^^^^^^^^^^^^^^^^^ not found in this scope

error[E0425]: cannot find value `SIZING_SCHEME` in this scope
   --> crates/core/tests/multipart_knobs.rs:279:20
    |
279 |     let schemes = [SIZING_SCHEME, EcScheme::None, WIDE];
    |                    ^^^^^^^^^^^^^ not found in this scope

error[E0425]: cannot find value `max_chunkref_bytes_for` in this scope
   --> crates/core/tests/multipart_knobs.rs:280:34
    |
280 |     let per_scheme = schemes.map(max_chunkref_bytes_for);
    |                                  ^^^^^^^^^^^^^^^^^^^^^^ not found in this scope

error[E0425]: cannot find value `VALUE_CHUNK_CAPACITY` in this scope
   --> crates/core/tests/multipart_knobs.rs:285:16
    |
285 |     assert_eq!(VALUE_CHUNK_CAPACITY, capacity(SIZING_SCHEME));
    |                ^^^^^^^^^^^^^^^^^^^^ not found in this scope

error[E0425]: cannot find value `SIZING_SCHEME` in this scope
   --> crates/core/tests/multipart_knobs.rs:285:47
    |
285 |     assert_eq!(VALUE_CHUNK_CAPACITY, capacity(SIZING_SCHEME));
    |                                               ^^^^^^^^^^^^^ not found in this scope

error[E0425]: cannot find value `MAX_MAP_CHUNKS` in this scope
   --> crates/core/tests/multipart_knobs.rs:286:17
    |
286 |     let caps = [MAX_MAP_CHUNKS, MAX_SEG_CHUNKS, MAX_PART_CHUNKS];
    |                 ^^^^^^^^^^^^^^ not found in this scope

error[E0425]: cannot find value `MAX_SEG_CHUNKS` in this scope
   --> crates/core/tests/multipart_knobs.rs:286:33
    |
286 |     let caps = [MAX_MAP_CHUNKS, MAX_SEG_CHUNKS, MAX_PART_CHUNKS];
    |                                 ^^^^^^^^^^^^^^ not found in this scope

error[E0425]: cannot find value `MAX_PART_CHUNKS` in this scope
   --> crates/core/tests/multipart_knobs.rs:286:49
    |
286 |     let caps = [MAX_MAP_CHUNKS, MAX_SEG_CHUNKS, MAX_PART_CHUNKS];
    |                                                 ^^^^^^^^^^^^^^^ not found in this scope

error[E0425]: cannot find value `VALUE_CHUNK_CAPACITY` in this scope
   --> crates/core/tests/multipart_knobs.rs:287:23
    |
287 |     assert_eq!(caps, [VALUE_CHUNK_CAPACITY; 3]);
    |                       ^^^^^^^^^^^^^^^^^^^^ not found in this scope

error[E0425]: cannot find value `MAX_SEG_CHUNKS` in this scope
   --> crates/core/tests/multipart_knobs.rs:288:60
    |
288 |     let publishable = MAX_ROOT_SEGMENTS as u64 * u64::from(MAX_SEG_CHUNKS);
    |                                                            ^^^^^^^^^^^^^^ not found in this scope

error[E0425]: cannot find value `MAX_STAGED_CHUNKS` in this scope
   --> crates/core/tests/multipart_knobs.rs:289:26
    |
289 |     assert_eq!(u64::from(MAX_STAGED_CHUNKS), publishable);
    |                          ^^^^^^^^^^^^^^^^^ not found in this scope

error[E0425]: cannot find value `MAX_PART_CHUNKS` in this scope
   --> crates/core/tests/multipart_knobs.rs:290:51
    |
290 |     let (chunk_size, part) = (31 << 20, u64::from(MAX_PART_CHUNKS));
    |                                                   ^^^^^^^^^^^^^^^ not found in this scope

error[E0425]: cannot find value `value_chunk_capacity` in this scope
   --> crates/core/tests/multipart_knobs.rs:294:34
    |
294 |     assert_eq!([131, 302, 0].map(value_chunk_capacity), [381, 165, 0]);
    |                                  ^^^^^^^^^^^^^^^^^^^^ not found in this scope

error[E0425]: cannot find value `VALUE_CHUNK_CAPACITY` in this scope
   --> crates/core/tests/multipart_knobs.rs:299:21
    |
299 |     const { assert!(VALUE_CHUNK_CAPACITY <= 165) };
    |                     ^^^^^^^^^^^^^^^^^^^^ not found in this scope

error[E0425]: cannot find value `MAX_SEGMENT_PUT_BYTES` in this scope
   --> crates/core/tests/multipart_knobs.rs:301:16
    |
301 |     assert_eq!(MAX_SEGMENT_PUT_BYTES, seg_put_bytes());
    |                ^^^^^^^^^^^^^^^^^^^^^ not found in this scope

error[E0425]: cannot find value `MAX_INFLIGHT_PARTS` in this scope
   --> crates/core/tests/multipart_knobs.rs:307:41
    |
307 |     let (inflight, chunks) = (u64::from(MAX_INFLIGHT_PARTS), u64::from(MAX_PART_CHUNKS));
    |                                         ^^^^^^^^^^^^^^^^^^ not found in this scope

error[E0425]: cannot find value `MAX_PART_CHUNKS` in this scope
   --> crates/core/tests/multipart_knobs.rs:307:72
    |
307 |     let (inflight, chunks) = (u64::from(MAX_INFLIGHT_PARTS), u64::from(MAX_PART_CHUNKS));
    |                                                                        ^^^^^^^^^^^^^^^ not found in this scope

error[E0425]: cannot find value `MAX_STAGED_CHUNKS` in this scope
   --> crates/core/tests/multipart_knobs.rs:308:29
    |
308 |     let ceiling = u64::from(MAX_STAGED_CHUNKS) + 2 * inflight * chunks;
    |                             ^^^^^^^^^^^^^^^^^ not found in this scope

error[E0425]: cannot find value `MAX_PARTS_PER_SESSION` in this scope
   --> crates/core/tests/multipart_knobs.rs:309:26
    |
309 |     let raw = (u64::from(MAX_PARTS_PER_SESSION) + inflight) * chunks;
    |                          ^^^^^^^^^^^^^^^^^^^^^ not found in this scope

error[E0425]: cannot find value `U_REF` in this scope
   --> crates/core/tests/multipart_knobs.rs:311:17
    |
 98 | fn u_ref(k: &KnobSet) -> u64 {
    | ---------------------------- similarly named function `u_ref` defined here
...
311 |     assert_eq!((U_REF, u_ref(&D)), (ceiling, ceiling));
    |                 ^^^^^
    |
help: a function with a similar name exists
    |
311 -     assert_eq!((U_REF, u_ref(&D)), (ceiling, ceiling));
311 +     assert_eq!((u_ref, u_ref(&D)), (ceiling, ceiling));
    |

error[E0425]: cannot find value `MAX_SESSIONS` in this scope
   --> crates/core/tests/multipart_knobs.rs:312:16
    |
312 |     assert_eq!(MAX_SESSIONS, (W_REF / U_REF).min(SCAN_HALF));
    |                ^^^^^^^^^^^^ not found in this scope

error[E0425]: cannot find value `W_REF` in this scope
   --> crates/core/tests/multipart_knobs.rs:312:31
    |
312 |     assert_eq!(MAX_SESSIONS, (W_REF / U_REF).min(SCAN_HALF));
    |                               ^^^^^ not found in this scope

error[E0425]: cannot find value `U_REF` in this scope
   --> crates/core/tests/multipart_knobs.rs:312:39
    |
 98 | fn u_ref(k: &KnobSet) -> u64 {
    | ---------------------------- similarly named function `u_ref` defined here
...
312 |     assert_eq!(MAX_SESSIONS, (W_REF / U_REF).min(SCAN_HALF));
    |                                       ^^^^^
    |
help: a function with a similar name exists
    |
312 -     assert_eq!(MAX_SESSIONS, (W_REF / U_REF).min(SCAN_HALF));
312 +     assert_eq!(MAX_SESSIONS, (W_REF / u_ref).min(SCAN_HALF));
    |

error[E0425]: cannot find value `MAX_OWNED_FLEET` in this scope
   --> crates/core/tests/multipart_knobs.rs:313:16
    |
313 |     assert_eq!(MAX_OWNED_FLEET, MAX_SESSIONS * inflight * chunks);
    |                ^^^^^^^^^^^^^^^ not found in this scope

error[E0425]: cannot find value `MAX_SESSIONS` in this scope
   --> crates/core/tests/multipart_knobs.rs:313:33
    |
313 |     assert_eq!(MAX_OWNED_FLEET, MAX_SESSIONS * inflight * chunks);
    |                                 ^^^^^^^^^^^^ not found in this scope

error[E0425]: cannot find value `MAX_BATCH_BYTES` in this scope
   --> crates/core/tests/multipart_knobs.rs:334:16
    |
334 |     assert_eq!(MAX_BATCH_BYTES, E_TX_BYTES / 2);
    |                ^^^^^^^^^^^^^^^
    |
   ::: crates/core/src/metadata.rs:327:1
    |
327 | pub const MAX_VALUE_BYTES: usize = 100_000;
    | -------------------------------- similarly named constant `MAX_VALUE_BYTES` defined here
    |
help: a constant with a similar name exists
    |
334 -     assert_eq!(MAX_BATCH_BYTES, E_TX_BYTES / 2);
334 +     assert_eq!(MAX_VALUE_BYTES, E_TX_BYTES / 2);
    |

error[E0425]: cannot find value `MAX_BATCH_OPS` in this scope
   --> crates/core/tests/multipart_knobs.rs:341:47
    |
341 |     let twice = with(D, |k| k.batch_ops = 2 * MAX_BATCH_OPS);
    |                                               ^^^^^^^^^^^^^ not found in this scope

error[E0425]: cannot find value `MAX_INFLIGHT_PARTS` in this scope
   --> crates/core/tests/multipart_knobs.rs:363:17
    |
363 |     assert!((1..MAX_INFLIGHT_PARTS).all(|index| slot(index - 1) < slot(index)));
    |                 ^^^^^^^^^^^^^^^^^^ not found in this scope

error[E0425]: cannot find value `MAX_PARTS_PER_SESSION` in this scope
   --> crates/core/tests/multipart_knobs.rs:364:18
    |
364 |     assert!((2..=MAX_PARTS_PER_SESSION).all(|number| part(number - 1) < part(number)));
    |                  ^^^^^^^^^^^^^^^^^^^^^ not found in this scope

error[E0425]: cannot find value `MAX_UPLOAD_ID_ATTEMPTS` in this scope
   --> crates/core/tests/multipart_knobs.rs:409:16
    |
409 |     assert_ne!(MAX_UPLOAD_ID_ATTEMPTS, MAX_ADMISSION_CAS_ATTEMPTS);
    |                ^^^^^^^^^^^^^^^^^^^^^^ not found in this scope

error[E0425]: cannot find value `MAX_ADMISSION_CAS_ATTEMPTS` in this scope
   --> crates/core/tests/multipart_knobs.rs:409:40
    |
409 |     assert_ne!(MAX_UPLOAD_ID_ATTEMPTS, MAX_ADMISSION_CAS_ATTEMPTS);
    |                                        ^^^^^^^^^^^^^^^^^^^^^^^^^^ not found in this scope

error[E0425]: cannot find value `MAX_ADMISSION_CAS_ATTEMPTS` in this scope
   --> crates/core/tests/multipart_knobs.rs:415:23
    |
415 |     assert!(u64::from(MAX_ADMISSION_CAS_ATTEMPTS) >= MAX_SESSIONS);
    |                       ^^^^^^^^^^^^^^^^^^^^^^^^^^ not found in this scope

error[E0425]: cannot find value `MAX_SESSIONS` in this scope
   --> crates/core/tests/multipart_knobs.rs:415:54
    |
415 |     assert!(u64::from(MAX_ADMISSION_CAS_ATTEMPTS) >= MAX_SESSIONS);
    |                                                      ^^^^^^^^^^^^ not found in this scope

error[E0425]: cannot find value `MAX_UPLOAD_ID_ATTEMPTS` in this scope
   --> crates/core/tests/multipart_knobs.rs:416:23
    |
416 |     assert!(u64::from(MAX_UPLOAD_ID_ATTEMPTS) < MAX_SESSIONS);
    |                       ^^^^^^^^^^^^^^^^^^^^^^ not found in this scope

error[E0425]: cannot find value `MAX_SESSIONS` in this scope
   --> crates/core/tests/multipart_knobs.rs:416:49
    |
416 |     assert!(u64::from(MAX_UPLOAD_ID_ATTEMPTS) < MAX_SESSIONS);
    |                                                 ^^^^^^^^^^^^ not found in this scope

error[E0433]: cannot find type `KnobSet` in this scope
  --> crates/core/tests/multipart_knobs.rs:61:20
   |
61 | const D: KnobSet = KnobSet::DEPLOYED;
   |                    ^^^^^^^ use of undeclared type `KnobSet`

error[E0433]: cannot find type `KnobSet` in this scope
   --> crates/core/tests/multipart_knobs.rs:167:34
    |
167 |     assert_eq!(knob_clamps_hold(&KnobSet::DEPLOYED), Ok(()));
    |                                  ^^^^^^^ use of undeclared type `KnobSet`

error[E0425]: cannot find function `knob_clamps_hold` in this scope
   --> crates/core/tests/multipart_knobs.rs:167:16
    |
167 |     assert_eq!(knob_clamps_hold(&KnobSet::DEPLOYED), Ok(()));
    |                ^^^^^^^^^^^^^^^^ not found in this scope

error[E0425]: cannot find function `knob_clamps_hold` in this scope
   --> crates/core/tests/multipart_knobs.rs:80:22
    |
 80 |           $(assert_eq!(knob_clamps_hold(&$set), $verdict, "{}", stringify!($set));)+
    |                        ^^^^^^^^^^^^^^^^ not found in this scope
...
194 | /     verdicts! {
195 | |         // On each bound. `D` holds four: every chunk cap at capacity, staging at the publishable
196 | |         // ceiling, `B_bytes` at `E_tx/2`, the contention budget at `MAX_SESSIONS`.
197 | |         D => Ok(());
...   |
265 | |         with(D, |k| k.max_admission_cas_attempts -= 1) => Err(C::AdmissionCasBelowSessions);
266 | |     }
    | |_____- in this macro invocation
    |
    = note: this error originates in the macro `verdicts` (in Nightly builds, run with -Z macro-backtrace for more info)

error[E0425]: cannot find function `max_part_bytes` in this scope
   --> crates/core/tests/multipart_knobs.rs:291:16
    |
291 |     assert_eq!(max_part_bytes(chunk_size), part * chunk_size);
    |                ^^^^^^^^^^^^^^ not found in this scope

error[E0433]: cannot find type `KnobSet` in this scope
   --> crates/core/tests/multipart_knobs.rs:314:16
    |
314 |     assert_eq!(KnobSet::DEPLOYED, derived(KnobSet::DEPLOYED));
    |                ^^^^^^^ use of undeclared type `KnobSet`

error[E0433]: cannot find type `KnobSet` in this scope
   --> crates/core/tests/multipart_knobs.rs:314:43
    |
314 |     assert_eq!(KnobSet::DEPLOYED, derived(KnobSet::DEPLOYED));
    |                                           ^^^^^^^ use of undeclared type `KnobSet`

error[E0425]: cannot find function `knob_clamps_hold` in this scope
   --> crates/core/tests/multipart_knobs.rs:80:22
    |
 80 |           $(assert_eq!(knob_clamps_hold(&$set), $verdict, "{}", stringify!($set));)+
    |                        ^^^^^^^^^^^^^^^^ not found in this scope
...
323 | /     verdicts! {
324 | |         small => Ok(());
325 | |         with(small, |k| k.max_sessions -= 1) => Err(C::SessionsNotDerived);
326 | |         clamped => Ok(());
327 | |         with(clamped, |k| k.max_sessions -= 1) => Err(C::SessionsNotDerived);
328 | |     }
    | |_____- in this macro invocation
    |
    = note: this error originates in the macro `verdicts` (in Nightly builds, run with -Z macro-backtrace for more info)

error[E0425]: cannot find function `knob_clamps_hold` in this scope
   --> crates/core/tests/multipart_knobs.rs:80:22
    |
 80 |           $(assert_eq!(knob_clamps_hold(&$set), $verdict, "{}", stringify!($set));)+
    |                        ^^^^^^^^^^^^^^^^ not found in this scope
...
342 | /     verdicts! {
343 | |         half => Ok(());
344 | |         with(half, |k| k.max_owned_fleet += 1) => Err(C::OwnedFleetOverHalfRef);
345 | |         twice => Ok(());
346 | |         with(twice, |k| k.batch_ops += 1) => Err(C::BatchOpsAboveDeadline);
347 | |     }
    | |_____- in this macro invocation
    |
    = note: this error originates in the macro `verdicts` (in Nightly builds, run with -Z macro-backtrace for more info)

error[E0425]: cannot find function `knob_clamps_hold` in this scope
   --> crates/core/tests/multipart_knobs.rs:80:22
    |
 80 |           $(assert_eq!(knob_clamps_hold(&$set), $verdict, "{}", stringify!($set));)+
    |                        ^^^^^^^^^^^^^^^^ not found in this scope
...
370 | /     verdicts! {
371 | |         with(D, |k| k.max_parts_per_session = wide)
372 | |             => Err(C::Profile(PartsPerSessionUnaddressable { max_parts_per_session: wide }));
373 | |         with(D, |k| (k.max_parts_per_session, k.max_inflight_parts) = (wide - 1, slots))
374 | |             => Err(C::Profile(InflightPartsExceedParts {
375 | |                 max_inflight_parts: slots, max_parts_per_session: wide - 1 }));
376 | |     }
    | |_____- in this macro invocation
    |
    = note: this error originates in the macro `verdicts` (in Nightly builds, run with -Z macro-backtrace for more info)

error[E0425]: cannot find function `admission_backoff_millis` in this scope
   --> crates/core/tests/multipart_knobs.rs:394:30
    |
394 |         let delay = |jitter| admission_backoff_millis(attempt, jitter);
    |                              ^^^^^^^^^^^^^^^^^^^^^^^^ not found in this scope

error[E0425]: cannot find function `admission_backoff_millis` in this scope
   --> crates/core/tests/multipart_knobs.rs:400:29
    |
400 |         let next = |jitter| admission_backoff_millis(attempt + 1, jitter);
    |                             ^^^^^^^^^^^^^^^^^^^^^^^^ not found in this scope

error[E0425]: cannot find function `admission_backoff_millis` in this scope
   --> crates/core/tests/multipart_knobs.rs:403:16
    |
403 |     assert_eq!(admission_backoff_millis(u32::MAX, u64::MAX), CAP);
    |                ^^^^^^^^^^^^^^^^^^^^^^^^ not found in this scope

Some errors have detailed explanations: E0422, E0425, E0432, E0433.
For more information about an error, try `rustc --explain E0422`.
error: could not compile `wyrd-core` (test "multipart_knobs") due to 80 previous errors
run-verify.sh: UNVERIFIABLE — the RED leg's cargo run failed (status 101) WITHOUT
               running a test, so no RED was established. This is NOT 'red without the
               fix' — the discriminator never executed. The usual cause is that it does
               not COMPILE against the reverted base: it calls production API this patch
               adds, so reverting the fix removes the symbol it needs. Split the test so
               it exercises the behaviour through pre-existing API, or record at sign-off
               why this slice has no isolable red (the cargo output is above).
