# gate: C4-diff-cov — diff coverage: changed lines executed by the patch's tests
# cmd: ./engine/scripts/run-diff-cov.sh
# cwd: /home/eddie/wyrd/wyrd-pdca
# PDCA_WORKTREE: /home/eddie/wyrd/wyrd.pdca-wt-l0
# start: 2026-10-03T01:29:35+00:00
# duration_secs: 2.18
# exit: 1
# outcome: fail
# ---- combined stdout+stderr (verbatim) ----
run-diff-cov.sh: MEASURE — cargo llvm-cov test -p xtask --test dist_two_binary_layout (fix applied)
info: cargo-llvm-cov currently setting cfg(coverage); you can opt-out it by passing --no-cfg-coverage
   Compiling wyrd-chunk-format v0.0.0 (/home/eddie/wyrd/wyrd-cov-l0/crates/chunk-format)
   Compiling xtask v0.0.0 (/home/eddie/wyrd/wyrd-cov-l0/xtask)
    Finished `test` profile [unoptimized + debuginfo] target(s) in 0.97s
     Running tests/dist_two_binary_layout.rs (target/llvm-cov-target/debug/deps/dist_two_binary_layout-740e3573b21e4960)

running 1 test
test every_pipeline_stage_ships_the_expected_binaries ... ok

test result: ok. 1 passed; 0 failed; 0 ignored; 0 measured; 0 filtered out; finished in 0.00s
run-diff-cov.sh: NOTE — 113 of 201 changed production lines carried a coverage
                 region; the other 88 are not scored either way. Most are simply not
                 executable (comments, `use`, declarations, bare delimiters). But code
                 compiled out by a #[cfg(...)] your feature selection does not enable looks
                 identical here, and this gate cannot tell the two apart (#222).
                 The largest unscored spans, so you can tell at a glance which it is:
run-diff-cov.sh:   UNSCORED xtask/src/dist.rs:269-288 (20 lines)
run-diff-cov.sh:   UNSCORED xtask/src/dist.rs:13-20 (8 lines)
run-diff-cov.sh:   UNSCORED xtask/src/dist.rs:303-307 (5 lines)
run-diff-cov.sh:   UNSCORED xtask/src/dist.rs:5-9 (5 lines)
run-diff-cov.sh:   UNSCORED xtask/src/dist.rs:630-634 (5 lines)
run-diff-cov.sh:   UNSCORED xtask/src/dist.rs:311-314 (4 lines)
run-diff-cov.sh:   … and 19 further span(s), none larger; all of them are in coverage/diff-cov.json
run-diff-cov.sh: MISS xtask/src/dist.rs:289
run-diff-cov.sh: MISS xtask/src/dist.rs:290
run-diff-cov.sh: MISS xtask/src/dist.rs:291
run-diff-cov.sh: MISS xtask/src/dist.rs:292
run-diff-cov.sh: MISS xtask/src/dist.rs:293
run-diff-cov.sh: MISS xtask/src/dist.rs:294
run-diff-cov.sh: MISS xtask/src/dist.rs:295
run-diff-cov.sh: MISS xtask/src/dist.rs:296
run-diff-cov.sh: MISS xtask/src/dist.rs:297
run-diff-cov.sh: MISS xtask/src/dist.rs:298
run-diff-cov.sh: MISS xtask/src/dist.rs:299
run-diff-cov.sh: MISS xtask/src/dist.rs:300
run-diff-cov.sh: MISS xtask/src/dist.rs:302
run-diff-cov.sh: MISS xtask/src/dist.rs:308
run-diff-cov.sh: MISS xtask/src/dist.rs:309
run-diff-cov.sh: MISS xtask/src/dist.rs:310
run-diff-cov.sh: MISS xtask/src/dist.rs:315
run-diff-cov.sh: MISS xtask/src/dist.rs:316
run-diff-cov.sh: MISS xtask/src/dist.rs:317
run-diff-cov.sh: MISS xtask/src/dist.rs:318
run-diff-cov.sh: MISS xtask/src/dist.rs:319
run-diff-cov.sh: MISS xtask/src/dist.rs:320
run-diff-cov.sh: MISS xtask/src/dist.rs:321
run-diff-cov.sh: MISS xtask/src/dist.rs:322
run-diff-cov.sh: MISS xtask/src/dist.rs:323
run-diff-cov.sh: MISS xtask/src/dist.rs:324
run-diff-cov.sh: MISS xtask/src/dist.rs:325
run-diff-cov.sh: MISS xtask/src/dist.rs:326
run-diff-cov.sh: MISS xtask/src/dist.rs:331
run-diff-cov.sh: MISS xtask/src/dist.rs:332
run-diff-cov.sh: MISS xtask/src/dist.rs:333
run-diff-cov.sh: MISS xtask/src/dist.rs:334
run-diff-cov.sh: MISS xtask/src/dist.rs:335
run-diff-cov.sh: MISS xtask/src/dist.rs:336
run-diff-cov.sh: MISS xtask/src/dist.rs:337
run-diff-cov.sh: MISS xtask/src/dist.rs:338
run-diff-cov.sh: MISS xtask/src/dist.rs:339
run-diff-cov.sh: MISS xtask/src/dist.rs:340
run-diff-cov.sh: MISS xtask/src/dist.rs:342
run-diff-cov.sh: MISS xtask/src/dist.rs:343
run-diff-cov.sh: MISS xtask/src/dist.rs:344
run-diff-cov.sh: MISS xtask/src/dist.rs:349
run-diff-cov.sh: MISS xtask/src/dist.rs:350
run-diff-cov.sh: MISS xtask/src/dist.rs:351
run-diff-cov.sh: MISS xtask/src/dist.rs:352
run-diff-cov.sh: MISS xtask/src/dist.rs:353
run-diff-cov.sh: MISS xtask/src/dist.rs:356
run-diff-cov.sh: MISS xtask/src/dist.rs:357
run-diff-cov.sh: MISS xtask/src/dist.rs:358
run-diff-cov.sh: MISS xtask/src/dist.rs:359
run-diff-cov.sh: MISS xtask/src/dist.rs:360
run-diff-cov.sh: MISS xtask/src/dist.rs:361
run-diff-cov.sh: MISS xtask/src/dist.rs:362
run-diff-cov.sh: MISS xtask/src/dist.rs:363
run-diff-cov.sh: MISS xtask/src/dist.rs:364
run-diff-cov.sh: MISS xtask/src/dist.rs:365
run-diff-cov.sh: MISS xtask/src/dist.rs:366
run-diff-cov.sh: MISS xtask/src/dist.rs:368
run-diff-cov.sh: MISS xtask/src/dist.rs:369
run-diff-cov.sh: MISS xtask/src/dist.rs:525
run-diff-cov.sh: MISS xtask/src/dist.rs:529
run-diff-cov.sh: MISS xtask/src/dist.rs:533
run-diff-cov.sh: MISS xtask/src/dist.rs:605
run-diff-cov.sh: MISS xtask/src/dist.rs:607
run-diff-cov.sh: MISS xtask/src/dist.rs:608
run-diff-cov.sh: MISS xtask/src/dist.rs:613
run-diff-cov.sh: MISS xtask/src/dist.rs:614
run-diff-cov.sh: MISS xtask/src/dist.rs:615
run-diff-cov.sh: MISS xtask/src/dist.rs:616
run-diff-cov.sh: MISS xtask/src/dist.rs:617
run-diff-cov.sh: MISS xtask/src/dist.rs:618
run-diff-cov.sh: MISS xtask/src/dist.rs:619
run-diff-cov.sh: MISS xtask/src/dist.rs:620
run-diff-cov.sh: MISS xtask/src/dist.rs:621
run-diff-cov.sh: MISS xtask/src/dist.rs:622
run-diff-cov.sh: MISS xtask/src/dist.rs:623
run-diff-cov.sh: MISS xtask/src/dist.rs:624
run-diff-cov.sh: MISS xtask/src/dist.rs:625
run-diff-cov.sh: MISS xtask/src/dist.rs:635
run-diff-cov.sh: MISS xtask/src/dist.rs:637
run-diff-cov.sh: MISS xtask/src/dist.rs:639
run-diff-cov.sh: MISS xtask/src/dist.rs:641
run-diff-cov.sh: MISS xtask/src/dist.rs:642
run-diff-cov.sh: MISS xtask/src/dist.rs:663
run-diff-cov.sh: MISS xtask/src/dist.rs:665
run-diff-cov.sh: MISS xtask/src/dist.rs:666
run-diff-cov.sh: MISS xtask/src/dist.rs:668
run-diff-cov.sh: MISS xtask/src/dist.rs:669
run-diff-cov.sh: MISS xtask/src/dist.rs:674
run-diff-cov.sh: MISS xtask/src/dist.rs:675
run-diff-cov.sh: MISS xtask/src/dist.rs:676
run-diff-cov.sh: MISS xtask/src/dist.rs:677
run-diff-cov.sh: MISS xtask/src/dist.rs:678
run-diff-cov.sh: MISS xtask/src/dist.rs:679
run-diff-cov.sh: MISS xtask/src/dist.rs:680
run-diff-cov.sh: MISS xtask/src/dist.rs:681
run-diff-cov.sh: MISS xtask/src/dist.rs:682
run-diff-cov.sh: MISS xtask/src/dist.rs:685
run-diff-cov.sh: MISS xtask/src/dist.rs:687
run-diff-cov.sh: MISS xtask/src/dist.rs:688
run-diff-cov.sh: MISS xtask/src/dist.rs:689
run-diff-cov.sh: MISS xtask/src/dist.rs:690
run-diff-cov.sh: MISS xtask/src/dist.rs:691
run-diff-cov.sh: MISS xtask/src/dist.rs:693
run-diff-cov.sh: MISS xtask/src/dist.rs:694
run-diff-cov.sh: MISS xtask/src/dist.rs:695
run-diff-cov.sh: MISS xtask/src/dist.rs:696
run-diff-cov.sh: MISS xtask/src/dist.rs:697
run-diff-cov.sh: MISS xtask/src/dist.rs:698
run-diff-cov.sh: MISS xtask/src/dist.rs:699
run-diff-cov.sh: MISS xtask/src/dist.rs:700
run-diff-cov.sh: MISS xtask/src/dist.rs:751
run-diff-cov.sh: MISS xtask/src/dist.rs:752
METRIC diff_cov=0.0 covered=0 instrumentable=113 unscored=88
run-diff-cov.sh: C4-diff-cov: uncovered changed lines in crate xtask — 113 of 113 not executed by the patch tests (100.0% uncovered)
run-diff-cov.sh: FAIL — the patch's tests execute 0.0% of its instrumentable changed
                 lines, below the 80% floor. Each MISS above is a REACH gap: the
                 line never ran. (A line that DID run may still be unasserted — that is
                 C5-mutants' question, not this row's.)
PDCA-EVIDENCE: diff coverage 0.0% — 0 of 113 instrumentable changed lines executed (below the 80% floor); 113 of 201 changed lines were instrumentable
