# gate C4-verify — attempt 1/1: pass (exit 0)
# cmd: ./engine/scripts/run-verify.sh
# cwd: /home/eddie/wyrd/wyrd-pdca
# PDCA_WORKTREE: /home/eddie/wyrd/wyrd.pdca-wt-l1
# started: 2026-08-06T23:54:22+02:00   duration: 2s

run-verify.sh: GREEN — cargo test -p wyrd-custodian --test segmented_map_rebalance (fix applied)

running 7 tests
.......
test result: ok. 7 passed; 0 failed; 0 ignored; 0 measured; 0 filtered out; finished in 0.00s
run-verify.sh: RED — cargo test -p wyrd-custodian --test segmented_map_rebalance (production reverted, test kept)

running 7 tests
. 1/7
a_healthy_segmented_object_holding_nothing_draining_costs_the_drain_nothing --- FAILED
a_segmented_object_no_longer_stops_the_flat_evacuation_beside_it --- FAILED
an_unreadable_object_is_named_the_walk_continues_and_nothing_certifies --- FAILED
a_fragment_in_a_seg_record_stays_put_refused_and_does_not_certify --- FAILED
rule_a_the_pass_never_writes_to_a_generation_it_did_not_read --- FAILED
rule_d_one_refusal_line_per_object_not_per_chunk --- FAILED

failures:

---- a_healthy_segmented_object_holding_nothing_draining_costs_the_drain_nothing stdout ----

thread 'a_healthy_segmented_object_holding_nothing_draining_costs_the_drain_nothing' (1201665) panicked at crates/custodian/tests/segmented_map_rebalance.rs:496:17:
called `Result::unwrap()` on an `Err` value: Store(SegmentedMapUnsupported { operation: "rebalance::plan_evacuations" })
note: run with `RUST_BACKTRACE=1` environment variable to display a backtrace

---- a_segmented_object_no_longer_stops_the_flat_evacuation_beside_it stdout ----

thread 'a_segmented_object_no_longer_stops_the_flat_evacuation_beside_it' (1201667) panicked at crates/custodian/tests/segmented_map_rebalance.rs:337:17:
BASE-RED: a segmented object anywhere must not `Err` the pass: Store(SegmentedMapUnsupported { operation: "rebalance::plan_evacuations" })

---- an_unreadable_object_is_named_the_walk_continues_and_nothing_certifies stdout ----

thread 'an_unreadable_object_is_named_the_walk_continues_and_nothing_certifies' (1201668) panicked at crates/custodian/tests/segmented_map_rebalance.rs:425:17:
BASE-RED: a damaged object must not `Err` the whole pass: Store(SegmentedMapUnsupported { operation: "rebalance::plan_evacuations" })

---- a_fragment_in_a_seg_record_stays_put_refused_and_does_not_certify stdout ----

thread 'a_fragment_in_a_seg_record_stays_put_refused_and_does_not_certify' (1201664) panicked at crates/custodian/tests/segmented_map_rebalance.rs:367:17:
called `Result::unwrap()` on an `Err` value: Store(SegmentedMapUnsupported { operation: "rebalance::plan_evacuations" })

---- rule_a_the_pass_never_writes_to_a_generation_it_did_not_read stdout ----

thread 'rule_a_the_pass_never_writes_to_a_generation_it_did_not_read' (1201669) panicked at crates/custodian/tests/segmented_map_rebalance.rs:470:17:
BASE-RED: a stale-vs-live generation mismatch must not `Err`: Store(SegmentedMapUnsupported { operation: "rebalance::plan_evacuations" })

---- rule_d_one_refusal_line_per_object_not_per_chunk stdout ----

thread 'rule_d_one_refusal_line_per_object_not_per_chunk' (1201670) panicked at crates/custodian/tests/segmented_map_rebalance.rs:515:24:
called `Result::unwrap()` on an `Err` value: Store(SegmentedMapUnsupported { operation: "rebalance::plan_evacuations" })


failures:
    a_fragment_in_a_seg_record_stays_put_refused_and_does_not_certify
    a_healthy_segmented_object_holding_nothing_draining_costs_the_drain_nothing
    a_segmented_object_no_longer_stops_the_flat_evacuation_beside_it
    an_unreadable_object_is_named_the_walk_continues_and_nothing_certifies
    rule_a_the_pass_never_writes_to_a_generation_it_did_not_read
    rule_d_one_refusal_line_per_object_not_per_chunk

test result: FAILED. 1 passed; 6 failed; 0 ignored; 0 measured; 0 filtered out; finished in 0.00s

error: test failed, to rerun pass `-p wyrd-custodian --test segmented_map_rebalance`
run-verify.sh: PASS — red without the fix, green with it (7 test(s) ran red).
