# gate C4-verify — attempt 1/1: pass (exit 0)
# cmd: ./engine/scripts/run-verify.sh
# cwd: /home/eddie/wyrd/wyrd-pdca
# PDCA_WORKTREE: /home/eddie/wyrd/wyrd.pdca-wt-l0
# started: 2026-08-10T01:16:33+02:00   duration: 3s

run-verify.sh: GREEN — cargo test -p wyrd-custodian --test segmented_map_repoint (fix applied)

running 4 tests
....
test result: ok. 4 passed; 0 failed; 0 ignored; 0 measured; 0 filtered out; finished in 0.06s
run-verify.sh: RED — cargo test -p wyrd-custodian --test segmented_map_repoint (production reverted, test kept)

running 4 tests
a_seg_resident_fragment_is_evacuated_off_a_draining_server --- FAILED
a_seg_resident_under_replicated_chunk_is_repaired --- FAILED
two_committed_references_to_one_chunk_get_one_plan --- FAILED
.
failures:

---- a_seg_resident_fragment_is_evacuated_off_a_draining_server stdout ----

thread 'a_seg_resident_fragment_is_evacuated_off_a_draining_server' (1872360) panicked at crates/custodian/tests/segmented_map_repoint.rs:426:5:
assertion `left == right` failed: the evacuation landed, so the pass says so
  left: Blocked
 right: Changed
note: run with `RUST_BACKTRACE=1` environment variable to display a backtrace

---- a_seg_resident_under_replicated_chunk_is_repaired stdout ----

thread 'a_seg_resident_under_replicated_chunk_is_repaired' (1872361) panicked at crates/custodian/tests/segmented_map_repoint.rs:354:5:
assertion `left == right` failed: the repair landed, so the pass says so
  left: Blocked
 right: Changed

---- two_committed_references_to_one_chunk_get_one_plan stdout ----

thread 'two_committed_references_to_one_chunk_get_one_plan' (1872362) panicked at crates/custodian/tests/segmented_map_repoint.rs:609:5:
assertion `left == right` failed: the repair landed
  left: Blocked
 right: Changed


failures:
    a_seg_resident_fragment_is_evacuated_off_a_draining_server
    a_seg_resident_under_replicated_chunk_is_repaired
    two_committed_references_to_one_chunk_get_one_plan

test result: FAILED. 1 passed; 3 failed; 0 ignored; 0 measured; 0 filtered out; finished in 0.06s

error: test failed, to rerun pass `-p wyrd-custodian --test segmented_map_repoint`
run-verify.sh: PASS — red without the fix, green with it (4 test(s) ran red).
