# gate C5-mutants — attempt 1/1: fail (exit 2)
# cmd: scripts/mutants-in-diff
# cwd: /home/eddie/wyrd/wyrd-pdca
# PDCA_WORKTREE: /home/eddie/wyrd/wyrd.pdca-wt-l0
# started: 2026-08-10T01:17:37+02:00   duration: 84s

Found 36 mutants to test
ok       Unmutated baseline in 12s build + 2s test
 INFO Auto-set test timeout to 20s
MISSED   crates/core/src/metadata.rs:2828:17: delete field chunk_map from struct InodeRecord expression in repoint_chunk in 3s build + 1s test
MISSED   crates/core/src/metadata.rs:2829:17: delete field version from struct InodeRecord expression in repoint_chunk in 0s build + 2s test
MISSED   crates/core/src/metadata.rs:2829:45: replace + with - in repoint_chunk in 0s build + 2s test
MISSED   crates/core/src/metadata.rs:2829:45: replace + with * in repoint_chunk in 0s build + 2s test
MISSED   crates/core/src/metadata.rs:2902:40: replace && with || in covers in 0s build + 1s test
MISSED   crates/core/src/metadata.rs:2902:17: replace >= with < in covers in 0s build + 2s test
MISSED   crates/core/src/metadata.rs:2902:77: replace < with == in covers in 0s build + 2s test
MISSED   crates/core/src/metadata.rs:2902:77: replace < with > in covers in 0s build + 1s test
MISSED   crates/core/src/metadata.rs:2902:77: replace < with <= in covers in 0s build + 1s test
MISSED   crates/core/src/metadata.rs:2902:55: replace - with + in covers in 0s build + 2s test
MISSED   crates/core/src/metadata.rs:2902:55: replace - with / in covers in 0s build + 2s test
MISSED   crates/core/src/metadata.rs:2917:15: replace > with == in chunk_at in 0s build + 1s test
MISSED   crates/core/src/metadata.rs:2917:15: replace > with < in chunk_at in 0s build + 2s test
MISSED   crates/core/src/metadata.rs:2917:15: replace > with >= in chunk_at in 0s build + 1s test
MISSED   crates/core/src/metadata.rs:2920:30: replace && with || in chunk_at in 0s build + 1s test
MISSED   crates/core/src/metadata.rs:2920:15: replace == with != in chunk_at in 0s build + 1s test
MISSED   crates/core/src/metadata.rs:2920:39: replace == with != in chunk_at in 0s build + 2s test
36 mutants tested in 83s: 17 missed, 6 caught, 13 unviable
