# gate: C4-verify — per-fix red->green: this patch's test red pre-fix, green post-fix
# cmd: ./engine/scripts/run-verify.sh
# cwd: /home/eddie/wyrd/wyrd-pdca
# PDCA_WORKTREE: /home/eddie/wyrd/wyrd.pdca-wt-l2
# start: 2026-10-02T19:27:54+00:00
# duration_secs: 31.23
# exit: 77
# outcome: unverifiable
# ---- combined stdout+stderr (verbatim) ----
run-verify.sh: GREEN — cargo test -p wyrd-validate --test s3_client_roundtrip (fix applied)

running 11 tests
...........
test result: ok. 11 passed; 0 failed; 0 ignored; 0 measured; 0 filtered out; finished in 5.40s
run-verify.sh: RED — cargo test -p wyrd-validate --test s3_client_roundtrip (production reverted, test kept)
error[E0432]: unresolved imports `wyrd_validate::BodyError`, `wyrd_validate::Deadlines`, `wyrd_validate::ErrorCode`, `wyrd_validate::ObjectBody`, `wyrd_validate::Phase`, `wyrd_validate::PutSource`, `wyrd_validate::S3Client`, `wyrd_validate::S3Error`
  --> crates/validate/tests/s3_client_roundtrip.rs:87:21
   |
87 |     resolve_config, BodyError, Deadlines, ErrorCode, ObjectBody, Phase, PutSource, ResolvedConfig,
   |                     ^^^^^^^^^  ^^^^^^^^^  ^^^^^^^^^  ^^^^^^^^^^  ^^^^^  ^^^^^^^^^ no `PutSource` in the root
   |                     |          |          |          |           |
   |                     |          |          |          |           no `Phase` in the root
   |                     |          |          |          no `ObjectBody` in the root
   |                     |          |          no `ErrorCode` in the root
   |                     |          no `Deadlines` in the root
   |                     no `BodyError` in the root
88 |     S3Client, S3Error,
   |     ^^^^^^^^  ^^^^^^^ no `S3Error` in the root
   |     |
   |     no `S3Client` in the root

error[E0433]: cannot find module or crate `futures_util` in this scope
  --> crates/validate/tests/s3_client_roundtrip.rs:73:5
   |
73 | use futures_util::stream::{self, Stream};
   |     ^^^^^^^^^^^^ use of unresolved module or unlinked crate `futures_util`
   |
   = help: if you wanted to use a crate named `futures_util`, use `cargo add futures_util` to add it to your `Cargo.toml`

error[E0433]: cannot find module or crate `tokio` in this scope
  --> crates/validate/tests/s3_client_roundtrip.rs:74:5
   |
74 | use tokio::io::{AsyncReadExt, AsyncWriteExt};
   |     ^^^^^ use of unresolved module or unlinked crate `tokio`
   |
   = help: if you wanted to use a crate named `tokio`, use `cargo add tokio` to add it to your `Cargo.toml`

error[E0433]: cannot find module or crate `tokio` in this scope
  --> crates/validate/tests/s3_client_roundtrip.rs:75:5
   |
75 | use tokio::net::tcp::{OwnedReadHalf, OwnedWriteHalf};
   |     ^^^^^ use of unresolved module or unlinked crate `tokio`
   |
   = help: if you wanted to use a crate named `tokio`, use `cargo add tokio` to add it to your `Cargo.toml`

error[E0433]: cannot find module or crate `tokio` in this scope
  --> crates/validate/tests/s3_client_roundtrip.rs:76:5
   |
76 | use tokio::net::{TcpListener, TcpSocket, TcpStream};
   |     ^^^^^ use of unresolved module or unlinked crate `tokio`
   |
   = help: if you wanted to use a crate named `tokio`, use `cargo add tokio` to add it to your `Cargo.toml`

error[E0433]: cannot find module or crate `tokio` in this scope
  --> crates/validate/tests/s3_client_roundtrip.rs:77:5
   |
77 | use tokio::sync::Notify;
   |     ^^^^^ use of unresolved module or unlinked crate `tokio`
   |
   = help: if you wanted to use a crate named `tokio`, use `cargo add tokio` to add it to your `Cargo.toml`

error[E0433]: cannot find module or crate `tokio` in this scope
  --> crates/validate/tests/s3_client_roundtrip.rs:78:5
   |
78 | use tokio::task::JoinSet;
   |     ^^^^^ use of unresolved module or unlinked crate `tokio`
   |
   = help: if you wanted to use a crate named `tokio`, use `cargo add tokio` to add it to your `Cargo.toml`

error[E0433]: cannot find module or crate `tokio` in this scope
  --> crates/validate/tests/s3_client_roundtrip.rs:79:5
   |
79 | use tokio::time::timeout;
   |     ^^^^^ use of unresolved module or unlinked crate `tokio`
   |
   = help: if you wanted to use a crate named `tokio`, use `cargo add tokio` to add it to your `Cargo.toml`

error[E0432]: unresolved import `bytes`
  --> crates/validate/tests/s3_client_roundtrip.rs:72:5
   |
72 | use bytes::Bytes;
   |     ^^^^^ use of unresolved module or unlinked crate `bytes`
   |
   = help: if you wanted to use a crate named `bytes`, use `cargo add bytes` to add it to your `Cargo.toml`

error[E0432]: unresolved import `wyrd_chunkstore_fs`
  --> crates/validate/tests/s3_client_roundtrip.rs:80:5
   |
80 | use wyrd_chunkstore_fs::FsChunkStore;
   |     ^^^^^^^^^^^^^^^^^^ use of unresolved module or unlinked crate `wyrd_chunkstore_fs`
   |
   = help: if you wanted to use a crate named `wyrd_chunkstore_fs`, use `cargo add wyrd_chunkstore_fs` to add it to your `Cargo.toml`

error[E0433]: cannot find module or crate `wyrd_gateway_s3` in this scope
  --> crates/validate/tests/s3_client_roundtrip.rs:82:5
   |
82 | use wyrd_gateway_s3::sigv4::Credentials as GatewayCredentials;
   |     ^^^^^^^^^^^^^^^ use of unresolved module or unlinked crate `wyrd_gateway_s3`
   |
   = help: if you wanted to use a crate named `wyrd_gateway_s3`, use `cargo add wyrd_gateway_s3` to add it to your `Cargo.toml`

error[E0432]: unresolved import `wyrd_coordination_mem`
  --> crates/validate/tests/s3_client_roundtrip.rs:81:5
   |
81 | use wyrd_coordination_mem::MemCoordination;
   |     ^^^^^^^^^^^^^^^^^^^^^ use of unresolved module or unlinked crate `wyrd_coordination_mem`
   |
   = help: if you wanted to use a crate named `wyrd_coordination_mem`, use `cargo add wyrd_coordination_mem` to add it to your `Cargo.toml`

error[E0432]: unresolved import `wyrd_gateway_s3`
  --> crates/validate/tests/s3_client_roundtrip.rs:83:5
   |
83 | use wyrd_gateway_s3::{S3Config, S3Gateway};
   |     ^^^^^^^^^^^^^^^ use of unresolved module or unlinked crate `wyrd_gateway_s3`
   |
   = help: if you wanted to use a crate named `wyrd_gateway_s3`, use `cargo add wyrd_gateway_s3` to add it to your `Cargo.toml`

error[E0432]: unresolved import `wyrd_metadata_redb`
  --> crates/validate/tests/s3_client_roundtrip.rs:84:5
   |
84 | use wyrd_metadata_redb::RedbMetadataStore;
   |     ^^^^^^^^^^^^^^^^^^ use of unresolved module or unlinked crate `wyrd_metadata_redb`
   |
   = help: if you wanted to use a crate named `wyrd_metadata_redb`, use `cargo add wyrd_metadata_redb` to add it to your `Cargo.toml`

error[E0432]: unresolved import `wyrd_server`
  --> crates/validate/tests/s3_client_roundtrip.rs:85:5
   |
85 | use wyrd_server::Gateway;
   |     ^^^^^^^^^^^ use of unresolved module or unlinked crate `wyrd_server`
   |
   = help: if you wanted to use a crate named `wyrd_server`, use `cargo add wyrd_server` to add it to your `Cargo.toml`

error[E0433]: cannot find module or crate `tokio` in this scope
   --> crates/validate/tests/s3_client_roundtrip.rs:554:5
    |
554 |     tokio::select! {
    |     ^^^^^ use of unresolved module or unlinked crate `tokio`

error[E0433]: cannot find module or crate `tokio` in this scope
   --> crates/validate/tests/s3_client_roundtrip.rs:731:3
    |
731 | #[tokio::test(flavor = "multi_thread", worker_threads = 4)]
    |   ^^^^^ use of unresolved module or unlinked crate `tokio`

error[E0433]: cannot find module or crate `tokio` in this scope
   --> crates/validate/tests/s3_client_roundtrip.rs:749:3
    |
749 | #[tokio::test(flavor = "multi_thread", worker_threads = 4)]
    |   ^^^^^ use of unresolved module or unlinked crate `tokio`

error[E0433]: cannot find module or crate `tokio` in this scope
   --> crates/validate/tests/s3_client_roundtrip.rs:794:3
    |
794 | #[tokio::test(flavor = "multi_thread", worker_threads = 4)]
    |   ^^^^^ use of unresolved module or unlinked crate `tokio`

error[E0433]: cannot find module or crate `tokio` in this scope
   --> crates/validate/tests/s3_client_roundtrip.rs:807:3
    |
807 | #[tokio::test(flavor = "multi_thread", worker_threads = 4)]
    |   ^^^^^ use of unresolved module or unlinked crate `tokio`

error[E0433]: cannot find module or crate `tokio` in this scope
   --> crates/validate/tests/s3_client_roundtrip.rs:852:3
    |
852 | #[tokio::test(flavor = "multi_thread", worker_threads = 4)]
    |   ^^^^^ use of unresolved module or unlinked crate `tokio`

error[E0433]: cannot find module or crate `tokio` in this scope
   --> crates/validate/tests/s3_client_roundtrip.rs:925:3
    |
925 | #[tokio::test(flavor = "multi_thread", worker_threads = 4)]
    |   ^^^^^ use of unresolved module or unlinked crate `tokio`

error[E0433]: cannot find module or crate `tokio` in this scope
   --> crates/validate/tests/s3_client_roundtrip.rs:988:3
    |
988 | #[tokio::test(flavor = "multi_thread", worker_threads = 4)]
    |   ^^^^^ use of unresolved module or unlinked crate `tokio`

error[E0433]: cannot find module or crate `tokio` in this scope
    --> crates/validate/tests/s3_client_roundtrip.rs:1040:3
     |
1040 | #[tokio::test(flavor = "multi_thread", worker_threads = 4)]
     |   ^^^^^ use of unresolved module or unlinked crate `tokio`

error[E0433]: cannot find module or crate `tokio` in this scope
    --> crates/validate/tests/s3_client_roundtrip.rs:1062:3
     |
1062 | #[tokio::test(flavor = "multi_thread", worker_threads = 4)]
     |   ^^^^^ use of unresolved module or unlinked crate `tokio`

error[E0433]: cannot find module or crate `tokio` in this scope
    --> crates/validate/tests/s3_client_roundtrip.rs:1093:3
     |
1093 | #[tokio::test(flavor = "multi_thread", worker_threads = 4)]
     |   ^^^^^ use of unresolved module or unlinked crate `tokio`

error[E0433]: cannot find module or crate `tokio` in this scope
    --> crates/validate/tests/s3_client_roundtrip.rs:1130:3
     |
1130 | #[tokio::test(flavor = "multi_thread", worker_threads = 4)]
     |   ^^^^^ use of unresolved module or unlinked crate `tokio`

error[E0433]: cannot find module or crate `roxmltree` in this scope
   --> crates/validate/tests/s3_client_roundtrip.rs:713:15
    |
713 |     let doc = roxmltree::Document::parse(&body).expect("the error body is XML");
    |               ^^^^^^^^^ use of unresolved module or unlinked crate `roxmltree`
    |
    = help: if you wanted to use a crate named `roxmltree`, use `cargo add roxmltree` to add it to your `Cargo.toml`

error[E0433]: cannot find module or crate `tempfile` in this scope
   --> crates/validate/tests/s3_client_roundtrip.rs:276:11
    |
276 |     _dir: tempfile::TempDir,
    |           ^^^^^^^^ use of unresolved module or unlinked crate `tempfile`
    |
    = help: if you wanted to use a crate named `tempfile`, use `cargo add tempfile` to add it to your `Cargo.toml`

error[E0433]: cannot find module or crate `tempfile` in this scope
   --> crates/validate/tests/s3_client_roundtrip.rs:280:15
    |
280 |     let dir = tempfile::tempdir().expect("temp dir");
    |               ^^^^^^^^ use of unresolved module or unlinked crate `tempfile`
    |
    = help: if you wanted to use a crate named `tempfile`, use `cargo add tempfile` to add it to your `Cargo.toml`

Some errors have detailed explanations: E0432, E0433.
For more information about an error, try `rustc --explain E0432`.
error: could not compile `wyrd-validate` (test "s3_client_roundtrip") due to 30 previous errors
run-verify.sh: UNVERIFIABLE — the RED leg's cargo run failed (status 101) WITHOUT
               running a test, so no RED was established. This is NOT 'red without the
               fix' — the discriminator never executed. The usual cause is that it does
               not COMPILE against the reverted base: it calls production API this patch
               adds, so reverting the fix removes the symbol it needs. Split the test so
               it exercises the behaviour through pre-existing API, or record at sign-off
               why this slice has no isolable red (the cargo output is above).
