# gate: C5-mutants — surviving mutants on the bundle diff (cargo mutants --in-diff)
# cmd: scripts/mutants-in-diff
# cwd: /home/eddie/wyrd/wyrd-pdca
# PDCA_WORKTREE: /home/eddie/wyrd/wyrd.pdca-wt-l2
# start: 2026-10-02T19:29:21+00:00
# duration_secs: 210.02
# exit: 2
# outcome: fail
# ---- combined stdout+stderr (verbatim) ----
Found 75 mutants to test
ok       Unmutated baseline in 27s build + 5s test
 INFO Auto-set test timeout to 30s
MISSED   crates/validate/src/s3.rs:126:9: replace S3Client::deadlines -> Deadlines with Default::default() in 0s build + 5s test
MISSED   crates/validate/src/s3.rs:216:13: delete match arm SdkError::DispatchFailure(_) in S3Client::classify in 2s build + 5s test
MISSED   crates/validate/src/s3.rs:217:13: delete match arm SdkError::ResponseError(context) in S3Client::classify in 1s build + 5s test
MISSED   crates/validate/src/s3.rs:212:51: replace match guard failure.is_timeout() with true in S3Client::classify in 1s build + 5s test
MISSED   crates/validate/src/s3/body.rs:137:9: replace <impl http_body::Body for DeclaredLengthBody>::is_end_stream -> bool with true in 1s build + 5s test
MISSED   crates/validate/src/s3/body.rs:137:9: replace <impl http_body::Body for DeclaredLengthBody>::is_end_stream -> bool with false in 0s build + 5s test
MISSED   crates/validate/src/s3/body.rs:142:9: replace <impl http_body::Body for DeclaredLengthBody>::size_hint -> SizeHint with Default::default() in 1s build + 5s test
MISSED   crates/validate/src/s3/body.rs:142:44: replace - with + in <impl http_body::Body for DeclaredLengthBody>::size_hint in 1s build + 5s test
MISSED   crates/validate/src/s3/body.rs:232:21: replace match guard self.received == self.declared with true in ObjectBody::read in 1s build + 5s test
MISSED   crates/validate/src/s3/error.rs:204:9: replace <impl std::error::Error for S3Error>::source -> Option<&(dyn std::error::Error +'static)> with None in 1s build + 5s test
MISSED   crates/validate/src/s3/error.rs:205:13: delete match arm Self::Body(e) in <impl std::error::Error for S3Error>::source in 1s build + 5s test
75 mutants tested in 3m: 11 missed, 20 caught, 44 unviable
