# gate: C4-diff-cov — diff coverage: changed lines executed by the patch's tests
# cmd: ./engine/scripts/run-diff-cov.sh
# cwd: /home/eddie/wyrd/wyrd-pdca
# PDCA_WORKTREE: /home/eddie/wyrd/wyrd.pdca-wt-l0
# start: 2026-08-18T11:15:54+00:00
# duration_secs: 10.49
# exit: 0
# outcome: pass
# ---- combined stdout+stderr (verbatim) ----
run-diff-cov.sh: at least one changed crate ships no test in this patch — it is scored
                 against its EXISTING suite, and any co-located #[cfg(test)] lines the
                 patch adds count as covered, so that part of the figure is the generous
                 one; see the coverage boundary in this file's header.
run-diff-cov.sh: MEASURE — cargo llvm-cov test -p wyrd-custodian --test segmented_map_repoint (fix applied)
info: cargo-llvm-cov currently setting cfg(coverage); you can opt-out it by passing --no-cfg-coverage
   Compiling futures-macro v0.3.32
   Compiling thiserror-impl v1.0.69
   Compiling wyrd-traits v0.0.0 (/home/eddie/wyrd/wyrd-cov-l0/crates/traits)
   Compiling thiserror v2.0.18
   Compiling num-traits v0.2.19
   Compiling prost-derive v0.14.4
   Compiling serde v1.0.229
   Compiling serde_json v1.0.151
   Compiling tokio-stream v0.1.19
   Compiling wyrd-chunk-format v0.0.0 (/home/eddie/wyrd/wyrd-cov-l0/crates/chunk-format)
   Compiling hyper v1.10.1
   Compiling opentelemetry v0.32.0
   Compiling futures-util v0.3.32
   Compiling tracing-serde v0.2.0
   Compiling chrono v0.4.45
   Compiling thiserror v1.0.69
   Compiling protobuf-support v3.7.2
   Compiling tracing-subscriber v0.3.23
   Compiling prost v0.14.4
   Compiling protobuf v3.7.2
   Compiling prost-types v0.14.4
   Compiling wyrd-testkit v0.0.0 (/home/eddie/wyrd/wyrd-cov-l0/crates/testkit)
   Compiling wyrd-coordination-mem v0.0.0 (/home/eddie/wyrd/wyrd-cov-l0/crates/coordination-mem)
   Compiling wyrd-chunkstore-fs v0.0.0 (/home/eddie/wyrd/wyrd-cov-l0/crates/chunkstore-fs)
   Compiling tracing-opentelemetry v0.33.0
   Compiling hyper-util v0.1.20
   Compiling tower v0.5.3
   Compiling futures-executor v0.3.32
   Compiling wyrd-core v0.0.0 (/home/eddie/wyrd/wyrd-cov-l0/crates/core)
   Compiling opentelemetry_sdk v0.32.1
   Compiling hyper-timeout v0.5.2
   Compiling tonic v0.14.6
   Compiling prometheus v0.14.0
   Compiling tonic-prost v0.14.6
   Compiling tonic-types v0.14.6
   Compiling opentelemetry-prometheus v0.32.0
   Compiling opentelemetry-proto v0.32.0
   Compiling opentelemetry-otlp v0.32.0
   Compiling wyrd-telemetry v0.0.0 (/home/eddie/wyrd/wyrd-cov-l0/crates/telemetry)
   Compiling wyrd-custodian v0.0.0 (/home/eddie/wyrd/wyrd-cov-l0/crates/custodian)
    Finished `test` profile [unoptimized + debuginfo] target(s) in 4.30s
     Running tests/segmented_map_repoint.rs (target/llvm-cov-target/debug/deps/segmented_map_repoint-d0097d73732d4a7e)

running 7 tests
test a_superseded_root_generation_makes_the_repair_lose_without_writing_its_own_metadata ... ok
test a_racing_rewrite_that_leaves_the_roots_segment_table_behind_is_a_conflict ... ok
test a_segment_record_torn_under_the_move_is_contained_never_re_planned ... ok
test a_racing_move_of_a_sibling_chunk_in_the_same_segment_record_is_merged ... ok
test a_segmented_objects_under_replicated_chunk_is_repaired_in_its_own_record ... ok
test a_racing_move_of_the_planned_chunk_itself_is_a_conflict_that_writes_nothing ... ok
test a_repoint_that_would_outgrow_a_segment_records_budget_is_refused ... ok

test result: ok. 7 passed; 0 failed; 0 ignored; 0 measured; 0 filtered out; finished in 0.73s
run-diff-cov.sh: MEASURE — cargo llvm-cov test -p wyrd-core (fix applied)
info: cargo-llvm-cov currently setting cfg(coverage); you can opt-out it by passing --no-cfg-coverage
   Compiling wyrd-metadata-redb v0.0.0 (/home/eddie/wyrd/wyrd-cov-l0/crates/metadata-redb)
   Compiling wyrd-testkit v0.0.0 (/home/eddie/wyrd/wyrd-cov-l0/crates/testkit)
   Compiling wyrd-core v0.0.0 (/home/eddie/wyrd/wyrd-cov-l0/crates/core)
   Compiling wyrd-proto v0.0.0 (/home/eddie/wyrd/wyrd-cov-l0/crates/proto)
   Compiling wyrd-chunkstore-fs v0.0.0 (/home/eddie/wyrd/wyrd-cov-l0/crates/chunkstore-fs)
   Compiling wyrd-chunkstore-grpc v0.0.0 (/home/eddie/wyrd/wyrd-cov-l0/crates/chunkstore-grpc)
    Finished `test` profile [unoptimized + debuginfo] target(s) in 2.67s
     Running unittests src/lib.rs (target/llvm-cov-target/debug/deps/wyrd_core-b650a88e94b016eb)

running 51 tests
test erasure::tests::coder_error_exposes_its_wrapped_source ... ok
test erasure::tests::reconstruct_with_m_zero_is_a_typed_error_even_with_all_k_shards_present ... ok
test erasure::tests::reconstruct_with_k_zero_is_a_typed_error_not_a_panic ... ok
test erasure::tests::supported_accepts_the_schemes_this_module_round_trips ... ok
test metadata::segmented_shape_invariants::a_decoded_root_exposes_which_shape_it_is ... ok
test metadata::segmented_shape_invariants::a_group_prefix_can_never_alias_another_generations_epoch_range ... ok
test metadata::segmented_shape_invariants::a_segment_record_covering_no_bytes_is_err ... ok
test metadata::segmented_shape_invariants::a_decoded_segment_record_reports_the_span_its_chunks_cover ... ok
test metadata::segmented_shape_invariants::a_segment_index_past_the_key_space_is_neither_a_key_nor_a_value ... ok
test metadata::segmented_shape_invariants::every_span_arithmetic_that_leaves_u64_is_refused_not_wrapped ... ok
test metadata::segmented_shape_invariants::segment_key_round_trips_over_the_whole_addressable_index_space ... ok
test metadata::segmented_shape_invariants::segment_record_chunk_lengths_not_summing_to_byte_len_is_err ... ok
test metadata::segmented_shape_invariants::only_canonical_epoch_spellings_address_a_segment ... ok
test metadata::segmented_shape_invariants::wrong_width_segment_index_key_is_malformed ... ok
test metadata::tests::a_chunk_is_addressed_by_its_offset_and_pinned_by_its_reference ... ok
test metadata::tests::a_segment_covers_its_own_span_and_neither_neighbour ... ok
test metadata::tests::empty_placement_is_valid_pre_m3_identity ... ok
test metadata::tests::full_length_placement_is_valid ... ok
test metadata::tests::read_path_fragments_stays_liberal_for_malformed_placement ... ok
test metadata::tests::the_value_ceiling_admits_the_boundary_and_refuses_only_past_it ... ok
test metadata::tests::non_empty_wrong_length_placement_is_malformed ... ok
test placement::tests::domain_utilization_sums_per_domain ... ok
test placement::tests::refuses_when_domains_below_n ... ok
test read::tests::read_chunk_rejects_a_stored_m_zero_scheme ... ok
test placement::tests::excluding_carries_retained_utilization_not_excluded ... ok
test repair::tests::replication_single_copy_fragment_is_admitted_under_scheme_none ... ok
test repair::tests::intact_shard_accepts_the_expected_fragment_and_rejects_wrong_identity ... ok
test placement::tests::excluding_drops_servers_and_their_utilization ... ok
test read::tests::read_chunk_rejects_a_stored_k_zero_scheme ... ok
test metadata::tests::the_segment_ceiling_is_the_publication_budget_and_admits_its_boundary ... ok
test placement::tests::replacement_refuses_when_no_free_domain_remains ... ok
test placement::tests::places_when_free_domains_exactly_equal_need ... ok
test placement::tests::places_across_n_distinct_domains ... ok
test placement::tests::replacement_avoids_occupied_domains ... ok
test read::tests::oversized_inode_size_with_empty_chunk_map_errors_cleanly_not_panics ... ok
test metadata::segmented_shape_invariants::create_refuses_a_segmented_record_this_build_cannot_publish ... ok
test metadata::segmented_shape_invariants::create_refuses_a_record_it_could_not_read_back ... ok
test metadata::tests::a_generation_with_no_successor_is_refused_never_wrapped ... ok
test metadata::segmented_shape_invariants::every_chunk_map_commit_refuses_a_segmented_prior_instead_of_stranding_its_segments ... ok
test metadata::segmented_shape_invariants::a_segmented_prior_outranks_the_lease_state_it_is_committed_under ... ok
test metadata::tests::a_flat_repoint_moves_that_one_placement_and_advances_the_generation ... ok
test metadata::tests::a_segment_record_that_will_not_decode_is_a_fault_not_a_race ... ok
test metadata::tests::a_segmented_repoint_rewrites_the_covering_record_alone_and_pins_it_with_the_root ... ok
test metadata::segmented_shape_invariants::unlink_refuses_a_segmented_inode_rather_than_unbind_fragments_it_cannot_orphan ... ok
test metadata::tests::a_segment_record_that_no_longer_matches_the_roots_table_is_never_rewritten ... ok
test metadata::segmented_shape_invariants::high_water_marks_is_total_over_records_it_cannot_read ... ok
test erasure::tests::reconstruct_with_k_zero_and_nonempty_available_is_still_a_typed_error ... ok
test erasure::tests::fewer_than_k_shards_is_an_error ... ok
test erasure::tests::round_trip_matrix ... ok
test erasure::tests::reconstructs_from_every_six_of_nine_for_rs_6_3 ... ok
test erasure::tests::seeded_random_data_and_subsets_round_trip ... ok

test result: ok. 51 passed; 0 failed; 0 ignored; 0 measured; 0 filtered out; finished in 1.18s

     Running tests/buffered_lease_lapse.rs (target/llvm-cov-target/debug/deps/buffered_lease_lapse-a9afc95735007740)

running 3 tests
test stalled_buffered_placed_create_fails_closed_when_its_lease_lapses ... ok
test stalled_buffered_create_fails_closed_when_its_lease_lapses ... ok
test buffered_create_inside_the_ttl_still_publishes ... ok

test result: ok. 3 passed; 0 failed; 0 ignored; 0 measured; 0 filtered out; finished in 0.01s

     Running tests/domain_placement.rs (target/llvm-cov-target/debug/deps/domain_placement-4f3f71e05726f060)

running 1 test
test write_records_distinct_domain_placement_not_identity ... ok

test result: ok. 1 passed; 0 failed; 0 ignored; 0 measured; 0 filtered out; finished in 0.04s

     Running tests/fragment_identity.rs (target/llvm-cov-target/debug/deps/fragment_identity-97c1590de303ddb0)

running 3 tests
test ec_read_rejects_a_fragment_whose_ec_tuple_disagrees_with_scheme ... ok
test ec_read_rejects_a_same_scheme_type_wrong_geometry_fragment ... ok
test ec_read_rejects_a_same_chunk_wrong_index_fragment ... ok

test result: ok. 3 passed; 0 failed; 0 ignored; 0 measured; 0 filtered out; finished in 0.04s

     Running tests/multipart_budget_admission.rs (target/llvm-cov-target/debug/deps/multipart_budget_admission-387ac816a1fafa60)

running 18 tests
test g1_zero_part_chunks_is_refused_before_the_derivation ... ok
test an_unknown_field_or_unreadable_bytes_are_refused_rather_than_dropped ... ok
test g4_more_parts_in_flight_than_the_session_may_hold_is_refused ... ok
test g2_zero_inflight_parts_is_refused ... ok
test g3_parts_per_session_past_the_key_space_is_refused ... ok
test g8_stored_limit_disagreeing_with_its_own_profile_is_refused ... ok
test g5_owned_staging_range_past_scan_cap_half_is_refused ... ok
test g7_reference_budget_below_one_session_is_refused ... ok
test g6_staged_ceiling_below_one_maximal_part_is_refused ... ok
test p2_staged_ceiling_above_any_publishable_product_still_decodes ... ok
test max_sessions_is_clamped_to_scan_cap_half_when_that_term_binds ... ok
test p1_count_above_its_own_max_sessions_still_decodes ... ok
test p3_part_chunks_outside_the_proposal_window_still_decodes ... ok
test p_arith_reject_maximal_record_names_the_rule_exact_arithmetic_violates ... ok
test p_arith_accept_maximal_staged_chunks_decodes ... ok
test round_trip_preserves_every_field ... ok
test re_encoding_a_record_this_codec_wrote_is_byte_identical ... ok
test u_ref_takes_whichever_of_its_two_arms_binds ... ok

test result: ok. 18 passed; 0 failed; 0 ignored; 0 measured; 0 filtered out; finished in 0.00s

     Running tests/multipart_keys.rs (target/llvm-cov-target/debug/deps/multipart_keys-708ff7a878a98608)

running 21 tests
test a_retire_key_reports_an_unknown_mode_apart_from_a_key_that_does_not_decode ... ok
test digest_hex_is_the_exact_inverse_over_every_byte_value ... ok
test mpu_key_round_trips_and_rejects_noncanonical ... ok
test fixed_width_key_byte_order_matches_numeric_order ... ok
test no_key_prefix_is_a_prefix_of_another ... ok
test every_rejection_is_a_typed_error_that_names_the_violation ... ok
test a_session_range_selects_exactly_its_own_class_and_session ... ok
test pinned_format_constants_hold ... ok
test psum_key_round_trips_and_rejects_noncanonical ... ok
test scan_mpu_does_not_reach_the_mpuctl_singleton ... ok
test part_key_round_trips_and_rejects_noncanonical ... ok
test retire_key_rejects_a_token_of_neither_form_and_every_malformed_spelling ... ok
test retire_key_round_trips_both_token_forms_under_both_modes ... ok
test sidx_is_not_reachable_from_a_pending_scan ... ok
test the_canonical_spelling_of_every_key_is_pinned_to_the_byte ... ok
test sidx_key_round_trips_and_rejects_noncanonical ... ok
test serde_decode_routes_through_the_validating_constructors ... ok
test slot_key_round_trips_and_rejects_noncanonical ... ok
test upload_and_attempt_ids_validate_the_token_grammar ... ok
test the_identity_accessors_return_the_value_they_were_built_from ... ok
test digest_hex_rejects_every_second_spelling ... ok

test result: ok. 21 passed; 0 failed; 0 ignored; 0 measured; 0 filtered out; finished in 0.00s

     Running tests/multipart_session_records.rs (target/llvm-cov-target/debug/deps/multipart_session_records-024e3fc9bd851911)

running 34 tests
test completion_round_trips_standalone ... ok
test completing_cursor_at_key_space_boundary_still_decodes ... ok
test leg_1c_publish_target_key_mismatch_is_rejected ... ok
test completing_cursor_past_key_space_is_rejected ... ok
test leg_1c_epoch_publish_target_epoch_mismatch_is_rejected ... ok
test leg_1k_part_length_mismatch_is_rejected ... ok
test leg_1i_slot_lease_already_lapsed_is_rejected ... ok
test leg_1j_completing_session_missing_required_field_is_rejected ... ok
test leg_1m_unknown_field_in_nested_scheme_is_rejected ... ok
test leg_1i_chunk_scheme_unsupported_is_rejected ... ok
test leg_1i_chunk_ref_wrong_placement_length_still_decodes ... ok
test leg_1j_open_session_with_forbidden_completing_field_is_rejected ... ok
test noncanonical_escape_spelling_is_rejected_for_part_summary ... ok
test noncanonical_field_order_is_rejected_for_session ... ok
test leg_1m_unknown_field_is_rejected ... ok
test leg_1m_unknown_field_in_nested_chunk_is_rejected ... ok
test part_chunk_omitted_placement_is_rejected ... ok
test noncanonical_whitespace_is_rejected_for_slot ... ok
test noncanonical_nested_chunk_order_is_rejected_for_part ... ok
test part_length_overflow_is_rejected ... ok
test part_summary_omitted_digest_is_rejected ... ok
test part_summary_round_trips ... ok
test part_round_trips ... ok
test publish_target_round_trips_standalone ... ok
test part_with_zero_length_chunk_is_empty ... ok
test session_absent_content_type_re_encodes_omitted ... ok
test session_aborting_round_trips ... ok
test session_null_content_type_spelling_is_rejected ... ok
test session_open_round_trips ... ok
test session_completing_round_trips ... ok
test session_state_round_trips_standalone ... ok
test session_with_content_type_round_trips ... ok
test session_completed_round_trips ... ok
test slot_round_trips ... ok

test result: ok. 34 passed; 0 failed; 0 ignored; 0 measured; 0 filtered out; finished in 0.00s

     Running tests/mutation_regressions.rs (target/llvm-cov-target/debug/deps/mutation_regressions-69ef175d6d9f4284)

running 9 tests
test commit_chunk_map_preserves_object_metadata_across_a_repair ... ok
test commit_chunk_map_superseding_stamps_a_fresh_modified ... ok
test a_legacy_record_without_metadata_fields_still_wins_its_cas_commits ... ok
test commit_chunk_map_bumps_version_by_one ... ok
test sweep_reclaims_at_expiry_boundary_and_deletes ... ok
test commit_chunk_map_superseding_leased_stamps_a_fresh_modified ... ok
test read_with_fewer_than_k_fragments_reports_insufficient ... ok
test write_new_object_placed_releases_pending_on_commit ... ok
test write_new_object_releases_pending_on_commit ... ok

test result: ok. 9 passed; 0 failed; 0 ignored; 0 measured; 0 filtered out; finished in 0.04s

     Running tests/mutation_regressions_round2.rs (target/llvm-cov-target/debug/deps/mutation_regressions_round2-7615396261003087)

running 3 tests
test write_plan_chunk_ids_are_the_minted_ids ... ok
test write_new_object_lease_expiry_is_now_plus_ttl ... ok
test write_new_object_placed_lease_expiry_is_now_plus_ttl ... ok

test result: ok. 3 passed; 0 failed; 0 ignored; 0 measured; 0 filtered out; finished in 0.04s

     Running tests/placement_record.rs (target/llvm-cov-target/debug/deps/placement_record-348c81b00eda6d9c)

running 11 tests
test fragments_matrix::none_empty_placement_is_pure_identity ... ok
test fragments_matrix::none_malformed_length_placement_still_resolves_liberally ... ok
test empty_placement_ec_none_resolves_via_identity_fallback ... ok
test fragments_matrix::none_full_placement_resolves_from_record ... ok
test fragments_matrix::rs_short_placement_mixes_record_and_identity_fallback ... ok
test fragments_matrix::rs_empty_placement_is_pure_identity ... ok
test fragments_matrix::rs_full_placement_resolves_from_record ... ok
test empty_placement_rs_6_3_resolves_via_identity_fallback ... ok
test short_placement_rs_6_3_mixed_explicit_and_fallback ... ok
test moved_fragment_resolved_from_record_after_reopen ... ok
test write_records_placement_read_resolves_after_reopen ... ok

test result: ok. 11 passed; 0 failed; 0 ignored; 0 measured; 0 filtered out; finished in 0.05s

     Running tests/read_block_fault_repair.rs (target/llvm-cov-target/debug/deps/read_block_fault_repair-8c8f82bec95885b0)

running 2 tests
test none_scheme_block_fault_fails_the_read_but_still_enqueues_repair ... ok
test ec_read_around_block_fault_still_enqueues_repair_with_non_corruption_reason ... ok

test result: ok. 2 passed; 0 failed; 0 ignored; 0 measured; 0 filtered out; finished in 0.05s

     Running tests/read_repair.rs (target/llvm-cov-target/debug/deps/read_repair-629e515a2efcd7d5)

running 8 tests
test unrecoverable_read_still_enqueues_the_corrupt_chunk ... ok
test none_read_enqueues_integrity_fault_fragment_for_repair ... ok
test none_read_rejects_a_misplaced_but_intact_fragment ... ok
test ec_read_treats_a_misplaced_but_intact_fragment_as_absent ... ok
test ec_read_excludes_corrupt_fragment_and_enqueues_for_repair ... ok
test a_transient_dserver_failure_is_no_longer_silent ... ok
test a_corrupt_fragment_is_reported_with_its_index_and_its_placed_dserver ... ok
test ec_read_enqueues_integrity_fault_shard_for_repair_and_reconstructs ... ok

test result: ok. 8 passed; 0 failed; 0 ignored; 0 measured; 0 filtered out; finished in 0.05s

     Running tests/segmented_map_record.rs (target/llvm-cov-target/debug/deps/segmented_map_record-ee7df15fa72e86a5)

running 16 tests
test a_zero_byte_segment_is_err ... ok
test duplicate_segment_index_is_err ... ok
test a_segment_table_whose_tiling_leaves_u64_is_err ... ok
test non_hex_nonce_is_err ... ok
test segment_table_span_disagreeing_with_size_is_err ... ok
test segmented_root_round_trips_byte_identically ... ok
test well_formed_segmented_root_decodes ... ok
test segment_count_mismatching_segments_len_is_err ... ok
test non_monotonic_segment_span_is_err ... ok
test segment_index_gap_is_err ... ok
test legacy_flat_record_round_trips_byte_identically ... ok
test an_empty_segmented_map_is_err ... ok
test overlapping_segment_spans_is_err ... ok
test legacy_flat_record_cas_still_commits_against_the_original_bytes ... ok
test segmented_root_cas_commits_against_the_stored_bytes ... ok
test segmented_root_at_max_root_segments_stays_inside_the_value_ceiling ... ok

test result: ok. 16 passed; 0 failed; 0 ignored; 0 measured; 0 filtered out; finished in 0.01s

     Running tests/segmented_map_resolution.rs (target/llvm-cov-target/debug/deps/segmented_map_resolution-f04fd9733b303187)

running 13 tests
test a_root_over_the_segment_ceiling_is_refused_before_any_range_read ... ok
test chunks_are_ordered_by_the_parsed_index_not_by_page_order ... ok
test every_anomaly_on_a_generation_the_root_still_names_fails_closed ... ok
test an_object_that_cannot_resolve_fails_closed_for_itself_alone ... ok
test a_segment_value_at_exactly_the_ceiling_still_resolves ... ok
test a_generation_retired_mid_resolve_restarts_onto_the_live_root_or_reads_as_absent ... ok
test a_generation_retired_under_every_restart_is_a_typed_refusal_that_terminates ... ok
test a_row_from_another_group_answered_inside_this_range_is_refused ... ok
test a_resolve_reads_only_its_own_root_and_its_own_group_range ... ok
test a_delete_met_on_the_readers_last_attempt_is_no_such_object ... ok
test an_over_ceiling_root_superseded_mid_read_restarts_onto_the_live_generation ... ok
test a_segmented_object_reads_byte_identical_to_its_flat_equivalent ... ok
test the_widest_admissible_root_still_sizes_no_page_and_reads_back_whole ... ok

test result: ok. 13 passed; 0 failed; 0 ignored; 0 measured; 0 filtered out; finished in 0.04s

     Running tests/stream_lease_lapse.rs (target/llvm-cov-target/debug/deps/stream_lease_lapse-bedf0007a9dc8e1f)

running 5 tests
test mid_upload_lapse_aborts_the_stream_and_publishes_nothing ... ok
test eof_window_lapse_refuses_at_commit_and_publishes_nothing ... ok
test present_but_expired_leases_refuse_at_commit_and_publish_nothing ... ok
test commit_refuses_at_exact_lease_deadline ... ok
test live_overwrite_still_commits_and_reads_back_the_new_version ... ok

test result: ok. 5 passed; 0 failed; 0 ignored; 0 measured; 0 filtered out; finished in 0.01s

     Running tests/stream_lease_renewal.rs (target/llvm-cov-target/debug/deps/stream_lease_renewal-9354d91774dbef19)

running 4 tests
test renewal_at_exact_deadline_aborts_the_upload ... ok
test create_commit_refuses_at_exact_lease_deadline ... ok
test create_commit_refuses_when_lease_swept ... ok
test slow_streaming_put_renews_in_flight_leases_before_commit ... ok

test result: ok. 4 passed; 0 failed; 0 ignored; 0 measured; 0 filtered out; finished in 0.01s

     Running tests/write_fanout.rs (target/llvm-cov-target/debug/deps/write_fanout-a5394167bccfcdef)

running 2 tests
test partial_fan_out_fails_closed ... ok
test full_fan_out_acks_every_fragment ... ok

test result: ok. 2 passed; 0 failed; 0 ignored; 0 measured; 0 filtered out; finished in 0.04s
run-diff-cov.sh: NOTE — 390 of 780 changed production lines carried a coverage
                 region; the other 390 are not scored either way. Most are simply not
                 executable (comments, `use`, declarations, bare delimiters). But code
                 compiled out by a #[cfg(...)] your feature selection does not enable looks
                 identical here, and this gate cannot tell the two apart (#222).
                 The largest unscored spans, so you can tell at a glance which it is:
run-diff-cov.sh:   UNSCORED crates/core/src/metadata.rs:2752-2821 (70 lines)
run-diff-cov.sh:   UNSCORED crates/core/src/metadata.rs:384-396 (13 lines)
run-diff-cov.sh:   UNSCORED crates/core/src/metadata.rs:639-650 (12 lines)
run-diff-cov.sh:   UNSCORED crates/custodian/src/reconstruction.rs:881-888 (8 lines)
run-diff-cov.sh:   UNSCORED crates/core/src/metadata.rs:2931-2937 (7 lines)
run-diff-cov.sh:   UNSCORED crates/core/src/metadata.rs:3104-3110 (7 lines)
run-diff-cov.sh:   … and 115 further span(s), none larger; all of them are in coverage/diff-cov.json
run-diff-cov.sh: MISS crates/core/src/metadata.rs:2839
run-diff-cov.sh: MISS crates/core/src/metadata.rs:2859
run-diff-cov.sh: MISS crates/core/src/metadata.rs:2860
run-diff-cov.sh: MISS crates/core/src/metadata.rs:2861
run-diff-cov.sh: MISS crates/core/src/metadata.rs:2862
run-diff-cov.sh: MISS crates/core/src/metadata.rs:2880
run-diff-cov.sh: MISS crates/core/src/metadata.rs:2886
run-diff-cov.sh: MISS crates/core/src/metadata.rs:3163
run-diff-cov.sh: MISS crates/core/src/metadata.rs:3179
run-diff-cov.sh: MISS crates/core/src/metadata.rs:3354
run-diff-cov.sh: MISS crates/core/src/metadata.rs:3389
run-diff-cov.sh: MISS crates/custodian/src/reconstruction.rs:326
run-diff-cov.sh: MISS crates/custodian/src/reconstruction.rs:515
run-diff-cov.sh: MISS crates/custodian/src/reconstruction.rs:608
METRIC diff_cov=96.4 covered=376 instrumentable=390 unscored=390
run-diff-cov.sh: PASS — the patch's tests execute 96.4% of its 390 instrumentable changed
                 lines (floor 80%, 211 test(s) ran).
PDCA-EVIDENCE: diff coverage 96.4% — 376 of 390 instrumentable changed lines executed (floor 80%); 390 of 780 changed lines were instrumentable
