# gate: C4-verify — per-fix red->green: this patch's test red pre-fix, green post-fix
# cmd: ./engine/scripts/run-verify.sh
# cwd: /home/eddie/wyrd/wyrd-pdca
# PDCA_WORKTREE: /home/eddie/wyrd/wyrd.pdca-wt-l0
# start: 2026-08-18T11:15:48+00:00
# duration_secs: 6.13
# exit: 0
# outcome: pass
# ---- combined stdout+stderr (verbatim) ----
run-verify.sh: GREEN — cargo test -p wyrd-custodian --test segmented_map_repoint (fix applied)

running 7 tests
.......
test result: ok. 7 passed; 0 failed; 0 ignored; 0 measured; 0 filtered out; finished in 0.72s
run-verify.sh: RED — cargo test -p wyrd-custodian --test segmented_map_repoint (production reverted, test kept)

running 7 tests
a_racing_move_of_a_sibling_chunk_in_the_same_segment_record_is_merged --- FAILED
.... 5/7
a_segmented_objects_under_replicated_chunk_is_repaired_in_its_own_record --- FAILED
.
failures:

---- a_racing_move_of_a_sibling_chunk_in_the_same_segment_record_is_merged stdout ----

thread 'a_racing_move_of_a_sibling_chunk_in_the_same_segment_record_is_merged' (2284776) panicked at crates/custodian/tests/segmented_map_repoint.rs:493:5:
assertion `left == right` failed: a repair inside a record another writer touched must still land
  left: Blocked
 right: Changed
note: run with `RUST_BACKTRACE=1` environment variable to display a backtrace

---- a_segmented_objects_under_replicated_chunk_is_repaired_in_its_own_record stdout ----

thread 'a_segmented_objects_under_replicated_chunk_is_repaired_in_its_own_record' (2284781) panicked at crates/custodian/tests/segmented_map_repoint.rs:429:5:
assertion `left == right` failed: a repair that moved a placement is a change the pass must report
  left: Blocked
 right: Changed


failures:
    a_racing_move_of_a_sibling_chunk_in_the_same_segment_record_is_merged
    a_segmented_objects_under_replicated_chunk_is_repaired_in_its_own_record

test result: FAILED. 5 passed; 2 failed; 0 ignored; 0 measured; 0 filtered out; finished in 0.73s

error: test failed, to rerun pass `-p wyrd-custodian --test segmented_map_repoint`
run-verify.sh: PASS — red without the fix, green with it (7 test(s) ran red).
