# gate: C4-verify — per-fix red->green: this patch's test red pre-fix, green post-fix
# cmd: ./engine/scripts/run-verify.sh
# cwd: /home/eddie/wyrd/wyrd-pdca
# PDCA_WORKTREE: /home/eddie/wyrd/wyrd.pdca-wt-l1
# start: 2026-08-18T13:13:50+00:00
# duration_secs: 20.18
# exit: 0
# outcome: pass
# ---- combined stdout+stderr (verbatim) ----
run-verify.sh: GREEN — cargo test -p wyrd-server --test s3_server_version_header (fix applied)

running 1 test
.
test result: ok. 1 passed; 0 failed; 0 ignored; 0 measured; 0 filtered out; finished in 0.06s
run-verify.sh: RED — cargo test -p wyrd-server --test s3_server_version_header (production reverted, test kept)

running 1 test
every_s3_response_advertises_the_baked_build_version --- FAILED

failures:

---- every_s3_response_advertises_the_baked_build_version stdout ----

thread 'every_s3_response_advertises_the_baked_build_version' (2889398) panicked at crates/server/tests/s3_server_version_header.rs:273:9:
the signed PUT response carries no `Server` header — nothing on the wire says what build a client is talking to. Head:
HTTP/1.1 200 OK
content-length: 0
etag: "713b6eb651398eca80561b4eeb96fc3fd6798d14d190c831947329caed6f2b20"
x-amz-request-id: b055720497d7e1260000000000000000
connection: close
date: Tue, 18 Aug 2026 13:14:10 GMT
note: run with `RUST_BACKTRACE=1` environment variable to display a backtrace


failures:
    every_s3_response_advertises_the_baked_build_version

test result: FAILED. 0 passed; 1 failed; 0 ignored; 0 measured; 0 filtered out; finished in 0.07s

error: test failed, to rerun pass `-p wyrd-server --test s3_server_version_header`
run-verify.sh: PASS — red without the fix, green with it (1 test(s) ran red).
