# gate: C4-diff-cov — diff coverage: changed lines executed by the patch's tests
# cmd: ./engine/scripts/run-diff-cov.sh
# cwd: /home/eddie/wyrd/wyrd-pdca
# PDCA_WORKTREE: /home/eddie/wyrd/wyrd.pdca-wt-l1
# start: 2026-08-18T00:55:14+00:00
# duration_secs: 3.44
# exit: 0
# outcome: pass
# ---- combined stdout+stderr (verbatim) ----
run-diff-cov.sh: MEASURE — cargo llvm-cov test -p wyrd-validate --test cli_surface (fix applied)
info: cargo-llvm-cov currently setting cfg(coverage); you can opt-out it by passing --no-cfg-coverage
   Compiling wyrd-validate v0.0.0 (/home/eddie/wyrd/wyrd-cov-l1/crates/validate)
    Finished `test` profile [unoptimized + debuginfo] target(s) in 0.61s
     Running tests/cli_surface.rs (target/llvm-cov-target/debug/deps/cli_surface-c8fbe6c68d719f67)

running 18 tests
test resolve_credentials_falls_back_to_wyrd_over_the_injected_lookup ... ok
test resolve_credentials_prefers_aws_over_wyrd_over_the_injected_lookup ... ok
test resolve_credentials_refuses_a_present_but_empty_name ... ok
test resolve_credentials_refuses_over_the_injected_lookup_when_neither_pair_is_present ... ok
test resolve_credentials_refuses_half_a_pair_rather_than_falling_back ... ok
test a_flag_left_without_its_value_does_not_consume_the_next_flag ... ok
test aws_credentials_present_resolve_to_the_aws_id_and_source ... ok
test an_empty_value_is_refused_naming_the_flag ... ok
test a_repeated_flag_is_refused_naming_it ... ok
test half_an_aws_pair_refuses_over_the_real_binary_instead_of_using_the_wyrd_identity ... ok
test all_ten_flags_exit_zero_and_each_is_echoed_with_its_given_value ... ok
test neither_present_exits_nonzero_naming_what_to_set ... ok
test both_present_aws_wins ... ok
test a_single_dash_value_is_still_accepted ... ok
test wyrd_fallback_credentials_resolve_when_aws_is_absent ... ok
test an_unrecognised_flag_exits_nonzero_naming_it ... ok
test a_flag_shaped_token_in_a_value_slot_is_refused_for_every_flag ... ok
test a_missing_required_flag_exits_nonzero_naming_it_on_stderr ... ok

test result: ok. 18 passed; 0 failed; 0 ignored; 0 measured; 0 filtered out; finished in 0.01s
run-diff-cov.sh: MEASURE — cargo llvm-cov test -p xtask --test blackbox_dependency_guard (fix applied)
info: cargo-llvm-cov currently setting cfg(coverage); you can opt-out it by passing --no-cfg-coverage
   Compiling wyrd-chunk-format v0.0.0 (/home/eddie/wyrd/wyrd-cov-l1/crates/chunk-format)
   Compiling xtask v0.0.0 (/home/eddie/wyrd/wyrd-cov-l1/xtask)
    Finished `test` profile [unoptimized + debuginfo] target(s) in 1.32s
     Running tests/blackbox_dependency_guard.rs (target/llvm-cov-target/debug/deps/blackbox_dependency_guard-2f9a81bf1fdb8637)

running 12 tests
test a_document_with_no_resolve_section_is_err ... ok
test a_package_absent_from_packages_is_err ... ok
test a_package_entry_without_a_declared_dependency_list_is_err ... ok
test an_edge_with_no_dep_kinds_is_err_not_silently_non_normal ... ok
test a_package_present_but_absent_from_the_resolve_graph_is_err ... ok
test an_unparsable_document_is_err ... ok
test an_optional_off_by_default_normal_edge_is_still_the_violation ... ok
test an_edge_reaching_a_package_with_no_resolve_node_is_err ... ok
test the_same_edge_marked_dev_is_no_violation ... ok
test a_normal_wyrd_dependency_is_exactly_one_violation_naming_it ... ok
test the_blackbox_guard_is_registered_in_hygiene_guards ... ok
test scan_is_green_over_the_real_workspace_metadata ... ok

test result: ok. 12 passed; 0 failed; 0 ignored; 0 measured; 0 filtered out; finished in 0.33s
run-diff-cov.sh: NOTE — 291 of 682 changed production lines carried a coverage
                 region; the other 391 are not scored either way. Most are simply not
                 executable (comments, `use`, declarations, bare delimiters). But code
                 compiled out by a #[cfg(...)] your feature selection does not enable looks
                 identical here, and this gate cannot tell the two apart (#222).
                 The largest unscored spans, so you can tell at a glance which it is:
run-diff-cov.sh:   UNSCORED crates/validate/src/lib.rs:1-94 (94 lines)
run-diff-cov.sh:   UNSCORED crates/validate/src/lib.rs:140-172 (33 lines)
run-diff-cov.sh:   UNSCORED xtask/src/repo_guard.rs:599-631 (33 lines)
run-diff-cov.sh:   UNSCORED crates/validate/src/lib.rs:223-248 (26 lines)
run-diff-cov.sh:   UNSCORED crates/validate/src/lib.rs:298-320 (23 lines)
run-diff-cov.sh:   UNSCORED xtask/src/repo_guard.rs:851-873 (23 lines)
run-diff-cov.sh:   … and 50 further span(s), none larger; all of them are in coverage/diff-cov.json
run-diff-cov.sh: MISS crates/validate/src/lib.rs:100
run-diff-cov.sh: MISS crates/validate/src/lib.rs:101
run-diff-cov.sh: MISS crates/validate/src/lib.rs:102
run-diff-cov.sh: MISS crates/validate/src/lib.rs:103
run-diff-cov.sh: MISS crates/validate/src/lib.rs:104
run-diff-cov.sh: MISS xtask/src/main.rs:1563
run-diff-cov.sh: MISS xtask/src/main.rs:1564
run-diff-cov.sh: MISS xtask/src/repo_guard.rs:713
run-diff-cov.sh: MISS xtask/src/repo_guard.rs:716
run-diff-cov.sh: MISS xtask/src/repo_guard.rs:718
run-diff-cov.sh: MISS xtask/src/repo_guard.rs:721
run-diff-cov.sh: MISS xtask/src/repo_guard.rs:722
run-diff-cov.sh: MISS xtask/src/repo_guard.rs:723
run-diff-cov.sh: MISS xtask/src/repo_guard.rs:724
run-diff-cov.sh: MISS xtask/src/repo_guard.rs:725
run-diff-cov.sh: MISS xtask/src/repo_guard.rs:759
run-diff-cov.sh: MISS xtask/src/repo_guard.rs:763
run-diff-cov.sh: MISS xtask/src/repo_guard.rs:823
run-diff-cov.sh: MISS xtask/src/repo_guard.rs:824
run-diff-cov.sh: MISS xtask/src/repo_guard.rs:825
run-diff-cov.sh: MISS xtask/src/repo_guard.rs:826
run-diff-cov.sh: MISS xtask/src/repo_guard.rs:827
run-diff-cov.sh: MISS xtask/src/repo_guard.rs:834
run-diff-cov.sh: MISS xtask/src/repo_guard.rs:843
run-diff-cov.sh: MISS xtask/src/repo_guard.rs:844
run-diff-cov.sh: MISS xtask/src/repo_guard.rs:845
run-diff-cov.sh: MISS xtask/src/repo_guard.rs:846
run-diff-cov.sh: MISS xtask/src/repo_guard.rs:847
run-diff-cov.sh: MISS xtask/src/repo_guard.rs:848
METRIC diff_cov=90.0 covered=262 instrumentable=291 unscored=391
run-diff-cov.sh: PASS — the patch's tests execute 90.0% of its 291 instrumentable changed
                 lines (floor 80%, 30 test(s) ran).
PDCA-EVIDENCE: diff coverage 90.0% — 262 of 291 instrumentable changed lines executed (floor 80%); 291 of 682 changed lines were instrumentable
