# gate C4-verify — attempt 1/1: pass (exit 0)
# cmd: ./engine/scripts/run-verify.sh
# cwd: /home/eddie/wyrd/wyrd-pdca
# PDCA_WORKTREE: /home/eddie/wyrd/wyrd.pdca-wt-l0
# started: 2026-08-09T15:21:41+02:00   duration: 3s

run-verify.sh: GREEN — cargo test -p wyrd-custodian --test placement_ceiling (fix applied)

running 4 tests
....
test result: ok. 4 passed; 0 failed; 0 ignored; 0 measured; 0 filtered out; finished in 0.06s
run-verify.sh: RED — cargo test -p wyrd-custodian --test placement_ceiling (production reverted, test kept)

running 4 tests
. 1/4
an_evacuation_that_would_cross_the_value_ceiling_does_not_certify_the_drain --- FAILED
a_ceiling_refused_repair_is_subtracted_from_the_reported_successes --- FAILED
a_repair_that_would_cross_the_value_ceiling_is_refused_and_not_persisted --- FAILED

failures:

---- an_evacuation_that_would_cross_the_value_ceiling_does_not_certify_the_drain stdout ----

thread 'an_evacuation_that_would_cross_the_value_ceiling_does_not_certify_the_drain' (2811826) panicked at crates/custodian/tests/placement_ceiling.rs:427:5:
assertion `left == right` failed: a stalled drain certified
  left: Changed
 right: Blocked
note: run with `RUST_BACKTRACE=1` environment variable to display a backtrace

---- a_ceiling_refused_repair_is_subtracted_from_the_reported_successes stdout ----

thread 'a_ceiling_refused_repair_is_subtracted_from_the_reported_successes' (2811823) panicked at crates/custodian/tests/placement_ceiling.rs:524:5:
assertion `left == right` failed: the pass certified a refusal
  left: Changed
 right: Blocked

---- a_repair_that_would_cross_the_value_ceiling_is_refused_and_not_persisted stdout ----

thread 'a_repair_that_would_cross_the_value_ceiling_is_refused_and_not_persisted' (2811824) panicked at crates/custodian/tests/placement_ceiling.rs:319:5:
100019 bytes stored, past the backend value ceiling


failures:
    a_ceiling_refused_repair_is_subtracted_from_the_reported_successes
    a_repair_that_would_cross_the_value_ceiling_is_refused_and_not_persisted
    an_evacuation_that_would_cross_the_value_ceiling_does_not_certify_the_drain

test result: FAILED. 1 passed; 3 failed; 0 ignored; 0 measured; 0 filtered out; finished in 0.06s

error: test failed, to rerun pass `-p wyrd-custodian --test placement_ceiling`
run-verify.sh: PASS — red without the fix, green with it (4 test(s) ran red).
