# gate: C4-diff-cov — diff coverage: changed lines executed by the patch's tests
# cmd: ./engine/scripts/run-diff-cov.sh
# cwd: /home/eddie/wyrd/wyrd-pdca
# PDCA_WORKTREE: /home/eddie/wyrd/wyrd.pdca-wt-l0
# start: 2026-09-30T23:35:58+00:00
# duration_secs: 32.58
# exit: 1
# outcome: fail
# ---- combined stdout+stderr (verbatim) ----
run-diff-cov.sh: at least one changed crate ships no test in this patch — it is scored
                 against its EXISTING suite, and any co-located #[cfg(test)] lines the
                 patch adds count as covered, so that part of the figure is the generous
                 one; see the coverage boundary in this file's header.
run-diff-cov.sh: MEASURE — cargo llvm-cov test -p wyrd-server --test s3_chunk_size_flag (fix applied)
info: cargo-llvm-cov currently setting cfg(coverage); you can opt-out it by passing --no-cfg-coverage
   Compiling hashbrown v0.17.1
   Compiling wyrd-traits v0.0.0 (/home/eddie/wyrd/wyrd-cov-l0/crates/traits)
   Compiling opentelemetry v0.33.0
   Compiling aws-smithy-types v1.8.1
   Compiling wyrd-chunk-format v0.0.0 (/home/eddie/wyrd/wyrd-cov-l0/crates/chunk-format)
   Compiling aws-types v1.6.0
   Compiling wyrd-testkit v0.0.0 (/home/eddie/wyrd/wyrd-cov-l0/crates/testkit)
   Compiling wyrd-gateway-core v0.0.0 (/home/eddie/wyrd/wyrd-cov-l0/crates/gateway-core)
   Compiling wyrd-core v0.0.0 (/home/eddie/wyrd/wyrd-cov-l0/crates/core)
   Compiling wyrd-metadata-redb v0.0.0 (/home/eddie/wyrd/wyrd-cov-l0/crates/metadata-redb)
   Compiling wyrd-coordination-mem v0.0.0 (/home/eddie/wyrd/wyrd-cov-l0/crates/coordination-mem)
   Compiling wyrd-chunkstore-fs v0.0.0 (/home/eddie/wyrd/wyrd-cov-l0/crates/chunkstore-fs)
   Compiling wyrd-metadata-fault-conformance v0.0.0 (/home/eddie/wyrd/wyrd-cov-l0/crates/metadata-fault-conformance)
   Compiling indexmap v2.14.0
   Compiling lru v0.18.4
   Compiling opentelemetry_sdk v0.33.0
   Compiling tracing-opentelemetry v0.34.0
   Compiling aws-smithy-runtime-api v1.18.0
   Compiling aws-smithy-eventstream v0.61.4
   Compiling h2 v0.4.19
   Compiling tower v0.5.3
   Compiling petgraph v0.8.3
   Compiling aws-smithy-schema v0.2.1
   Compiling aws-smithy-http v0.64.0
   Compiling aws-credential-types v1.3.0
   Compiling aws-smithy-observability v0.3.0
   Compiling aws-sigv4 v1.6.0
   Compiling aws-smithy-checksums v0.65.0
   Compiling aws-smithy-runtime v1.15.0
   Compiling aws-smithy-json v0.63.1
   Compiling aws-smithy-xml v0.62.1
   Compiling prost-build v0.14.4
   Compiling opentelemetry-prometheus v0.33.0
   Compiling tonic-prost-build v0.14.6
   Compiling madsim-tonic-build v0.6.0+0.14
   Compiling hyper v1.10.1
   Compiling wyrd-proto v0.0.0 (/home/eddie/wyrd/wyrd-cov-l0/crates/proto)
   Compiling aws-runtime v1.10.0
   Compiling hyper-util v0.1.20
   Compiling aws-sdk-s3 v1.148.0
   Compiling axum v0.8.9
   Compiling hyper-timeout v0.5.2
   Compiling aws-smithy-http-client v1.4.2
   Compiling tonic v0.14.6
   Compiling wyrd-gateway-s3 v0.0.0 (/home/eddie/wyrd/wyrd-cov-l0/crates/gateway-s3)
   Compiling tonic-prost v0.14.6
   Compiling tonic-types v0.14.6
   Compiling opentelemetry-proto v0.33.0
   Compiling tonic-health v0.14.6
   Compiling wyrd-chunkstore-grpc v0.0.0 (/home/eddie/wyrd/wyrd-cov-l0/crates/chunkstore-grpc)
   Compiling opentelemetry-otlp v0.33.0
   Compiling wyrd-telemetry v0.0.0 (/home/eddie/wyrd/wyrd-cov-l0/crates/telemetry)
   Compiling wyrd-custodian v0.0.0 (/home/eddie/wyrd/wyrd-cov-l0/crates/custodian)
   Compiling wyrd-server v0.0.0 (/home/eddie/wyrd/wyrd-cov-l0/crates/server)
    Finished `test` profile [unoptimized + debuginfo] target(s) in 18.42s
     Running tests/s3_chunk_size_flag.rs (target/llvm-cov-target/debug/deps/s3_chunk_size_flag-b7463ec4cdac635d)

running 3 tests
test chunk_size_zero_is_refused_and_one_is_accepted ... ok
test chunk_size_ceiling_is_one_gib_inclusive ... ok
test chunk_size_flag_sets_the_on_disk_chunk_count_and_absence_keeps_the_default ... ok

test result: ok. 3 passed; 0 failed; 0 ignored; 0 measured; 0 filtered out; finished in 0.35s
run-diff-cov.sh: MEASURE — cargo llvm-cov test -p xtask (fix applied)
info: cargo-llvm-cov currently setting cfg(coverage); you can opt-out it by passing --no-cfg-coverage
   Compiling xtask v0.0.0 (/home/eddie/wyrd/wyrd-cov-l0/xtask)
    Finished `test` profile [unoptimized + debuginfo] target(s) in 1.06s
     Running unittests src/lib.rs (target/llvm-cov-target/debug/deps/xtask-675b9c81756c59e9)

running 5 tests
test consistency_run::tests::checker_output_is_three_valued_and_never_silently_passes ... ok
test consistency_run::tests::default_leg_is_partition ... ok
test consistency_run::tests::run_plan_visits_the_nemesis_window_between_workload_and_heal ... ok
test consistency_run::tests::the_nemesis_field_carries_the_typed_evidence_not_a_bare_boolean ... ok
test consistency_run::tests::evaluate_summary_requires_both_attestations ... ok

test result: ok. 5 passed; 0 failed; 0 ignored; 0 measured; 0 filtered out; finished in 0.00s

     Running unittests src/main.rs (target/llvm-cov-target/debug/deps/xtask-714584dd3cd2b0cd)

running 23 tests
test faults::tests::deferred_when_not_opted_in ... ok
test faults::tests::opted_in_with_tool_runs ... ok
test faults::tests::opted_in_without_tool_fails_hard ... ok
test faults::tests::jepsen_dispatch_routes_to_in_repo_scenario_not_external_command ... ok
test consistency_run_runner::tests::the_cluster_file_names_every_declared_coordinator ... ok
test faults::tests::tier1_jepsen_isolation_legs_includes_network_partition_not_freeze_only ... ok
test fdb_faults::tests::every_declared_leg_exists_as_a_test_binary ... ok
test fdb_faults::tests::the_cluster_file_names_every_declared_coordinator ... ok
test fdb_faults::tests::the_readiness_gate_is_not_fooled_by_an_unhealthy_cluster ... ok
test kill_reconstruct::tests::container_name_is_one_indexed ... ok
test kill_reconstruct::tests::victim_is_always_server_zero ... ok
test tests::ci_type_checks_feature_gated_metadata_scenario ... ok
test tests::ci_type_checks_the_fdb_feature_on_the_fdb_toolchain_alone ... ok
test tests::clean_run_finalizes_without_capturing_or_panicking ... ok
test tests::dserver_count_rejects_unusable_values_with_a_warning ... ok
test tests::dserver_count_unset_uses_default_silently ... ok
test tests::err_return_finalizes_capture_then_teardown_and_propagates ... ok
test tests::failure_captures_logs_before_teardown ... ok
test tests::dserver_count_accepts_a_valid_value_silently ... ok
test tests::statics_allowlist_covers_only_the_barrier ... ok
test tests::panic_finalizes_capture_then_teardown_then_resumes ... ok
test tests::success_tears_down_without_capturing_logs ... ok
test tests::statics_gate_flags_globals_not_fields ... ok

test result: ok. 23 passed; 0 failed; 0 ignored; 0 measured; 0 filtered out; finished in 0.00s

     Running tests/consistency_ci_job.rs (target/llvm-cov-target/debug/deps/consistency_ci_job-39ce3083d0219cc4)

running 5 tests
test a_workflow_name_equals_the_landed_verdict_dispatch_seat ... ok
test d_the_nightly_reporter_watches_the_new_job ... ok
test c_the_run_artifacts_are_uploaded_from_where_408_actually_writes_them ... ok
test b_triggers_are_schedule_and_dispatch_only_bounded_and_thin ... ok
test e_the_dst_promotion_anchor_exists_and_replays_the_faithful_property_bodies ... ok

test result: ok. 5 passed; 0 failed; 0 ignored; 0 measured; 0 filtered out; finished in 0.00s

     Running tests/consistency_run_orchestration.rs (target/llvm-cov-target/debug/deps/consistency_run_orchestration-3619a774699b839d)

running 40 tests
test a_captured_fail_output_parses_to_a_genuine_violation ... ok
test a_captured_unknown_output_parses_to_inconclusive_even_with_exit_zero ... ok
test a_captured_pass_output_parses_to_pass ... ok
test a_delete_pool_whose_checks_held_reports_no_violation ... ok
test a_jar_without_a_recorded_revision_still_identifies_by_version_and_hash ... ok
test a_summary_attesting_both_witnesses_evaluates_conclusive ... ok
test a_missing_field_fails_the_vocabulary_pin ... ok
test a_summary_missing_the_inv2_witness_is_inconclusive ... ok
test a_summary_whose_composed_final_read_is_indeterminate_is_inconclusive_and_names_the_members ... ok
test a_summary_whose_typed_evidence_did_not_materialize_is_inconclusive ... ok
test a_true_token_contradicted_by_a_nonzero_exit_is_inconclusive_never_a_pass ... ok
test a_field_the_scenario_emits_but_the_seam_does_not_name_is_a_hard_error ... ok
test an_unrecognized_leg_name_is_a_hard_error_not_a_silent_fallback ... ok
test each_violated_wyrd_check_is_named_so_the_run_can_fail_on_it ... ok
test metadata_without_a_version_is_a_hard_error_never_an_unknown_placeholder ... ok
test not_opted_in_is_always_ok_deferred_not_an_error ... ok
test opted_in_with_a_full_environment_is_ok ... ok
test opted_in_but_missing_any_piece_is_a_hard_error_naming_it ... ok
test an_unknown_field_nested_inside_the_seam_is_a_hard_error_too ... ok
test run_plan_carries_bring_up_through_report_in_order ... ok
test opted_in_with_nothing_present_names_every_missing_piece ... ok
test scenario_argv_targets_wyrd_server_with_the_fdb_feature_and_ignored_flag ... ok
test skew_and_pause_are_selectable_by_name ... ok
test the_default_leg_is_partition_never_a_silent_no_fault ... ok
test the_degraded_composed_read_is_checker_verified_to_be_inconclusive_not_a_vacuous_pass ... ok
test the_delete_pools_violation_is_independent_of_the_vacuity_gate ... ok
test the_directory_fixtures_use_the_set_vocabulary_with_integer_elements_only ... ok
test the_directory_invocation_uses_the_set_model_not_set_full ... ok
test the_known_good_and_known_bad_register_histories_carry_the_txn_vocabulary ... ok
test the_member_id_map_field_renders_every_pair_and_says_so_when_empty ... ok
test the_real_jars_pom_properties_parses_to_its_version_and_revision ... ok
test the_register_invocation_uses_the_rw_register_model ... ok
test the_member_id_map_crosses_the_seam_rather_than_being_dropped_on_the_floor ... ok
test the_report_names_the_checker_version_not_only_the_jar_hash ... ok
test the_report_nemesis_field_attests_how_the_fault_bit_not_a_bare_boolean ... ok
test the_report_renders_all_five_named_fields ... ok
test the_report_resolves_the_set_models_integer_elements_via_the_member_id_map ... ok
test the_self_check_confirms_known_good_parses_pass_and_known_bad_parses_violation ... ok
test the_version_is_read_from_the_jars_own_metadata_entry ... ok
test the_run_summary_is_parsed_from_json_carrying_the_typed_evidence_and_outcome_counts ... ok

test result: ok. 40 passed; 0 failed; 0 ignored; 0 measured; 0 filtered out; finished in 0.00s

     Running tests/deploy_no_orchestrator_coupling.rs (target/llvm-cov-target/debug/deps/deploy_no_orchestrator_coupling-b4a21066ee6de74f)

running 6 tests
test orchestrator_needles_are_non_empty_and_import_shaped ... ok
test scan_line_catches_a_kube_import ... ok
test scan_line_ignores_comments_and_prose ... ok
test scan_dir_is_red_when_an_orchestrator_import_is_planted ... ok
test small_multi_node_compose_config_is_structurally_valid ... ok
test scan_dir_is_green_over_the_real_workspace_crates ... ok

test result: ok. 6 passed; 0 failed; 0 ignored; 0 measured; 0 filtered out; finished in 0.10s

     Running tests/disk_faults_orchestration.rs (target/llvm-cov-target/debug/deps/disk_faults_orchestration-e1ccbd797381ab47)

running 12 tests
test campaign_verdict_components_are_recorded_faithfully ... ok
test campaign_verdict_fails_if_reconstruction_propagated_error ... ok
test campaign_verdict_fails_if_chunk_not_at_full_redundancy ... ok
test campaign_verdict_passes_full_redundancy_no_errors ... ok
test campaign_verdict_fails_if_scrub_leg_inert ... ok
test campaign_verdict_zero_intact_fails ... ok
test dm_table_error_embeds_sector_count ... ok
test dm_table_error_produces_correct_dmsetup_string ... ok
test dm_table_linear_embeds_sector_count_and_device ... ok
test dm_table_linear_produces_correct_dmsetup_string ... ok
test verdict_scrub_leg_detected_when_chunk_enqueued ... ok
test verdict_scrub_leg_not_detected_when_queue_empty ... ok

test result: ok. 12 passed; 0 failed; 0 ignored; 0 measured; 0 filtered out; finished in 0.00s

     Running tests/dist_templates.rs (target/llvm-cov-target/debug/deps/dist_templates-d2f6d6babad06b45)

running 14 tests
test dist_args_parse_and_refuse_correctly ... ok
test image_tags_sanitize_the_semver_plus ... ok
test leftover_placeholders_refuse_and_bindir_survives ... ok
test normalize_describe_covers_all_three_shapes ... ok
test install_sh_preserves_live_configs_on_upgrade ... ok
test the_staging_plan_matches_the_repo ... ok
test install_sh_never_enables_or_starts_units ... ok
test install_sh_keeps_its_contract ... ok
test the_custodian_unit_warns_run_exactly_one ... ok
test env_examples_name_every_load_bearing_flag ... ok
test only_the_metadata_opening_roles_may_write_the_fdb_cluster_file ... ok
test units_run_unprivileged_from_etc_wyrd_and_keep_the_bindir_token ... ok
test units_carry_the_hardening_baseline ... ok
test the_installer_pin_shares_the_dockerfile_source_of_truth ... ok

test result: ok. 14 passed; 0 failed; 0 ignored; 0 measured; 0 filtered out; finished in 0.00s

     Running tests/fdb_deploy_profiles.rs (target/llvm-cov-target/debug/deps/fdb_deploy_profiles-090196639aacdb06)

running 11 tests
test both_new_fdb_stacks_exist ... ok
test fdb_single_zone_wires_every_metadata_role_to_fdb_and_none_to_tikv ... ok
test each_single_zone_fdbserver_pins_a_stable_locality_hostname ... ok
test readme_records_the_tikv_fdb_single_zone_pairing ... ok
test readme_records_the_tikv_stand_down ... ok
test readme_profile_matrix_names_all_six_profiles ... ok
test readme_states_which_single_zone_stack_is_canonical ... ok
test each_single_zone_fdbserver_persists_its_data_directory ... ok
test the_single_zone_shares_fdb0s_cluster_file_with_the_wyrd_roles ... ok
test fdb_multi_replica_declares_three_processes_and_the_fault_sidecar ... ok
test small_multi_node_fdb_compose_config_is_structurally_valid ... ok

test result: ok. 11 passed; 0 failed; 0 ignored; 0 measured; 0 filtered out; finished in 0.08s

     Running tests/fdb_harness.rs (target/llvm-cov-target/debug/deps/fdb_harness-935f71399afddc44)

running 30 tests
test a_bare_xtask_step_is_a_head_but_every_evasion_shape_is_not ... ok
test a_missing_client_library_names_the_client_package ... ok
test a_ready_environment_enters_the_stack_exactly_once_and_propagates_its_result ... ok
test a_missing_docker_stops_the_job_before_a_container_is_started ... ok
test a_passing_row_carries_no_remediation ... ok
test a_missing_client_library_stops_the_job_before_a_container_is_started ... ok
test an_unavailable_cluster_is_not_read_as_available ... ok
test an_unhealthy_cluster_names_the_bring_up_command ... ok
test an_unreadable_cluster_file_names_the_env_var_and_its_default ... ok
test cluster_file_path_falls_back_to_the_default_when_unset_or_blank ... ok
test doctor_is_green_when_every_probe_passes ... ok
test doctor_is_red_when_a_failing_probe_outcome_is_planted ... ok
test feature_gated_checks_type_check_the_fdb_surface_when_the_fdb_toolchain_is_present ... ok
test ldconfig_fallback_recognises_the_client_library ... ok
test probe_client_library_finds_a_custom_prefix_build_via_fdb_client_lib_path ... ok
test the_client_library_search_honours_fdb_client_lib_path ... ok
test the_fdb_and_tikv_toolchain_gates_are_independent ... ok
test the_conformance_command_delegates_to_the_gate_and_is_red_when_it_does_not ... ok
test the_conformance_preflight_is_handed_the_real_measured_probes ... ok
test the_audit_policy_records_what_cargo_deny_cannot_see ... ok
test the_doctors_cluster_file_literals_match_the_drivers_own ... ok
test the_workflow_head_scrape_is_red_when_the_conformance_step_is_evaded ... ok
test the_licence_wall_covers_the_optional_backend_graphs_from_one_allowlist ... ok
test the_pinned_fdb_version_agrees_across_the_image_the_client_and_the_doctor ... ok
test the_workflow_opts_the_fdb_typechecks_into_the_whole_gate ... ok
test the_live_client_library_adapter_reads_the_real_env_and_filesystem ... ok
test the_workflow_runs_on_pull_requests_and_nightly_and_is_not_a_merge_gate ... ok
test the_pull_request_leg_type_checks_every_fdb_feature_arm_it_filters_on ... ok
test the_shipped_artifact_wall_carries_no_off_by_default_backend_exception ... ok
test the_fdb_conformance_workflow_runs_only_real_dispatched_subcommands ... ok

test result: ok. 30 passed; 0 failed; 0 ignored; 0 measured; 0 filtered out; finished in 0.00s

     Running tests/fdb_image.rs (target/llvm-cov-target/debug/deps/fdb_image-9dca627bfe9209fc)

running 4 tests
test fdb_version_is_consistent_across_dockerfile_compose_and_crate ... ok
test dockerfile_is_multistage_nonroot_and_parameterized ... ok
test consistency_check_is_red_on_a_mismatched_fdb_version ... ok
test workflow_exists_resolves_and_filters_the_fdb_surface ... ok

test result: ok. 4 passed; 0 failed; 0 ignored; 0 measured; 0 filtered out; finished in 0.00s

     Running tests/metadata_faults_orchestration.rs (target/llvm-cov-target/debug/deps/metadata_faults_orchestration-ca78b1f34aaa74d2)

running 3 tests
test dispatch_routes_to_in_repo_scenario_not_external_command ... ok
test legacy_var_is_the_only_path_to_the_removed_external_route ... ok
test in_repo_scenario_argv_carries_the_tikv_feature_and_ignored_flag ... ok

test result: ok. 3 passed; 0 failed; 0 ignored; 0 measured; 0 filtered out; finished in 0.00s

     Running tests/nemesis_orchestration.rs (target/llvm-cov-target/debug/deps/nemesis_orchestration-df77e8e5bf5a5875)

running 4 tests
test campaign_runs_all_three_fault_classes_not_a_subset ... ok
test each_leg_routes_to_its_own_scenario_function ... ok
test the_name_drift_guard_rejects_a_leg_that_ran_zero_tests ... ok
test runner_argv_carries_the_fdb_feature_and_the_ignored_exact_leg ... ok

test result: ok. 4 passed; 0 failed; 0 ignored; 0 measured; 0 filtered out; finished in 0.00s

     Running tests/readme_dev_section.rs (target/llvm-cov-target/debug/deps/readme_dev_section-4869bb9b8041b208)

running 1 test
test readme_documents_development_and_testing ... ok

test result: ok. 1 passed; 0 failed; 0 ignored; 0 measured; 0 filtered out; finished in 0.00s

     Running tests/repo_hygiene_guards.rs (target/llvm-cov-target/debug/deps/repo_hygiene_guards-cad8f1945ab9340d)

running 29 tests
test scan_crate_roots_accepts_a_leading_utf8_bom ... ok
test scan_gitlinks_follows_gits_effective_value_for_duplicate_stanzas ... ok
test scan_gitlinks_is_green_for_a_declared_submodule ... ok
test scan_gitlinks_is_red_on_a_quoted_worktree_path ... ok
test scan_gitlinks_is_red_on_a_url_less_submodule_stanza ... ok
test scan_gitlinks_is_red_on_an_undeclared_gitlink ... ok
test scan_crate_roots_accepts_comment_markers_inside_attribute_strings ... ok
test target_src_paths_rejects_unusable_metadata ... ok
test scan_gitlinks_is_red_on_any_tracked_agent_worktree_entry ... ok
test target_src_paths_follows_manifest_overrides_for_every_kind ... ok
test scan_crate_roots_is_red_when_the_attribute_is_missing ... ok
test unsafe_forbid_allowlist_is_narrow_and_reasoned ... ok
test scan_crate_roots_is_red_on_an_uncovered_bin_root ... ok
test scan_crate_roots_fails_closed_when_it_cannot_see_the_tree ... ok
test scan_crate_roots_covers_build_scripts_benches_and_examples ... ok
test scan_crate_roots_finds_packages_below_an_intermediate_directory ... ok
test a_cfg_attr_touching_unsafe_code_is_a_conditional_policy_and_red ... ok
test a_crate_missing_from_workspace_members_is_reported ... ok
test scan_crate_roots_looks_past_a_leading_shebang ... ok
test scan_crate_roots_accepts_any_forbid_list_containing_unsafe_code ... ok
test the_manifest_walk_does_not_follow_directory_symlinks ... ok
test scan_crate_roots_ignores_brackets_and_attributes_inside_strings ... ok
test the_deny_exemption_is_red_when_a_later_allow_overrides_it ... ok
test scan_crate_roots_requires_the_attribute_at_crate_level ... ok
test scan_crate_roots_rejects_a_commented_out_attribute ... ok
test scan_crate_roots_honors_the_deny_allowlist ... ok
test scan_gitlinks_is_green_over_the_real_index ... ok
test every_crate_directory_is_a_workspace_member_today ... ok
test scan_crate_roots_is_green_over_the_real_workspace_crates ... ok

test result: ok. 29 passed; 0 failed; 0 ignored; 0 measured; 0 filtered out; finished in 0.10s
run-diff-cov.sh: NOTE — 16 of 99 changed production lines carried a coverage
                 region; the other 83 are not scored either way. Most are simply not
                 executable (comments, `use`, declarations, bare delimiters). But code
                 compiled out by a #[cfg(...)] your feature selection does not enable looks
                 identical here, and this gate cannot tell the two apart (#222).
                 The largest unscored spans, so you can tell at a glance which it is:
run-diff-cov.sh:   UNSCORED crates/server/src/cli.rs:2960-2977 (18 lines)
run-diff-cov.sh:   UNSCORED crates/server/src/cli.rs:2295-2310 (16 lines)
run-diff-cov.sh:   UNSCORED crates/server/src/lib.rs:50-62 (13 lines)
run-diff-cov.sh:   UNSCORED crates/server/src/lib.rs:793-801 (9 lines)
run-diff-cov.sh:   UNSCORED crates/server/src/lib.rs:155-159 (5 lines)
run-diff-cov.sh:   UNSCORED crates/server/src/cli.rs:2411-2413 (3 lines)
run-diff-cov.sh:   … and 13 further span(s), none larger; all of them are in coverage/diff-cov.json
run-diff-cov.sh: MISS crates/server/src/cli.rs:491
run-diff-cov.sh: MISS crates/server/src/cli.rs:2199
run-diff-cov.sh: MISS crates/server/src/cli.rs:2200
run-diff-cov.sh: MISS crates/server/src/cli.rs:2311
run-diff-cov.sh: MISS crates/server/src/cli.rs:2312
run-diff-cov.sh: MISS crates/server/src/cli.rs:2313
run-diff-cov.sh: MISS crates/server/src/cli.rs:2314
run-diff-cov.sh: MISS crates/server/src/cli.rs:2315
run-diff-cov.sh: MISS crates/server/src/cli.rs:2331
run-diff-cov.sh: MISS crates/server/src/cli.rs:2332
run-diff-cov.sh: MISS crates/server/src/cli.rs:2333
run-diff-cov.sh: MISS crates/server/src/cli.rs:2334
run-diff-cov.sh: MISS crates/server/src/cli.rs:2375
run-diff-cov.sh: MISS crates/server/src/cli.rs:2441
run-diff-cov.sh: MISS crates/server/src/cli.rs:2442
run-diff-cov.sh: MISS crates/server/src/cli.rs:2443
METRIC diff_cov=0.0 covered=0 instrumentable=16 unscored=83
run-diff-cov.sh: C4-diff-cov: uncovered changed lines in crate wyrd-server — 16 of 16 not executed by the patch tests (100.0% uncovered)
run-diff-cov.sh: FAIL — the patch's tests execute 0.0% of its instrumentable changed
                 lines, below the 80% floor. Each MISS above is a REACH gap: the
                 line never ran. (A line that DID run may still be unasserted — that is
                 C5-mutants' question, not this row's.)
PDCA-EVIDENCE: diff coverage 0.0% — 0 of 16 instrumentable changed lines executed (below the 80% floor); 16 of 99 changed lines were instrumentable
