# gate: C4-verify — per-fix red->green: this patch's test red pre-fix, green post-fix
# cmd: ./engine/scripts/run-verify.sh
# cwd: /home/eddie/wyrd/wyrd-pdca
# PDCA_WORKTREE: /home/eddie/wyrd/wyrd.pdca-wt-l0
# start: 2026-09-30T23:35:36+00:00
# duration_secs: 21.85
# exit: 0
# outcome: pass
# ---- combined stdout+stderr (verbatim) ----
run-verify.sh: GREEN — cargo test -p wyrd-server --test s3_chunk_size_flag (fix applied)

running 3 tests
...
test result: ok. 3 passed; 0 failed; 0 ignored; 0 measured; 0 filtered out; finished in 0.36s
run-verify.sh: RED — cargo test -p wyrd-server --test s3_chunk_size_flag (production reverted, test kept)

running 3 tests
chunk_size_zero_is_refused_and_one_is_accepted --- FAILED
chunk_size_ceiling_is_one_gib_inclusive --- FAILED
chunk_size_flag_sets_the_on_disk_chunk_count_and_absence_keeps_the_default --- FAILED

failures:

---- chunk_size_zero_is_refused_and_one_is_accepted stdout ----

thread 'chunk_size_zero_is_refused_and_one_is_accepted' (1306394) panicked at crates/server/tests/s3_chunk_size_flag.rs:281:35:
`--chunk-size 0` must be refused before binding, but the role serves on 127.0.0.1:39643; stderr: ["wyrd s3: serving S3-compatible HTTP on 127.0.0.1:39643 (data-dir /var/tmp/pdca/wyrd-pdca-9c587031/issue_738/.tmpLM5BGW)"]
note: run with `RUST_BACKTRACE=1` environment variable to display a backtrace

---- chunk_size_ceiling_is_one_gib_inclusive stdout ----

thread 'chunk_size_ceiling_is_one_gib_inclusive' (1306392) panicked at crates/server/tests/s3_chunk_size_flag.rs:281:35:
`--chunk-size 1073741825` must be refused before binding, but the role serves on 127.0.0.1:42795; stderr: ["wyrd s3: serving S3-compatible HTTP on 127.0.0.1:42795 (data-dir /var/tmp/pdca/wyrd-pdca-9c587031/issue_738/.tmpQnnMvK)"]

---- chunk_size_flag_sets_the_on_disk_chunk_count_and_absence_keeps_the_default stdout ----

thread 'chunk_size_flag_sets_the_on_disk_chunk_count_and_absence_keeps_the_default' (1306393) panicked at crates/server/tests/s3_chunk_size_flag.rs:261:5:
assertion `left == right` failed: `--chunk-size 524288` must split a 2097152-byte object into 4 chunks
  left: 2
 right: 4


failures:
    chunk_size_ceiling_is_one_gib_inclusive
    chunk_size_flag_sets_the_on_disk_chunk_count_and_absence_keeps_the_default
    chunk_size_zero_is_refused_and_one_is_accepted

test result: FAILED. 0 passed; 3 failed; 0 ignored; 0 measured; 0 filtered out; finished in 0.17s

error: test failed, to rerun pass `-p wyrd-server --test s3_chunk_size_flag`
run-verify.sh: PASS — red without the fix, green with it (3 test(s) ran red).
