# gate: C4-verify — per-fix red->green: this patch's test red pre-fix, green post-fix
# cmd: ./engine/scripts/run-verify.sh
# cwd: /home/eddie/wyrd/wyrd-pdca
# PDCA_WORKTREE: /home/eddie/wyrd/wyrd.pdca-wt
# start: 2026-09-11T19:39:51+00:00
# duration_secs: 3.43
# exit: 77
# outcome: unverifiable
# ---- combined stdout+stderr (verbatim) ----
run-verify.sh: GREEN — cargo test -p wyrd-core --test multipart_owned_staging (fix applied)

running 13 tests
.............
test result: ok. 13 passed; 0 failed; 0 ignored; 0 measured; 0 filtered out; finished in 0.01s
run-verify.sh: RED — cargo test -p wyrd-core --test multipart_owned_staging (production reverted, test kept)
error[E0432]: unresolved imports `wyrd_core::multipart::decode_owned_entry`, `wyrd_core::multipart::OwnedEntry`, `wyrd_core::multipart::StagedPlacement`
  --> crates/core/tests/multipart_owned_staging.rs:55:5
   |
55 |     decode_owned_entry, sidx_key, OwnedEntry, PartNumber, RecordError, StagedPlacement, UploadId,
   |     ^^^^^^^^^^^^^^^^^^            ^^^^^^^^^^                           ^^^^^^^^^^^^^^^ no `StagedPlacement` in `multipart`
   |     |                             |
   |     |                             no `OwnedEntry` in `multipart`
   |     no `decode_owned_entry` in `multipart`

error[E0425]: cannot find function `decode_pending_entry` in module `metadata`
   --> crates/core/tests/multipart_owned_staging.rs:171:29
    |
171 |     let decoded = metadata::decode_pending_entry(value);
    |                             ^^^^^^^^^^^^^^^^^^^^ not found in `metadata`

error[E0425]: cannot find function `decode_pending_entry` in module `metadata`
   --> crates/core/tests/multipart_owned_staging.rs:251:27
    |
251 |         assert!(metadata::decode_pending_entry(&value).is_err());
    |                           ^^^^^^^^^^^^^^^^^^^^ not found in `metadata`

error[E0425]: cannot find function `decode_pending_entry` in module `metadata`
   --> crates/core/tests/multipart_owned_staging.rs:352:23
    |
352 |             metadata::decode_pending_entry(&bytes),
    |                       ^^^^^^^^^^^^^^^^^^^^ not found in `metadata`

error[E0599]: no variant named `StagedSchemeUnsupported` found for enum `RecordError`
   --> crates/core/tests/multipart_owned_staging.rs:245:30
    |
245 |             Err(RecordError::StagedSchemeUnsupported { k, m }),
    |                              ^^^^^^^^^^^^^^^^^^^^^^^
    |
help: there is a variant with a similar name
    |
245 -             Err(RecordError::StagedSchemeUnsupported { k, m }),
245 +             Err(RecordError::ChunkSchemeUnsupported { k, m }),
    |

error[E0599]: no variant named `StagedSchemeUnsupported` found for enum `RecordError`
   --> crates/core/tests/multipart_owned_staging.rs:255:30
    |
255 |             Err(RecordError::StagedSchemeUnsupported { k, m })
    |                              ^^^^^^^^^^^^^^^^^^^^^^^
    |
help: there is a variant with a similar name
    |
255 -             Err(RecordError::StagedSchemeUnsupported { k, m })
255 +             Err(RecordError::ChunkSchemeUnsupported { k, m })
    |

error[E0599]: no variant named `OwnedEntryOwnerMismatch` found for enum `RecordError`
   --> crates/core/tests/multipart_owned_staging.rs:284:26
    |
284 |         Err(RecordError::OwnedEntryOwnerMismatch {
    |                          ^^^^^^^^^^^^^^^^^^^^^^^ variant not found in `RecordError`

error[E0599]: no variant named `TornOwnedEntry` found for enum `RecordError`
   --> crates/core/tests/multipart_owned_staging.rs:299:47
    |
299 |     let torn = |present, absent| RecordError::TornOwnedEntry { present, absent };
    |                                               ^^^^^^^^^^^^^^ variant not found in `RecordError`

error[E0560]: struct `PendingEntry` has no field named `owner`
   --> crates/core/tests/multipart_owned_staging.rs:330:17
    |
330 |                 owner: Some(upload_id("a1")),
    |                 ^^^^^ `PendingEntry` does not have this field
    |
    = note: all struct fields are already assigned

error[E0560]: struct `PendingEntry` has no field named `staged`
   --> crates/core/tests/multipart_owned_staging.rs:331:17
    |
331 |                 staged: None,
    |                 ^^^^^^ `PendingEntry` does not have this field
    |
    = note: all struct fields are already assigned

error[E0560]: struct `PendingEntry` has no field named `owner`
   --> crates/core/tests/multipart_owned_staging.rs:339:17
    |
339 |                 owner: None,
    |                 ^^^^^ `PendingEntry` does not have this field
    |
    = note: all struct fields are already assigned

error[E0560]: struct `PendingEntry` has no field named `staged`
   --> crates/core/tests/multipart_owned_staging.rs:340:17
    |
340 |                 staged: Some(staged.clone()),
    |                 ^^^^^^ `PendingEntry` does not have this field
    |
    = note: all struct fields are already assigned

error[E0599]: no variant named `PendingEntryNamespaceMismatch` found for enum `RecordError`
   --> crates/core/tests/multipart_owned_staging.rs:371:26
    |
371 |         Err(RecordError::PendingEntryNamespaceMismatch {
    |                          ^^^^^^^^^^^^^^^^^^^^^^^^^^^^^ variant not found in `RecordError`

error[E0599]: no variant named `PendingEntryNamespaceMismatch` found for enum `RecordError`
   --> crates/core/tests/multipart_owned_staging.rs:379:26
    |
379 |         Err(RecordError::PendingEntryNamespaceMismatch {
    |                          ^^^^^^^^^^^^^^^^^^^^^^^^^^^^^ variant not found in `RecordError`

error[E0560]: struct `PendingEntry` has no field named `owner`
   --> crates/core/tests/multipart_owned_staging.rs:403:13
    |
403 |             owner: None,
    |             ^^^^^ `PendingEntry` does not have this field
    |
    = note: all struct fields are already assigned

error[E0560]: struct `PendingEntry` has no field named `staged`
   --> crates/core/tests/multipart_owned_staging.rs:404:13
    |
404 |             staged: None,
    |             ^^^^^^ `PendingEntry` does not have this field
    |
    = note: all struct fields are already assigned

error[E0609]: no field `owner` on type `PendingEntry`
   --> crates/core/tests/multipart_owned_staging.rs:534:22
    |
534 |     assert_eq!(entry.owner, None);
    |                      ^^^^^ unknown field
    |
    = note: available field is: `lease_expiry_millis`

error[E0609]: no field `staged` on type `PendingEntry`
   --> crates/core/tests/multipart_owned_staging.rs:535:22
    |
535 |     assert_eq!(entry.staged, None);
    |                      ^^^^^^ unknown field
    |
    = note: available field is: `lease_expiry_millis`

error[E0560]: struct `PendingEntry` has no field named `owner`
   --> crates/core/tests/multipart_owned_staging.rs:541:9
    |
541 |         owner: None,
    |         ^^^^^ `PendingEntry` does not have this field
    |
    = note: all struct fields are already assigned

error[E0560]: struct `PendingEntry` has no field named `staged`
   --> crates/core/tests/multipart_owned_staging.rs:542:9
    |
542 |         staged: None,
    |         ^^^^^^ `PendingEntry` does not have this field
    |
    = note: all struct fields are already assigned

Some errors have detailed explanations: E0425, E0432, E0560, E0599, E0609.
For more information about an error, try `rustc --explain E0425`.
error: could not compile `wyrd-core` (test "multipart_owned_staging") due to 20 previous errors
run-verify.sh: UNVERIFIABLE — the RED leg's cargo run failed (status 101) WITHOUT
               running a test, so no RED was established. This is NOT 'red without the
               fix' — the discriminator never executed. The usual cause is that it does
               not COMPILE against the reverted base: it calls production API this patch
               adds, so reverting the fix removes the symbol it needs. Split the test so
               it exercises the behaviour through pre-existing API, or record at sign-off
               why this slice has no isolable red (the cargo output is above).
