# gate C4-verify — attempt 1/1: unverifiable (exit 77)
# cmd: ./engine/scripts/run-verify.sh
# cwd: /home/eddie/wyrd/wyrd-pdca
# PDCA_WORKTREE: /home/eddie/wyrd/wyrd.pdca-wt
# started: 2026-08-12T16:14:48+02:00   duration: 3s

run-verify.sh: GREEN — cargo test -p wyrd-core --test multipart_staging_retire (fix applied)

running 26 tests
..........................
test result: ok. 26 passed; 0 failed; 0 ignored; 0 measured; 0 filtered out; finished in 0.00s
run-verify.sh: RED — cargo test -p wyrd-core --test multipart_staging_retire (production reverted, test kept)
error[E0432]: unresolved imports `wyrd_core::multipart::decode_owned_entry`, `wyrd_core::multipart::decode_retire_obligation`, `wyrd_core::multipart::OwnedEntry`, `wyrd_core::multipart::PartNumberSet`, `wyrd_core::multipart::RetirePayload`, `wyrd_core::multipart::StagedPlacement`
  --> crates/core/tests/multipart_staging_retire.rs:53:5
   |
53 |     decode_owned_entry, decode_retire_obligation, retire_key, sidx_key, AttemptId, OwnedEntry,
   |     ^^^^^^^^^^^^^^^^^^  ^^^^^^^^^^^^^^^^^^^^^^^^                                   ^^^^^^^^^^ no `OwnedEntry` in `multipart`
   |     |                   |
   |     |                   no `decode_retire_obligation` in `multipart`
   |     no `decode_owned_entry` in `multipart`
54 |     PartNumber, PartNumberSet, RecordError, RetireMode, RetirePayload, RetireToken,
   |                 ^^^^^^^^^^^^^                           ^^^^^^^^^^^^^ no `RetirePayload` in `multipart`
   |                 |
   |                 no `PartNumberSet` in `multipart`
55 |     StagedPlacement, UploadId,
   |     ^^^^^^^^^^^^^^^ no `StagedPlacement` in `multipart`
   |
help: a similar name exists in the module
   |
54 -     PartNumber, PartNumberSet, RecordError, RetireMode, RetirePayload, RetireToken,
54 +     PartNumber, PartNumber, RecordError, RetireMode, RetirePayload, RetireToken,
   |

error[E0609]: no field `owner` on type `PendingEntry`
   --> crates/core/tests/multipart_staging_retire.rs:251:22
    |
251 |     assert_eq!(entry.owner, None);
    |                      ^^^^^ unknown field
    |
    = note: available field is: `lease_expiry_millis`

error[E0609]: no field `staged` on type `PendingEntry`
   --> crates/core/tests/multipart_staging_retire.rs:252:22
    |
252 |     assert_eq!(entry.staged, None);
    |                      ^^^^^^ unknown field
    |
    = note: available field is: `lease_expiry_millis`

error[E0609]: no field `owner` on type `PendingEntry`
   --> crates/core/tests/multipart_staging_retire.rs:271:22
    |
271 |     assert_eq!(entry.owner.as_ref(), Some(&upload_id(OWNER_HEX)));
    |                      ^^^^^ unknown field
    |
    = note: available field is: `lease_expiry_millis`

error[E0599]: no variant named `OwnedEntryOwnerMismatch` found for enum `RecordError`
   --> crates/core/tests/multipart_staging_retire.rs:388:26
    |
388 |         Err(RecordError::OwnedEntryOwnerMismatch {
    |                          ^^^^^^^^^^^^^^^^^^^^^^^ variant not found in `RecordError`

error[E0599]: no variant named `TornOwnedEntry` found for enum `RecordError`
   --> crates/core/tests/multipart_staging_retire.rs:427:30
    |
427 |             Err(RecordError::TornOwnedEntry {
    |                              ^^^^^^^^^^^^^^ variant not found in `RecordError`

error[E0599]: no variant named `StagedSchemeUnsupported` found for enum `RecordError`
   --> crates/core/tests/multipart_staging_retire.rs:454:26
    |
454 |         Err(RecordError::StagedSchemeUnsupported { k, m }) => {
    |                          ^^^^^^^^^^^^^^^^^^^^^^^
    |
help: there is a variant with a similar name
    |
454 -         Err(RecordError::StagedSchemeUnsupported { k, m }) => {
454 +         Err(RecordError::ChunkSchemeUnsupported { k, m }) => {
    |

error[E0599]: no variant, associated function, or constant named `NotAnOwnedEntry` found for enum `RecordError` in the current scope
   --> crates/core/tests/multipart_staging_retire.rs:489:26
    |
489 |         Err(RecordError::NotAnOwnedEntry)
    |                          ^^^^^^^^^^^^^^^ variant, associated function, or constant not found in `RecordError`

error[E0599]: no variant named `RetireTokenScopeMismatch` found for enum `RecordError`
   --> crates/core/tests/multipart_staging_retire.rs:508:26
    |
508 |         Err(RecordError::RetireTokenScopeMismatch { token, payload }) => {
    |                          ^^^^^^^^^^^^^^^^^^^^^^^^ variant not found in `RecordError`

error[E0599]: no variant named `RetireTokenScopeMismatch` found for enum `RecordError`
   --> crates/core/tests/multipart_staging_retire.rs:518:26
    |
518 |         Err(RecordError::RetireTokenScopeMismatch { token, payload }) => {
    |                          ^^^^^^^^^^^^^^^^^^^^^^^^ variant not found in `RecordError`

error[E0599]: no variant named `RetireGenerationIdentityMismatch` found for enum `RecordError`
   --> crates/core/tests/multipart_staging_retire.rs:528:26
    |
528 |         Err(RecordError::RetireGenerationIdentityMismatch {
    |                          ^^^^^^^^^^^^^^^^^^^^^^^^^^^^^^^^ variant not found in `RecordError`

error[E0599]: no variant named `RetireTokenSuffixMismatch` found for enum `RecordError`
   --> crates/core/tests/multipart_staging_retire.rs:551:30
    |
551 |             Err(RecordError::RetireTokenSuffixMismatch {
    |                              ^^^^^^^^^^^^^^^^^^^^^^^^^ variant not found in `RecordError`

error[E0599]: no variant named `RetireTokenSuffixMismatch` found for enum `RecordError`
   --> crates/core/tests/multipart_staging_retire.rs:582:26
    |
582 |         Err(RecordError::RetireTokenSuffixMismatch {
    |                          ^^^^^^^^^^^^^^^^^^^^^^^^^ variant not found in `RecordError`

error[E0599]: no variant named `RetireTokenSuffixMismatch` found for enum `RecordError`
   --> crates/core/tests/multipart_staging_retire.rs:606:26
    |
606 |         Err(RecordError::RetireTokenSuffixMismatch {
    |                          ^^^^^^^^^^^^^^^^^^^^^^^^^ variant not found in `RecordError`

error[E0599]: no variant named `RetireGenerationSourcesConflict` found for enum `RecordError`
   --> crates/core/tests/multipart_staging_retire.rs:634:26
    |
634 |         Err(RecordError::RetireGenerationSourcesConflict { chunks: 1 })
    |                          ^^^^^^^^^^^^^^^^^^^^^^^^^^^^^^^ variant not found in `RecordError`

error[E0599]: no variant named `RetireObligationOwesNothing` found for enum `RecordError`
   --> crates/core/tests/multipart_staging_retire.rs:639:26
    |
639 |         Err(RecordError::RetireObligationOwesNothing {
    |                          ^^^^^^^^^^^^^^^^^^^^^^^^^^^ variant not found in `RecordError`

error[E0599]: no variant named `RetireModeMismatch` found for enum `RecordError`
   --> crates/core/tests/multipart_staging_retire.rs:685:26
    |
685 |         Err(RecordError::RetireModeMismatch {
    |                          ^^^^^^^^^^^^^^^^^^ variant not found in `RecordError`

error[E0599]: no variant named `RetireModeMismatch` found for enum `RecordError`
   --> crates/core/tests/multipart_staging_retire.rs:698:26
    |
698 |         Err(RecordError::RetireModeMismatch {
    |                          ^^^^^^^^^^^^^^^^^^ variant not found in `RecordError`

error[E0599]: no variant named `RetireObligationOwesNothing` found for enum `RecordError`
   --> crates/core/tests/multipart_staging_retire.rs:719:26
    |
719 |         Err(RecordError::RetireObligationOwesNothing { payload: "parts" })
    |                          ^^^^^^^^^^^^^^^^^^^^^^^^^^^ variant not found in `RecordError`

error[E0599]: no variant named `RetireObligationOwesNothing` found for enum `RecordError`
   --> crates/core/tests/multipart_staging_retire.rs:723:26
    |
723 |         Err(RecordError::RetireObligationOwesNothing { payload: "chunks" })
    |                          ^^^^^^^^^^^^^^^^^^^^^^^^^^^ variant not found in `RecordError`

error[E0599]: no variant named `RetireObligationOwesNothing` found for enum `RecordError`
   --> crates/core/tests/multipart_staging_retire.rs:727:26
    |
727 |         Err(RecordError::RetireObligationOwesNothing { payload: "records" })
    |                          ^^^^^^^^^^^^^^^^^^^^^^^^^^^ variant not found in `RecordError`

error[E0599]: no variant named `RetireObligationOwesNothing` found for enum `RecordError`
   --> crates/core/tests/multipart_staging_retire.rs:731:26
    |
731 |         Err(RecordError::RetireObligationOwesNothing { payload: "records" })
    |                          ^^^^^^^^^^^^^^^^^^^^^^^^^^^ variant not found in `RecordError`

error[E0599]: no variant named `RetireObligationOwesNothing` found for enum `RecordError`
   --> crates/core/tests/multipart_staging_retire.rs:777:26
    |
777 |         Err(RecordError::RetireObligationOwesNothing { payload: "parts" })
    |                          ^^^^^^^^^^^^^^^^^^^^^^^^^^^ variant not found in `RecordError`

error[E0599]: no variant named `PartNumberRunReversed` found for enum `RecordError`
   --> crates/core/tests/multipart_staging_retire.rs:832:26
    |
832 |         Err(RecordError::PartNumberRunReversed { lo: 4, hi: 2 })
    |                          ^^^^^^^^^^^^^^^^^^^^^ variant not found in `RecordError`

error[E0599]: no variant named `PartNumberRunsNotCoalesced` found for enum `RecordError`
   --> crates/core/tests/multipart_staging_retire.rs:836:26
    |
836 |         Err(RecordError::PartNumberRunsNotCoalesced {
    |                          ^^^^^^^^^^^^^^^^^^^^^^^^^^ variant not found in `RecordError`

error[E0599]: no variant named `PartNumberRunsNotCoalesced` found for enum `RecordError`
   --> crates/core/tests/multipart_staging_retire.rs:843:26
    |
843 |         Err(RecordError::PartNumberRunsNotCoalesced { lo: 1, .. })
    |                          ^^^^^^^^^^^^^^^^^^^^^^^^^^ variant not found in `RecordError`

Some errors have detailed explanations: E0432, E0599, E0609.
For more information about an error, try `rustc --explain E0432`.
error: could not compile `wyrd-core` (test "multipart_staging_retire") due to 26 previous errors
run-verify.sh: UNVERIFIABLE — the RED leg's cargo run failed (status 101) WITHOUT
               running a test, so no RED was established. This is NOT 'red without the
               fix' — the discriminator never executed. The usual cause is that it does
               not COMPILE against the reverted base: it calls production API this patch
               adds, so reverting the fix removes the symbol it needs. Split the test so
               it exercises the behaviour through pre-existing API, or record at sign-off
               why this slice has no isolable red (the cargo output is above).
