# gate C4-verify — attempt 1/1: pass (exit 0)
# cmd: ./engine/scripts/run-verify.sh
# cwd: /home/eddie/wyrd/wyrd-pdca
# PDCA_WORKTREE: /home/eddie/wyrd/wyrd.pdca-wt-l1
# started: 2026-08-07T10:41:28+02:00   duration: 2s

run-verify.sh: GREEN — cargo test -p wyrd-custodian --test segmented_map_rebalance (fix applied)

running 7 tests
.......
test result: ok. 7 passed; 0 failed; 0 ignored; 0 measured; 0 filtered out; finished in 0.00s
run-verify.sh: RED — cargo test -p wyrd-custodian --test segmented_map_rebalance (production reverted, test kept)

running 7 tests
.. 2/7
rule_a_the_pass_never_acts_on_a_generation_it_did_not_read --- FAILED
rule_d_one_refusal_per_object_accounting_for_what_it_leaves_behind --- FAILED
an_unreadable_object_is_named_the_walk_continues_and_nothing_certifies --- FAILED
a_fragment_in_a_seg_record_stays_put_refused_and_does_not_certify --- FAILED
a_segmented_object_no_longer_stops_the_flat_evacuation_beside_it --- FAILED

failures:

---- rule_a_the_pass_never_acts_on_a_generation_it_did_not_read stdout ----

thread 'rule_a_the_pass_never_acts_on_a_generation_it_did_not_read' (3935639) panicked at crates/custodian/tests/segmented_map_rebalance.rs:409:27:
BASE-RED: a stale-vs-live generation may not `Err` the pass: Store(SegmentedMapUnsupported { operation: "rebalance::plan_evacuations" })
note: run with `RUST_BACKTRACE=1` environment variable to display a backtrace

---- rule_d_one_refusal_per_object_accounting_for_what_it_leaves_behind stdout ----

thread 'rule_d_one_refusal_per_object_accounting_for_what_it_leaves_behind' (3935640) panicked at crates/custodian/tests/segmented_map_rebalance.rs:472:27:
BASE-RED: a segmented map may not `Err` the pass: Store(SegmentedMapUnsupported { operation: "rebalance::plan_evacuations" })

---- an_unreadable_object_is_named_the_walk_continues_and_nothing_certifies stdout ----

thread 'an_unreadable_object_is_named_the_walk_continues_and_nothing_certifies' (3935638) panicked at crates/custodian/tests/segmented_map_rebalance.rs:377:27:
BASE-RED: a damaged object may not `Err` the whole pass: Store(SegmentedMapUnsupported { operation: "rebalance::plan_evacuations" })

---- a_fragment_in_a_seg_record_stays_put_refused_and_does_not_certify stdout ----

thread 'a_fragment_in_a_seg_record_stays_put_refused_and_does_not_certify' (3935635) panicked at crates/custodian/tests/segmented_map_rebalance.rs:340:27:
BASE-RED: a segmented map may not `Err` the pass: Store(SegmentedMapUnsupported { operation: "rebalance::plan_evacuations" })

---- a_segmented_object_no_longer_stops_the_flat_evacuation_beside_it stdout ----

thread 'a_segmented_object_no_longer_stops_the_flat_evacuation_beside_it' (3935637) panicked at crates/custodian/tests/segmented_map_rebalance.rs:316:27:
BASE-RED: one segmented object may not `Err` the whole pass: Store(SegmentedMapUnsupported { operation: "rebalance::plan_evacuations" })


failures:
    a_fragment_in_a_seg_record_stays_put_refused_and_does_not_certify
    a_segmented_object_no_longer_stops_the_flat_evacuation_beside_it
    an_unreadable_object_is_named_the_walk_continues_and_nothing_certifies
    rule_a_the_pass_never_acts_on_a_generation_it_did_not_read
    rule_d_one_refusal_per_object_accounting_for_what_it_leaves_behind

test result: FAILED. 2 passed; 5 failed; 0 ignored; 0 measured; 0 filtered out; finished in 0.00s

error: test failed, to rerun pass `-p wyrd-custodian --test segmented_map_rebalance`
run-verify.sh: PASS — red without the fix, green with it (7 test(s) ran red).
