# gate: C4-verify — per-fix red->green: this patch's test red pre-fix, green post-fix
# cmd: ./engine/scripts/run-verify.sh
# cwd: /home/eddie/wyrd/wyrd-pdca
# PDCA_WORKTREE: /home/eddie/wyrd/wyrd.pdca-wt-l1
# start: 2026-09-28T23:21:46+00:00
# duration_secs: 8.25
# exit: 0
# outcome: pass
# ---- combined stdout+stderr (verbatim) ----
run-verify.sh: GREEN — cargo test -p wyrd-custodian --test restore_session_fence (fix applied)

running 11 tests
...........
test result: ok. 11 passed; 0 failed; 0 ignored; 0 measured; 0 filtered out; finished in 0.00s
run-verify.sh: RED — cargo test -p wyrd-custodian --test restore_session_fence (production reverted, test kept)

running 11 tests
k_an_already_fenced_session_whose_obligation_will_not_decode_is_named --- FAILED
h_a_session_whose_epoch_has_no_successor_is_left_untouched_and_named --- FAILED
h_i_a_completing_record_without_its_nonce_is_left_untouched_and_named --- FAILED
f_restore_fences_a_resurrected_open_session --- FAILED
e_restore_counts_staged_skips_apart_from_pending_skips --- FAILED
f_the_open_fence_lands_whole_or_not_at_all --- FAILED
h_ii_a_segment_naming_a_chunk_no_part_holds_is_fenced_and_still_named --- FAILED
h_iii_an_untrusted_staged_record_is_named_and_needs_no_human --- FAILED
k_a_second_pass_fences_nothing_again_and_still_names_what_needs_a_human --- FAILED
g_restore_fences_a_resurrected_completing_session_with_its_segments_deleter --- FAILED
h_a_fence_that_loses_its_compare_and_set_writes_nothing_and_is_named --- FAILED

failures:

---- k_an_already_fenced_session_whose_obligation_will_not_decode_is_named stdout ----

thread 'k_an_already_fenced_session_whose_obligation_will_not_decode_is_named' (1805318) panicked at crates/custodian/tests/restore_session_fence.rs:1365:5:
an ended attempt that cannot be checked needs a human: RestoreReport { stranded_marked: 0, already_marked: 0, pending_skipped: 0, pending_unreadable: [], displaced_kept: 0, dangling: [], misplaced: [], under_replicated: [], unresolvable: [] }
note: run with `RUST_BACKTRACE=1` environment variable to display a backtrace

---- h_a_session_whose_epoch_has_no_successor_is_left_untouched_and_named stdout ----

thread 'h_a_session_whose_epoch_has_no_successor_is_left_untouched_and_named' (1805313) panicked at crates/custodian/tests/restore_session_fence.rs:1155:5:
RestoreReport { stranded_marked: 0, already_marked: 0, pending_skipped: 0, pending_unreadable: [], displaced_kept: 0, dangling: [], misplaced: [], under_replicated: [], unresolvable: [] }

---- h_i_a_completing_record_without_its_nonce_is_left_untouched_and_named stdout ----

thread 'h_i_a_completing_record_without_its_nonce_is_left_untouched_and_named' (1805314) panicked at crates/custodian/tests/restore_session_fence.rs:986:5:
a resurrected session the pass could not fence needs a human: RestoreReport { stranded_marked: 0, already_marked: 0, pending_skipped: 0, pending_unreadable: [], displaced_kept: 0, dangling: [], misplaced: [], under_replicated: [], unresolvable: [] }

---- f_restore_fences_a_resurrected_open_session stdout ----

thread 'f_restore_fences_a_resurrected_open_session' (1805309) panicked at crates/custodian/tests/restore_session_fence.rs:535:5:
assertion `left == right` failed: the resurrected session mpu:f1f1f1f1f1f1f1f1f1f1f1f1f1f1f1f1 was not fenced to Aborting@E+1
  left: (Open, 3)
 right: (Aborting, 4)

---- e_restore_counts_staged_skips_apart_from_pending_skips stdout ----

thread 'e_restore_counts_staged_skips_apart_from_pending_skips' (1805308) panicked at crates/custodian/tests/restore_session_fence.rs:676:5:
the two staged fragments were not reported as staged-skipped: RestoreReport { stranded_marked: 0, already_marked: 0, pending_skipped: 1, pending_unreadable: [], displaced_kept: 0, dangling: [], misplaced: [], under_replicated: [], unresolvable: [] }

---- f_the_open_fence_lands_whole_or_not_at_all stdout ----

thread 'f_the_open_fence_lands_whole_or_not_at_all' (1805310) panicked at crates/custodian/tests/restore_session_fence.rs:821:9:
no commit ever tried to write mpu:f2f2f2f2f2f2f2f2f2f2f2f2f2f2f2f2 — the pass did not fence the session

---- h_ii_a_segment_naming_a_chunk_no_part_holds_is_fenced_and_still_named stdout ----

thread 'h_ii_a_segment_naming_a_chunk_no_part_holds_is_fenced_and_still_named' (1805315) panicked at crates/custodian/tests/restore_session_fence.rs:530:9:
the session mpu:d2d2d2d2d2d2d2d2d2d2d2d2d2d2d2d2 does not decode after the pass — it was not fenced: malformed mpu: record value: unknown field `segment_nonce`, expected one of `parent`, `name`, `epoch` at line 1 column 296

---- h_iii_an_untrusted_staged_record_is_named_and_needs_no_human stdout ----

thread 'h_iii_an_untrusted_staged_record_is_named_and_needs_no_human' (1805316) panicked at crates/custodian/tests/restore_session_fence.rs:1216:13:
pass 1: the report names no untrusted staged record: RestoreReport { stranded_marked: 0, already_marked: 0, pending_skipped: 0, pending_unreadable: [], displaced_kept: 0, dangling: [], misplaced: [], under_replicated: [], unresolvable: [] }

---- k_a_second_pass_fences_nothing_again_and_still_names_what_needs_a_human stdout ----

thread 'k_a_second_pass_fences_nothing_again_and_still_names_what_needs_a_human' (1805317) panicked at crates/custodian/tests/restore_session_fence.rs:1290:5:
the first pass must fence the three sessions it can: RestoreReport { stranded_marked: 0, already_marked: 0, pending_skipped: 0, pending_unreadable: [], displaced_kept: 0, dangling: [], misplaced: [], under_replicated: [], unresolvable: [] }

---- g_restore_fences_a_resurrected_completing_session_with_its_segments_deleter stdout ----

thread 'g_restore_fences_a_resurrected_completing_session_with_its_segments_deleter' (1805311) panicked at crates/custodian/tests/restore_session_fence.rs:530:9:
the session mpu:c1c1c1c1c1c1c1c1c1c1c1c1c1c1c1c1 does not decode after the pass — it was not fenced: malformed mpu: record value: unknown field `segment_nonce`, expected one of `parent`, `name`, `epoch` at line 1 column 296

---- h_a_fence_that_loses_its_compare_and_set_writes_nothing_and_is_named stdout ----

thread 'h_a_fence_that_loses_its_compare_and_set_writes_nothing_and_is_named' (1805312) panicked at crates/custodian/tests/restore_session_fence.rs:1092:5:
assertion `left == right` failed: the concurrent Complete fence never landed, so the pass's fence was never refused
  left: None
 right: Some(Committed)


failures:
    e_restore_counts_staged_skips_apart_from_pending_skips
    f_restore_fences_a_resurrected_open_session
    f_the_open_fence_lands_whole_or_not_at_all
    g_restore_fences_a_resurrected_completing_session_with_its_segments_deleter
    h_a_fence_that_loses_its_compare_and_set_writes_nothing_and_is_named
    h_a_session_whose_epoch_has_no_successor_is_left_untouched_and_named
    h_i_a_completing_record_without_its_nonce_is_left_untouched_and_named
    h_ii_a_segment_naming_a_chunk_no_part_holds_is_fenced_and_still_named
    h_iii_an_untrusted_staged_record_is_named_and_needs_no_human
    k_a_second_pass_fences_nothing_again_and_still_names_what_needs_a_human
    k_an_already_fenced_session_whose_obligation_will_not_decode_is_named

test result: FAILED. 0 passed; 11 failed; 0 ignored; 0 measured; 0 filtered out; finished in 0.00s

error: test failed, to rerun pass `-p wyrd-custodian --test restore_session_fence`
run-verify.sh: PASS — red without the fix, green with it (11 test(s) ran red).
