# gate C4-verify — attempt 1/1: pass (exit 0)
# cmd: ./engine/scripts/run-verify.sh
# cwd: /home/eddie/wyrd/wyrd-pdca
# PDCA_WORKTREE: /home/eddie/wyrd/wyrd.pdca-wt-l1
# started: 2026-08-07T02:07:38+02:00   duration: 2s

run-verify.sh: GREEN — cargo test -p wyrd-custodian --test segmented_map_reconstruction (fix applied)

running 8 tests
........
test result: ok. 8 passed; 0 failed; 0 ignored; 0 measured; 0 filtered out; finished in 0.04s
run-verify.sh: RED — cargo test -p wyrd-custodian --test segmented_map_reconstruction (production reverted, test kept)

running 8 tests
work_in_a_segmented_record_is_refused_per_object_never_discarded --- FAILED
.. 3/8
a_segmented_object_ends_no_pass_and_the_flat_repair_still_happens --- FAILED
a_resolve_that_restarted_is_acted_on_by_nothing --- FAILED
an_unreadable_object_is_named_and_the_walk_continues --- FAILED
the_namespace_is_read_once_per_pass_not_once_per_obligation --- FAILED
a_duplicate_committed_chunk_id_is_repaired_by_neither_reference --- FAILED

failures:

---- work_in_a_segmented_record_is_refused_per_object_never_discarded stdout ----

thread 'work_in_a_segmented_record_is_refused_per_object_never_discarded' (3065149) panicked at crates/custodian/tests/segmented_map_reconstruction.rs:411:41:
a refusal is not a fault: "reconciliation store access: reconstruction::find_chunk met a segmented chunk map, which this build cannot yet resolve"
note: run with `RUST_BACKTRACE=1` environment variable to display a backtrace

---- a_segmented_object_ends_no_pass_and_the_flat_repair_still_happens stdout ----

thread 'a_segmented_object_ends_no_pass_and_the_flat_repair_still_happens' (3065145) panicked at crates/custodian/tests/segmented_map_reconstruction.rs:387:19:
a segmented object ends no pass: "reconciliation store access: reconstruction::find_chunk met a segmented chunk map, which this build cannot yet resolve"

---- a_resolve_that_restarted_is_acted_on_by_nothing stdout ----

thread 'a_resolve_that_restarted_is_acted_on_by_nothing' (3065144) panicked at crates/custodian/tests/segmented_map_reconstruction.rs:491:41:
a restart ends no pass: "reconciliation store access: reconstruction::find_chunk met a segmented chunk map, which this build cannot yet resolve"

---- an_unreadable_object_is_named_and_the_walk_continues stdout ----

thread 'an_unreadable_object_is_named_and_the_walk_continues' (3065147) panicked at crates/custodian/tests/segmented_map_reconstruction.rs:448:10:
one bad object ends no pass: "reconciliation store access: key must be a string at line 1 column 2"

---- the_namespace_is_read_once_per_pass_not_once_per_obligation stdout ----

thread 'the_namespace_is_read_once_per_pass_not_once_per_obligation' (3065148) panicked at crates/custodian/tests/segmented_map_reconstruction.rs:566:5:
assertion `left == right` failed: read ONCE, not once per obligation
  left: 3
 right: 1

---- a_duplicate_committed_chunk_id_is_repaired_by_neither_reference stdout ----

thread 'a_duplicate_committed_chunk_id_is_repaired_by_neither_reference' (3065142) panicked at crates/custodian/tests/segmented_map_reconstruction.rs:527:5:
assertion `left == right` failed: an ambiguity is no repair
  left: Satisfied
 right: Blocked


failures:
    a_duplicate_committed_chunk_id_is_repaired_by_neither_reference
    a_resolve_that_restarted_is_acted_on_by_nothing
    a_segmented_object_ends_no_pass_and_the_flat_repair_still_happens
    an_unreadable_object_is_named_and_the_walk_continues
    the_namespace_is_read_once_per_pass_not_once_per_obligation
    work_in_a_segmented_record_is_refused_per_object_never_discarded

test result: FAILED. 2 passed; 6 failed; 0 ignored; 0 measured; 0 filtered out; finished in 0.04s

error: test failed, to rerun pass `-p wyrd-custodian --test segmented_map_reconstruction`
run-verify.sh: PASS — red without the fix, green with it (8 test(s) ran red).
