# gate: C4-diff-cov — diff coverage: changed lines executed by the patch's tests
# cmd: ./engine/scripts/run-diff-cov.sh
# cwd: /home/eddie/wyrd/wyrd-pdca
# PDCA_WORKTREE: /home/eddie/wyrd/wyrd.pdca-wt-l0
# start: 2026-08-17T21:32:45+00:00
# duration_secs: 7.09
# exit: 0
# outcome: pass
# ---- combined stdout+stderr (verbatim) ----
run-diff-cov.sh: MEASURE — cargo llvm-cov test -p wyrd-core --test multipart_retire_obligation (fix applied)
info: cargo-llvm-cov currently setting cfg(coverage); you can opt-out it by passing --no-cfg-coverage
   Compiling either v1.16.0
   Compiling serde_core v1.0.229
   Compiling zerocopy v0.8.52
   Compiling zerocopy-derive v0.8.52
   Compiling futures-util v0.3.32
   Compiling miette-derive v7.6.0
   Compiling serde v1.0.229
   Compiling thiserror-impl v2.0.18
   Compiling prettyplease v0.2.37
   Compiling logos-codegen v0.16.1
   Compiling thiserror v2.0.18
   Compiling logos-codegen v0.15.1
   Compiling num-traits v0.2.19
   Compiling wyrd-traits v0.0.0 (/home/eddie/wyrd/wyrd-cov-l0/crates/traits)
   Compiling pin-project-internal v1.1.13
   Compiling find-msvc-tools v0.1.9
   Compiling shlex v2.0.1
   Compiling tokio v1.52.3
   Compiling regex-automata v0.4.14
   Compiling ciborium-io v0.2.2
   Compiling clap_lex v1.1.0
   Compiling anstyle v1.0.14
   Compiling cast v0.3.0
   Compiling same-file v1.0.6
   Compiling page_size v0.6.0
   Compiling wyrd-chunk-format v0.0.0 (/home/eddie/wyrd/wyrd-cov-l0/crates/chunk-format)
   Compiling anes v0.1.6
   Compiling oorandom v11.1.5
   Compiling itertools v0.14.0
   Compiling itertools v0.13.0
   Compiling cc v1.2.65
   Compiling walkdir v2.5.0
   Compiling wyrd-metadata-redb v0.0.0 (/home/eddie/wyrd/wyrd-cov-l0/crates/metadata-redb)
   Compiling clap_builder v4.6.0
   Compiling tonic-build v0.14.6
   Compiling pin-project v1.1.13
   Compiling chrono v0.4.45
   Compiling miette v7.6.0
   Compiling logos-derive v0.16.1
   Compiling alloca v0.4.0
   Compiling logos-derive v0.15.1
   Compiling logos v0.15.1
   Compiling logos v0.16.1
   Compiling prost-derive v0.14.4
   Compiling criterion-plot v0.8.2
   Compiling clap v4.6.1
   Compiling serde_json v1.0.151
   Compiling regex v1.12.4
   Compiling matchers v0.2.0
   Compiling prost v0.14.4
   Compiling tracing-serde v0.2.0
   Compiling prost-types v0.14.4
   Compiling tinytemplate v1.2.1
   Compiling wyrd-core v0.0.0 (/home/eddie/wyrd/wyrd-cov-l0/crates/core)
   Compiling tracing-subscriber v0.3.23
   Compiling prost-build v0.14.4
   Compiling protox-parse v0.9.0
   Compiling prost-reflect v0.16.4
   Compiling tokio-util v0.7.18
   Compiling tokio-stream v0.1.19
   Compiling tonic-prost-build v0.14.6
   Compiling h2 v0.4.15
   Compiling tower v0.5.3
   Compiling madsim-tonic-build v0.6.0+0.14
   Compiling ppv-lite86 v0.2.21
   Compiling half v2.7.1
   Compiling ciborium-ll v0.2.2
   Compiling rand_chacha v0.10.0
   Compiling ciborium v0.2.2
   Compiling wyrd-testkit v0.0.0 (/home/eddie/wyrd/wyrd-cov-l0/crates/testkit)
   Compiling axum v0.8.9
   Compiling wyrd-chunkstore-fs v0.0.0 (/home/eddie/wyrd/wyrd-cov-l0/crates/chunkstore-fs)
   Compiling criterion v0.8.2
   Compiling protox v0.9.1
   Compiling wyrd-proto v0.0.0 (/home/eddie/wyrd/wyrd-cov-l0/crates/proto)
   Compiling hyper v1.10.1
   Compiling hyper-util v0.1.20
   Compiling hyper-timeout v0.5.2
   Compiling tonic v0.14.6
   Compiling tonic-prost v0.14.6
   Compiling wyrd-chunkstore-grpc v0.0.0 (/home/eddie/wyrd/wyrd-cov-l0/crates/chunkstore-grpc)
    Finished `test` profile [unoptimized + debuginfo] target(s) in 6.04s
     Running tests/multipart_retire_obligation.rs (target/llvm-cov-target/debug/deps/multipart_retire_obligation-048ea0e5a8f73f17)

running 27 tests
test a_chunk_without_placement_is_rejected ... ok
test a_key_that_names_no_obligation_is_rejected ... ok
test a_part_scope_that_is_neither_spelling_is_rejected ... ok
test a_generation_disagreeing_with_its_token_is_rejected ... ok
test a_component_under_the_wrong_mode_is_rejected ... ok
test a_foreign_spelling_of_an_accepted_payload_is_rejected ... ok
test a_generations_segment_group_carries_an_unchecked_epoch ... ok
test an_unknown_payload_field_is_rejected ... ok
test a_placement_length_mismatch_still_decodes ... ok
test a_noncanonical_part_number_set_is_rejected ... ok
test a_session_wide_component_under_a_per_part_token_is_rejected ... ok
test a_segment_group_epoch_other_than_the_tokens_is_rejected ... ok
test bytes_generation_with_a_flat_map_decodes ... ok
test a_segment_group_with_a_malformed_nonce_is_rejected ... ok
test an_obligation_owing_nothing_is_rejected ... ok
test bytes_generation_with_segments_decodes ... ok
test an_unsupported_chunk_scheme_is_rejected ... ok
test bytes_parts_alone_decodes ... ok
test bytes_session_all_decodes ... ok
test bytes_session_and_parts_decodes ... ok
test bytes_session_alone_decodes ... ok
test chunks_under_a_session_wide_token_is_rejected ... ok
test bytes_chunks_under_a_per_part_token_decodes ... ok
test part_number_set_minting_is_canonical ... ok
test records_parts_decodes ... ok
test records_parts_and_seg_decodes ... ok
test records_seg_decodes ... ok

test result: ok. 27 passed; 0 failed; 0 ignored; 0 measured; 0 filtered out; finished in 0.00s
run-diff-cov.sh: NOTE — 256 of 850 changed production lines carried a coverage
                 region; the other 594 are not scored either way. Most are simply not
                 executable (comments, `use`, declarations, bare delimiters). But code
                 compiled out by a #[cfg(...)] your feature selection does not enable looks
                 identical here, and this gate cannot tell the two apart (#222).
                 The largest unscored spans, so you can tell at a glance which it is:
run-diff-cov.sh:   UNSCORED crates/core/src/multipart.rs:2627-2780 (154 lines)
run-diff-cov.sh:   UNSCORED crates/core/src/multipart.rs:301-400 (100 lines)
run-diff-cov.sh:   UNSCORED crates/core/src/multipart.rs:2556-2593 (38 lines)
run-diff-cov.sh:   UNSCORED crates/core/src/multipart.rs:2359-2392 (34 lines)
run-diff-cov.sh:   UNSCORED crates/core/src/multipart.rs:2462-2490 (29 lines)
run-diff-cov.sh:   UNSCORED crates/core/src/multipart.rs:2864-2892 (29 lines)
run-diff-cov.sh:   … and 65 further span(s), none larger; all of them are in coverage/diff-cov.json
run-diff-cov.sh: MISS crates/core/src/multipart.rs:532
run-diff-cov.sh: MISS crates/core/src/multipart.rs:533
run-diff-cov.sh: MISS crates/core/src/multipart.rs:534
run-diff-cov.sh: MISS crates/core/src/multipart.rs:535
run-diff-cov.sh: MISS crates/core/src/multipart.rs:537
run-diff-cov.sh: MISS crates/core/src/multipart.rs:539
run-diff-cov.sh: MISS crates/core/src/multipart.rs:540
run-diff-cov.sh: MISS crates/core/src/multipart.rs:545
run-diff-cov.sh: MISS crates/core/src/multipart.rs:546
run-diff-cov.sh: MISS crates/core/src/multipart.rs:547
run-diff-cov.sh: MISS crates/core/src/multipart.rs:548
run-diff-cov.sh: MISS crates/core/src/multipart.rs:551
run-diff-cov.sh: MISS crates/core/src/multipart.rs:552
run-diff-cov.sh: MISS crates/core/src/multipart.rs:554
run-diff-cov.sh: MISS crates/core/src/multipart.rs:558
run-diff-cov.sh: MISS crates/core/src/multipart.rs:559
run-diff-cov.sh: MISS crates/core/src/multipart.rs:560
run-diff-cov.sh: MISS crates/core/src/multipart.rs:561
run-diff-cov.sh: MISS crates/core/src/multipart.rs:562
run-diff-cov.sh: MISS crates/core/src/multipart.rs:563
run-diff-cov.sh: MISS crates/core/src/multipart.rs:568
run-diff-cov.sh: MISS crates/core/src/multipart.rs:569
run-diff-cov.sh: MISS crates/core/src/multipart.rs:570
run-diff-cov.sh: MISS crates/core/src/multipart.rs:571
METRIC diff_cov=90.6 covered=232 instrumentable=256 unscored=594
run-diff-cov.sh: PASS — the patch's tests execute 90.6% of its 256 instrumentable changed
                 lines (floor 80%, 27 test(s) ran).
PDCA-EVIDENCE: diff coverage 90.6% — 232 of 256 instrumentable changed lines executed (floor 80%); 256 of 850 changed lines were instrumentable
