# gate: C4-verify — per-fix red->green: this patch's test red pre-fix, green post-fix
# cmd: ./engine/scripts/run-verify.sh
# cwd: /home/eddie/wyrd/wyrd-pdca
# PDCA_WORKTREE: /home/eddie/wyrd/wyrd.pdca-wt-l0
# start: 2026-08-17T21:32:42+00:00
# duration_secs: 3.28
# exit: 77
# outcome: unverifiable
# ---- combined stdout+stderr (verbatim) ----
run-verify.sh: GREEN — cargo test -p wyrd-core --test multipart_retire_obligation (fix applied)

running 27 tests
...........................
test result: ok. 27 passed; 0 failed; 0 ignored; 0 measured; 0 filtered out; finished in 0.00s
run-verify.sh: RED — cargo test -p wyrd-core --test multipart_retire_obligation (production reverted, test kept)
error[E0432]: unresolved imports `wyrd_core::multipart::decode_retire_obligation`, `wyrd_core::multipart::PartNumberSet`, `wyrd_core::multipart::PartScope`, `wyrd_core::multipart::RetirePayload`
  --> crates/core/tests/multipart_retire_obligation.rs:49:5
   |
49 |     decode_retire_obligation, retire_key, AttemptId, PartNumber, PartNumberSet, PartScope,
   |     ^^^^^^^^^^^^^^^^^^^^^^^^                                     ^^^^^^^^^^^^^  ^^^^^^^^^ no `PartScope` in `multipart`
   |     |                                                            |
   |     |                                                            no `PartNumberSet` in `multipart`
   |     no `decode_retire_obligation` in `multipart`
50 |     RecordError, RetireMode, RetirePayload, RetireToken, UploadId, MAX_PART_NUMBER,
   |                              ^^^^^^^^^^^^^ no `RetirePayload` in `multipart`
   |
help: a similar name exists in the module
   |
49 -     decode_retire_obligation, retire_key, AttemptId, PartNumber, PartNumberSet, PartScope,
49 +     decode_retire_obligation, retire_key, AttemptId, PartNumber, PartNumber, PartScope,
   |

error[E0433]: cannot find `RetireGeneration` in `multipart`
   --> crates/core/tests/multipart_retire_obligation.rs:599:49
    |
599 |                 .and_then(wyrd_core::multipart::RetireGeneration::segments),
    |                                                 ^^^^^^^^^^^^^^^^ could not find `RetireGeneration` in `multipart`

error[E0599]: no variant named `RetireObligationOwesNothing` found for enum `RecordError`
   --> crates/core/tests/multipart_retire_obligation.rs:185:28
    |
185 |             | RecordError::RetireObligationOwesNothing { .. }
    |                            ^^^^^^^^^^^^^^^^^^^^^^^^^^^ variant not found in `RecordError`

error[E0599]: no variant named `PartNumberRunReversed` found for enum `RecordError`
   --> crates/core/tests/multipart_retire_obligation.rs:188:28
    |
188 |             | RecordError::PartNumberRunReversed { .. }
    |                            ^^^^^^^^^^^^^^^^^^^^^ variant not found in `RecordError`

error[E0599]: no variant named `PartNumberRunsNotCoalesced` found for enum `RecordError`
   --> crates/core/tests/multipart_retire_obligation.rs:189:28
    |
189 |             | RecordError::PartNumberRunsNotCoalesced { .. }
    |                            ^^^^^^^^^^^^^^^^^^^^^^^^^^ variant not found in `RecordError`

error[E0599]: no variant named `RetireObligationOwesNothing` found for enum `RecordError`
   --> crates/core/tests/multipart_retire_obligation.rs:379:26
    |
379 |         Err(RecordError::RetireObligationOwesNothing {
    |                          ^^^^^^^^^^^^^^^^^^^^^^^^^^^ variant not found in `RecordError`

error[E0599]: no variant named `RetireObligationOwesNothing` found for enum `RecordError`
   --> crates/core/tests/multipart_retire_obligation.rs:385:26
    |
385 |         Err(RecordError::RetireObligationOwesNothing {
    |                          ^^^^^^^^^^^^^^^^^^^^^^^^^^^ variant not found in `RecordError`

error[E0599]: no variant named `RetireObligationOwesNothing` found for enum `RecordError`
   --> crates/core/tests/multipart_retire_obligation.rs:391:26
    |
391 |         Err(RecordError::RetireObligationOwesNothing { component: "parts" })
    |                          ^^^^^^^^^^^^^^^^^^^^^^^^^^^ variant not found in `RecordError`

error[E0599]: no variant named `RetireObligationOwesNothing` found for enum `RecordError`
   --> crates/core/tests/multipart_retire_obligation.rs:400:26
    |
400 |         Err(RecordError::RetireObligationOwesNothing {
    |                          ^^^^^^^^^^^^^^^^^^^^^^^^^^^ variant not found in `RecordError`

error[E0599]: no variant named `RetireModeMismatch` found for enum `RecordError`
   --> crates/core/tests/multipart_retire_obligation.rs:415:26
    |
415 |         Err(RecordError::RetireModeMismatch {
    |                          ^^^^^^^^^^^^^^^^^^ variant not found in `RecordError`

error[E0599]: no variant named `RetireModeMismatch` found for enum `RecordError`
   --> crates/core/tests/multipart_retire_obligation.rs:430:26
    |
430 |         Err(RecordError::RetireModeMismatch {
    |                          ^^^^^^^^^^^^^^^^^^ variant not found in `RecordError`

error[E0599]: no variant named `RetireModeMismatch` found for enum `RecordError`
   --> crates/core/tests/multipart_retire_obligation.rs:438:26
    |
438 |         Err(RecordError::RetireModeMismatch {
    |                          ^^^^^^^^^^^^^^^^^^ variant not found in `RecordError`

error[E0599]: no variant named `RetireTokenSuffixMismatch` found for enum `RecordError`
   --> crates/core/tests/multipart_retire_obligation.rs:456:26
    |
456 |         Err(RecordError::RetireTokenSuffixMismatch {
    |                          ^^^^^^^^^^^^^^^^^^^^^^^^^ variant not found in `RecordError`

error[E0599]: no variant named `RetireTokenSuffixMismatch` found for enum `RecordError`
   --> crates/core/tests/multipart_retire_obligation.rs:463:26
    |
463 |         Err(RecordError::RetireTokenSuffixMismatch {
    |                          ^^^^^^^^^^^^^^^^^^^^^^^^^ variant not found in `RecordError`

error[E0599]: no variant named `RetireTokenSuffixMismatch` found for enum `RecordError`
   --> crates/core/tests/multipart_retire_obligation.rs:471:26
    |
471 |         Err(RecordError::RetireTokenSuffixMismatch {
    |                          ^^^^^^^^^^^^^^^^^^^^^^^^^ variant not found in `RecordError`

error[E0599]: no variant named `RetireTokenSuffixMismatch` found for enum `RecordError`
   --> crates/core/tests/multipart_retire_obligation.rs:487:26
    |
487 |         Err(RecordError::RetireTokenSuffixMismatch {
    |                          ^^^^^^^^^^^^^^^^^^^^^^^^^ variant not found in `RecordError`

error[E0599]: no variant named `RetireGenerationIdentityMismatch` found for enum `RecordError`
   --> crates/core/tests/multipart_retire_obligation.rs:509:26
    |
509 |         Err(RecordError::RetireGenerationIdentityMismatch {
    |                          ^^^^^^^^^^^^^^^^^^^^^^^^^^^^^^^^ variant not found in `RecordError`

error[E0599]: no variant named `RetireGenerationIdentityMismatch` found for enum `RecordError`
   --> crates/core/tests/multipart_retire_obligation.rs:524:26
    |
524 |         Err(RecordError::RetireGenerationIdentityMismatch {
    |                          ^^^^^^^^^^^^^^^^^^^^^^^^^^^^^^^^ variant not found in `RecordError`

error[E0599]: no variant named `RetireTokenScopeMismatch` found for enum `RecordError`
   --> crates/core/tests/multipart_retire_obligation.rs:541:26
    |
541 |         Err(RecordError::RetireTokenScopeMismatch {
    |                          ^^^^^^^^^^^^^^^^^^^^^^^^ variant not found in `RecordError`

error[E0599]: no variant named `RetireTokenScopeMismatch` found for enum `RecordError`
   --> crates/core/tests/multipart_retire_obligation.rs:548:26
    |
548 |         Err(RecordError::RetireTokenScopeMismatch {
    |                          ^^^^^^^^^^^^^^^^^^^^^^^^ variant not found in `RecordError`

error[E0599]: no variant named `RetireSegmentEpochMismatch` found for enum `RecordError`
   --> crates/core/tests/multipart_retire_obligation.rs:568:30
    |
568 |             Err(RecordError::RetireSegmentEpochMismatch {
    |                              ^^^^^^^^^^^^^^^^^^^^^^^^^^ variant not found in `RecordError`

error[E0599]: no variant named `PartNumberRunsNotCoalesced` found for enum `RecordError`
   --> crates/core/tests/multipart_retire_obligation.rs:657:26
    |
657 |         Err(RecordError::PartNumberRunsNotCoalesced {
    |                          ^^^^^^^^^^^^^^^^^^^^^^^^^^ variant not found in `RecordError`

error[E0599]: no variant named `PartNumberRunsNotCoalesced` found for enum `RecordError`
   --> crates/core/tests/multipart_retire_obligation.rs:665:26
    |
665 |         Err(RecordError::PartNumberRunsNotCoalesced {
    |                          ^^^^^^^^^^^^^^^^^^^^^^^^^^ variant not found in `RecordError`

error[E0599]: no variant named `PartNumberRunsNotCoalesced` found for enum `RecordError`
   --> crates/core/tests/multipart_retire_obligation.rs:673:26
    |
673 |         Err(RecordError::PartNumberRunsNotCoalesced {
    |                          ^^^^^^^^^^^^^^^^^^^^^^^^^^ variant not found in `RecordError`

error[E0599]: no variant named `PartNumberRunReversed` found for enum `RecordError`
   --> crates/core/tests/multipart_retire_obligation.rs:681:26
    |
681 |         Err(RecordError::PartNumberRunReversed { lo: 4, hi: 2 })
    |                          ^^^^^^^^^^^^^^^^^^^^^ variant not found in `RecordError`

Some errors have detailed explanations: E0432, E0433, E0599.
For more information about an error, try `rustc --explain E0432`.
error: could not compile `wyrd-core` (test "multipart_retire_obligation") due to 25 previous errors
run-verify.sh: UNVERIFIABLE — the RED leg's cargo run failed (status 101) WITHOUT
               running a test, so no RED was established. This is NOT 'red without the
               fix' — the discriminator never executed. The usual cause is that it does
               not COMPILE against the reverted base: it calls production API this patch
               adds, so reverting the fix removes the symbol it needs. Split the test so
               it exercises the behaviour through pre-existing API, or record at sign-off
               why this slice has no isolable red (the cargo output is above).
