# gate: C4-verify — per-fix red->green: this patch's test red pre-fix, green post-fix
# cmd: ./engine/scripts/run-verify.sh
# cwd: /home/eddie/wyrd/wyrd-pdca
# PDCA_WORKTREE: /home/eddie/wyrd/wyrd.pdca-wt
# start: 2026-09-11T21:44:18+00:00
# duration_secs: 3.48
# exit: 77
# outcome: unverifiable
# ---- combined stdout+stderr (verbatim) ----
run-verify.sh: GREEN — cargo test -p wyrd-core --test multipart_owned_staging (fix applied)

running 14 tests
..............
test result: ok. 14 passed; 0 failed; 0 ignored; 0 measured; 0 filtered out; finished in 0.30s
run-verify.sh: RED — cargo test -p wyrd-core --test multipart_owned_staging (production reverted, test kept)
error[E0432]: unresolved imports `wyrd_core::multipart::decode_owned_entry`, `wyrd_core::multipart::OwnedEntry`, `wyrd_core::multipart::StagedPlacement`
  --> crates/core/tests/multipart_owned_staging.rs:61:5
   |
61 |     decode_owned_entry, sidx_key, OwnedEntry, PartNumber, RecordError, StagedPlacement, UploadId,
   |     ^^^^^^^^^^^^^^^^^^            ^^^^^^^^^^                           ^^^^^^^^^^^^^^^ no `StagedPlacement` in `multipart`
   |     |                             |
   |     |                             no `OwnedEntry` in `multipart`
   |     no `decode_owned_entry` in `multipart`

error[E0425]: cannot find function `decode_pending_entry` in module `metadata`
   --> crates/core/tests/multipart_owned_staging.rs:195:29
    |
195 |     let decoded = metadata::decode_pending_entry(value);
    |                             ^^^^^^^^^^^^^^^^^^^^ not found in `metadata`

error[E0425]: cannot find function `decode_pending_entry` in module `metadata`
   --> crates/core/tests/multipart_owned_staging.rs:275:27
    |
275 |         assert!(metadata::decode_pending_entry(&value).is_err());
    |                           ^^^^^^^^^^^^^^^^^^^^ not found in `metadata`

error[E0425]: cannot find function `decode_pending_entry` in module `metadata`
   --> crates/core/tests/multipart_owned_staging.rs:376:23
    |
376 |             metadata::decode_pending_entry(&bytes),
    |                       ^^^^^^^^^^^^^^^^^^^^ not found in `metadata`

error[E0599]: no variant named `UnreadablePendingEntries` found for enum `WriteError`
   --> crates/core/tests/multipart_owned_staging.rs:646:26
    |
646 |         Some(WriteError::UnreadablePendingEntries { reclaimed, skipped }) => {
    |                          ^^^^^^^^^^^^^^^^^^^^^^^^ variant not found in `WriteError`

error[E0560]: struct `PendingEntry` has no field named `owner`
   --> crates/core/tests/multipart_owned_staging.rs:112:9
    |
112 |         owner: None,
    |         ^^^^^ `PendingEntry` does not have this field
    |
    = note: all struct fields are already assigned

error[E0560]: struct `PendingEntry` has no field named `staged`
   --> crates/core/tests/multipart_owned_staging.rs:113:9
    |
113 |         staged: None,
    |         ^^^^^^ `PendingEntry` does not have this field
    |
    = note: all struct fields are already assigned

error[E0599]: no variant named `StagedSchemeUnsupported` found for enum `RecordError`
   --> crates/core/tests/multipart_owned_staging.rs:269:30
    |
269 |             Err(RecordError::StagedSchemeUnsupported { k, m }),
    |                              ^^^^^^^^^^^^^^^^^^^^^^^
    |
help: there is a variant with a similar name
    |
269 -             Err(RecordError::StagedSchemeUnsupported { k, m }),
269 +             Err(RecordError::ChunkSchemeUnsupported { k, m }),
    |

error[E0599]: no variant named `StagedSchemeUnsupported` found for enum `RecordError`
   --> crates/core/tests/multipart_owned_staging.rs:279:30
    |
279 |             Err(RecordError::StagedSchemeUnsupported { k, m })
    |                              ^^^^^^^^^^^^^^^^^^^^^^^
    |
help: there is a variant with a similar name
    |
279 -             Err(RecordError::StagedSchemeUnsupported { k, m })
279 +             Err(RecordError::ChunkSchemeUnsupported { k, m })
    |

error[E0599]: no variant named `OwnedEntryOwnerMismatch` found for enum `RecordError`
   --> crates/core/tests/multipart_owned_staging.rs:308:26
    |
308 |         Err(RecordError::OwnedEntryOwnerMismatch {
    |                          ^^^^^^^^^^^^^^^^^^^^^^^ variant not found in `RecordError`

error[E0599]: no variant named `TornOwnedEntry` found for enum `RecordError`
   --> crates/core/tests/multipart_owned_staging.rs:323:47
    |
323 |     let torn = |present, absent| RecordError::TornOwnedEntry { present, absent };
    |                                               ^^^^^^^^^^^^^^ variant not found in `RecordError`

error[E0560]: struct `PendingEntry` has no field named `owner`
   --> crates/core/tests/multipart_owned_staging.rs:353:17
    |
353 |                 owner: Some(upload_id("a1")),
    |                 ^^^^^ `PendingEntry` does not have this field
    |
    = note: all struct fields are already assigned

error[E0560]: struct `PendingEntry` has no field named `staged`
   --> crates/core/tests/multipart_owned_staging.rs:354:17
    |
354 |                 staged: None,
    |                 ^^^^^^ `PendingEntry` does not have this field
    |
    = note: all struct fields are already assigned

error[E0560]: struct `PendingEntry` has no field named `owner`
   --> crates/core/tests/multipart_owned_staging.rs:362:17
    |
362 |                 owner: None,
    |                 ^^^^^ `PendingEntry` does not have this field
    |
    = note: all struct fields are already assigned

error[E0560]: struct `PendingEntry` has no field named `staged`
   --> crates/core/tests/multipart_owned_staging.rs:363:17
    |
363 |                 staged: Some(staged),
    |                 ^^^^^^ `PendingEntry` does not have this field
    |
    = note: all struct fields are already assigned

error[E0599]: no variant named `PendingEntryNamespaceMismatch` found for enum `RecordError`
   --> crates/core/tests/multipart_owned_staging.rs:416:26
    |
416 |         Err(RecordError::PendingEntryNamespaceMismatch {
    |                          ^^^^^^^^^^^^^^^^^^^^^^^^^^^^^ variant not found in `RecordError`

error[E0599]: no variant named `PendingEntryNamespaceMismatch` found for enum `RecordError`
   --> crates/core/tests/multipart_owned_staging.rs:424:26
    |
424 |         Err(RecordError::PendingEntryNamespaceMismatch {
    |                          ^^^^^^^^^^^^^^^^^^^^^^^^^^^^^ variant not found in `RecordError`

error[E0599]: no variant named `UnreadablePendingEntries` found for enum `WriteError`
   --> crates/core/tests/multipart_owned_staging.rs:715:30
    |
715 |             Some(WriteError::UnreadablePendingEntries { reclaimed, skipped }) => {
    |                              ^^^^^^^^^^^^^^^^^^^^^^^^ variant not found in `WriteError`

error[E0609]: no field `owner` on type `PendingEntry`
   --> crates/core/tests/multipart_owned_staging.rs:766:22
    |
766 |     assert_eq!(entry.owner, None);
    |                      ^^^^^ unknown field
    |
    = note: available field is: `lease_expiry_millis`

error[E0609]: no field `staged` on type `PendingEntry`
   --> crates/core/tests/multipart_owned_staging.rs:767:22
    |
767 |     assert_eq!(entry.staged, None);
    |                      ^^^^^^ unknown field
    |
    = note: available field is: `lease_expiry_millis`

error[E0599]: no variant named `PendingEntryNamespaceMismatch` found for enum `RecordError`
   --> crates/core/tests/multipart_owned_staging.rs:844:26
    |
844 |         Err(RecordError::PendingEntryNamespaceMismatch {
    |                          ^^^^^^^^^^^^^^^^^^^^^^^^^^^^^ variant not found in `RecordError`

Some errors have detailed explanations: E0425, E0432, E0560, E0599, E0609.
For more information about an error, try `rustc --explain E0425`.
error: could not compile `wyrd-core` (test "multipart_owned_staging") due to 21 previous errors
run-verify.sh: UNVERIFIABLE — the RED leg's cargo run failed (status 101) WITHOUT
               running a test, so no RED was established. This is NOT 'red without the
               fix' — the discriminator never executed. The usual cause is that it does
               not COMPILE against the reverted base: it calls production API this patch
               adds, so reverting the fix removes the symbol it needs. Split the test so
               it exercises the behaviour through pre-existing API, or record at sign-off
               why this slice has no isolable red (the cargo output is above).
