# gate: C4-diff-cov — diff coverage: changed lines executed by the patch's tests
# cmd: ./engine/scripts/run-diff-cov.sh
# cwd: /home/eddie/wyrd/wyrd-pdca
# PDCA_WORKTREE: /home/eddie/wyrd/wyrd.pdca-wt-l0
# start: 2026-09-30T19:00:45+00:00
# duration_secs: 1.78
# exit: 1
# outcome: fail
# ---- combined stdout+stderr (verbatim) ----
run-diff-cov.sh: MEASURE — cargo llvm-cov test -p wyrd-validate --test cli_surface (fix applied)
info: cargo-llvm-cov currently setting cfg(coverage); you can opt-out it by passing --no-cfg-coverage
   Compiling wyrd-validate v0.0.0 (/home/eddie/wyrd/wyrd-cov-l0/crates/validate)
    Finished `test` profile [unoptimized + debuginfo] target(s) in 0.41s
     Running tests/cli_surface.rs (target/llvm-cov-target/debug/deps/cli_surface-c8fbe6c68d719f67)

running 17 tests
test aws_pair_alone_resolves_to_aws ... ok
test half_a_pair_is_refused_rather_than_skipped ... ok
test both_pairs_present_aws_wins ... ok
test the_test_table_covers_exactly_the_declared_flags ... ok
test neither_pair_is_refused_naming_what_to_set ... ok
test wyrd_pair_alone_resolves_to_wyrd ... ok
test a_known_flag_in_a_value_slot_is_refused_too ... ok
test a_stray_positional_is_refused ... ok
test a_trailing_flag_with_no_value_is_refused ... ok
test a_repeated_flag_is_refused_rather_than_last_wins ... ok
test no_arguments_names_every_flag ... ok
test all_ten_flags_are_echoed_each_with_its_own_value ... ok
test flag_order_on_the_command_line_does_not_matter ... ok
test an_unrecognised_flag_is_refused_by_name ... ok
test the_real_binary_reads_its_environment_aws_first ... ok
test a_flag_in_any_value_slot_is_refused_naming_both_flags ... ok
test each_missing_flag_is_refused_by_name ... ok

test result: ok. 17 passed; 0 failed; 0 ignored; 0 measured; 0 filtered out; finished in 0.00s
run-diff-cov.sh: NOTE — 201 of 464 changed production lines carried a coverage
                 region; the other 263 are not scored either way. Most are simply not
                 executable (comments, `use`, declarations, bare delimiters). But code
                 compiled out by a #[cfg(...)] your feature selection does not enable looks
                 identical here, and this gate cannot tell the two apart (#222).
                 The largest unscored spans, so you can tell at a glance which it is:
run-diff-cov.sh:   UNSCORED crates/validate/src/args.rs:1-51 (51 lines)
run-diff-cov.sh:   UNSCORED crates/validate/src/lib.rs:1-43 (43 lines)
run-diff-cov.sh:   UNSCORED crates/validate/src/access_keys.rs:1-28 (28 lines)
run-diff-cov.sh:   UNSCORED crates/validate/src/args.rs:66-87 (22 lines)
run-diff-cov.sh:   UNSCORED crates/validate/src/access_keys.rs:83-99 (17 lines)
run-diff-cov.sh:   UNSCORED crates/validate/src/access_keys.rs:49-60 (12 lines)
run-diff-cov.sh:   … and 33 further span(s), none larger; all of them are in coverage/diff-cov.json
run-diff-cov.sh: MISS crates/validate/src/access_keys.rs:66
run-diff-cov.sh: MISS crates/validate/src/access_keys.rs:67
run-diff-cov.sh: MISS crates/validate/src/access_keys.rs:68
run-diff-cov.sh: MISS crates/validate/src/access_keys.rs:76
run-diff-cov.sh: MISS crates/validate/src/access_keys.rs:77
run-diff-cov.sh: MISS crates/validate/src/access_keys.rs:78
run-diff-cov.sh: MISS crates/validate/src/access_keys.rs:79
run-diff-cov.sh: MISS crates/validate/src/access_keys.rs:80
run-diff-cov.sh: MISS crates/validate/src/access_keys.rs:81
run-diff-cov.sh: MISS crates/validate/src/access_keys.rs:82
run-diff-cov.sh: MISS crates/validate/src/access_keys.rs:145
run-diff-cov.sh: MISS crates/validate/src/access_keys.rs:146
run-diff-cov.sh: MISS crates/validate/src/access_keys.rs:147
run-diff-cov.sh: MISS crates/validate/src/access_keys.rs:148
run-diff-cov.sh: MISS crates/validate/src/args.rs:88
run-diff-cov.sh: MISS crates/validate/src/args.rs:89
run-diff-cov.sh: MISS crates/validate/src/args.rs:90
run-diff-cov.sh: MISS crates/validate/src/args.rs:91
run-diff-cov.sh: MISS crates/validate/src/args.rs:94
run-diff-cov.sh: MISS crates/validate/src/args.rs:95
run-diff-cov.sh: MISS crates/validate/src/args.rs:96
run-diff-cov.sh: MISS crates/validate/src/args.rs:97
run-diff-cov.sh: MISS crates/validate/src/args.rs:101
run-diff-cov.sh: MISS crates/validate/src/args.rs:102
run-diff-cov.sh: MISS crates/validate/src/args.rs:105
run-diff-cov.sh: MISS crates/validate/src/args.rs:106
run-diff-cov.sh: MISS crates/validate/src/args.rs:107
run-diff-cov.sh: MISS crates/validate/src/args.rs:110
run-diff-cov.sh: MISS crates/validate/src/args.rs:131
run-diff-cov.sh: MISS crates/validate/src/args.rs:132
run-diff-cov.sh: MISS crates/validate/src/args.rs:133
run-diff-cov.sh: MISS crates/validate/src/args.rs:134
run-diff-cov.sh: MISS crates/validate/src/args.rs:137
run-diff-cov.sh: MISS crates/validate/src/args.rs:147
run-diff-cov.sh: MISS crates/validate/src/args.rs:148
run-diff-cov.sh: MISS crates/validate/src/args.rs:149
run-diff-cov.sh: MISS crates/validate/src/args.rs:164
run-diff-cov.sh: MISS crates/validate/src/args.rs:170
run-diff-cov.sh: MISS crates/validate/src/args.rs:171
run-diff-cov.sh: MISS crates/validate/src/args.rs:172
run-diff-cov.sh: MISS crates/validate/src/args.rs:173
run-diff-cov.sh: MISS crates/validate/src/args.rs:174
run-diff-cov.sh: MISS crates/validate/src/args.rs:175
run-diff-cov.sh: MISS crates/validate/src/args.rs:176
run-diff-cov.sh: MISS crates/validate/src/lib.rs:82
run-diff-cov.sh: MISS crates/validate/src/lib.rs:101
run-diff-cov.sh: MISS crates/validate/src/main.rs:8
run-diff-cov.sh: MISS crates/validate/src/main.rs:9
run-diff-cov.sh: MISS crates/validate/src/main.rs:10
run-diff-cov.sh: MISS crates/validate/src/main.rs:11
run-diff-cov.sh: MISS crates/validate/src/main.rs:12
run-diff-cov.sh: MISS crates/validate/src/main.rs:13
run-diff-cov.sh: MISS crates/validate/src/main.rs:14
run-diff-cov.sh: MISS crates/validate/src/main.rs:15
run-diff-cov.sh: MISS crates/validate/src/main.rs:17
run-diff-cov.sh: MISS crates/validate/src/main.rs:18
METRIC diff_cov=72.1 covered=145 instrumentable=201 unscored=263
run-diff-cov.sh: C4-diff-cov: uncovered changed lines in crate wyrd-validate — 56 of 201 not executed by the patch tests (27.9% uncovered)
run-diff-cov.sh: FAIL — the patch's tests execute 72.1% of its instrumentable changed
                 lines, below the 80% floor. Each MISS above is a REACH gap: the
                 line never ran. (A line that DID run may still be unasserted — that is
                 C5-mutants' question, not this row's.)
PDCA-EVIDENCE: diff coverage 72.1% — 145 of 201 instrumentable changed lines executed (below the 80% floor); 201 of 464 changed lines were instrumentable
