# gate: C4-verify — per-fix red->green: this patch's test red pre-fix, green post-fix
# cmd: ./engine/scripts/run-verify.sh
# cwd: /home/eddie/wyrd/wyrd-pdca
# PDCA_WORKTREE: /home/eddie/wyrd/wyrd.pdca-wt
# start: 2026-09-11T20:44:25+00:00
# duration_secs: 3.08
# exit: 77
# outcome: unverifiable
# ---- combined stdout+stderr (verbatim) ----
run-verify.sh: GREEN — cargo test -p wyrd-core --test multipart_owned_staging (fix applied)

running 14 tests
..............
test result: ok. 14 passed; 0 failed; 0 ignored; 0 measured; 0 filtered out; finished in 0.01s
run-verify.sh: RED — cargo test -p wyrd-core --test multipart_owned_staging (production reverted, test kept)
error[E0432]: unresolved imports `wyrd_core::multipart::decode_owned_entry`, `wyrd_core::multipart::OwnedEntry`, `wyrd_core::multipart::StagedPlacement`
  --> crates/core/tests/multipart_owned_staging.rs:60:5
   |
60 |     decode_owned_entry, sidx_key, OwnedEntry, PartNumber, RecordError, StagedPlacement, UploadId,
   |     ^^^^^^^^^^^^^^^^^^            ^^^^^^^^^^                           ^^^^^^^^^^^^^^^ no `StagedPlacement` in `multipart`
   |     |                             |
   |     |                             no `OwnedEntry` in `multipart`
   |     no `decode_owned_entry` in `multipart`

error[E0425]: cannot find function `decode_pending_entry` in module `metadata`
   --> crates/core/tests/multipart_owned_staging.rs:193:29
    |
193 |     let decoded = metadata::decode_pending_entry(value);
    |                             ^^^^^^^^^^^^^^^^^^^^ not found in `metadata`

error[E0425]: cannot find function `decode_pending_entry` in module `metadata`
   --> crates/core/tests/multipart_owned_staging.rs:273:27
    |
273 |         assert!(metadata::decode_pending_entry(&value).is_err());
    |                           ^^^^^^^^^^^^^^^^^^^^ not found in `metadata`

error[E0425]: cannot find function `decode_pending_entry` in module `metadata`
   --> crates/core/tests/multipart_owned_staging.rs:374:23
    |
374 |             metadata::decode_pending_entry(&bytes),
    |                       ^^^^^^^^^^^^^^^^^^^^ not found in `metadata`

error[E0560]: struct `PendingEntry` has no field named `owner`
   --> crates/core/tests/multipart_owned_staging.rs:110:9
    |
110 |         owner: None,
    |         ^^^^^ `PendingEntry` does not have this field
    |
    = note: all struct fields are already assigned

error[E0560]: struct `PendingEntry` has no field named `staged`
   --> crates/core/tests/multipart_owned_staging.rs:111:9
    |
111 |         staged: None,
    |         ^^^^^^ `PendingEntry` does not have this field
    |
    = note: all struct fields are already assigned

error[E0599]: no variant named `StagedSchemeUnsupported` found for enum `RecordError`
   --> crates/core/tests/multipart_owned_staging.rs:267:30
    |
267 |             Err(RecordError::StagedSchemeUnsupported { k, m }),
    |                              ^^^^^^^^^^^^^^^^^^^^^^^
    |
help: there is a variant with a similar name
    |
267 -             Err(RecordError::StagedSchemeUnsupported { k, m }),
267 +             Err(RecordError::ChunkSchemeUnsupported { k, m }),
    |

error[E0599]: no variant named `StagedSchemeUnsupported` found for enum `RecordError`
   --> crates/core/tests/multipart_owned_staging.rs:277:30
    |
277 |             Err(RecordError::StagedSchemeUnsupported { k, m })
    |                              ^^^^^^^^^^^^^^^^^^^^^^^
    |
help: there is a variant with a similar name
    |
277 -             Err(RecordError::StagedSchemeUnsupported { k, m })
277 +             Err(RecordError::ChunkSchemeUnsupported { k, m })
    |

error[E0599]: no variant named `OwnedEntryOwnerMismatch` found for enum `RecordError`
   --> crates/core/tests/multipart_owned_staging.rs:306:26
    |
306 |         Err(RecordError::OwnedEntryOwnerMismatch {
    |                          ^^^^^^^^^^^^^^^^^^^^^^^ variant not found in `RecordError`

error[E0599]: no variant named `TornOwnedEntry` found for enum `RecordError`
   --> crates/core/tests/multipart_owned_staging.rs:321:47
    |
321 |     let torn = |present, absent| RecordError::TornOwnedEntry { present, absent };
    |                                               ^^^^^^^^^^^^^^ variant not found in `RecordError`

error[E0560]: struct `PendingEntry` has no field named `owner`
   --> crates/core/tests/multipart_owned_staging.rs:351:17
    |
351 |                 owner: Some(upload_id("a1")),
    |                 ^^^^^ `PendingEntry` does not have this field
    |
    = note: all struct fields are already assigned

error[E0560]: struct `PendingEntry` has no field named `staged`
   --> crates/core/tests/multipart_owned_staging.rs:352:17
    |
352 |                 staged: None,
    |                 ^^^^^^ `PendingEntry` does not have this field
    |
    = note: all struct fields are already assigned

error[E0560]: struct `PendingEntry` has no field named `owner`
   --> crates/core/tests/multipart_owned_staging.rs:360:17
    |
360 |                 owner: None,
    |                 ^^^^^ `PendingEntry` does not have this field
    |
    = note: all struct fields are already assigned

error[E0560]: struct `PendingEntry` has no field named `staged`
   --> crates/core/tests/multipart_owned_staging.rs:361:17
    |
361 |                 staged: Some(staged),
    |                 ^^^^^^ `PendingEntry` does not have this field
    |
    = note: all struct fields are already assigned

error[E0599]: no variant named `PendingEntryNamespaceMismatch` found for enum `RecordError`
   --> crates/core/tests/multipart_owned_staging.rs:414:26
    |
414 |         Err(RecordError::PendingEntryNamespaceMismatch {
    |                          ^^^^^^^^^^^^^^^^^^^^^^^^^^^^^ variant not found in `RecordError`

error[E0599]: no variant named `PendingEntryNamespaceMismatch` found for enum `RecordError`
   --> crates/core/tests/multipart_owned_staging.rs:422:26
    |
422 |         Err(RecordError::PendingEntryNamespaceMismatch {
    |                          ^^^^^^^^^^^^^^^^^^^^^^^^^^^^^ variant not found in `RecordError`

error[E0599]: no variant named `UnreadablePendingEntries` found for enum `WriteError`
   --> crates/core/tests/multipart_owned_staging.rs:598:30
    |
598 |             Some(WriteError::UnreadablePendingEntries { reclaimed, skipped }) => {
    |                              ^^^^^^^^^^^^^^^^^^^^^^^^ variant not found in `WriteError`

error[E0609]: no field `owner` on type `PendingEntry`
   --> crates/core/tests/multipart_owned_staging.rs:641:22
    |
641 |     assert_eq!(entry.owner, None);
    |                      ^^^^^ unknown field
    |
    = note: available field is: `lease_expiry_millis`

error[E0609]: no field `staged` on type `PendingEntry`
   --> crates/core/tests/multipart_owned_staging.rs:642:22
    |
642 |     assert_eq!(entry.staged, None);
    |                      ^^^^^^ unknown field
    |
    = note: available field is: `lease_expiry_millis`

error[E0599]: no variant named `PendingEntryNamespaceMismatch` found for enum `RecordError`
   --> crates/core/tests/multipart_owned_staging.rs:719:26
    |
719 |         Err(RecordError::PendingEntryNamespaceMismatch {
    |                          ^^^^^^^^^^^^^^^^^^^^^^^^^^^^^ variant not found in `RecordError`

Some errors have detailed explanations: E0425, E0432, E0560, E0599, E0609.
For more information about an error, try `rustc --explain E0425`.
error: could not compile `wyrd-core` (test "multipart_owned_staging") due to 20 previous errors
run-verify.sh: UNVERIFIABLE — the RED leg's cargo run failed (status 101) WITHOUT
               running a test, so no RED was established. This is NOT 'red without the
               fix' — the discriminator never executed. The usual cause is that it does
               not COMPILE against the reverted base: it calls production API this patch
               adds, so reverting the fix removes the symbol it needs. Split the test so
               it exercises the behaviour through pre-existing API, or record at sign-off
               why this slice has no isolable red (the cargo output is above).
