# gate: C4-diff-cov — diff coverage: changed lines executed by the patch's tests
# cmd: ./engine/scripts/run-diff-cov.sh
# cwd: /home/eddie/wyrd/wyrd-pdca
# PDCA_WORKTREE: /home/eddie/wyrd/wyrd.pdca-wt-l0
# start: 2026-09-13T15:44:17+00:00
# duration_secs: 2.78
# exit: 0
# outcome: pass
# ---- combined stdout+stderr (verbatim) ----
run-diff-cov.sh: MEASURE — cargo llvm-cov test -p wyrd-core --test multipart_knobs (fix applied)
info: cargo-llvm-cov currently setting cfg(coverage); you can opt-out it by passing --no-cfg-coverage
   Compiling wyrd-traits v0.0.0 (/home/eddie/wyrd/wyrd-cov-l0/crates/traits)
   Compiling wyrd-chunk-format v0.0.0 (/home/eddie/wyrd/wyrd-cov-l0/crates/chunk-format)
   Compiling wyrd-proto v0.0.0 (/home/eddie/wyrd/wyrd-cov-l0/crates/proto)
   Compiling wyrd-testkit v0.0.0 (/home/eddie/wyrd/wyrd-cov-l0/crates/testkit)
   Compiling wyrd-core v0.0.0 (/home/eddie/wyrd/wyrd-cov-l0/crates/core)
   Compiling wyrd-metadata-redb v0.0.0 (/home/eddie/wyrd/wyrd-cov-l0/crates/metadata-redb)
   Compiling wyrd-chunkstore-fs v0.0.0 (/home/eddie/wyrd/wyrd-cov-l0/crates/chunkstore-fs)
   Compiling wyrd-chunkstore-grpc v0.0.0 (/home/eddie/wyrd/wyrd-cov-l0/crates/chunkstore-grpc)
    Finished `test` profile [unoptimized + debuginfo] target(s) in 1.76s
     Running tests/multipart_knobs.rs (target/llvm-cov-target/debug/deps/multipart_knobs-30710ef5e7548608)

running 8 tests
test leg3_each_budget_takes_the_half_0016_states ... ok
test leg1_the_shipped_set_passes_every_clamp ... ok
test leg5_the_two_retry_budgets_are_separate_and_contention_outlasts_the_room ... ok
test leg2_each_clamp_passes_its_bound_and_names_itself_one_step_past_it ... ok
test leg3_the_chunk_caps_are_half_a_value_over_the_measured_worst_chunk_ref ... ok
test leg3_u_ref_and_the_session_limit_follow_the_formulas_under_either_arm ... ok
test leg5_the_backoff_is_bounded_jittered_and_grows_with_the_attempt ... ok
test leg4_every_capacity_fits_its_key_space_in_byte_order_at_the_cap ... ok

test result: ok. 8 passed; 0 failed; 0 ignored; 0 measured; 0 filtered out; finished in 0.00s
run-diff-cov.sh: NOTE — 184 of 749 changed production lines carried a coverage
                 region; the other 565 are not scored either way. Most are simply not
                 executable (comments, `use`, declarations, bare delimiters). But code
                 compiled out by a #[cfg(...)] your feature selection does not enable looks
                 identical here, and this gate cannot tell the two apart (#222).
                 The largest unscored spans, so you can tell at a glance which it is:
run-diff-cov.sh:   UNSCORED crates/core/src/multipart.rs:4796-4932 (137 lines)
run-diff-cov.sh:   UNSCORED crates/core/src/multipart.rs:4469-4566 (98 lines)
run-diff-cov.sh:   UNSCORED crates/core/src/multipart.rs:4717-4786 (70 lines)
run-diff-cov.sh:   UNSCORED crates/core/src/multipart.rs:4580-4643 (64 lines)
run-diff-cov.sh:   UNSCORED crates/core/src/multipart.rs:4647-4708 (62 lines)
run-diff-cov.sh:   UNSCORED crates/core/src/multipart.rs:4356-4406 (51 lines)
run-diff-cov.sh:   … and 19 further span(s), none larger; all of them are in coverage/diff-cov.json
run-diff-cov.sh: MISS crates/core/src/multipart.rs:4938
METRIC diff_cov=99.5 covered=183 instrumentable=184 unscored=565
run-diff-cov.sh: PASS — the patch's tests execute 99.5% of its 184 instrumentable changed
                 lines (floor 80%, 8 test(s) ran).
PDCA-EVIDENCE: diff coverage 99.5% — 183 of 184 instrumentable changed lines executed (floor 80%); 184 of 749 changed lines were instrumentable
