# gate: C4-verify — per-fix red->green: this patch's test red pre-fix, green post-fix
# cmd: ./engine/scripts/run-verify.sh
# cwd: /home/eddie/wyrd/wyrd-pdca
# PDCA_WORKTREE: /home/eddie/wyrd/wyrd.pdca-wt-l0
# start: 2026-09-13T15:44:13+00:00
# duration_secs: 3.43
# exit: 77
# outcome: unverifiable
# ---- combined stdout+stderr (verbatim) ----
run-verify.sh: GREEN — cargo test -p wyrd-core --test multipart_knobs (fix applied)

running 8 tests
........
test result: ok. 8 passed; 0 failed; 0 ignored; 0 measured; 0 filtered out; finished in 0.00s
run-verify.sh: RED — cargo test -p wyrd-core --test multipart_knobs (production reverted, test kept)
error[E0432]: unresolved import `wyrd_core::multipart::KnobClamp`
  --> crates/core/tests/multipart_knobs.rs:26:5
   |
26 | use wyrd_core::multipart::KnobClamp as C;
   |     ^^^^^^^^^^^^^^^^^^^^^^^^^^^^^^^^^^^^ no `KnobClamp` in `multipart`

error[E0432]: unresolved imports `wyrd_core::multipart::admission_backoff_millis`, `wyrd_core::multipart::knob_clamps_hold`, `wyrd_core::multipart::max_chunkref_bytes_for`, `wyrd_core::multipart::max_part_bytes`, `wyrd_core::multipart::value_chunk_capacity`, `wyrd_core::multipart::KnobSet`, `wyrd_core::multipart::ADMISSION_BACKOFF_BASE_MILLIS`, `wyrd_core::multipart::ADMISSION_BACKOFF_CAP_MILLIS`, `wyrd_core::multipart::MAX_ADMISSION_CAS_ATTEMPTS`, `wyrd_core::multipart::MAX_BATCH_BYTES`, `wyrd_core::multipart::MAX_BATCH_OPS`, `wyrd_core::multipart::MAX_CHUNKREF_BYTES`, `wyrd_core::multipart::MAX_COMPLETE_ATTEMPTS`, `wyrd_core::multipart::MAX_INFLIGHT_PARTS`, `wyrd_core::multipart::MAX_MAP_CHUNKS`, `wyrd_core::multipart::MAX_OWNED_FLEET`, `wyrd_core::multipart::MAX_PARTS_PER_SESSION`, `wyrd_core::multipart::MAX_PART_CHUNKS`, `wyrd_core::multipart::MAX_SEG_CHUNKS`, `wyrd_core::multipart::MAX_SESSIONS`, `wyrd_core::multipart::MAX_STAGED_CHUNKS`, `wyrd_core::multipart::MAX_UPLOAD_ID_ATTEMPTS`, `wyrd_core::multipart::R_PUBLISH`, `wyrd_core::multipart::SIZING_SCHEME`, `wyrd_core::multipart::U_REF`, `wyrd_core::multipart::VALUE_CHUNK_CAPACITY`, `wyrd_core::multipart::W_REF`
  --> crates/core/tests/multipart_knobs.rs:28:5
   |
28 |     admission_backoff_millis, decode_slot_record, knob_clamps_hold, max_chunkref_bytes_for,
   |     ^^^^^^^^^^^^^^^^^^^^^^^^                      ^^^^^^^^^^^^^^^^  ^^^^^^^^^^^^^^^^^^^^^^ no `max_chunkref_bytes_for` in `multipart`
   |     |                                             |
   |     |                                             no `knob_clamps_hold` in `multipart`
   |     no `admission_backoff_millis` in `multipart`
29 |     max_part_bytes, parse_part_key, parse_slot_key, part_key, slot_key, value_chunk_capacity,
   |     ^^^^^^^^^^^^^^ no `max_part_bytes` in `multipart`                   ^^^^^^^^^^^^^^^^^^^^ no `value_chunk_capacity` in `multipart`
30 |     KnobSet, PartNumber, RecordError, SlotIndex, UploadId, ADMISSION_BACKOFF_BASE_MILLIS as BASE,
   |     ^^^^^^^ no `KnobSet` in `multipart`                    ^^^^^^^^^^^^^^^^^^^^^^^^^^^^^^^^^^^^^ no `ADMISSION_BACKOFF_BASE_MILLIS` in `multipart`
31 |     ADMISSION_BACKOFF_CAP_MILLIS as CAP, MAX_ADMISSION_CAS_ATTEMPTS, MAX_BATCH_BYTES,
   |     ^^^^^^^^^^^^^^^^^^^^^^^^^^^^^^^^^^^  ^^^^^^^^^^^^^^^^^^^^^^^^^^  ^^^^^^^^^^^^^^^ no `MAX_BATCH_BYTES` in `multipart`
   |     |                                    |
   |     |                                    no `MAX_ADMISSION_CAS_ATTEMPTS` in `multipart`
   |     no `ADMISSION_BACKOFF_CAP_MILLIS` in `multipart`
32 |     MAX_BATCH_OPS, MAX_CHUNKREF_BYTES, MAX_COMPLETE_ATTEMPTS, MAX_INFLIGHT_PARTS, MAX_MAP_CHUNKS,
   |     ^^^^^^^^^^^^^  ^^^^^^^^^^^^^^^^^^  ^^^^^^^^^^^^^^^^^^^^^  ^^^^^^^^^^^^^^^^^^  ^^^^^^^^^^^^^^
33 |     MAX_OWNED_FLEET, MAX_PARTS_PER_SESSION, MAX_PART_CHUNKS, MAX_PART_NUMBER, MAX_SEG_CHUNKS,
   |     ^^^^^^^^^^^^^^^  ^^^^^^^^^^^^^^^^^^^^^  ^^^^^^^^^^^^^^^                   ^^^^^^^^^^^^^^
34 |     MAX_SESSIONS, MAX_SLOT_INDEX, MAX_STAGED_CHUNKS, MAX_UPLOAD_ID_ATTEMPTS, R_PUBLISH,
   |     ^^^^^^^^^^^^                  ^^^^^^^^^^^^^^^^^  ^^^^^^^^^^^^^^^^^^^^^^  ^^^^^^^^^
35 |     SIZING_SCHEME, U_REF, VALUE_CHUNK_CAPACITY, W_REF,
   |     ^^^^^^^^^^^^^  ^^^^^  ^^^^^^^^^^^^^^^^^^^^  ^^^^^

For more information about this error, try `rustc --explain E0432`.
error: could not compile `wyrd-core` (test "multipart_knobs") due to 2 previous errors
run-verify.sh: UNVERIFIABLE — the RED leg's cargo run failed (status 101) WITHOUT
               running a test, so no RED was established. This is NOT 'red without the
               fix' — the discriminator never executed. The usual cause is that it does
               not COMPILE against the reverted base: it calls production API this patch
               adds, so reverting the fix removes the symbol it needs. Split the test so
               it exercises the behaviour through pre-existing API, or record at sign-off
               why this slice has no isolable red (the cargo output is above).
