# gate C4-verify — attempt 1/1: pass (exit 0)
# cmd: ./engine/scripts/run-verify.sh
# cwd: /home/eddie/wyrd/wyrd-pdca
# PDCA_WORKTREE: /home/eddie/wyrd/wyrd.pdca-wt-l0
# started: 2026-08-07T13:58:38+02:00   duration: 2s

run-verify.sh: GREEN — cargo test -p wyrd-custodian --test segmented_map_reconstruction (fix applied)

running 9 tests
.........
test result: ok. 9 passed; 0 failed; 0 ignored; 0 measured; 0 filtered out; finished in 0.04s
run-verify.sh: RED — cargo test -p wyrd-custodian --test segmented_map_reconstruction (production reverted, test kept)

running 9 tests
a_fault_that_is_not_one_objects_map_still_ends_the_pass --- FAILED
work_in_a_segmented_record_is_refused_per_object_never_discarded --- FAILED
a_repair_never_lands_over_bytes_this_pass_did_not_read --- FAILED
an_unreadable_object_is_named_and_the_walk_continues --- FAILED
a_duplicate_committed_chunk_id_is_repaired_by_neither_reference --- FAILED
a_segmented_object_ends_no_pass_and_the_flat_repair_still_happens --- FAILED
a_resolve_that_restarted_is_acted_on_by_nothing --- FAILED
. 8/9
the_namespace_is_read_once_per_pass_not_once_per_obligation --- FAILED

failures:

---- a_fault_that_is_not_one_objects_map_still_ends_the_pass stdout ----

thread 'a_fault_that_is_not_one_objects_map_still_ends_the_pass' (1101441) panicked at crates/custodian/tests/segmented_map_reconstruction.rs:140:41:
never said :"inode:0". got: {"timestamp":"2026-08-07T11:58:41.567358Z","level":"INFO","fields":{"histogram.reconstruction_queue_depth":1},"target":"wyrd_custodian::reconstruction"}

note: run with `RUST_BACKTRACE=1` environment variable to display a backtrace

---- work_in_a_segmented_record_is_refused_per_object_never_discarded stdout ----

thread 'work_in_a_segmented_record_is_refused_per_object_never_discarded' (1101448) panicked at crates/custodian/tests/segmented_map_reconstruction.rs:377:20:
a refusal is not a fault: "reconciliation store access: reconstruction::find_chunk met a segmented chunk map, which this build cannot yet resolve"

---- a_repair_never_lands_over_bytes_this_pass_did_not_read stdout ----

thread 'a_repair_never_lands_over_bytes_this_pass_did_not_read' (1101442) panicked at crates/custodian/tests/segmented_map_reconstruction.rs:605:20:
a refusal is not a fault: "reconciliation store access: reconstruction::find_chunk met a segmented chunk map, which this build cannot yet resolve"

---- an_unreadable_object_is_named_and_the_walk_continues stdout ----

thread 'an_unreadable_object_is_named_and_the_walk_continues' (1101446) panicked at crates/custodian/tests/segmented_map_reconstruction.rs:412:20:
one bad object ends no pass: "reconciliation store access: key must be a string at line 1 column 2"

---- a_duplicate_committed_chunk_id_is_repaired_by_neither_reference stdout ----

thread 'a_duplicate_committed_chunk_id_is_repaired_by_neither_reference' (1101440) panicked at crates/custodian/tests/segmented_map_reconstruction.rs:483:5:
assertion `left == right` failed: no repair
  left: Satisfied
 right: Blocked

---- a_segmented_object_ends_no_pass_and_the_flat_repair_still_happens stdout ----

thread 'a_segmented_object_ends_no_pass_and_the_flat_repair_still_happens' (1101444) panicked at crates/custodian/tests/segmented_map_reconstruction.rs:352:20:
a segmented object ends no pass: "reconciliation store access: reconstruction::find_chunk met a segmented chunk map, which this build cannot yet resolve"

---- a_resolve_that_restarted_is_acted_on_by_nothing stdout ----

thread 'a_resolve_that_restarted_is_acted_on_by_nothing' (1101443) panicked at crates/custodian/tests/segmented_map_reconstruction.rs:456:20:
a restart ends no pass: "reconciliation store access: reconstruction::find_chunk met a segmented chunk map, which this build cannot yet resolve"

---- the_namespace_is_read_once_per_pass_not_once_per_obligation stdout ----

thread 'the_namespace_is_read_once_per_pass_not_once_per_obligation' (1101447) panicked at crates/custodian/tests/segmented_map_reconstruction.rs:517:5:
assertion `left == right` failed: read ONCE, not once per obligation
  left: 3
 right: 1


failures:
    a_duplicate_committed_chunk_id_is_repaired_by_neither_reference
    a_fault_that_is_not_one_objects_map_still_ends_the_pass
    a_repair_never_lands_over_bytes_this_pass_did_not_read
    a_resolve_that_restarted_is_acted_on_by_nothing
    a_segmented_object_ends_no_pass_and_the_flat_repair_still_happens
    an_unreadable_object_is_named_and_the_walk_continues
    the_namespace_is_read_once_per_pass_not_once_per_obligation
    work_in_a_segmented_record_is_refused_per_object_never_discarded

test result: FAILED. 1 passed; 8 failed; 0 ignored; 0 measured; 0 filtered out; finished in 0.05s

error: test failed, to rerun pass `-p wyrd-custodian --test segmented_map_reconstruction`
run-verify.sh: PASS — red without the fix, green with it (9 test(s) ran red).
