# gate: C4-diff-cov — diff coverage: changed lines executed by the patch's tests
# cmd: ./engine/scripts/run-diff-cov.sh
# cwd: /home/eddie/wyrd/wyrd-pdca
# PDCA_WORKTREE: /home/eddie/wyrd/wyrd.pdca-wt-l0
# start: 2026-10-03T08:26:00+00:00
# duration_secs: 2.13
# exit: 1
# outcome: fail
# ---- combined stdout+stderr (verbatim) ----
run-diff-cov.sh: MEASURE — cargo llvm-cov test -p xtask --test dist_two_binary_layout (fix applied)
info: cargo-llvm-cov currently setting cfg(coverage); you can opt-out it by passing --no-cfg-coverage
   Compiling wyrd-chunk-format v0.0.0 (/home/eddie/wyrd/wyrd-cov-l0/crates/chunk-format)
   Compiling xtask v0.0.0 (/home/eddie/wyrd/wyrd-cov-l0/xtask)
    Finished `test` profile [unoptimized + debuginfo] target(s) in 0.97s
     Running tests/dist_two_binary_layout.rs (target/llvm-cov-target/debug/deps/dist_two_binary_layout-740e3573b21e4960)

running 2 tests
test the_expected_set_is_well_formed ... ok
test every_pipeline_file_names_every_expected_binary ... ok

test result: ok. 2 passed; 0 failed; 0 ignored; 0 measured; 0 filtered out; finished in 0.00s
run-diff-cov.sh: NOTE — 81 of 177 changed production lines carried a coverage
                 region; the other 96 are not scored either way. Most are simply not
                 executable (comments, `use`, declarations, bare delimiters). But code
                 compiled out by a #[cfg(...)] your feature selection does not enable looks
                 identical here, and this gate cannot tell the two apart (#222).
                 The largest unscored spans, so you can tell at a glance which it is:
run-diff-cov.sh:   UNSCORED xtask/src/dist.rs:5-22 (18 lines)
run-diff-cov.sh:   UNSCORED xtask/src/dist.rs:51-66 (16 lines)
run-diff-cov.sh:   UNSCORED xtask/src/dist.rs:89-96 (8 lines)
run-diff-cov.sh:   UNSCORED xtask/src/dist.rs:70-76 (7 lines)
run-diff-cov.sh:   UNSCORED xtask/src/dist.rs:371-376 (6 lines)
run-diff-cov.sh:   UNSCORED xtask/src/dist.rs:410-415 (6 lines)
run-diff-cov.sh:   … and 16 further span(s), none larger; all of them are in coverage/diff-cov.json
run-diff-cov.sh: MISS xtask/src/dist.rs:67
run-diff-cov.sh: MISS xtask/src/dist.rs:68
run-diff-cov.sh: MISS xtask/src/dist.rs:69
run-diff-cov.sh: MISS xtask/src/dist.rs:77
run-diff-cov.sh: MISS xtask/src/dist.rs:78
run-diff-cov.sh: MISS xtask/src/dist.rs:79
run-diff-cov.sh: MISS xtask/src/dist.rs:80
run-diff-cov.sh: MISS xtask/src/dist.rs:81
run-diff-cov.sh: MISS xtask/src/dist.rs:82
run-diff-cov.sh: MISS xtask/src/dist.rs:83
run-diff-cov.sh: MISS xtask/src/dist.rs:84
run-diff-cov.sh: MISS xtask/src/dist.rs:85
run-diff-cov.sh: MISS xtask/src/dist.rs:86
run-diff-cov.sh: MISS xtask/src/dist.rs:88
run-diff-cov.sh: MISS xtask/src/dist.rs:377
run-diff-cov.sh: MISS xtask/src/dist.rs:378
run-diff-cov.sh: MISS xtask/src/dist.rs:379
run-diff-cov.sh: MISS xtask/src/dist.rs:385
run-diff-cov.sh: MISS xtask/src/dist.rs:386
run-diff-cov.sh: MISS xtask/src/dist.rs:387
run-diff-cov.sh: MISS xtask/src/dist.rs:388
run-diff-cov.sh: MISS xtask/src/dist.rs:389
run-diff-cov.sh: MISS xtask/src/dist.rs:390
run-diff-cov.sh: MISS xtask/src/dist.rs:391
run-diff-cov.sh: MISS xtask/src/dist.rs:392
run-diff-cov.sh: MISS xtask/src/dist.rs:393
run-diff-cov.sh: MISS xtask/src/dist.rs:394
run-diff-cov.sh: MISS xtask/src/dist.rs:395
run-diff-cov.sh: MISS xtask/src/dist.rs:396
run-diff-cov.sh: MISS xtask/src/dist.rs:401
run-diff-cov.sh: MISS xtask/src/dist.rs:402
run-diff-cov.sh: MISS xtask/src/dist.rs:403
run-diff-cov.sh: MISS xtask/src/dist.rs:404
run-diff-cov.sh: MISS xtask/src/dist.rs:405
run-diff-cov.sh: MISS xtask/src/dist.rs:406
run-diff-cov.sh: MISS xtask/src/dist.rs:407
run-diff-cov.sh: MISS xtask/src/dist.rs:409
run-diff-cov.sh: MISS xtask/src/dist.rs:416
run-diff-cov.sh: MISS xtask/src/dist.rs:417
run-diff-cov.sh: MISS xtask/src/dist.rs:418
run-diff-cov.sh: MISS xtask/src/dist.rs:419
run-diff-cov.sh: MISS xtask/src/dist.rs:420
run-diff-cov.sh: MISS xtask/src/dist.rs:421
run-diff-cov.sh: MISS xtask/src/dist.rs:422
run-diff-cov.sh: MISS xtask/src/dist.rs:423
run-diff-cov.sh: MISS xtask/src/dist.rs:424
run-diff-cov.sh: MISS xtask/src/dist.rs:430
run-diff-cov.sh: MISS xtask/src/dist.rs:431
run-diff-cov.sh: MISS xtask/src/dist.rs:432
run-diff-cov.sh: MISS xtask/src/dist.rs:433
run-diff-cov.sh: MISS xtask/src/dist.rs:434
run-diff-cov.sh: MISS xtask/src/dist.rs:437
run-diff-cov.sh: MISS xtask/src/dist.rs:438
run-diff-cov.sh: MISS xtask/src/dist.rs:439
run-diff-cov.sh: MISS xtask/src/dist.rs:440
run-diff-cov.sh: MISS xtask/src/dist.rs:441
run-diff-cov.sh: MISS xtask/src/dist.rs:442
run-diff-cov.sh: MISS xtask/src/dist.rs:443
run-diff-cov.sh: MISS xtask/src/dist.rs:444
run-diff-cov.sh: MISS xtask/src/dist.rs:445
run-diff-cov.sh: MISS xtask/src/dist.rs:447
run-diff-cov.sh: MISS xtask/src/dist.rs:448
run-diff-cov.sh: MISS xtask/src/dist.rs:450
run-diff-cov.sh: MISS xtask/src/dist.rs:451
run-diff-cov.sh: MISS xtask/src/dist.rs:452
run-diff-cov.sh: MISS xtask/src/dist.rs:454
run-diff-cov.sh: MISS xtask/src/dist.rs:455
run-diff-cov.sh: MISS xtask/src/dist.rs:557
run-diff-cov.sh: MISS xtask/src/dist.rs:558
run-diff-cov.sh: MISS xtask/src/dist.rs:562
run-diff-cov.sh: MISS xtask/src/dist.rs:566
run-diff-cov.sh: MISS xtask/src/dist.rs:633
run-diff-cov.sh: MISS xtask/src/dist.rs:642
run-diff-cov.sh: MISS xtask/src/dist.rs:643
run-diff-cov.sh: MISS xtask/src/dist.rs:644
run-diff-cov.sh: MISS xtask/src/dist.rs:645
run-diff-cov.sh: MISS xtask/src/dist.rs:647
run-diff-cov.sh: MISS xtask/src/dist.rs:662
run-diff-cov.sh: MISS xtask/src/dist.rs:696
run-diff-cov.sh: MISS xtask/src/dist.rs:754
run-diff-cov.sh: MISS xtask/src/dist.rs:755
METRIC diff_cov=0.0 covered=0 instrumentable=81 unscored=96
run-diff-cov.sh: C4-diff-cov: uncovered changed lines in crate xtask — 81 of 81 not executed by the patch tests (100.0% uncovered)
run-diff-cov.sh: FAIL — the patch's tests execute 0.0% of its instrumentable changed
                 lines, below the 80% floor. Each MISS above is a REACH gap: the
                 line never ran. (A line that DID run may still be unasserted — that is
                 C5-mutants' question, not this row's.)
PDCA-EVIDENCE: diff coverage 0.0% — 0 of 81 instrumentable changed lines executed (below the 80% floor); 81 of 177 changed lines were instrumentable
