# gate: C4-verify — per-fix red->green: this patch's test red pre-fix, green post-fix
# cmd: ./engine/scripts/run-verify.sh
# cwd: /home/eddie/wyrd/wyrd-pdca
# PDCA_WORKTREE: /home/eddie/wyrd/wyrd.pdca-wt-l0
# start: 2026-10-01T17:05:42+00:00
# duration_secs: 10.7
# exit: 0
# outcome: pass
# ---- combined stdout+stderr (verbatim) ----
run-verify.sh: GREEN — cargo test -p wyrd-server --test s3_chunk_size_flag (fix applied)

running 4 tests
....
test result: ok. 4 passed; 0 failed; 0 ignored; 0 measured; 0 filtered out; finished in 2.58s
run-verify.sh: RED — cargo test -p wyrd-server --test s3_chunk_size_flag (production reverted, test kept)

running 4 tests
d_the_usage_text_lists_the_chunk_size_flag_on_the_s3_line --- FAILED
b_chunk_size_accepts_exactly_one_to_sixteen_mib_and_refuses_the_rest_before_binding --- FAILED
a_chunk_size_flag_sets_the_local_chunk_size_and_its_absence_keeps_one_mib --- FAILED
c_the_sixteen_mib_ceiling_crosses_a_production_dserver_as_one_chunk --- FAILED

failures:

---- d_the_usage_text_lists_the_chunk_size_flag_on_the_s3_line stdout ----

thread 'd_the_usage_text_lists_the_chunk_size_flag_on_the_s3_line' (1323334) panicked at crates/server/tests/s3_chunk_size_flag.rs:635:5:
the `wyrd s3` usage line must list `[--chunk-size N]`:   wyrd s3 --access-key KEY --secret-key SECRET [--s3-listen ADDR] [--data-dir DIR] [--region NAME] [--endpoints URL,URL,…] [--metadata-backend redb|tikv|fdb] [--coordination-backend mem|etcd] [--otlp-endpoint URL]
note: run with `RUST_BACKTRACE=1` environment variable to display a backtrace

---- b_chunk_size_accepts_exactly_one_to_sixteen_mib_and_refuses_the_rest_before_binding stdout ----

thread 'b_chunk_size_accepts_exactly_one_to_sixteen_mib_and_refuses_the_rest_before_binding' (1323332) panicked at crates/server/tests/s3_chunk_size_flag.rs:504:17:
`--chunk-size 0` must be refused, but the role is serving on 127.0.0.1:43331

---- a_chunk_size_flag_sets_the_local_chunk_size_and_its_absence_keeps_one_mib stdout ----

thread 'a_chunk_size_flag_sets_the_local_chunk_size_and_its_absence_keeps_one_mib' (1323331) panicked at crates/server/tests/s3_chunk_size_flag.rs:463:5:
assertion `left == right` failed: --chunk-size 524288 must split a 2 MiB object into 4 chunks
  left: 2
 right: 4

---- c_the_sixteen_mib_ceiling_crosses_a_production_dserver_as_one_chunk stdout ----

thread 'c_the_sixteen_mib_ceiling_crosses_a_production_dserver_as_one_chunk' (1323333) panicked at crates/server/tests/s3_chunk_size_flag.rs:613:9:
assertion `left == right` failed: a 16 MiB object at --chunk-size 16777216 must be ONE chunk on the D server
  left: 16
 right: 1


failures:
    a_chunk_size_flag_sets_the_local_chunk_size_and_its_absence_keeps_one_mib
    b_chunk_size_accepts_exactly_one_to_sixteen_mib_and_refuses_the_rest_before_binding
    c_the_sixteen_mib_ceiling_crosses_a_production_dserver_as_one_chunk
    d_the_usage_text_lists_the_chunk_size_flag_on_the_s3_line

test result: FAILED. 0 passed; 4 failed; 0 ignored; 0 measured; 0 filtered out; finished in 1.23s

error: test failed, to rerun pass `-p wyrd-server --test s3_chunk_size_flag`
run-verify.sh: PASS — red without the fix, green with it (4 test(s) ran red).
