# gate C4-verify — attempt 1/1: unverifiable (exit 77)
# cmd: ./engine/scripts/run-verify.sh
# cwd: /home/eddie/wyrd/wyrd-pdca
# PDCA_WORKTREE: /home/eddie/wyrd/wyrd.pdca-wt-l0
# started: 2026-08-07T01:49:44+02:00   duration: 2s

run-verify.sh: GREEN — cargo test -p wyrd-core --test multipart_keys (fix applied)

running 21 tests
.....................
test result: ok. 21 passed; 0 failed; 0 ignored; 0 measured; 0 filtered out; finished in 0.00s
run-verify.sh: RED — cargo test -p wyrd-core --test multipart_keys (production reverted, test kept)
error[E0432]: unresolved import `wyrd_core::multipart`
  --> crates/core/tests/multipart_keys.rs:26:16
   |
26 | use wyrd_core::multipart::{
   |                ^^^^^^^^^ could not find `multipart` in `wyrd_core`

error[E0277]: the size for values of type `[u8]` cannot be known at compilation time
   --> crates/core/tests/multipart_keys.rs:842:9
    |
842 |     for key in [
    |         ^^^ doesn't have a size known at compile-time
    |
    = help: the trait `Sized` is not implemented for `[u8]`
    = note: all local variables must have a statically known size

error[E0277]: the size for values of type `[u8]` cannot be known at compilation time
   --> crates/core/tests/multipart_keys.rs:842:5
    |
842 | /     for key in [
843 | |         mpu_key(&upload("0")),       // a neighbouring namespace's key
844 | |         b"retire:".to_vec(),         // the namespace prefix alone
845 | |         b"retire:bytes".to_vec(),    // a mode with no token — truncated, not "unknown"
...   |
859 | |         assert_rejected("retire:", &key, parse_retire_key(&key));
860 | |     }
    | |_____^ doesn't have a size known at compile-time
    |
    = help: the trait `Sized` is not implemented for `[u8]`
note: required by an implicit `Sized` bound in `std::option::Option`
   --> /home/eddie/.rustup/toolchains/1.96.0-x86_64-unknown-linux-gnu/lib/rustlib/src/rust/library/core/src/option.rs:600:17
    |
600 | pub enum Option<T> {
    |                 ^ required by the implicit `Sized` requirement on this type parameter in `Option`

Some errors have detailed explanations: E0277, E0432.
For more information about an error, try `rustc --explain E0277`.
error: could not compile `wyrd-core` (test "multipart_keys") due to 3 previous errors
run-verify.sh: UNVERIFIABLE — the RED leg's cargo run failed (status 101) WITHOUT
               running a test, so no RED was established. This is NOT 'red without the
               fix' — the discriminator never executed. The usual cause is that it does
               not COMPILE against the reverted base: it calls production API this patch
               adds, so reverting the fix removes the symbol it needs. Split the test so
               it exercises the behaviour through pre-existing API, or record at sign-off
               why this slice has no isolable red (the cargo output is above).
