# gate: C4-diff-cov — diff coverage: changed lines executed by the patch's tests
# cmd: ./engine/scripts/run-diff-cov.sh
# cwd: /home/eddie/wyrd/wyrd-pdca
# PDCA_WORKTREE: /home/eddie/wyrd/wyrd.pdca-wt
# start: 2026-09-18T18:16:29+00:00
# duration_secs: 30.62
# exit: 0
# outcome: pass
# ---- combined stdout+stderr (verbatim) ----
run-diff-cov.sh: at least one changed crate ships no test in this patch — it is scored
                 against its EXISTING suite, and any co-located #[cfg(test)] lines the
                 patch adds count as covered, so that part of the figure is the generous
                 one; see the coverage boundary in this file's header.
run-diff-cov.sh: MEASURE — cargo llvm-cov test -p wyrd-custodian --test staged_repair (fix applied)
info: cargo-llvm-cov currently setting cfg(coverage); you can opt-out it by passing --no-cfg-coverage
   Compiling wyrd-traits v0.0.0 (/home/eddie/wyrd/wyrd-cov/crates/traits)
   Compiling wyrd-chunk-format v0.0.0 (/home/eddie/wyrd/wyrd-cov/crates/chunk-format)
   Compiling wyrd-telemetry v0.0.0 (/home/eddie/wyrd/wyrd-cov/crates/telemetry)
   Compiling wyrd-testkit v0.0.0 (/home/eddie/wyrd/wyrd-cov/crates/testkit)
   Compiling wyrd-core v0.0.0 (/home/eddie/wyrd/wyrd-cov/crates/core)
   Compiling wyrd-coordination-mem v0.0.0 (/home/eddie/wyrd/wyrd-cov/crates/coordination-mem)
   Compiling wyrd-chunkstore-fs v0.0.0 (/home/eddie/wyrd/wyrd-cov/crates/chunkstore-fs)
   Compiling wyrd-custodian v0.0.0 (/home/eddie/wyrd/wyrd-cov/crates/custodian)
    Finished `test` profile [unoptimized + debuginfo] target(s) in 3.07s
     Running tests/staged_repair.rs (target/llvm-cov-target/debug/deps/staged_repair-45751e21aa66de11)

running 31 tests
test a_staged_chunk_already_whole_drains_its_obligation ... ok
test a_damaged_owned_entry_still_holds_its_chunks_obligation ... ok
test a_still_streaming_chunks_obligation_is_kept ... ok
test a_fenced_sessions_part_keeps_its_obligation ... ok
test a_scrub_queues_nothing_for_a_still_streaming_chunk ... ok
test d_vi_an_unreadable_vacated_source_mark_withholds_the_move ... ok
test a_staged_chunk_with_a_malformed_placement_or_no_redundancy_keeps_its_obligation ... ok
test a_scrub_queues_repair_for_a_bit_flipped_committed_part_fragment ... ok
test an_unreadable_session_record_withholds_the_repair ... ok
test a_scrub_queues_repair_for_a_missing_committed_part_fragment ... ok
test a_scrub_names_committed_parts_it_cannot_read_or_trust ... ok
test a_scrub_verifies_a_chunk_named_by_both_classes_once ... ok
test an_unreadable_staged_record_drains_no_obligation ... ok
test a_staged_chunk_it_cannot_repair_keeps_its_obligation ... ok
test b_a_fragment_rebuilt_in_place_consumes_its_pre_mark ... ok
test e_a_draining_server_is_never_the_destination ... ok
test c_a_part_rewrite_after_the_write_strands_nothing ... ok
test a_to_b_scrub_then_reconstruction_restore_the_part ... ok
test d_i_the_pre_mark_is_durable_before_the_destination_write ... ok
test d_iv_a_write_refused_past_its_deadline_aborts_the_re_place ... ok
test c_a_session_fence_after_the_write_strands_nothing ... ok
test b_reconstruction_re_places_a_committed_parts_lost_fragment ... ok
test d_iii_a_reclaiming_destination_is_never_used ... ok
test e_a_drain_recorded_after_the_choice_loses_the_adoption ... ok
test b_a_vacated_sources_existing_mark_is_re_stamped_or_left_reclaiming ... ok
test b_reconstruction_re_places_a_committed_parts_missing_fragment ... ok
test d_ii_an_existing_destination_mark_is_re_stamped_fresh ... ok
test d_iii_with_no_usable_destination_the_re_place_writes_nothing ... ok
test d_v_a_pre_mark_left_by_an_earlier_attempt_is_re_stamped_before_the_write ... ok
test d_v_no_write_is_authorized_on_a_stale_pre_mark ... ok
test a_destination_off_the_fleet_or_with_an_unreadable_mark_is_passed_over ... ok

test result: ok. 31 passed; 0 failed; 0 ignored; 0 measured; 0 filtered out; finished in 0.06s
run-diff-cov.sh: cfg-gated test target (madsim) for crates/dst — passing the flag (#104).
run-diff-cov.sh: MEASURE — cargo llvm-cov test -p wyrd-dst (fix applied)
info: cargo-llvm-cov currently setting cfg(coverage); you can opt-out it by passing --no-cfg-coverage
   Compiling wyrd-traits v0.0.0 (/home/eddie/wyrd/wyrd-cov/crates/traits)
   Compiling wyrd-dst v0.0.0 (/home/eddie/wyrd/wyrd-cov/crates/dst)
   Compiling wyrd-chunk-format v0.0.0 (/home/eddie/wyrd/wyrd-cov/crates/chunk-format)
   Compiling wyrd-proto v0.0.0 (/home/eddie/wyrd/wyrd-cov/crates/proto)
   Compiling wyrd-telemetry v0.0.0 (/home/eddie/wyrd/wyrd-cov/crates/telemetry)
   Compiling wyrd-testkit v0.0.0 (/home/eddie/wyrd/wyrd-cov/crates/testkit)
   Compiling wyrd-metadata-redb v0.0.0 (/home/eddie/wyrd/wyrd-cov/crates/metadata-redb)
   Compiling wyrd-metadata-conformance v0.0.0 (/home/eddie/wyrd/wyrd-cov/crates/metadata-conformance)
   Compiling wyrd-coordination-etcd v0.0.0 (/home/eddie/wyrd/wyrd-cov/crates/coordination-etcd)
   Compiling wyrd-coordination-conformance v0.0.0 (/home/eddie/wyrd/wyrd-cov/crates/coordination-conformance)
   Compiling wyrd-core v0.0.0 (/home/eddie/wyrd/wyrd-cov/crates/core)
   Compiling wyrd-chunkstore-fs v0.0.0 (/home/eddie/wyrd/wyrd-cov/crates/chunkstore-fs)
   Compiling wyrd-coordination-mem v0.0.0 (/home/eddie/wyrd/wyrd-cov/crates/coordination-mem)
   Compiling wyrd-chunkstore-grpc v0.0.0 (/home/eddie/wyrd/wyrd-cov/crates/chunkstore-grpc)
   Compiling wyrd-custodian v0.0.0 (/home/eddie/wyrd/wyrd-cov/crates/custodian)
    Finished `test` profile [unoptimized + debuginfo] target(s) in 5.48s
     Running unittests src/lib.rs (target/llvm-cov-target/debug/deps/wyrd_dst-2ede07c3e33065d6)

running 0 tests

test result: ok. 0 passed; 0 failed; 0 ignored; 0 measured; 0 filtered out; finished in 0.00s

     Running tests/commit_ambiguity.rs (target/llvm-cov-target/debug/deps/commit_ambiguity-e54a8530acddb86a)

running 14 tests
test the_two_undeterminable_codes_are_not_equally_bad ... ok
test assuming_an_ambiguous_blind_put_landed_leaves_a_chunk_unprotected - should panic ... ok
test treating_a_timed_out_commit_like_1021_fails_the_sweep - should panic ... ok
test assuming_an_ambiguous_commit_did_not_land_fails_the_sweep - should panic ... ok
test a_torn_apply_of_an_ambiguous_commit_is_caught - should panic ... ok
test counting_every_timed_out_commit_a_winner_fails_the_contended_sweep - should panic ... ok
test an_ambiguous_pending_ledger_put_is_settled_by_a_re_read ... ok
test committed_regression_seeds_stay_green ... ok
test a_deferred_1031_batch_that_skips_the_resolver_clobbers_the_winner - should panic ... ok
test a_timed_out_commit_may_still_land_after_the_settling_re_read ... ok
test a_stale_deferred_1031_batch_is_rejected_against_current_truth ... ok
test commit_ambiguity_invariants_hold_under_the_dst_seed_sweep ... ok
test contention_under_1031_keeps_exactly_one_winner_through_the_deferral ... ok
test the_settling_re_read_covers_both_halves_of_the_ambiguity_space ... ok

test result: ok. 14 passed; 0 failed; 0 ignored; 0 measured; 0 filtered out; finished in 0.22s

     Running tests/concurrency.rs (target/llvm-cov-target/debug/deps/concurrency-3b8356edac2c61f6)

running 5 tests
test blind_batch_lost_lock_race_is_err_never_conflict ... ok
test sim_tikv_reaches_mid_commit_interleaving_and_one_wins ... ok
test synchronous_redb_shaped_commit_never_reaches_the_interleaving - should panic ... ok
test exactly_one_concurrent_writer_wins_sim_tikv ... ok
test exactly_one_concurrent_writer_wins_redb ... ok

test result: ok. 5 passed; 0 failed; 0 ignored; 0 measured; 0 filtered out; finished in 0.72s

     Running tests/conformance.rs (target/llvm-cov-target/debug/deps/conformance-ed8a120bec62a9e1)

running 3 tests
test sim_fdb_backend_passes_shared_contract ... ok
test sim_tikv_backend_passes_shared_contract ... ok
test redb_backend_passes_shared_contract ... ok

test result: ok. 3 passed; 0 failed; 0 ignored; 0 measured; 0 filtered out; finished in 2.48s

     Running tests/coordination.rs (target/llvm-cov-target/debug/deps/coordination-2c9b09d34f641b02)

running 12 tests
test process_local_store_fails_the_single_leader_clause - should panic ... ok
test process_local_store_fails_the_cross_process_discovery_clause - should panic ... ok
test process_local_store_fails_the_mutual_exclusion_clause - should panic ... ok
test a_registration_lease_expires_deterministically ... ok
test peers_are_discovered_across_instances ... ok
test single_leader_is_exclusive_across_two_etcd_instances ... ok
test only_one_of_two_instances_leads_then_hands_off ... ok
test a_lock_is_mutually_exclusive_across_two_instances ... ok
test a_transient_proclaim_error_keeps_the_hold_and_its_lease ... ok
test a_lapsed_leader_recampaigns_after_its_lease_is_lost ... ok
test a_cancelled_campaign_leaks_no_orphan ... ok
test shared_contract_suite_on_the_etcd_simulator ... ok

test result: ok. 12 passed; 0 failed; 0 ignored; 0 measured; 0 filtered out; finished in 0.08s

     Running tests/custodian.rs (target/llvm-cov-target/debug/deps/custodian-553c1d36f86f0e19)

running 22 tests
test barrier_installed_and_registry_keeps_callsites_capturable ... ok
test gc_reclaims_only_true_orphans_q3 ... ok
test restore_two_readings_never_license_a_mark ... ok
test segmented_resolve_never_tears ... ok
test gc_reclaim_intent_never_publishes_over_deleted_bytes ... ok
test gc_over_a_segmented_map_never_reclaims_it_and_never_over_certifies ... ok
test gc_staged_handoffs_never_reclaim_the_chunk ... ok
test gc_orphan_walk_under_a_concurrent_unlink ... ok
test restore_two_readings_cover_the_divergence_window ... ok
test fenced_stale_leader_lands_nothing ... ok
test durability_emission_rises_then_returns_to_zero ... ok
test scrub_detects_bit_rot_then_reconstructs_q2 ... ok
test staged_replace_never_strands_under_a_fence ... ok
test reconstruct_to_full_redundancy_q1 ... ok
test reader_flips_atomically_across_commit ... ok
test gc_reclaim_intent_reaches_both_outcomes ... ok
test crash_mid_fragment_write_commits_nothing ... ok
test commit_point_atomic_repair_under_crash ... ok
test gc_orphan_walk_reaches_the_mid_walk_landing ... ok
test gc_staged_handoffs_reach_between_and_outside_the_reads ... ok
test staged_replace_reaches_every_fence_window ... ok
test committed_regression_seeds_stay_green ... ok

test result: ok. 22 passed; 0 failed; 0 ignored; 0 measured; 0 filtered out; finished in 15.01s

     Running tests/network.rs (target/llvm-cov-target/debug/deps/network-f767ccb8c95e1bed)

running 8 tests
test a_write_parked_past_its_deadline_is_refused_by_the_real_d_server ... ok
test a_publication_the_d_server_could_not_verify_is_reported_not_acknowledged ... ok
test a_write_that_expires_inside_the_d_servers_store_is_refused_before_publication ... ok
test partial_fanout_fails_closed ... ok
test corrupt_fragment_is_read_around ... ok
test k_of_n_read_survives_dropped_fetches ... ok
test parallel_write_durability_over_network ... ok
test exactly_one_concurrent_writer_wins_over_network ... ok

test result: ok. 8 passed; 0 failed; 0 ignored; 0 measured; 0 filtered out; finished in 1.50s

     Running tests/no_fdb_linkage.rs (target/llvm-cov-target/debug/deps/no_fdb_linkage-a0b3847b0e9a9e90)

running 9 tests
test scan_line_catches_every_manifest_dependency_shape ... ok
test package_nodes_reads_package_lines_and_not_feature_lines ... ok
test scan_line_ignores_comments_and_unrelated_dependencies ... ok
test scan_manifest_is_red_when_an_fdb_dependency_is_planted ... ok
test the_dst_manifest_declares_no_fdb_dependency ... ok
test the_dst_support_module_declares_the_simulated_fdb_store ... ok
test the_dst_dependency_graph_links_no_libfdb_c ... ok
test the_graph_scanner_is_red_on_a_cfg_madsim_gated_rename_and_transitive_edge ... ok
test the_graph_scanner_is_red_on_the_real_fdb_backend_with_its_feature_on ... ok

test result: ok. 9 passed; 0 failed; 0 ignored; 0 measured; 0 filtered out; finished in 0.19s

     Running tests/tikv_await_commit_interleaving.rs (target/llvm-cov-target/debug/deps/tikv_await_commit_interleaving-e42bb6c1b9363b71)

running 1 test
test redb_overwrite_cas_classifies_the_stale_writer_as_conflict ... ok

test result: ok. 1 passed; 0 failed; 0 ignored; 0 measured; 0 filtered out; finished in 0.50s
run-diff-cov.sh: NOTE — 477 of 1154 changed production lines carried a coverage
                 region; the other 677 are not scored either way. Most are simply not
                 executable (comments, `use`, declarations, bare delimiters). But code
                 compiled out by a #[cfg(...)] your feature selection does not enable looks
                 identical here, and this gate cannot tell the two apart (#222).
                 The largest unscored spans, so you can tell at a glance which it is:
run-diff-cov.sh:   UNSCORED crates/custodian/src/reconstruction/staged.rs:1-165 (165 lines)
run-diff-cov.sh:   UNSCORED crates/custodian/src/gc.rs:1054-1105 (52 lines)
run-diff-cov.sh:   UNSCORED crates/custodian/src/scrub.rs:267-297 (31 lines)
run-diff-cov.sh:   UNSCORED crates/custodian/src/reconstruction/staged.rs:338-366 (29 lines)
run-diff-cov.sh:   UNSCORED crates/custodian/src/reconstruction.rs:756-774 (19 lines)
run-diff-cov.sh:   UNSCORED crates/custodian/src/reconstruction.rs:149-160 (12 lines)
run-diff-cov.sh:   … and 119 further span(s), none larger; all of them are in coverage/diff-cov.json
run-diff-cov.sh: MISS crates/custodian/src/gc.rs:1044
run-diff-cov.sh: MISS crates/custodian/src/gc.rs:1045
run-diff-cov.sh: MISS crates/custodian/src/gc.rs:1046
run-diff-cov.sh: MISS crates/custodian/src/reconstruction.rs:740
run-diff-cov.sh: MISS crates/custodian/src/reconstruction.rs:860
run-diff-cov.sh: MISS crates/custodian/src/scrub.rs:338
run-diff-cov.sh: MISS crates/custodian/src/reconstruction/staged.rs:392
run-diff-cov.sh: MISS crates/custodian/src/reconstruction/staged.rs:393
run-diff-cov.sh: MISS crates/custodian/src/reconstruction/staged.rs:394
run-diff-cov.sh: MISS crates/custodian/src/reconstruction/staged.rs:395
run-diff-cov.sh: MISS crates/custodian/src/reconstruction/staged.rs:574
run-diff-cov.sh: MISS crates/custodian/src/reconstruction/staged.rs:575
run-diff-cov.sh: MISS crates/custodian/src/reconstruction/staged.rs:576
run-diff-cov.sh: MISS crates/custodian/src/reconstruction/staged.rs:577
run-diff-cov.sh: MISS crates/custodian/src/reconstruction/staged.rs:578
METRIC diff_cov=96.9 covered=462 instrumentable=477 unscored=677
run-diff-cov.sh: PASS — the patch's tests execute 96.9% of its 477 instrumentable changed
                 lines (floor 80%, 105 test(s) ran).
PDCA-EVIDENCE: diff coverage 96.9% — 462 of 477 instrumentable changed lines executed (floor 80%); 477 of 1154 changed lines were instrumentable
