# gate: C4-verify — per-fix red->green: this patch's test red pre-fix, green post-fix
# cmd: ./engine/scripts/run-verify.sh
# cwd: /home/eddie/wyrd/wyrd-pdca
# PDCA_WORKTREE: /home/eddie/wyrd/wyrd.pdca-wt
# start: 2026-09-18T18:16:24+00:00
# duration_secs: 4.03
# exit: 0
# outcome: pass
# ---- combined stdout+stderr (verbatim) ----
run-verify.sh: GREEN — cargo test -p wyrd-custodian --test staged_repair (fix applied)

running 31 tests
...............................
test result: ok. 31 passed; 0 failed; 0 ignored; 0 measured; 0 filtered out; finished in 0.06s
run-verify.sh: RED — cargo test -p wyrd-custodian --test staged_repair (production reverted, test kept)

running 31 tests
a_destination_off_the_fleet_or_with_an_unreadable_mark_is_passed_over --- FAILED
c_a_session_fence_after_the_write_strands_nothing --- FAILED
d_iv_a_write_refused_past_its_deadline_aborts_the_re_place --- FAILED
d_v_no_write_is_authorized_on_a_stale_pre_mark --- FAILED
d_v_a_pre_mark_left_by_an_earlier_attempt_is_re_stamped_before_the_write --- FAILED
d_iii_a_reclaiming_destination_is_never_used --- FAILED
a_scrub_names_committed_parts_it_cannot_read_or_trust --- FAILED
d_i_the_pre_mark_is_durable_before_the_destination_write --- FAILED
d_iii_with_no_usable_destination_the_re_place_writes_nothing --- FAILED
c_a_part_rewrite_after_the_write_strands_nothing --- FAILED
. 11/31
a_to_b_scrub_then_reconstruction_restore_the_part --- FAILED
a_scrub_queues_repair_for_a_bit_flipped_committed_part_fragment --- FAILED
b_a_vacated_sources_existing_mark_is_re_stamped_or_left_reclaiming --- FAILED
an_unreadable_staged_record_drains_no_obligation --- FAILED
a_scrub_queues_nothing_for_a_still_streaming_chunk --- FAILED
a_scrub_queues_repair_for_a_missing_committed_part_fragment --- FAILED
a_staged_chunk_it_cannot_repair_keeps_its_obligation --- FAILED
d_ii_an_existing_destination_mark_is_re_stamped_fresh --- FAILED
d_vi_an_unreadable_vacated_source_mark_withholds_the_move --- FAILED
a_damaged_owned_entry_still_holds_its_chunks_obligation --- FAILED
b_a_fragment_rebuilt_in_place_consumes_its_pre_mark --- FAILED
e_a_draining_server_is_never_the_destination --- FAILED
a_still_streaming_chunks_obligation_is_kept --- FAILED
b_reconstruction_re_places_a_committed_parts_lost_fragment --- FAILED
a_fenced_sessions_part_keeps_its_obligation --- FAILED
an_unreadable_session_record_withholds_the_repair --- FAILED
b_reconstruction_re_places_a_committed_parts_missing_fragment --- FAILED
e_a_drain_recorded_after_the_choice_loses_the_adoption --- FAILED
a_staged_chunk_with_a_malformed_placement_or_no_redundancy_keeps_its_obligation --- FAILED
.
failures:

---- a_destination_off_the_fleet_or_with_an_unreadable_mark_is_passed_over stdout ----

thread 'a_destination_off_the_fleet_or_with_an_unreadable_mark_is_passed_over' (85817) panicked at crates/custodian/tests/staged_repair.rs:1595:5:
assertion `left == right` failed
  left: Satisfied
 right: Changed
note: run with `RUST_BACKTRACE=1` environment variable to display a backtrace

---- c_a_session_fence_after_the_write_strands_nothing stdout ----

thread 'c_a_session_fence_after_the_write_strands_nothing' (85836) panicked at crates/custodian/tests/staged_repair.rs:927:5:
session fenced: the fragment was never written — this leg fenced nothing

---- d_iv_a_write_refused_past_its_deadline_aborts_the_re_place stdout ----

thread 'd_iv_a_write_refused_past_its_deadline_aborts_the_re_place' (85841) panicked at crates/custodian/tests/staged_repair.rs:1096:5:
assertion `left == right` failed: the destination write never arrived: []
  left: 0
 right: 1

---- d_v_no_write_is_authorized_on_a_stale_pre_mark stdout ----

thread 'd_v_no_write_is_authorized_on_a_stale_pre_mark' (85843) panicked at crates/custodian/tests/staged_repair.rs:1149:5:
assertion `left == right` failed: []
  left: 0
 right: 1

---- d_v_a_pre_mark_left_by_an_earlier_attempt_is_re_stamped_before_the_write stdout ----

thread 'd_v_a_pre_mark_left_by_an_earlier_attempt_is_re_stamped_before_the_write' (85842) panicked at crates/custodian/tests/staged_repair.rs:1185:5:
the injected transport fault did not fail the pass

---- d_iii_a_reclaiming_destination_is_never_used stdout ----

thread 'd_iii_a_reclaiming_destination_is_never_used' (85839) panicked at crates/custodian/tests/staged_repair.rs:1072:5:
assertion `left == right` failed
  left: Satisfied
 right: Changed

---- a_scrub_names_committed_parts_it_cannot_read_or_trust stdout ----

thread 'a_scrub_names_committed_parts_it_cannot_read_or_trust' (85819) panicked at crates/custodian/tests/staged_repair.rs:1644:5:
assertion `left == right` failed
  left: Satisfied
 right: Blocked

---- d_i_the_pre_mark_is_durable_before_the_destination_write stdout ----

thread 'd_i_the_pre_mark_is_durable_before_the_destination_write' (85837) panicked at crates/custodian/tests/staged_repair.rs:1014:5:
assertion `left == right` failed
  left: Satisfied
 right: Changed

---- d_iii_with_no_usable_destination_the_re_place_writes_nothing stdout ----

thread 'd_iii_with_no_usable_destination_the_re_place_writes_nothing' (85840) panicked at crates/custodian/tests/staged_repair.rs:1574:5:
assertion `left == right` failed
  left: []
 right: [1635]

---- c_a_part_rewrite_after_the_write_strands_nothing stdout ----

thread 'c_a_part_rewrite_after_the_write_strands_nothing' (85835) panicked at crates/custodian/tests/staged_repair.rs:922:5:
assertion `left == right` failed: part rewritten: the part record changed
  left: Some(b"{\"chunks\":[{\"id\":1635,\"scheme\":{\"ReedSolomon\":{\"k\":2,\"m\":1}},\"len\":70,\"placement\":[0,1,2]}],\"len\":70,\"digest\":\"efefefefefefefefefefefefefefefefefefefefefefefefefefefefefefefef\",\"committed_at_millis\":800,\"session_epoch\":3}")
 right: Some(b"{\"chunks\":[{\"id\":1635,\"scheme\":{\"ReedSolomon\":{\"k\":2,\"m\":1}},\"len\":70,\"placement\":[0,1,2]}],\"len\":70,\"digest\":\"efefefefefefefefefefefefefefefefefefefefefefefefefefefefefefefef\",\"committed_at_millis\":801,\"session_epoch\":3}")

---- a_to_b_scrub_then_reconstruction_restore_the_part stdout ----

thread 'a_to_b_scrub_then_reconstruction_restore_the_part' (85828) panicked at crates/custodian/tests/staged_repair.rs:823:5:
assertion `left == right` failed
  left: Satisfied
 right: Changed

---- a_scrub_queues_repair_for_a_bit_flipped_committed_part_fragment stdout ----

thread 'a_scrub_queues_repair_for_a_bit_flipped_committed_part_fragment' (85821) panicked at crates/custodian/tests/staged_repair.rs:776:5:
assertion `left == right` failed
  left: Satisfied
 right: Changed

---- b_a_vacated_sources_existing_mark_is_re_stamped_or_left_reclaiming stdout ----

thread 'b_a_vacated_sources_existing_mark_is_re_stamped_or_left_reclaiming' (85832) panicked at crates/custodian/tests/staged_repair.rs:1525:5:
assertion `left == right` failed
  left: Satisfied
 right: Changed

---- an_unreadable_staged_record_drains_no_obligation stdout ----

thread 'an_unreadable_staged_record_drains_no_obligation' (85830) panicked at crates/custodian/tests/staged_repair.rs:1399:9:
assertion `left == right` failed: an undecodable part record
  left: Satisfied
 right: Blocked

---- a_scrub_queues_nothing_for_a_still_streaming_chunk stdout ----

thread 'a_scrub_queues_nothing_for_a_still_streaming_chunk' (85820) panicked at crates/custodian/tests/staged_repair.rs:809:5:
assertion `left == right` failed
  left: Satisfied
 right: Changed

---- a_scrub_queues_repair_for_a_missing_committed_part_fragment stdout ----

thread 'a_scrub_queues_repair_for_a_missing_committed_part_fragment' (85822) panicked at crates/custodian/tests/staged_repair.rs:785:5:
assertion `left == right` failed
  left: Satisfied
 right: Changed

---- a_staged_chunk_it_cannot_repair_keeps_its_obligation stdout ----

thread 'a_staged_chunk_it_cannot_repair_keeps_its_obligation' (85825) panicked at crates/custodian/tests/staged_repair.rs:1455:5:
assertion `left == right` failed
  left: []
 right: [1635]

---- d_ii_an_existing_destination_mark_is_re_stamped_fresh stdout ----

thread 'd_ii_an_existing_destination_mark_is_re_stamped_fresh' (85838) panicked at crates/custodian/tests/staged_repair.rs:1044:9:
assertion `left == right` failed: legacy
  left: Satisfied
 right: Changed

---- d_vi_an_unreadable_vacated_source_mark_withholds_the_move stdout ----

thread 'd_vi_an_unreadable_vacated_source_mark_withholds_the_move' (85844) panicked at crates/custodian/tests/staged_repair.rs:1225:5:
assertion `left == right` failed
  left: Satisfied
 right: Blocked

---- a_damaged_owned_entry_still_holds_its_chunks_obligation stdout ----

thread 'a_damaged_owned_entry_still_holds_its_chunks_obligation' (85816) panicked at crates/custodian/tests/staged_repair.rs:1425:5:
assertion `left == right` failed: the obligation was dropped
  left: []
 right: [1642]

---- b_a_fragment_rebuilt_in_place_consumes_its_pre_mark stdout ----

thread 'b_a_fragment_rebuilt_in_place_consumes_its_pre_mark' (85831) panicked at crates/custodian/tests/staged_repair.rs:908:5:
assertion `left == right` failed
  left: Satisfied
 right: Changed

---- e_a_draining_server_is_never_the_destination stdout ----

thread 'e_a_draining_server_is_never_the_destination' (85846) panicked at crates/custodian/tests/staged_repair.rs:1256:5:
assertion `left == right` failed
  left: Satisfied
 right: Changed

---- a_still_streaming_chunks_obligation_is_kept stdout ----

thread 'a_still_streaming_chunks_obligation_is_kept' (85827) panicked at crates/custodian/tests/staged_repair.rs:1312:5:
assertion `left == right` failed: the obligation was dropped
  left: []
 right: [1637]

---- b_reconstruction_re_places_a_committed_parts_lost_fragment stdout ----

thread 'b_reconstruction_re_places_a_committed_parts_lost_fragment' (85833) panicked at crates/custodian/tests/staged_repair.rs:846:5:
assertion `left == right` failed
  left: Satisfied
 right: Changed

---- a_fenced_sessions_part_keeps_its_obligation stdout ----

thread 'a_fenced_sessions_part_keeps_its_obligation' (85818) panicked at crates/custodian/tests/staged_repair.rs:1332:5:
assertion `left == right` failed: the obligation was dropped
  left: []
 right: [1635]

---- an_unreadable_session_record_withholds_the_repair stdout ----

thread 'an_unreadable_session_record_withholds_the_repair' (85829) panicked at crates/custodian/tests/staged_repair.rs:1358:5:
assertion `left == right` failed
  left: Satisfied
 right: Blocked

---- b_reconstruction_re_places_a_committed_parts_missing_fragment stdout ----

thread 'b_reconstruction_re_places_a_committed_parts_missing_fragment' (85834) panicked at crates/custodian/tests/staged_repair.rs:893:5:
assertion `left == right` failed
  left: Satisfied
 right: Changed

---- e_a_drain_recorded_after_the_choice_loses_the_adoption stdout ----

thread 'e_a_drain_recorded_after_the_choice_loses_the_adoption' (85845) panicked at crates/custodian/tests/staged_repair.rs:927:5:
drain recorded: the fragment was never written — this leg fenced nothing

---- a_staged_chunk_with_a_malformed_placement_or_no_redundancy_keeps_its_obligation stdout ----

thread 'a_staged_chunk_with_a_malformed_placement_or_no_redundancy_keeps_its_obligation' (85826) panicked at crates/custodian/tests/staged_repair.rs:1497:5:
assertion `left == right` failed
  left: []
 right: [1640, 1641]


failures:
    a_damaged_owned_entry_still_holds_its_chunks_obligation
    a_destination_off_the_fleet_or_with_an_unreadable_mark_is_passed_over
    a_fenced_sessions_part_keeps_its_obligation
    a_scrub_names_committed_parts_it_cannot_read_or_trust
    a_scrub_queues_nothing_for_a_still_streaming_chunk
    a_scrub_queues_repair_for_a_bit_flipped_committed_part_fragment
    a_scrub_queues_repair_for_a_missing_committed_part_fragment
    a_staged_chunk_it_cannot_repair_keeps_its_obligation
    a_staged_chunk_with_a_malformed_placement_or_no_redundancy_keeps_its_obligation
    a_still_streaming_chunks_obligation_is_kept
    a_to_b_scrub_then_reconstruction_restore_the_part
    an_unreadable_session_record_withholds_the_repair
    an_unreadable_staged_record_drains_no_obligation
    b_a_fragment_rebuilt_in_place_consumes_its_pre_mark
    b_a_vacated_sources_existing_mark_is_re_stamped_or_left_reclaiming
    b_reconstruction_re_places_a_committed_parts_lost_fragment
    b_reconstruction_re_places_a_committed_parts_missing_fragment
    c_a_part_rewrite_after_the_write_strands_nothing
    c_a_session_fence_after_the_write_strands_nothing
    d_i_the_pre_mark_is_durable_before_the_destination_write
    d_ii_an_existing_destination_mark_is_re_stamped_fresh
    d_iii_a_reclaiming_destination_is_never_used
    d_iii_with_no_usable_destination_the_re_place_writes_nothing
    d_iv_a_write_refused_past_its_deadline_aborts_the_re_place
    d_v_a_pre_mark_left_by_an_earlier_attempt_is_re_stamped_before_the_write
    d_v_no_write_is_authorized_on_a_stale_pre_mark
    d_vi_an_unreadable_vacated_source_mark_withholds_the_move
    e_a_drain_recorded_after_the_choice_loses_the_adoption
    e_a_draining_server_is_never_the_destination

test result: FAILED. 2 passed; 29 failed; 0 ignored; 0 measured; 0 filtered out; finished in 0.04s

error: test failed, to rerun pass `-p wyrd-custodian --test staged_repair`
run-verify.sh: PASS — red without the fix, green with it (31 test(s) ran red).
