# gate: C4-diff-cov — diff coverage: changed lines executed by the patch's tests
# cmd: ./engine/scripts/run-diff-cov.sh
# cwd: /home/eddie/wyrd/wyrd-pdca
# PDCA_WORKTREE: /home/eddie/wyrd/wyrd.pdca-wt-l1
# start: 2026-09-30T23:35:37+00:00
# duration_secs: 3.78
# exit: 77
# outcome: unverifiable
# ---- combined stdout+stderr (verbatim) ----
run-diff-cov.sh: MEASURE — cargo llvm-cov test -p xtask --test blackbox_dependency_guard (fix applied)
info: cargo-llvm-cov currently setting cfg(coverage); you can opt-out it by passing --no-cfg-coverage
   Compiling wyrd-chunk-format v0.0.0 (/home/eddie/wyrd/wyrd-cov-l1/crates/chunk-format)
   Compiling xtask v0.0.0 (/home/eddie/wyrd/wyrd-cov-l1/xtask)
    Finished `test` profile [unoptimized + debuginfo] target(s) in 1.48s
     Running tests/blackbox_dependency_guard.rs (target/llvm-cov-target/debug/deps/blackbox_dependency_guard-2f9a81bf1fdb8637)

running 15 tests
test a_normal_dependency_on_a_wyrd_crate_is_one_violation_naming_it ... ok
test a_reached_package_in_no_resolve_node_is_refused ... ok
test a_transitive_wyrd_dependency_is_a_violation_naming_the_path ... ok
test a_reached_package_record_without_a_name_is_refused ... ok
test a_reached_package_record_without_an_id_is_refused ... ok
test an_optional_off_by_default_wyrd_dependency_is_a_violation ... ok
test a_wyrd_crate_behind_a_dev_edge_further_down_is_not_followed ... ok
test an_unparsable_document_is_refused ... ok
test a_dev_dependency_on_a_wyrd_crate_is_allowed ... ok
test an_edge_without_dep_kinds_is_refused ... ok
test a_missing_blackbox_package_is_refused ... ok
test a_blackbox_package_in_no_resolve_node_is_refused ... ok
test a_document_without_a_resolve_graph_is_refused ... ok
test the_real_workspace_has_no_violation ... FAILED
test the_ci_guard_step_runs_the_blackbox_guard_and_it_passes ... FAILED

failures:

---- the_real_workspace_has_no_violation stdout ----

thread 'the_real_workspace_has_no_violation' (1296241) panicked at xtask/tests/blackbox_dependency_guard.rs:176:5:

$ xtask blackbox-guard (#775 wyrd-validate links no wyrd-* crate)

xtask: blackbox-guard: cargo metadata has no `wyrd-validate` package — refusing to pass a guard whose subject it cannot see (is `crates/validate` still a [workspace] member?)

note: run with `RUST_BACKTRACE=1` environment variable to display a backtrace

---- the_ci_guard_step_runs_the_blackbox_guard_and_it_passes stdout ----

thread 'the_ci_guard_step_runs_the_blackbox_guard_and_it_passes' (1296240) panicked at xtask/tests/blackbox_dependency_guard.rs:148:5:
the repo-guard step must pass on the real tree:

$ xtask gitlink-guard (#616 no stray gitlinks)
xtask gitlink-guard: no stray gitlinks or tracked agent worktrees (#616)

$ xtask unsafe-guard (#616 forbid(unsafe_code) in crate roots)
xtask unsafe-guard: every crate root forbids unsafe code (#616)

$ xtask blackbox-guard (#775 wyrd-validate links no wyrd-* crate)


xtask: blackbox-guard: cargo metadata has no `wyrd-validate` package — refusing to pass a guard whose subject it cannot see (is `crates/validate` still a [workspace] member?)



failures:
    the_ci_guard_step_runs_the_blackbox_guard_and_it_passes
    the_real_workspace_has_no_violation

test result: FAILED. 13 passed; 2 failed; 0 ignored; 0 measured; 0 filtered out; finished in 0.40s

error: test failed, to rerun pass `-p xtask --test blackbox_dependency_guard`
error: process didn't exit successfully: `/home/eddie/.rustup/toolchains/1.96.0-x86_64-unknown-linux-gnu/bin/cargo test --manifest-path /home/eddie/wyrd/wyrd-cov-l1/Cargo.toml --target-dir /home/eddie/wyrd/wyrd-cov-l1/target/llvm-cov-target -p xtask --test blackbox_dependency_guard` (exit status: 101)
run-diff-cov.sh: UNVERIFIABLE — the run exited 101 and produced no usable report
                 (15 test(s) ran). Coverage of a fix whose own test does not pass
                 measures nothing about the fix; whether that test SHOULD pass is
                 C4-verify's verdict, not this row's (the output is above).
PDCA-UNVERIFIABLE: the shipped test did not pass under llvm-cov, so diff coverage was not measured
