# gate: C4-verify — per-fix red->green: this patch's test red pre-fix, green post-fix
# cmd: ./engine/scripts/run-verify.sh
# cwd: /home/eddie/wyrd/wyrd-pdca
# PDCA_WORKTREE: /home/eddie/wyrd/wyrd.pdca-wt-l1
# start: 2026-09-30T23:35:34+00:00
# duration_secs: 2.88
# exit: 0
# outcome: pass
# ---- combined stdout+stderr (verbatim) ----
run-verify.sh: GREEN — cargo test -p xtask --test blackbox_dependency_guard (fix applied)

running 15 tests
...............
test result: ok. 15 passed; 0 failed; 0 ignored; 0 measured; 0 filtered out; finished in 0.40s
run-verify.sh: RED — cargo test -p xtask --test blackbox_dependency_guard (production reverted, test kept)

running 15 tests
a_dev_dependency_on_a_wyrd_crate_is_allowed --- FAILED
a_blackbox_package_in_no_resolve_node_is_refused --- FAILED
a_missing_blackbox_package_is_refused --- FAILED
an_edge_without_dep_kinds_is_refused --- FAILED
a_wyrd_crate_behind_a_dev_edge_further_down_is_not_followed --- FAILED
the_real_workspace_has_no_violation --- FAILED
the_ci_guard_step_runs_the_blackbox_guard_and_it_passes --- FAILED
a_reached_package_record_without_an_id_is_refused --- FAILED
an_unparsable_document_is_refused --- FAILED
a_normal_dependency_on_a_wyrd_crate_is_one_violation_naming_it --- FAILED
a_reached_package_record_without_a_name_is_refused --- FAILED
a_transitive_wyrd_dependency_is_a_violation_naming_the_path --- FAILED
a_document_without_a_resolve_graph_is_refused --- FAILED
a_reached_package_in_no_resolve_node_is_refused --- FAILED
an_optional_off_by_default_wyrd_dependency_is_a_violation --- FAILED

failures:

---- a_dev_dependency_on_a_wyrd_crate_is_allowed stdout ----

thread 'a_dev_dependency_on_a_wyrd_crate_is_allowed' (1293897) panicked at xtask/tests/blackbox_dependency_guard.rs:202:5:
xtask: unknown task `blackbox-guard`
usage: cargo xtask <ci|conformance|gen-vectors|dst|statics|integration|tikv-conformance|fdb-conformance|fdb-doctor|fdb-metadata-tier1|metadata-nemesis|consistency-run|etcd-conformance|deploy-small-multi-node|dist|disk-faults|jepsen|kill-reconstruct|metadata-tier1|metadata-tier2|bench>

note: run with `RUST_BACKTRACE=1` environment variable to display a backtrace

---- a_blackbox_package_in_no_resolve_node_is_refused stdout ----

thread 'a_blackbox_package_in_no_resolve_node_is_refused' (1293896) panicked at xtask/tests/blackbox_dependency_guard.rs:295:5:
package in no node: must fail with the guard's own error:
xtask: unknown task `blackbox-guard`
usage: cargo xtask <ci|conformance|gen-vectors|dst|statics|integration|tikv-conformance|fdb-conformance|fdb-doctor|fdb-metadata-tier1|metadata-nemesis|consistency-run|etcd-conformance|deploy-small-multi-node|dist|disk-faults|jepsen|kill-reconstruct|metadata-tier1|metadata-tier2|bench>


---- a_missing_blackbox_package_is_refused stdout ----

thread 'a_missing_blackbox_package_is_refused' (1293899) panicked at xtask/tests/blackbox_dependency_guard.rs:295:5:
no wyrd-validate package: must fail with the guard's own error:
xtask: unknown task `blackbox-guard`
usage: cargo xtask <ci|conformance|gen-vectors|dst|statics|integration|tikv-conformance|fdb-conformance|fdb-doctor|fdb-metadata-tier1|metadata-nemesis|consistency-run|etcd-conformance|deploy-small-multi-node|dist|disk-faults|jepsen|kill-reconstruct|metadata-tier1|metadata-tier2|bench>


---- an_edge_without_dep_kinds_is_refused stdout ----

thread 'an_edge_without_dep_kinds_is_refused' (1293908) panicked at xtask/tests/blackbox_dependency_guard.rs:295:5:
edge without dep_kinds: must fail with the guard's own error:
xtask: unknown task `blackbox-guard`
usage: cargo xtask <ci|conformance|gen-vectors|dst|statics|integration|tikv-conformance|fdb-conformance|fdb-doctor|fdb-metadata-tier1|metadata-nemesis|consistency-run|etcd-conformance|deploy-small-multi-node|dist|disk-faults|jepsen|kill-reconstruct|metadata-tier1|metadata-tier2|bench>


---- a_wyrd_crate_behind_a_dev_edge_further_down_is_not_followed stdout ----

thread 'a_wyrd_crate_behind_a_dev_edge_further_down_is_not_followed' (1293907) panicked at xtask/tests/blackbox_dependency_guard.rs:285:5:
xtask: unknown task `blackbox-guard`
usage: cargo xtask <ci|conformance|gen-vectors|dst|statics|integration|tikv-conformance|fdb-conformance|fdb-doctor|fdb-metadata-tier1|metadata-nemesis|consistency-run|etcd-conformance|deploy-small-multi-node|dist|disk-faults|jepsen|kill-reconstruct|metadata-tier1|metadata-tier2|bench>


---- the_real_workspace_has_no_violation stdout ----

thread 'the_real_workspace_has_no_violation' (1293916) panicked at xtask/tests/blackbox_dependency_guard.rs:176:5:
xtask: unknown task `blackbox-guard`
usage: cargo xtask <ci|conformance|gen-vectors|dst|statics|integration|tikv-conformance|fdb-conformance|fdb-doctor|fdb-metadata-tier1|metadata-nemesis|consistency-run|etcd-conformance|deploy-small-multi-node|dist|disk-faults|jepsen|kill-reconstruct|metadata-tier1|metadata-tier2|bench>


---- the_ci_guard_step_runs_the_blackbox_guard_and_it_passes stdout ----

thread 'the_ci_guard_step_runs_the_blackbox_guard_and_it_passes' (1293915) panicked at xtask/tests/blackbox_dependency_guard.rs:148:5:
the repo-guard step must pass on the real tree:

xtask: unknown task `repo-guards`
usage: cargo xtask <ci|conformance|gen-vectors|dst|statics|integration|tikv-conformance|fdb-conformance|fdb-doctor|fdb-metadata-tier1|metadata-nemesis|consistency-run|etcd-conformance|deploy-small-multi-node|dist|disk-faults|jepsen|kill-reconstruct|metadata-tier1|metadata-tier2|bench>


---- a_reached_package_record_without_an_id_is_refused stdout ----

thread 'a_reached_package_record_without_an_id_is_refused' (1293903) panicked at xtask/tests/blackbox_dependency_guard.rs:295:5:
reached record without an id: must fail with the guard's own error:
xtask: unknown task `blackbox-guard`
usage: cargo xtask <ci|conformance|gen-vectors|dst|statics|integration|tikv-conformance|fdb-conformance|fdb-doctor|fdb-metadata-tier1|metadata-nemesis|consistency-run|etcd-conformance|deploy-small-multi-node|dist|disk-faults|jepsen|kill-reconstruct|metadata-tier1|metadata-tier2|bench>


---- an_unparsable_document_is_refused stdout ----

thread 'an_unparsable_document_is_refused' (1293911) panicked at xtask/tests/blackbox_dependency_guard.rs:295:5:
unparsable document: must fail with the guard's own error:
xtask: unknown task `blackbox-guard`
usage: cargo xtask <ci|conformance|gen-vectors|dst|statics|integration|tikv-conformance|fdb-conformance|fdb-doctor|fdb-metadata-tier1|metadata-nemesis|consistency-run|etcd-conformance|deploy-small-multi-node|dist|disk-faults|jepsen|kill-reconstruct|metadata-tier1|metadata-tier2|bench>


---- a_normal_dependency_on_a_wyrd_crate_is_one_violation_naming_it stdout ----

thread 'a_normal_dependency_on_a_wyrd_crate_is_one_violation_naming_it' (1293900) panicked at xtask/tests/blackbox_dependency_guard.rs:190:5:
assertion `left == right` failed: xtask: unknown task `blackbox-guard`
usage: cargo xtask <ci|conformance|gen-vectors|dst|statics|integration|tikv-conformance|fdb-conformance|fdb-doctor|fdb-metadata-tier1|metadata-nemesis|consistency-run|etcd-conformance|deploy-small-multi-node|dist|disk-faults|jepsen|kill-reconstruct|metadata-tier1|metadata-tier2|bench>

  left: 0
 right: 1

---- a_reached_package_record_without_a_name_is_refused stdout ----

thread 'a_reached_package_record_without_a_name_is_refused' (1293902) panicked at xtask/tests/blackbox_dependency_guard.rs:295:5:
reached record without a name: must fail with the guard's own error:
xtask: unknown task `blackbox-guard`
usage: cargo xtask <ci|conformance|gen-vectors|dst|statics|integration|tikv-conformance|fdb-conformance|fdb-doctor|fdb-metadata-tier1|metadata-nemesis|consistency-run|etcd-conformance|deploy-small-multi-node|dist|disk-faults|jepsen|kill-reconstruct|metadata-tier1|metadata-tier2|bench>


---- a_transitive_wyrd_dependency_is_a_violation_naming_the_path stdout ----

thread 'a_transitive_wyrd_dependency_is_a_violation_naming_the_path' (1293904) panicked at xtask/tests/blackbox_dependency_guard.rs:257:5:
assertion `left == right` failed: xtask: unknown task `blackbox-guard`
usage: cargo xtask <ci|conformance|gen-vectors|dst|statics|integration|tikv-conformance|fdb-conformance|fdb-doctor|fdb-metadata-tier1|metadata-nemesis|consistency-run|etcd-conformance|deploy-small-multi-node|dist|disk-faults|jepsen|kill-reconstruct|metadata-tier1|metadata-tier2|bench>

  left: 0
 right: 1

---- a_document_without_a_resolve_graph_is_refused stdout ----

thread 'a_document_without_a_resolve_graph_is_refused' (1293898) panicked at xtask/tests/blackbox_dependency_guard.rs:295:5:
resolve is null: must fail with the guard's own error:
xtask: unknown task `blackbox-guard`
usage: cargo xtask <ci|conformance|gen-vectors|dst|statics|integration|tikv-conformance|fdb-conformance|fdb-doctor|fdb-metadata-tier1|metadata-nemesis|consistency-run|etcd-conformance|deploy-small-multi-node|dist|disk-faults|jepsen|kill-reconstruct|metadata-tier1|metadata-tier2|bench>


---- a_reached_package_in_no_resolve_node_is_refused stdout ----

thread 'a_reached_package_in_no_resolve_node_is_refused' (1293901) panicked at xtask/tests/blackbox_dependency_guard.rs:295:5:
reached package, no node: must fail with the guard's own error:
xtask: unknown task `blackbox-guard`
usage: cargo xtask <ci|conformance|gen-vectors|dst|statics|integration|tikv-conformance|fdb-conformance|fdb-doctor|fdb-metadata-tier1|metadata-nemesis|consistency-run|etcd-conformance|deploy-small-multi-node|dist|disk-faults|jepsen|kill-reconstruct|metadata-tier1|metadata-tier2|bench>


---- an_optional_off_by_default_wyrd_dependency_is_a_violation stdout ----

thread 'an_optional_off_by_default_wyrd_dependency_is_a_violation' (1293910) panicked at xtask/tests/blackbox_dependency_guard.rs:223:5:
assertion `left == right` failed: xtask: unknown task `blackbox-guard`
usage: cargo xtask <ci|conformance|gen-vectors|dst|statics|integration|tikv-conformance|fdb-conformance|fdb-doctor|fdb-metadata-tier1|metadata-nemesis|consistency-run|etcd-conformance|deploy-small-multi-node|dist|disk-faults|jepsen|kill-reconstruct|metadata-tier1|metadata-tier2|bench>

  left: 0
 right: 1


failures:
    a_blackbox_package_in_no_resolve_node_is_refused
    a_dev_dependency_on_a_wyrd_crate_is_allowed
    a_document_without_a_resolve_graph_is_refused
    a_missing_blackbox_package_is_refused
    a_normal_dependency_on_a_wyrd_crate_is_one_violation_naming_it
    a_reached_package_in_no_resolve_node_is_refused
    a_reached_package_record_without_a_name_is_refused
    a_reached_package_record_without_an_id_is_refused
    a_transitive_wyrd_dependency_is_a_violation_naming_the_path
    a_wyrd_crate_behind_a_dev_edge_further_down_is_not_followed
    an_edge_without_dep_kinds_is_refused
    an_optional_off_by_default_wyrd_dependency_is_a_violation
    an_unparsable_document_is_refused
    the_ci_guard_step_runs_the_blackbox_guard_and_it_passes
    the_real_workspace_has_no_violation

test result: FAILED. 0 passed; 15 failed; 0 ignored; 0 measured; 0 filtered out; finished in 0.03s

error: test failed, to rerun pass `-p xtask --test blackbox_dependency_guard`
run-verify.sh: PASS — red without the fix, green with it (15 test(s) ran red).
