# gate C4-verify — attempt 1/1: unverifiable (exit 77)
# cmd: ./engine/scripts/run-verify.sh
# cwd: /home/eddie/wyrd/wyrd-pdca
# PDCA_WORKTREE: /home/eddie/wyrd/wyrd.pdca-wt-l1
# started: 2026-08-09T16:32:36+02:00   duration: 2s

run-verify.sh: GREEN — cargo test -p wyrd-core --test multipart_budget_admission (fix applied)

running 12 tests
............
test result: ok. 12 passed; 0 failed; 0 ignored; 0 measured; 0 filtered out; finished in 0.00s
run-verify.sh: RED — cargo test -p wyrd-core --test multipart_budget_admission (production reverted, test kept)
error[E0432]: unresolved imports `wyrd_core::multipart::chunkref_bytes`, `wyrd_core::multipart::decode_admission_record`, `wyrd_core::multipart::encode_record`, `wyrd_core::multipart::max_chunks_per_value`, `wyrd_core::multipart::AdmissionRecord`, `wyrd_core::multipart::Budget`, `wyrd_core::multipart::CHUNKREF_FRAGMENTS_REFERENCE`, `wyrd_core::multipart::MAX_CHUNKREF_BYTES`, `wyrd_core::multipart::MAX_PART_CHUNKS_FORMAT_MAX`, `wyrd_core::multipart::MAX_PUBLISHABLE_CHUNKS`, `wyrd_core::multipart::MAX_SEG_CHUNKS_FORMAT_MAX`, `wyrd_core::multipart::SCAN_HALF`, `wyrd_core::multipart::VALUE_CEILING_HALF`
  --> crates/core/tests/multipart_budget_admission.rs:39:5
   |
39 |     chunkref_bytes, decode_admission_record, encode_record, max_chunks_per_value, AdmissionRecord,
   |     ^^^^^^^^^^^^^^  ^^^^^^^^^^^^^^^^^^^^^^^  ^^^^^^^^^^^^^  ^^^^^^^^^^^^^^^^^^^^  ^^^^^^^^^^^^^^^ no `AdmissionRecord` in `multipart`
   |     |               |                        |              |
   |     |               |                        |              no `max_chunks_per_value` in `multipart`
   |     |               |                        no `encode_record` in `multipart`
   |     |               no `decode_admission_record` in `multipart`
   |     no `chunkref_bytes` in `multipart`
40 |     Budget, RecordError, CHUNKREF_FRAGMENTS_REFERENCE, MAX_CHUNKREF_BYTES,
   |     ^^^^^^               ^^^^^^^^^^^^^^^^^^^^^^^^^^^^  ^^^^^^^^^^^^^^^^^^ no `MAX_CHUNKREF_BYTES` in `multipart`
   |     |                    |
   |     |                    no `CHUNKREF_FRAGMENTS_REFERENCE` in `multipart`
   |     no `Budget` in `multipart`
41 |     MAX_PART_CHUNKS_FORMAT_MAX, MAX_PART_NUMBER, MAX_PUBLISHABLE_CHUNKS, MAX_SEG_CHUNKS_FORMAT_MAX,
   |     ^^^^^^^^^^^^^^^^^^^^^^^^^^                   ^^^^^^^^^^^^^^^^^^^^^^  ^^^^^^^^^^^^^^^^^^^^^^^^^
   |     |                                            |
   |     |                                            no `MAX_PUBLISHABLE_CHUNKS` in `multipart`
   |     no `MAX_PART_CHUNKS_FORMAT_MAX` in `multipart`
42 |     SCAN_HALF, VALUE_CEILING_HALF,
   |     ^^^^^^^^^  ^^^^^^^^^^^^^^^^^^

error[E0599]: no variant named `Structural` found for enum `RecordError`
  --> crates/core/tests/multipart_budget_admission.rs:90:22
   |
90 |         RecordError::Structural { reason, .. } => reason,
   |                      ^^^^^^^^^^ variant not found in `RecordError`

Some errors have detailed explanations: E0432, E0599.
For more information about an error, try `rustc --explain E0432`.
error: could not compile `wyrd-core` (test "multipart_budget_admission") due to 2 previous errors
run-verify.sh: UNVERIFIABLE — the RED leg's cargo run failed (status 101) WITHOUT
               running a test, so no RED was established. This is NOT 'red without the
               fix' — the discriminator never executed. The usual cause is that it does
               not COMPILE against the reverted base: it calls production API this patch
               adds, so reverting the fix removes the symbol it needs. Split the test so
               it exercises the behaviour through pre-existing API, or record at sign-off
               why this slice has no isolable red (the cargo output is above).
