# gate: C4-diff-cov — diff coverage: changed lines executed by the patch's tests
# cmd: ./engine/scripts/run-diff-cov.sh
# cwd: /home/eddie/wyrd/wyrd-pdca
# PDCA_WORKTREE: /home/eddie/wyrd/wyrd.pdca-wt-l2
# start: 2026-09-30T23:35:44+00:00
# duration_secs: 6.14
# exit: 1
# outcome: fail
# ---- combined stdout+stderr (verbatim) ----
run-diff-cov.sh: MEASURE — cargo llvm-cov test -p wyrd-custodian --test segmented_map_repoint (fix applied)
info: cargo-llvm-cov currently setting cfg(coverage); you can opt-out it by passing --no-cfg-coverage
   Compiling wyrd-traits v0.0.0 (/home/eddie/wyrd/wyrd-cov-l2/crates/traits)
   Compiling wyrd-chunk-format v0.0.0 (/home/eddie/wyrd/wyrd-cov-l2/crates/chunk-format)
   Compiling wyrd-telemetry v0.0.0 (/home/eddie/wyrd/wyrd-cov-l2/crates/telemetry)
   Compiling wyrd-testkit v0.0.0 (/home/eddie/wyrd/wyrd-cov-l2/crates/testkit)
   Compiling wyrd-core v0.0.0 (/home/eddie/wyrd/wyrd-cov-l2/crates/core)
   Compiling wyrd-coordination-mem v0.0.0 (/home/eddie/wyrd/wyrd-cov-l2/crates/coordination-mem)
   Compiling wyrd-chunkstore-fs v0.0.0 (/home/eddie/wyrd/wyrd-cov-l2/crates/chunkstore-fs)
   Compiling wyrd-custodian v0.0.0 (/home/eddie/wyrd/wyrd-cov-l2/crates/custodian)
    Finished `test` profile [unoptimized + debuginfo] target(s) in 3.90s
     Running tests/segmented_map_repoint.rs (target/llvm-cov-target/debug/deps/segmented_map_repoint-0abc52865d48c9e9)

running 5 tests
test a_superseded_root_generation_makes_the_repair_lose ... ok
test a_racing_move_of_the_planned_chunk_itself_is_a_conflict ... ok
test a_racing_move_of_a_sibling_chunk_in_the_same_segment_record_is_merged ... ok
test a_segmented_objects_under_replicated_chunk_is_repaired_in_its_own_record ... ok
test a_repoint_one_byte_past_the_value_ceiling_is_refused ... ok

test result: ok. 5 passed; 0 failed; 0 ignored; 0 measured; 0 filtered out; finished in 0.15s
run-diff-cov.sh: NOTE — 62 of 169 changed production lines carried a coverage
                 region; the other 107 are not scored either way. Most are simply not
                 executable (comments, `use`, declarations, bare delimiters). But code
                 compiled out by a #[cfg(...)] your feature selection does not enable looks
                 identical here, and this gate cannot tell the two apart (#222).
                 The largest unscored spans, so you can tell at a glance which it is:
run-diff-cov.sh:   UNSCORED crates/custodian/src/reconstruction.rs:1128-1141 (14 lines)
run-diff-cov.sh:   UNSCORED crates/custodian/src/reconstruction.rs:1052-1057 (6 lines)
run-diff-cov.sh:   UNSCORED crates/custodian/src/reconstruction.rs:569-574 (6 lines)
run-diff-cov.sh:   UNSCORED crates/custodian/src/reconstruction.rs:1063-1067 (5 lines)
run-diff-cov.sh:   UNSCORED crates/custodian/src/reconstruction.rs:182-186 (5 lines)
run-diff-cov.sh:   UNSCORED crates/custodian/src/reconstruction.rs:488-492 (5 lines)
run-diff-cov.sh:   … and 25 further span(s), none larger; all of them are in coverage/diff-cov.json
run-diff-cov.sh: MISS crates/custodian/src/reconstruction.rs:448
run-diff-cov.sh: MISS crates/custodian/src/reconstruction.rs:449
run-diff-cov.sh: MISS crates/custodian/src/reconstruction.rs:450
run-diff-cov.sh: MISS crates/custodian/src/reconstruction.rs:451
run-diff-cov.sh: MISS crates/custodian/src/reconstruction.rs:452
run-diff-cov.sh: MISS crates/custodian/src/reconstruction.rs:453
run-diff-cov.sh: MISS crates/custodian/src/reconstruction.rs:542
run-diff-cov.sh: MISS crates/custodian/src/reconstruction.rs:543
run-diff-cov.sh: MISS crates/custodian/src/reconstruction.rs:544
run-diff-cov.sh: MISS crates/custodian/src/reconstruction.rs:656
run-diff-cov.sh: MISS crates/custodian/src/reconstruction.rs:680
run-diff-cov.sh: MISS crates/custodian/src/reconstruction.rs:681
run-diff-cov.sh: MISS crates/custodian/src/reconstruction.rs:1157
run-diff-cov.sh: MISS crates/custodian/src/reconstruction.rs:1158
run-diff-cov.sh: MISS crates/custodian/src/reconstruction.rs:1159
run-diff-cov.sh: MISS crates/custodian/src/reconstruction.rs:1164
run-diff-cov.sh: MISS crates/custodian/src/reconstruction.rs:1165
run-diff-cov.sh: MISS crates/custodian/src/reconstruction.rs:1166
METRIC diff_cov=71.0 covered=44 instrumentable=62 unscored=107
run-diff-cov.sh: C4-diff-cov: uncovered changed lines in crate wyrd-custodian — 18 of 62 not executed by the patch tests (29.0% uncovered)
run-diff-cov.sh: FAIL — the patch's tests execute 71.0% of its instrumentable changed
                 lines, below the 80% floor. Each MISS above is a REACH gap: the
                 line never ran. (A line that DID run may still be unasserted — that is
                 C5-mutants' question, not this row's.)
PDCA-EVIDENCE: diff coverage 71.0% — 44 of 62 instrumentable changed lines executed (below the 80% floor); 62 of 169 changed lines were instrumentable
