# gate: C4-verify — per-fix red->green: this patch's test red pre-fix, green post-fix
# cmd: ./engine/scripts/run-verify.sh
# cwd: /home/eddie/wyrd/wyrd-pdca
# PDCA_WORKTREE: /home/eddie/wyrd/wyrd.pdca-wt-l2
# start: 2026-09-30T23:35:35+00:00
# duration_secs: 9.45
# exit: 0
# outcome: pass
# ---- combined stdout+stderr (verbatim) ----
run-verify.sh: GREEN — cargo test -p wyrd-custodian --test segmented_map_repoint (fix applied)

running 5 tests
.....
test result: ok. 5 passed; 0 failed; 0 ignored; 0 measured; 0 filtered out; finished in 0.16s
run-verify.sh: RED — cargo test -p wyrd-custodian --test segmented_map_repoint (production reverted, test kept)

running 5 tests
a_racing_move_of_a_sibling_chunk_in_the_same_segment_record_is_merged --- FAILED
a_superseded_root_generation_makes_the_repair_lose --- FAILED
a_segmented_objects_under_replicated_chunk_is_repaired_in_its_own_record --- FAILED
a_racing_move_of_the_planned_chunk_itself_is_a_conflict --- FAILED
.
failures:

---- a_racing_move_of_a_sibling_chunk_in_the_same_segment_record_is_merged stdout ----

thread 'a_racing_move_of_a_sibling_chunk_in_the_same_segment_record_is_merged' (1299876) panicked at crates/custodian/tests/segmented_map_repoint.rs:451:5:
assertion `left == right` failed: the repair still lands
  left: Blocked
 right: Changed

---- a_superseded_root_generation_makes_the_repair_lose stdout ----

thread 'a_superseded_root_generation_makes_the_repair_lose' (1299880) panicked at crates/custodian/tests/segmented_map_repoint.rs:357:5:
fixture: the race never landed
note: run with `RUST_BACKTRACE=1` environment variable to display a backtrace

---- a_segmented_objects_under_replicated_chunk_is_repaired_in_its_own_record stdout ----

thread 'a_segmented_objects_under_replicated_chunk_is_repaired_in_its_own_record' (1299879) panicked at crates/custodian/tests/segmented_map_repoint.rs:393:5:
assertion `left == right` failed: a repair that moved a placement
  left: Blocked
 right: Changed

---- a_racing_move_of_the_planned_chunk_itself_is_a_conflict stdout ----

thread 'a_racing_move_of_the_planned_chunk_itself_is_a_conflict' (1299877) panicked at crates/custodian/tests/segmented_map_repoint.rs:373:5:
assertion `left == right` failed: a lost CAS is a retry, not a hole: the next pass re-plans onto the winner's bytes
  left: Blocked
 right: Satisfied


failures:
    a_racing_move_of_a_sibling_chunk_in_the_same_segment_record_is_merged
    a_racing_move_of_the_planned_chunk_itself_is_a_conflict
    a_segmented_objects_under_replicated_chunk_is_repaired_in_its_own_record
    a_superseded_root_generation_makes_the_repair_lose

test result: FAILED. 1 passed; 4 failed; 0 ignored; 0 measured; 0 filtered out; finished in 0.15s

error: test failed, to rerun pass `-p wyrd-custodian --test segmented_map_repoint`
run-verify.sh: PASS — red without the fix, green with it (5 test(s) ran red).
