# gate: C4-verify — per-fix red->green: this patch's test red pre-fix, green post-fix
# cmd: ./engine/scripts/run-verify.sh
# cwd: /home/eddie/wyrd/wyrd-pdca
# PDCA_WORKTREE: /home/eddie/wyrd/wyrd.pdca-wt-l0
# start: 2026-10-01T23:53:05+00:00
# duration_secs: 6.78
# exit: 77
# outcome: unverifiable
# ---- combined stdout+stderr (verbatim) ----
run-verify.sh: GREEN — cargo test -p wyrd-validate --test s3_client_roundtrip (fix applied)

running 16 tests
................
test result: ok. 16 passed; 0 failed; 0 ignored; 0 measured; 0 filtered out; finished in 4.47s
run-verify.sh: RED — cargo test -p wyrd-validate --test s3_client_roundtrip (production reverted, test kept)
error[E0432]: unresolved import `wyrd_validate::error`
  --> crates/validate/tests/s3_client_roundtrip.rs:73:20
   |
73 | use wyrd_validate::error::REQUEST_ID_HEADER;
   |                    ^^^^^ could not find `error` in `wyrd_validate`

error[E0432]: unresolved imports `wyrd_validate::ClientOptions`, `wyrd_validate::ErrorCode`, `wyrd_validate::Phase`, `wyrd_validate::S3Client`, `wyrd_validate::S3Error`, `wyrd_validate::ServiceError`
  --> crates/validate/tests/s3_client_roundtrip.rs:75:5
   |
75 |     ClientOptions, Credentials, ErrorCode, Phase, ResolvedConfig, S3Client, S3Error, ServiceError,
   |     ^^^^^^^^^^^^^               ^^^^^^^^^  ^^^^^                  ^^^^^^^^  ^^^^^^^  ^^^^^^^^^^^^ no `ServiceError` in the root
   |     |                           |          |                      |         |
   |     |                           |          |                      |         no `S3Error` in the root
   |     |                           |          |                      no `S3Client` in the root
   |     |                           |          no `Phase` in the root
   |     |                           no `ErrorCode` in the root
   |     no `ClientOptions` in the root

error[E0432]: unresolved import `bytes`
  --> crates/validate/tests/s3_client_roundtrip.rs:59:5
   |
59 | use bytes::Bytes;
   |     ^^^^^ use of unresolved module or unlinked crate `bytes`
   |
   = help: if you wanted to use a crate named `bytes`, use `cargo add bytes` to add it to your `Cargo.toml`

error[E0432]: unresolved import `futures_util`
  --> crates/validate/tests/s3_client_roundtrip.rs:60:5
   |
60 | use futures_util::stream;
   |     ^^^^^^^^^^^^ use of unresolved module or unlinked crate `futures_util`
   |
   = help: if you wanted to use a crate named `futures_util`, use `cargo add futures_util` to add it to your `Cargo.toml`

error[E0433]: cannot find module or crate `tokio` in this scope
  --> crates/validate/tests/s3_client_roundtrip.rs:62:5
   |
62 | use tokio::io::{AsyncReadExt, AsyncWriteExt};
   |     ^^^^^ use of unresolved module or unlinked crate `tokio`
   |
   = help: if you wanted to use a crate named `tokio`, use `cargo add tokio` to add it to your `Cargo.toml`

error[E0433]: cannot find module or crate `tokio` in this scope
  --> crates/validate/tests/s3_client_roundtrip.rs:63:5
   |
63 | use tokio::net::tcp::{OwnedReadHalf, OwnedWriteHalf};
   |     ^^^^^ use of unresolved module or unlinked crate `tokio`
   |
   = help: if you wanted to use a crate named `tokio`, use `cargo add tokio` to add it to your `Cargo.toml`

error[E0433]: cannot find module or crate `tokio` in this scope
  --> crates/validate/tests/s3_client_roundtrip.rs:64:5
   |
64 | use tokio::net::{TcpListener, TcpStream};
   |     ^^^^^ use of unresolved module or unlinked crate `tokio`
   |
   = help: if you wanted to use a crate named `tokio`, use `cargo add tokio` to add it to your `Cargo.toml`

error[E0433]: cannot find module or crate `tokio` in this scope
  --> crates/validate/tests/s3_client_roundtrip.rs:65:5
   |
65 | use tokio::sync::watch;
   |     ^^^^^ use of unresolved module or unlinked crate `tokio`
   |
   = help: if you wanted to use a crate named `tokio`, use `cargo add tokio` to add it to your `Cargo.toml`

error[E0433]: cannot find module or crate `tokio` in this scope
  --> crates/validate/tests/s3_client_roundtrip.rs:66:5
   |
66 | use tokio::task::{JoinHandle, JoinSet};
   |     ^^^^^ use of unresolved module or unlinked crate `tokio`
   |
   = help: if you wanted to use a crate named `tokio`, use `cargo add tokio` to add it to your `Cargo.toml`

error[E0432]: unresolved import `futures_util`
  --> crates/validate/tests/s3_client_roundtrip.rs:61:5
   |
61 | use futures_util::StreamExt as _;
   |     ^^^^^^^^^^^^ use of unresolved module or unlinked crate `futures_util`
   |
   = help: if you wanted to use a crate named `futures_util`, use `cargo add futures_util` to add it to your `Cargo.toml`

error[E0432]: unresolved import `wyrd_chunkstore_fs`
  --> crates/validate/tests/s3_client_roundtrip.rs:67:5
   |
67 | use wyrd_chunkstore_fs::FsChunkStore;
   |     ^^^^^^^^^^^^^^^^^^ use of unresolved module or unlinked crate `wyrd_chunkstore_fs`
   |
   = help: if you wanted to use a crate named `wyrd_chunkstore_fs`, use `cargo add wyrd_chunkstore_fs` to add it to your `Cargo.toml`

error[E0433]: cannot find module or crate `wyrd_gateway_s3` in this scope
  --> crates/validate/tests/s3_client_roundtrip.rs:69:5
   |
69 | use wyrd_gateway_s3::sigv4::Credentials as GatewayCredentials;
   |     ^^^^^^^^^^^^^^^ use of unresolved module or unlinked crate `wyrd_gateway_s3`
   |
   = help: if you wanted to use a crate named `wyrd_gateway_s3`, use `cargo add wyrd_gateway_s3` to add it to your `Cargo.toml`

error[E0432]: unresolved import `wyrd_coordination_mem`
  --> crates/validate/tests/s3_client_roundtrip.rs:68:5
   |
68 | use wyrd_coordination_mem::MemCoordination;
   |     ^^^^^^^^^^^^^^^^^^^^^ use of unresolved module or unlinked crate `wyrd_coordination_mem`
   |
   = help: if you wanted to use a crate named `wyrd_coordination_mem`, use `cargo add wyrd_coordination_mem` to add it to your `Cargo.toml`

error[E0432]: unresolved import `wyrd_gateway_s3`
  --> crates/validate/tests/s3_client_roundtrip.rs:70:5
   |
70 | use wyrd_gateway_s3::{S3Config, S3Gateway};
   |     ^^^^^^^^^^^^^^^ use of unresolved module or unlinked crate `wyrd_gateway_s3`
   |
   = help: if you wanted to use a crate named `wyrd_gateway_s3`, use `cargo add wyrd_gateway_s3` to add it to your `Cargo.toml`

error[E0432]: unresolved import `wyrd_metadata_redb`
  --> crates/validate/tests/s3_client_roundtrip.rs:71:5
   |
71 | use wyrd_metadata_redb::RedbMetadataStore;
   |     ^^^^^^^^^^^^^^^^^^ use of unresolved module or unlinked crate `wyrd_metadata_redb`
   |
   = help: if you wanted to use a crate named `wyrd_metadata_redb`, use `cargo add wyrd_metadata_redb` to add it to your `Cargo.toml`

error[E0432]: unresolved import `wyrd_server`
  --> crates/validate/tests/s3_client_roundtrip.rs:72:5
   |
72 | use wyrd_server::Gateway;
   |     ^^^^^^^^^^^ use of unresolved module or unlinked crate `wyrd_server`
   |
   = help: if you wanted to use a crate named `wyrd_server`, use `cargo add wyrd_server` to add it to your `Cargo.toml`

error[E0433]: cannot find module or crate `tokio` in this scope
   --> crates/validate/tests/s3_client_roundtrip.rs:516:3
    |
516 | #[tokio::test(flavor = "multi_thread", worker_threads = 4)]
    |   ^^^^^ use of unresolved module or unlinked crate `tokio`

error[E0433]: cannot find module or crate `tokio` in this scope
   --> crates/validate/tests/s3_client_roundtrip.rs:589:3
    |
589 | #[tokio::test(flavor = "multi_thread", worker_threads = 4)]
    |   ^^^^^ use of unresolved module or unlinked crate `tokio`

error[E0433]: cannot find module or crate `tokio` in this scope
   --> crates/validate/tests/s3_client_roundtrip.rs:656:3
    |
656 | #[tokio::test(flavor = "multi_thread", worker_threads = 4)]
    |   ^^^^^ use of unresolved module or unlinked crate `tokio`

error[E0433]: cannot find module or crate `tokio` in this scope
   --> crates/validate/tests/s3_client_roundtrip.rs:680:3
    |
680 | #[tokio::test(flavor = "multi_thread", worker_threads = 4)]
    |   ^^^^^ use of unresolved module or unlinked crate `tokio`

error[E0433]: cannot find module or crate `tokio` in this scope
   --> crates/validate/tests/s3_client_roundtrip.rs:752:3
    |
752 | #[tokio::test(flavor = "multi_thread", worker_threads = 4)]
    |   ^^^^^ use of unresolved module or unlinked crate `tokio`

error[E0433]: cannot find module or crate `tokio` in this scope
   --> crates/validate/tests/s3_client_roundtrip.rs:771:3
    |
771 | #[tokio::test(flavor = "multi_thread", worker_threads = 4)]
    |   ^^^^^ use of unresolved module or unlinked crate `tokio`

error[E0433]: cannot find module or crate `tokio` in this scope
   --> crates/validate/tests/s3_client_roundtrip.rs:794:3
    |
794 | #[tokio::test(flavor = "multi_thread", worker_threads = 4)]
    |   ^^^^^ use of unresolved module or unlinked crate `tokio`

error[E0433]: cannot find module or crate `tokio` in this scope
   --> crates/validate/tests/s3_client_roundtrip.rs:805:3
    |
805 | #[tokio::test(flavor = "multi_thread", worker_threads = 4)]
    |   ^^^^^ use of unresolved module or unlinked crate `tokio`

error[E0433]: cannot find module or crate `tokio` in this scope
   --> crates/validate/tests/s3_client_roundtrip.rs:819:3
    |
819 | #[tokio::test(flavor = "multi_thread", worker_threads = 4)]
    |   ^^^^^ use of unresolved module or unlinked crate `tokio`

error[E0433]: cannot find module or crate `tokio` in this scope
   --> crates/validate/tests/s3_client_roundtrip.rs:865:3
    |
865 | #[tokio::test(flavor = "multi_thread", worker_threads = 4)]
    |   ^^^^^ use of unresolved module or unlinked crate `tokio`

error[E0433]: cannot find module or crate `tokio` in this scope
   --> crates/validate/tests/s3_client_roundtrip.rs:887:3
    |
887 | #[tokio::test(flavor = "multi_thread", worker_threads = 4)]
    |   ^^^^^ use of unresolved module or unlinked crate `tokio`

error[E0433]: cannot find module or crate `tokio` in this scope
   --> crates/validate/tests/s3_client_roundtrip.rs:917:3
    |
917 | #[tokio::test(flavor = "multi_thread", worker_threads = 4)]
    |   ^^^^^ use of unresolved module or unlinked crate `tokio`

error[E0433]: cannot find module or crate `tokio` in this scope
   --> crates/validate/tests/s3_client_roundtrip.rs:959:3
    |
959 | #[tokio::test(flavor = "multi_thread", worker_threads = 4)]
    |   ^^^^^ use of unresolved module or unlinked crate `tokio`

error[E0433]: cannot find module or crate `tokio` in this scope
   --> crates/validate/tests/s3_client_roundtrip.rs:984:3
    |
984 | #[tokio::test(flavor = "multi_thread", worker_threads = 4)]
    |   ^^^^^ use of unresolved module or unlinked crate `tokio`

error[E0433]: cannot find module or crate `tokio` in this scope
    --> crates/validate/tests/s3_client_roundtrip.rs:1029:3
     |
1029 | #[tokio::test(flavor = "multi_thread", worker_threads = 4)]
     |   ^^^^^ use of unresolved module or unlinked crate `tokio`

error[E0433]: cannot find module or crate `tokio` in this scope
    --> crates/validate/tests/s3_client_roundtrip.rs:1083:3
     |
1083 | #[tokio::test(flavor = "multi_thread", worker_threads = 4)]
     |   ^^^^^ use of unresolved module or unlinked crate `tokio`

error[E0433]: cannot find module or crate `tokio` in this scope
   --> crates/validate/tests/s3_client_roundtrip.rs:212:5
    |
212 |     tokio::time::timeout(TEST_WAIT, call)
    |     ^^^^^ use of unresolved module or unlinked crate `tokio`
    |
    = help: if you wanted to use a crate named `tokio`, use `cargo add tokio` to add it to your `Cargo.toml`

error[E0433]: cannot find module or crate `tokio` in this scope
   --> crates/validate/tests/s3_client_roundtrip.rs:919:18
    |
919 |     let socket = tokio::net::TcpSocket::new_v4().expect("socket");
    |                  ^^^^^ use of unresolved module or unlinked crate `tokio`
    |
    = help: if you wanted to use a crate named `tokio`, use `cargo add tokio` to add it to your `Cargo.toml`

error[E0433]: cannot find module or crate `tokio` in this scope
   --> crates/validate/tests/s3_client_roundtrip.rs:929:15
    |
929 |         match tokio::time::timeout(SHORT, TcpStream::connect(addr)).await {
    |               ^^^^^ use of unresolved module or unlinked crate `tokio`
    |
    = help: if you wanted to use a crate named `tokio`, use `cargo add tokio` to add it to your `Cargo.toml`

error[E0433]: cannot find module or crate `tokio` in this scope
    --> crates/validate/tests/s3_client_roundtrip.rs:1102:20
     |
1102 |     let mut body = tokio::time::timeout(HOLD_WAIT, client.get_object(BUCKET, "stream/get"))
     |                    ^^^^^ use of unresolved module or unlinked crate `tokio`
     |
     = help: if you wanted to use a crate named `tokio`, use `cargo add tokio` to add it to your `Cargo.toml`

error[E0433]: cannot find module or crate `tokio` in this scope
    --> crates/validate/tests/s3_client_roundtrip.rs:1114:17
     |
1114 |     let first = tokio::time::timeout(HOLD_WAIT, body.next_chunk())
     |                 ^^^^^ use of unresolved module or unlinked crate `tokio`
     |
     = help: if you wanted to use a crate named `tokio`, use `cargo add tokio` to add it to your `Cargo.toml`

error[E0425]: cannot find type `ObjectBody` in crate `wyrd_validate`
   --> crates/validate/tests/s3_client_roundtrip.rs:479:48
    |
479 | async fn read_to_end(body: &mut wyrd_validate::ObjectBody) -> Result<Vec<u8>, S3Error> {
    |                                                ^^^^^^^^^^ not found in `wyrd_validate`

error[E0433]: cannot find module or crate `tempfile` in this scope
   --> crates/validate/tests/s3_client_roundtrip.rs:131:11
    |
131 |     _dir: tempfile::TempDir,
    |           ^^^^^^^^ use of unresolved module or unlinked crate `tempfile`
    |
    = help: if you wanted to use a crate named `tempfile`, use `cargo add tempfile` to add it to your `Cargo.toml`

error[E0433]: cannot find module or crate `tempfile` in this scope
   --> crates/validate/tests/s3_client_roundtrip.rs:135:15
    |
135 |     let dir = tempfile::tempdir().expect("temp dir");
    |               ^^^^^^^^ use of unresolved module or unlinked crate `tempfile`
    |
    = help: if you wanted to use a crate named `tempfile`, use `cargo add tempfile` to add it to your `Cargo.toml`

error[E0433]: cannot find module or crate `tokio` in this scope
   --> crates/validate/tests/s3_client_roundtrip.rs:151:16
    |
151 |     let task = tokio::spawn(async move {
    |                ^^^^^ use of unresolved module or unlinked crate `tokio`
    |
    = help: if you wanted to use a crate named `tokio`, use `cargo add tokio` to add it to your `Cargo.toml`

error[E0433]: cannot find module or crate `futures_util` in this scope
   --> crates/validate/tests/s3_client_roundtrip.rs:248:11
    |
248 | ) -> impl futures_util::Stream<Item = Result<Bytes, std::io::Error>> + Send + Sync + 'static {
    |           ^^^^^^^^^^^^ use of unresolved module or unlinked crate `futures_util`
    |
    = help: if you wanted to use a crate named `futures_util`, use `cargo add futures_util` to add it to your `Cargo.toml`

error[E0433]: cannot find module or crate `tokio` in this scope
   --> crates/validate/tests/s3_client_roundtrip.rs:298:16
    |
298 |     let task = tokio::spawn(async move {
    |                ^^^^^ use of unresolved module or unlinked crate `tokio`
    |
    = help: if you wanted to use a crate named `tokio`, use `cargo add tokio` to add it to your `Cargo.toml`

error[E0433]: cannot find module or crate `tokio` in this scope
   --> crates/validate/tests/s3_client_roundtrip.rs:425:16
    |
425 |     let task = tokio::spawn(async move {
    |                ^^^^^ use of unresolved module or unlinked crate `tokio`
    |
    = help: if you wanted to use a crate named `tokio`, use `cargo add tokio` to add it to your `Cargo.toml`

Some errors have detailed explanations: E0425, E0432, E0433.
For more information about an error, try `rustc --explain E0425`.
error: could not compile `wyrd-validate` (test "s3_client_roundtrip") due to 44 previous errors
run-verify.sh: UNVERIFIABLE — the RED leg's cargo run failed (status 101) WITHOUT
               running a test, so no RED was established. This is NOT 'red without the
               fix' — the discriminator never executed. The usual cause is that it does
               not COMPILE against the reverted base: it calls production API this patch
               adds, so reverting the fix removes the symbol it needs. Split the test so
               it exercises the behaviour through pre-existing API, or record at sign-off
               why this slice has no isolable red (the cargo output is above).
