# gate C4-verify — attempt 1/1: pass (exit 0)
# cmd: ./engine/scripts/run-verify.sh
# cwd: /home/eddie/wyrd/wyrd-pdca
# PDCA_WORKTREE: /home/eddie/wyrd/wyrd.pdca-wt-l0
# started: 2026-08-09T16:32:36+02:00   duration: 3s

run-verify.sh: GREEN — cargo test -p wyrd-custodian --test placement_ceiling (fix applied)

running 5 tests
.....
test result: ok. 5 passed; 0 failed; 0 ignored; 0 measured; 0 filtered out; finished in 0.06s
run-verify.sh: RED — cargo test -p wyrd-custodian --test placement_ceiling (production reverted, test kept)

running 5 tests
a_move_that_cannot_reach_its_fragment_is_aborted_not_refused --- FAILED
an_evacuation_that_would_cross_the_value_ceiling_does_not_certify_the_drain --- FAILED
. 3/5
a_ceiling_refused_repair_is_subtracted_from_the_reported_successes --- FAILED
a_repair_that_would_cross_the_value_ceiling_is_refused_and_not_persisted --- FAILED

failures:

---- a_move_that_cannot_reach_its_fragment_is_aborted_not_refused stdout ----

thread 'a_move_that_cannot_reach_its_fragment_is_aborted_not_refused' (97945) panicked at crates/custodian/tests/placement_ceiling.rs:467:5:
assertion `left != right` failed: a stalled drain certified
  left: Satisfied
 right: Satisfied
note: run with `RUST_BACKTRACE=1` environment variable to display a backtrace

---- an_evacuation_that_would_cross_the_value_ceiling_does_not_certify_the_drain stdout ----

thread 'an_evacuation_that_would_cross_the_value_ceiling_does_not_certify_the_drain' (97948) panicked at crates/custodian/tests/placement_ceiling.rs:409:5:
assertion `left == right` failed: a stalled drain certified
  left: Changed
 right: Blocked

---- a_ceiling_refused_repair_is_subtracted_from_the_reported_successes stdout ----

thread 'a_ceiling_refused_repair_is_subtracted_from_the_reported_successes' (97944) panicked at crates/custodian/tests/placement_ceiling.rs:522:5:
assertion `left == right` failed: the pass certified a refusal
  left: Changed
 right: Blocked

---- a_repair_that_would_cross_the_value_ceiling_is_refused_and_not_persisted stdout ----

thread 'a_repair_that_would_cross_the_value_ceiling_is_refused_and_not_persisted' (97946) panicked at crates/custodian/tests/placement_ceiling.rs:327:5:
100019 bytes stored, past the ceiling


failures:
    a_ceiling_refused_repair_is_subtracted_from_the_reported_successes
    a_move_that_cannot_reach_its_fragment_is_aborted_not_refused
    a_repair_that_would_cross_the_value_ceiling_is_refused_and_not_persisted
    an_evacuation_that_would_cross_the_value_ceiling_does_not_certify_the_drain

test result: FAILED. 1 passed; 4 failed; 0 ignored; 0 measured; 0 filtered out; finished in 0.06s

error: test failed, to rerun pass `-p wyrd-custodian --test placement_ceiling`
run-verify.sh: PASS — red without the fix, green with it (5 test(s) ran red).
