# gate: C4-verify — per-fix red->green: this patch's test red pre-fix, green post-fix
# cmd: ./engine/scripts/run-verify.sh
# cwd: /home/eddie/wyrd/wyrd-pdca
# PDCA_WORKTREE: /home/eddie/wyrd/wyrd.pdca-wt-l0
# start: 2026-10-03T00:46:16+00:00
# duration_secs: 1.98
# exit: 0
# outcome: pass
# ---- combined stdout+stderr (verbatim) ----
run-verify.sh: GREEN — cargo test -p xtask --test dist_two_binary_layout (fix applied)

running 1 test
.
test result: ok. 1 passed; 0 failed; 0 ignored; 0 measured; 0 filtered out; finished in 0.00s
run-verify.sh: RED — cargo test -p xtask --test dist_two_binary_layout (production reverted, test kept)

running 1 test
every_pipeline_stage_ships_the_expected_binaries --- FAILED

failures:

---- every_pipeline_stage_ships_the_expected_binaries stdout ----

thread 'every_pipeline_stage_ships_the_expected_binaries' (1517903) panicked at xtask/tests/dist_two_binary_layout.rs:446:5:
the distribution pipeline disagrees with the shipped binary set [("/usr/local/bin/wyrd", "bin/wyrd"), ("/usr/local/bin/wyrd-validate", "bin/wyrd-validate")]:
  deploy/docker/wyrd/Dockerfile: the build stage's `RUN cargo build` does not build `--bin wyrd-validate`
  deploy/docker/wyrd/Dockerfile: the runtime stage has no `COPY --from=build /src/target/release/wyrd-validate /usr/local/bin/wyrd-validate`
  deploy/dist/install.sh: the install path never runs `install -m 0755 "$HERE/bin/wyrd-validate" "$BINDIR/wyrd-validate"` unconditionally (at the script's top level)
  deploy/dist/install.sh: the --uninstall branch never runs `rm -f "$BINDIR/wyrd-validate"` unconditionally (at the branch's own indentation)
  .github/workflows/release.yml: the smoke step never runs `/usr/local/bin/wyrd-validate` between `./install.sh` and `./install.sh --uninstall` with its exit status checked (not in a `||` / `&&` list)
  .github/workflows/release.yml: the smoke step never asserts `test ! -e /usr/local/bin/wyrd-validate` after `./install.sh --uninstall`, inside the container script
  deploy/dist/README.md: the binaries table has no `| `bin/wyrd` | … |` row
  deploy/dist/README.md: the binaries table has no `| `bin/wyrd-validate` | … |` row
  deploy/dist/README.md: the install section does not name `<prefix>/bin/wyrd-validate`
note: run with `RUST_BACKTRACE=1` environment variable to display a backtrace


failures:
    every_pipeline_stage_ships_the_expected_binaries

test result: FAILED. 0 passed; 1 failed; 0 ignored; 0 measured; 0 filtered out; finished in 0.00s

error: test failed, to rerun pass `-p xtask --test dist_two_binary_layout`
run-verify.sh: PASS — red without the fix, green with it (1 test(s) ran red).
