# gate: C4-diff-cov — diff coverage: changed lines executed by the patch's tests
# cmd: ./engine/scripts/run-diff-cov.sh
# cwd: /home/eddie/wyrd/wyrd-pdca
# PDCA_WORKTREE: /home/eddie/wyrd/wyrd.pdca-wt-l0
# start: 2026-09-14T00:08:06+00:00
# duration_secs: 29.65
# exit: 0
# outcome: pass
# ---- combined stdout+stderr (verbatim) ----
run-diff-cov.sh: at least one changed crate ships no test in this patch — it is scored
                 against its EXISTING suite, and any co-located #[cfg(test)] lines the
                 patch adds count as covered, so that part of the figure is the generous
                 one; see the coverage boundary in this file's header.
run-diff-cov.sh: MEASURE — cargo llvm-cov test -p wyrd-custodian --test gc_ledger_walk (fix applied)
info: cargo-llvm-cov currently setting cfg(coverage); you can opt-out it by passing --no-cfg-coverage
   Compiling wyrd-traits v0.0.0 (/home/eddie/wyrd/wyrd-cov-l0/crates/traits)
   Compiling wyrd-chunk-format v0.0.0 (/home/eddie/wyrd/wyrd-cov-l0/crates/chunk-format)
   Compiling wyrd-telemetry v0.0.0 (/home/eddie/wyrd/wyrd-cov-l0/crates/telemetry)
   Compiling wyrd-testkit v0.0.0 (/home/eddie/wyrd/wyrd-cov-l0/crates/testkit)
   Compiling wyrd-core v0.0.0 (/home/eddie/wyrd/wyrd-cov-l0/crates/core)
   Compiling wyrd-chunkstore-fs v0.0.0 (/home/eddie/wyrd/wyrd-cov-l0/crates/chunkstore-fs)
   Compiling wyrd-coordination-mem v0.0.0 (/home/eddie/wyrd/wyrd-cov-l0/crates/coordination-mem)
   Compiling wyrd-custodian v0.0.0 (/home/eddie/wyrd/wyrd-cov-l0/crates/custodian)
    Finished `test` profile [unoptimized + debuginfo] target(s) in 2.81s
     Running tests/gc_ledger_walk.rs (target/llvm-cov-target/debug/deps/gc_ledger_walk-9125ab71ba725df9)

running 10 tests
test a_gc_pass_survives_an_orphan_ledger_past_the_scan_cap ... ok
test f_restore_survives_the_ledger_and_never_restamps_a_mark_it_did_not_read ... ok
test guard_a_page_outside_the_scan_page_contract_is_refused_not_walked ... ok
test e_only_a_fragments_own_key_licenses_a_reclaim ... ok
test d1_a_mark_on_the_resume_cursor_outranks_an_expired_lease ... ok
test d2_an_expired_leases_entry_outlives_every_fragment_it_accounts_for ... ok
test c_the_tail_does_not_starve_and_the_walk_wraps ... ok
test b_one_pass_reads_and_writes_a_bounded_pinned_amount ... ok
test d3_an_unreadable_mark_counts_as_a_mark ... ok
test d1_an_unread_mark_outranks_an_expired_lease ... ok

test result: ok. 10 passed; 0 failed; 0 ignored; 0 measured; 0 filtered out; finished in 1.13s
run-diff-cov.sh: cfg-gated test target (madsim) for crates/dst — passing the flag (#104).
run-diff-cov.sh: MEASURE — cargo llvm-cov test -p wyrd-dst (fix applied)
info: cargo-llvm-cov currently setting cfg(coverage); you can opt-out it by passing --no-cfg-coverage
   Compiling wyrd-traits v0.0.0 (/home/eddie/wyrd/wyrd-cov-l0/crates/traits)
   Compiling typenum v1.20.1
   Compiling const-oid v0.10.2
   Compiling wyrd-dst v0.0.0 (/home/eddie/wyrd/wyrd-cov-l0/crates/dst)
   Compiling wyrd-chunk-format v0.0.0 (/home/eddie/wyrd/wyrd-cov-l0/crates/chunk-format)
   Compiling wyrd-proto v0.0.0 (/home/eddie/wyrd/wyrd-cov-l0/crates/proto)
   Compiling wyrd-telemetry v0.0.0 (/home/eddie/wyrd/wyrd-cov-l0/crates/telemetry)
   Compiling wyrd-testkit v0.0.0 (/home/eddie/wyrd/wyrd-cov-l0/crates/testkit)
   Compiling wyrd-metadata-redb v0.0.0 (/home/eddie/wyrd/wyrd-cov-l0/crates/metadata-redb)
   Compiling wyrd-coordination-etcd v0.0.0 (/home/eddie/wyrd/wyrd-cov-l0/crates/coordination-etcd)
   Compiling wyrd-metadata-conformance v0.0.0 (/home/eddie/wyrd/wyrd-cov-l0/crates/metadata-conformance)
   Compiling wyrd-coordination-conformance v0.0.0 (/home/eddie/wyrd/wyrd-cov-l0/crates/coordination-conformance)
   Compiling wyrd-coordination-mem v0.0.0 (/home/eddie/wyrd/wyrd-cov-l0/crates/coordination-mem)
   Compiling wyrd-chunkstore-fs v0.0.0 (/home/eddie/wyrd/wyrd-cov-l0/crates/chunkstore-fs)
   Compiling hybrid-array v0.4.13
   Compiling wyrd-chunkstore-grpc v0.0.0 (/home/eddie/wyrd/wyrd-cov-l0/crates/chunkstore-grpc)
   Compiling block-buffer v0.12.1
   Compiling crypto-common v0.2.2
   Compiling digest v0.11.3
   Compiling sha2 v0.11.0
   Compiling wyrd-core v0.0.0 (/home/eddie/wyrd/wyrd-cov-l0/crates/core)
   Compiling wyrd-custodian v0.0.0 (/home/eddie/wyrd/wyrd-cov-l0/crates/custodian)
    Finished `test` profile [unoptimized + debuginfo] target(s) in 5.58s
     Running unittests src/lib.rs (target/llvm-cov-target/debug/deps/wyrd_dst-2ede07c3e33065d6)

running 0 tests

test result: ok. 0 passed; 0 failed; 0 ignored; 0 measured; 0 filtered out; finished in 0.00s

     Running tests/commit_ambiguity.rs (target/llvm-cov-target/debug/deps/commit_ambiguity-e54a8530acddb86a)

running 14 tests
test the_two_undeterminable_codes_are_not_equally_bad ... ok
test assuming_an_ambiguous_blind_put_landed_leaves_a_chunk_unprotected - should panic ... ok
test treating_a_timed_out_commit_like_1021_fails_the_sweep - should panic ... ok
test assuming_an_ambiguous_commit_did_not_land_fails_the_sweep - should panic ... ok
test a_torn_apply_of_an_ambiguous_commit_is_caught - should panic ... ok
test counting_every_timed_out_commit_a_winner_fails_the_contended_sweep - should panic ... ok
test an_ambiguous_pending_ledger_put_is_settled_by_a_re_read ... ok
test committed_regression_seeds_stay_green ... ok
test a_deferred_1031_batch_that_skips_the_resolver_clobbers_the_winner - should panic ... ok
test a_timed_out_commit_may_still_land_after_the_settling_re_read ... ok
test a_stale_deferred_1031_batch_is_rejected_against_current_truth ... ok
test commit_ambiguity_invariants_hold_under_the_dst_seed_sweep ... ok
test the_settling_re_read_covers_both_halves_of_the_ambiguity_space ... ok
test contention_under_1031_keeps_exactly_one_winner_through_the_deferral ... ok

test result: ok. 14 passed; 0 failed; 0 ignored; 0 measured; 0 filtered out; finished in 0.22s

     Running tests/concurrency.rs (target/llvm-cov-target/debug/deps/concurrency-3b8356edac2c61f6)

running 5 tests
test blind_batch_lost_lock_race_is_err_never_conflict ... ok
test synchronous_redb_shaped_commit_never_reaches_the_interleaving - should panic ... ok
test sim_tikv_reaches_mid_commit_interleaving_and_one_wins ... ok
test exactly_one_concurrent_writer_wins_sim_tikv ... ok
test exactly_one_concurrent_writer_wins_redb ... ok

test result: ok. 5 passed; 0 failed; 0 ignored; 0 measured; 0 filtered out; finished in 0.65s

     Running tests/conformance.rs (target/llvm-cov-target/debug/deps/conformance-ed8a120bec62a9e1)

running 3 tests
test sim_fdb_backend_passes_shared_contract ... ok
test sim_tikv_backend_passes_shared_contract ... ok
test redb_backend_passes_shared_contract ... ok

test result: ok. 3 passed; 0 failed; 0 ignored; 0 measured; 0 filtered out; finished in 2.44s

     Running tests/coordination.rs (target/llvm-cov-target/debug/deps/coordination-2c9b09d34f641b02)

running 12 tests
test process_local_store_fails_the_single_leader_clause - should panic ... ok
test process_local_store_fails_the_cross_process_discovery_clause - should panic ... ok
test process_local_store_fails_the_mutual_exclusion_clause - should panic ... ok
test a_registration_lease_expires_deterministically ... ok
test peers_are_discovered_across_instances ... ok
test single_leader_is_exclusive_across_two_etcd_instances ... ok
test a_lock_is_mutually_exclusive_across_two_instances ... ok
test a_lapsed_leader_recampaigns_after_its_lease_is_lost ... ok
test a_transient_proclaim_error_keeps_the_hold_and_its_lease ... ok
test only_one_of_two_instances_leads_then_hands_off ... ok
test a_cancelled_campaign_leaks_no_orphan ... ok
test shared_contract_suite_on_the_etcd_simulator ... ok

test result: ok. 12 passed; 0 failed; 0 ignored; 0 measured; 0 filtered out; finished in 0.08s

     Running tests/custodian.rs (target/llvm-cov-target/debug/deps/custodian-553c1d36f86f0e19)

running 16 tests
test barrier_installed_and_registry_keeps_callsites_capturable ... ok
test gc_reclaims_only_true_orphans_q3 ... ok
test restore_two_readings_never_license_a_mark ... ok
test segmented_resolve_never_tears ... ok
test gc_over_a_segmented_map_never_reclaims_it_and_never_over_certifies ... ok
test gc_orphan_walk_under_a_concurrent_unlink ... ok
test restore_two_readings_cover_the_divergence_window ... ok
test scrub_detects_bit_rot_then_reconstructs_q2 ... ok
test fenced_stale_leader_lands_nothing ... ok
test durability_emission_rises_then_returns_to_zero ... ok
test reader_flips_atomically_across_commit ... ok
test reconstruct_to_full_redundancy_q1 ... ok
test crash_mid_fragment_write_commits_nothing ... ok
test commit_point_atomic_repair_under_crash ... ok
test gc_orphan_walk_reaches_the_mid_walk_landing ... ok
test committed_regression_seeds_stay_green ... ok

test result: ok. 16 passed; 0 failed; 0 ignored; 0 measured; 0 filtered out; finished in 13.32s

     Running tests/network.rs (target/llvm-cov-target/debug/deps/network-f767ccb8c95e1bed)

running 8 tests
test a_publication_the_d_server_could_not_verify_is_reported_not_acknowledged ... ok
test a_write_parked_past_its_deadline_is_refused_by_the_real_d_server ... ok
test a_write_that_expires_inside_the_d_servers_store_is_refused_before_publication ... ok
test partial_fanout_fails_closed ... ok
test parallel_write_durability_over_network ... ok
test k_of_n_read_survives_dropped_fetches ... ok
test corrupt_fragment_is_read_around ... ok
test exactly_one_concurrent_writer_wins_over_network ... ok

test result: ok. 8 passed; 0 failed; 0 ignored; 0 measured; 0 filtered out; finished in 1.53s

     Running tests/no_fdb_linkage.rs (target/llvm-cov-target/debug/deps/no_fdb_linkage-a0b3847b0e9a9e90)

running 9 tests
test scan_line_catches_every_manifest_dependency_shape ... ok
test scan_line_ignores_comments_and_unrelated_dependencies ... ok
test the_dst_manifest_declares_no_fdb_dependency ... ok
test package_nodes_reads_package_lines_and_not_feature_lines ... ok
test scan_manifest_is_red_when_an_fdb_dependency_is_planted ... ok
test the_dst_support_module_declares_the_simulated_fdb_store ... ok
test the_dst_dependency_graph_links_no_libfdb_c ... ok
test the_graph_scanner_is_red_on_a_cfg_madsim_gated_rename_and_transitive_edge ... ok
test the_graph_scanner_is_red_on_the_real_fdb_backend_with_its_feature_on ... ok

test result: ok. 9 passed; 0 failed; 0 ignored; 0 measured; 0 filtered out; finished in 0.19s

     Running tests/tikv_await_commit_interleaving.rs (target/llvm-cov-target/debug/deps/tikv_await_commit_interleaving-e42bb6c1b9363b71)

running 1 test
test redb_overwrite_cas_classifies_the_stale_writer_as_conflict ... ok

test result: ok. 1 passed; 0 failed; 0 ignored; 0 measured; 0 filtered out; finished in 0.48s
run-diff-cov.sh: NOTE — 177 of 441 changed production lines carried a coverage
                 region; the other 264 are not scored either way. Most are simply not
                 executable (comments, `use`, declarations, bare delimiters). But code
                 compiled out by a #[cfg(...)] your feature selection does not enable looks
                 identical here, and this gate cannot tell the two apart (#222).
                 The largest unscored spans, so you can tell at a glance which it is:
run-diff-cov.sh:   UNSCORED crates/custodian/src/gc.rs:64-116 (53 lines)
run-diff-cov.sh:   UNSCORED crates/custodian/src/gc.rs:631-674 (44 lines)
run-diff-cov.sh:   UNSCORED crates/custodian/src/gc.rs:286-302 (17 lines)
run-diff-cov.sh:   UNSCORED crates/custodian/src/gc.rs:780-790 (11 lines)
run-diff-cov.sh:   UNSCORED crates/custodian/src/gc.rs:821-831 (11 lines)
run-diff-cov.sh:   UNSCORED crates/custodian/src/gc.rs:858-868 (11 lines)
run-diff-cov.sh:   … and 38 further span(s), none larger; all of them are in coverage/diff-cov.json
METRIC diff_cov=100.0 covered=177 instrumentable=177 unscored=264
run-diff-cov.sh: PASS — the patch's tests execute 100.0% of its 177 instrumentable changed
                 lines (floor 80%, 78 test(s) ran).
PDCA-EVIDENCE: diff coverage 100.0% — 177 of 177 instrumentable changed lines executed (floor 80%); 177 of 441 changed lines were instrumentable
