# gate: C4-verify — per-fix red->green: this patch's test red pre-fix, green post-fix
# cmd: ./engine/scripts/run-verify.sh
# cwd: /home/eddie/wyrd/wyrd-pdca
# PDCA_WORKTREE: /home/eddie/wyrd/wyrd.pdca-wt-l0
# start: 2026-09-14T00:08:00+00:00
# duration_secs: 5.94
# exit: 0
# outcome: pass
# ---- combined stdout+stderr (verbatim) ----
run-verify.sh: GREEN — cargo test -p wyrd-custodian --test gc_ledger_walk (fix applied)

running 10 tests
..........
test result: ok. 10 passed; 0 failed; 0 ignored; 0 measured; 0 filtered out; finished in 1.04s
run-verify.sh: RED — cargo test -p wyrd-custodian --test gc_ledger_walk (production reverted, test kept)

running 10 tests
a_gc_pass_survives_an_orphan_ledger_past_the_scan_cap --- FAILED
guard_a_page_outside_the_scan_page_contract_is_refused_not_walked --- FAILED
e_only_a_fragments_own_key_licenses_a_reclaim --- FAILED
f_restore_survives_the_ledger_and_never_restamps_a_mark_it_did_not_read --- FAILED
d1_a_mark_on_the_resume_cursor_outranks_an_expired_lease --- FAILED
c_the_tail_does_not_starve_and_the_walk_wraps --- FAILED
d1_an_unread_mark_outranks_an_expired_lease --- FAILED
d2_an_expired_leases_entry_outlives_every_fragment_it_accounts_for --- FAILED
d3_an_unreadable_mark_counts_as_a_mark --- FAILED
b_one_pass_reads_and_writes_a_bounded_pinned_amount --- FAILED

failures:

---- a_gc_pass_survives_an_orphan_ledger_past_the_scan_cap stdout ----

thread 'a_gc_pass_survives_an_orphan_ledger_past_the_scan_cap' (115471) panicked at crates/custodian/tests/gc_ledger_walk.rs:518:13:
leg A: GC pass 1 failed: reconciliation store access: metadata scan exceeded the interim per-listing cap of 5000 keys for prefix "orphan:": failing loud rather than returning a truncated result set (a silently truncated scan is data loss — #262, ADR-0011). On main this is the single `scan` of the `orphan:` ledger past the cap (`gc.rs:177`, the scan at `:526`) — a ledger this size fails every pass, and the pass that should shrink it can never start
note: run with `RUST_BACKTRACE=1` environment variable to display a backtrace

---- guard_a_page_outside_the_scan_page_contract_is_refused_not_walked stdout ----

thread 'guard_a_page_outside_the_scan_page_contract_is_refused_not_walked' (115480) panicked at crates/custodian/tests/gc_ledger_walk.rs:1365:9:
RepeatsCursor: the GC pass must refuse the page ("does not advance the walk"); it failed on something else: reconciliation store access: metadata scan exceeded the interim per-listing cap of 5000 keys for prefix "orphan:": failing loud rather than returning a truncated result set (a silently truncated scan is data loss — #262, ADR-0011)

---- e_only_a_fragments_own_key_licenses_a_reclaim stdout ----

thread 'e_only_a_fragments_own_key_licenses_a_reclaim' (115478) panicked at crates/custodian/tests/gc_ledger_walk.rs:518:13:
leg E: GC pass 1 failed: reconciliation store access: metadata scan exceeded the interim per-listing cap of 5000 keys for prefix "orphan:": failing loud rather than returning a truncated result set (a silently truncated scan is data loss — #262, ADR-0011). On main this is the single `scan` of the `orphan:` ledger past the cap (`gc.rs:177`, the scan at `:526`) — a ledger this size fails every pass, and the pass that should shrink it can never start

---- f_restore_survives_the_ledger_and_never_restamps_a_mark_it_did_not_read stdout ----

thread 'f_restore_survives_the_ledger_and_never_restamps_a_mark_it_did_not_read' (115479) panicked at crates/custodian/tests/gc_ledger_walk.rs:1280:21:
leg F: the post-restore pass failed: metadata scan exceeded the interim per-listing cap of 5000 keys for prefix "orphan:": failing loud rather than returning a truncated result set (a silently truncated scan is data loss — #262, ADR-0011). On main this is its single `scan` of the `orphan:` ledger past the cap (`restore.rs:308`)

---- d1_a_mark_on_the_resume_cursor_outranks_an_expired_lease stdout ----

thread 'd1_a_mark_on_the_resume_cursor_outranks_an_expired_lease' (115474) panicked at crates/custodian/tests/gc_ledger_walk.rs:518:13:
leg D(i), cursor: GC pass 1 failed: reconciliation store access: metadata scan exceeded the interim per-listing cap of 5000 keys for prefix "orphan:": failing loud rather than returning a truncated result set (a silently truncated scan is data loss — #262, ADR-0011). On main this is the single `scan` of the `orphan:` ledger past the cap (`gc.rs:177`, the scan at `:526`) — a ledger this size fails every pass, and the pass that should shrink it can never start

---- c_the_tail_does_not_starve_and_the_walk_wraps stdout ----

thread 'c_the_tail_does_not_starve_and_the_walk_wraps' (115473) panicked at crates/custodian/tests/gc_ledger_walk.rs:518:13:
leg C: GC pass 1 failed: reconciliation store access: metadata scan exceeded the interim per-listing cap of 5000 keys for prefix "orphan:": failing loud rather than returning a truncated result set (a silently truncated scan is data loss — #262, ADR-0011). On main this is the single `scan` of the `orphan:` ledger past the cap (`gc.rs:177`, the scan at `:526`) — a ledger this size fails every pass, and the pass that should shrink it can never start

---- d1_an_unread_mark_outranks_an_expired_lease stdout ----

thread 'd1_an_unread_mark_outranks_an_expired_lease' (115475) panicked at crates/custodian/tests/gc_ledger_walk.rs:518:13:
leg D(i): GC pass 1 failed: reconciliation store access: metadata scan exceeded the interim per-listing cap of 5000 keys for prefix "orphan:": failing loud rather than returning a truncated result set (a silently truncated scan is data loss — #262, ADR-0011). On main this is the single `scan` of the `orphan:` ledger past the cap (`gc.rs:177`, the scan at `:526`) — a ledger this size fails every pass, and the pass that should shrink it can never start

---- d2_an_expired_leases_entry_outlives_every_fragment_it_accounts_for stdout ----

thread 'd2_an_expired_leases_entry_outlives_every_fragment_it_accounts_for' (115476) panicked at crates/custodian/tests/gc_ledger_walk.rs:518:13:
leg D(ii): GC pass 1 failed: reconciliation store access: metadata scan exceeded the interim per-listing cap of 5000 keys for prefix "orphan:": failing loud rather than returning a truncated result set (a silently truncated scan is data loss — #262, ADR-0011). On main this is the single `scan` of the `orphan:` ledger past the cap (`gc.rs:177`, the scan at `:526`) — a ledger this size fails every pass, and the pass that should shrink it can never start

---- d3_an_unreadable_mark_counts_as_a_mark stdout ----

thread 'd3_an_unreadable_mark_counts_as_a_mark' (115477) panicked at crates/custodian/tests/gc_ledger_walk.rs:518:13:
leg D(iii): GC pass 1 failed: reconciliation store access: metadata scan exceeded the interim per-listing cap of 5000 keys for prefix "orphan:": failing loud rather than returning a truncated result set (a silently truncated scan is data loss — #262, ADR-0011). On main this is the single `scan` of the `orphan:` ledger past the cap (`gc.rs:177`, the scan at `:526`) — a ledger this size fails every pass, and the pass that should shrink it can never start

---- b_one_pass_reads_and_writes_a_bounded_pinned_amount stdout ----

thread 'b_one_pass_reads_and_writes_a_bounded_pinned_amount' (115472) panicked at crates/custodian/tests/gc_ledger_walk.rs:518:13:
leg B: GC pass 1 failed: reconciliation store access: metadata scan exceeded the interim per-listing cap of 5000 keys for prefix "orphan:": failing loud rather than returning a truncated result set (a silently truncated scan is data loss — #262, ADR-0011). On main this is the single `scan` of the `orphan:` ledger past the cap (`gc.rs:177`, the scan at `:526`) — a ledger this size fails every pass, and the pass that should shrink it can never start


failures:
    a_gc_pass_survives_an_orphan_ledger_past_the_scan_cap
    b_one_pass_reads_and_writes_a_bounded_pinned_amount
    c_the_tail_does_not_starve_and_the_walk_wraps
    d1_a_mark_on_the_resume_cursor_outranks_an_expired_lease
    d1_an_unread_mark_outranks_an_expired_lease
    d2_an_expired_leases_entry_outlives_every_fragment_it_accounts_for
    d3_an_unreadable_mark_counts_as_a_mark
    e_only_a_fragments_own_key_licenses_a_reclaim
    f_restore_survives_the_ledger_and_never_restamps_a_mark_it_did_not_read
    guard_a_page_outside_the_scan_page_contract_is_refused_not_walked

test result: FAILED. 0 passed; 10 failed; 0 ignored; 0 measured; 0 filtered out; finished in 0.33s

error: test failed, to rerun pass `-p wyrd-custodian --test gc_ledger_walk`
run-verify.sh: PASS — red without the fix, green with it (10 test(s) ran red).
