# gate: C4-verify — per-fix red->green: this patch's test red pre-fix, green post-fix
# cmd: ./engine/scripts/run-verify.sh
# cwd: /home/eddie/wyrd/wyrd-pdca
# PDCA_WORKTREE: /home/eddie/wyrd/wyrd.pdca-wt-l0
# start: 2026-10-01T22:48:12+00:00
# duration_secs: 24.49
# exit: 77
# outcome: unverifiable
# ---- combined stdout+stderr (verbatim) ----
run-verify.sh: GREEN — cargo test -p wyrd-validate --test s3_client_roundtrip (fix applied)

running 4 tests
....
test result: ok. 4 passed; 0 failed; 0 ignored; 0 measured; 0 filtered out; finished in 4.75s
run-verify.sh: RED — cargo test -p wyrd-validate --test s3_client_roundtrip (production reverted, test kept)
error[E0432]: unresolved imports `wyrd_validate::ClientOptions`, `wyrd_validate::ErrorCode`, `wyrd_validate::S3Client`, `wyrd_validate::S3Error`
  --> crates/validate/tests/s3_client_roundtrip.rs:58:21
   |
58 | use wyrd_validate::{ClientOptions, Credentials, ErrorCode, S3Client, S3Error};
   |                     ^^^^^^^^^^^^^               ^^^^^^^^^  ^^^^^^^^  ^^^^^^^ no `S3Error` in the root
   |                     |                           |          |
   |                     |                           |          no `S3Client` in the root
   |                     |                           no `ErrorCode` in the root
   |                     no `ClientOptions` in the root

error[E0432]: unresolved import `bytes`
  --> crates/validate/tests/s3_client_roundtrip.rs:46:5
   |
46 | use bytes::Bytes;
   |     ^^^^^ use of unresolved module or unlinked crate `bytes`
   |
   = help: if you wanted to use a crate named `bytes`, use `cargo add bytes` to add it to your `Cargo.toml`

error[E0432]: unresolved import `futures_util`
  --> crates/validate/tests/s3_client_roundtrip.rs:47:5
   |
47 | use futures_util::stream;
   |     ^^^^^^^^^^^^ use of unresolved module or unlinked crate `futures_util`
   |
   = help: if you wanted to use a crate named `futures_util`, use `cargo add futures_util` to add it to your `Cargo.toml`

error[E0433]: cannot find module or crate `tokio` in this scope
  --> crates/validate/tests/s3_client_roundtrip.rs:49:5
   |
49 | use tokio::io::{AsyncReadExt, AsyncWriteExt};
   |     ^^^^^ use of unresolved module or unlinked crate `tokio`
   |
   = help: if you wanted to use a crate named `tokio`, use `cargo add tokio` to add it to your `Cargo.toml`

error[E0433]: cannot find module or crate `tokio` in this scope
  --> crates/validate/tests/s3_client_roundtrip.rs:50:5
   |
50 | use tokio::net::{TcpListener, TcpStream};
   |     ^^^^^ use of unresolved module or unlinked crate `tokio`
   |
   = help: if you wanted to use a crate named `tokio`, use `cargo add tokio` to add it to your `Cargo.toml`

error[E0433]: cannot find module or crate `tokio` in this scope
  --> crates/validate/tests/s3_client_roundtrip.rs:51:5
   |
51 | use tokio::sync::watch;
   |     ^^^^^ use of unresolved module or unlinked crate `tokio`
   |
   = help: if you wanted to use a crate named `tokio`, use `cargo add tokio` to add it to your `Cargo.toml`

error[E0432]: unresolved import `futures_util`
  --> crates/validate/tests/s3_client_roundtrip.rs:48:5
   |
48 | use futures_util::StreamExt as _;
   |     ^^^^^^^^^^^^ use of unresolved module or unlinked crate `futures_util`
   |
   = help: if you wanted to use a crate named `futures_util`, use `cargo add futures_util` to add it to your `Cargo.toml`

error[E0432]: unresolved import `wyrd_chunkstore_fs`
  --> crates/validate/tests/s3_client_roundtrip.rs:52:5
   |
52 | use wyrd_chunkstore_fs::FsChunkStore;
   |     ^^^^^^^^^^^^^^^^^^ use of unresolved module or unlinked crate `wyrd_chunkstore_fs`
   |
   = help: if you wanted to use a crate named `wyrd_chunkstore_fs`, use `cargo add wyrd_chunkstore_fs` to add it to your `Cargo.toml`

error[E0433]: cannot find module or crate `wyrd_gateway_s3` in this scope
  --> crates/validate/tests/s3_client_roundtrip.rs:54:5
   |
54 | use wyrd_gateway_s3::sigv4::Credentials as GatewayCredentials;
   |     ^^^^^^^^^^^^^^^ use of unresolved module or unlinked crate `wyrd_gateway_s3`
   |
   = help: if you wanted to use a crate named `wyrd_gateway_s3`, use `cargo add wyrd_gateway_s3` to add it to your `Cargo.toml`

error[E0432]: unresolved import `wyrd_coordination_mem`
  --> crates/validate/tests/s3_client_roundtrip.rs:53:5
   |
53 | use wyrd_coordination_mem::MemCoordination;
   |     ^^^^^^^^^^^^^^^^^^^^^ use of unresolved module or unlinked crate `wyrd_coordination_mem`
   |
   = help: if you wanted to use a crate named `wyrd_coordination_mem`, use `cargo add wyrd_coordination_mem` to add it to your `Cargo.toml`

error[E0432]: unresolved import `wyrd_gateway_s3`
  --> crates/validate/tests/s3_client_roundtrip.rs:55:5
   |
55 | use wyrd_gateway_s3::{S3Config, S3Gateway};
   |     ^^^^^^^^^^^^^^^ use of unresolved module or unlinked crate `wyrd_gateway_s3`
   |
   = help: if you wanted to use a crate named `wyrd_gateway_s3`, use `cargo add wyrd_gateway_s3` to add it to your `Cargo.toml`

error[E0432]: unresolved import `wyrd_metadata_redb`
  --> crates/validate/tests/s3_client_roundtrip.rs:56:5
   |
56 | use wyrd_metadata_redb::RedbMetadataStore;
   |     ^^^^^^^^^^^^^^^^^^ use of unresolved module or unlinked crate `wyrd_metadata_redb`
   |
   = help: if you wanted to use a crate named `wyrd_metadata_redb`, use `cargo add wyrd_metadata_redb` to add it to your `Cargo.toml`

error[E0432]: unresolved import `wyrd_server`
  --> crates/validate/tests/s3_client_roundtrip.rs:57:5
   |
57 | use wyrd_server::Gateway;
   |     ^^^^^^^^^^^ use of unresolved module or unlinked crate `wyrd_server`
   |
   = help: if you wanted to use a crate named `wyrd_server`, use `cargo add wyrd_server` to add it to your `Cargo.toml`

error[E0433]: cannot find module or crate `tokio` in this scope
   --> crates/validate/tests/s3_client_roundtrip.rs:234:3
    |
234 | #[tokio::test(flavor = "multi_thread", worker_threads = 4)]
    |   ^^^^^ use of unresolved module or unlinked crate `tokio`

error[E0433]: cannot find module or crate `tokio` in this scope
   --> crates/validate/tests/s3_client_roundtrip.rs:280:3
    |
280 | #[tokio::test(flavor = "multi_thread", worker_threads = 4)]
    |   ^^^^^ use of unresolved module or unlinked crate `tokio`

error[E0433]: cannot find module or crate `tokio` in this scope
   --> crates/validate/tests/s3_client_roundtrip.rs:340:3
    |
340 | #[tokio::test(flavor = "multi_thread", worker_threads = 4)]
    |   ^^^^^ use of unresolved module or unlinked crate `tokio`

error[E0433]: cannot find module or crate `tokio` in this scope
   --> crates/validate/tests/s3_client_roundtrip.rs:394:3
    |
394 | #[tokio::test(flavor = "multi_thread", worker_threads = 4)]
    |   ^^^^^ use of unresolved module or unlinked crate `tokio`

error[E0433]: cannot find module or crate `tokio` in this scope
   --> crates/validate/tests/s3_client_roundtrip.rs:200:15
    |
200 |     mut from: tokio::net::tcp::OwnedReadHalf,
    |               ^^^^^ use of unresolved module or unlinked crate `tokio`
    |
    = help: if you wanted to use a crate named `tokio`, use `cargo add tokio` to add it to your `Cargo.toml`

error[E0433]: cannot find module or crate `tokio` in this scope
   --> crates/validate/tests/s3_client_roundtrip.rs:201:13
    |
201 |     mut to: tokio::net::tcp::OwnedWriteHalf,
    |             ^^^^^ use of unresolved module or unlinked crate `tokio`
    |
    = help: if you wanted to use a crate named `tokio`, use `cargo add tokio` to add it to your `Cargo.toml`

error[E0433]: cannot find module or crate `tokio` in this scope
   --> crates/validate/tests/s3_client_roundtrip.rs:413:20
    |
413 |     let mut body = tokio::time::timeout(HOLD_WAIT, client.get_object(BUCKET, "stream/get"))
    |                    ^^^^^ use of unresolved module or unlinked crate `tokio`
    |
    = help: if you wanted to use a crate named `tokio`, use `cargo add tokio` to add it to your `Cargo.toml`

error[E0433]: cannot find module or crate `tokio` in this scope
   --> crates/validate/tests/s3_client_roundtrip.rs:425:17
    |
425 |     let first = tokio::time::timeout(HOLD_WAIT, body.next_chunk())
    |                 ^^^^^ use of unresolved module or unlinked crate `tokio`
    |
    = help: if you wanted to use a crate named `tokio`, use `cargo add tokio` to add it to your `Cargo.toml`

error[E0433]: cannot find module or crate `tempfile` in this scope
  --> crates/validate/tests/s3_client_roundtrip.rs:86:15
   |
86 |     let dir = tempfile::tempdir().expect("temp dir");
   |               ^^^^^^^^ use of unresolved module or unlinked crate `tempfile`
   |
   = help: if you wanted to use a crate named `tempfile`, use `cargo add tempfile` to add it to your `Cargo.toml`

error[E0433]: cannot find module or crate `tokio` in this scope
   --> crates/validate/tests/s3_client_roundtrip.rs:102:5
    |
102 |     tokio::spawn(async move {
    |     ^^^^^ use of unresolved module or unlinked crate `tokio`
    |
    = help: if you wanted to use a crate named `tokio`, use `cargo add tokio` to add it to your `Cargo.toml`

error[E0433]: cannot find module or crate `tokio` in this scope
   --> crates/validate/tests/s3_client_roundtrip.rs:175:5
    |
175 |     tokio::spawn(async move {
    |     ^^^^^ use of unresolved module or unlinked crate `tokio`
    |
    = help: if you wanted to use a crate named `tokio`, use `cargo add tokio` to add it to your `Cargo.toml`

error[E0433]: cannot find module or crate `tokio` in this scope
   --> crates/validate/tests/s3_client_roundtrip.rs:180:13
    |
180 |             tokio::spawn(pump(client_rx, gateway_tx, Arc::clone(&up), None));
    |             ^^^^^ use of unresolved module or unlinked crate `tokio`
    |
    = help: if you wanted to use a crate named `tokio`, use `cargo add tokio` to add it to your `Cargo.toml`

error[E0433]: cannot find module or crate `tokio` in this scope
   --> crates/validate/tests/s3_client_roundtrip.rs:181:13
    |
181 |             tokio::spawn(pump(
    |             ^^^^^ use of unresolved module or unlinked crate `tokio`
    |
    = help: if you wanted to use a crate named `tokio`, use `cargo add tokio` to add it to your `Cargo.toml`

error[E0277]: the size for values of type `[u8]` cannot be known at compilation time
   --> crates/validate/tests/s3_client_roundtrip.rs:259:15
    |
259 |     while let Some(chunk) = body.next_chunk().await.expect("read GET body") {
    |               ^^^^^^^^^^^ doesn't have a size known at compile-time
    |
    = help: the trait `Sized` is not implemented for `[u8]`
note: required by a bound in `Some`
   --> /home/eddie/.rustup/toolchains/1.96.0-x86_64-unknown-linux-gnu/lib/rustlib/src/rust/library/core/src/option.rs:600:17
    |
600 | pub enum Option<T> {
    |                 ^ required by this bound in `Some`
...
608 |     Some(#[stable(feature = "rust1", since = "1.0.0")] T),
    |     ---- required by a bound in this tuple variant

error[E0277]: the size for values of type `[u8]` cannot be known at compilation time
   --> crates/validate/tests/s3_client_roundtrip.rs:385:15
    |
385 |     while let Some(chunk) = body.next_chunk().await.expect("read GET body") {
    |               ^^^^^^^^^^^ doesn't have a size known at compile-time
    |
    = help: the trait `Sized` is not implemented for `[u8]`
note: required by a bound in `Some`
   --> /home/eddie/.rustup/toolchains/1.96.0-x86_64-unknown-linux-gnu/lib/rustlib/src/rust/library/core/src/option.rs:600:17
    |
600 | pub enum Option<T> {
    |                 ^ required by this bound in `Some`
...
608 |     Some(#[stable(feature = "rust1", since = "1.0.0")] T),
    |     ---- required by a bound in this tuple variant

error[E0277]: the size for values of type `[u8]` cannot be known at compilation time
   --> crates/validate/tests/s3_client_roundtrip.rs:448:15
    |
448 |     while let Some(chunk) = body.next_chunk().await.expect("read GET body") {
    |               ^^^^^^^^^^^ doesn't have a size known at compile-time
    |
    = help: the trait `Sized` is not implemented for `[u8]`
note: required by a bound in `Some`
   --> /home/eddie/.rustup/toolchains/1.96.0-x86_64-unknown-linux-gnu/lib/rustlib/src/rust/library/core/src/option.rs:600:17
    |
600 | pub enum Option<T> {
    |                 ^ required by this bound in `Some`
...
608 |     Some(#[stable(feature = "rust1", since = "1.0.0")] T),
    |     ---- required by a bound in this tuple variant

error[E0433]: cannot find module or crate `tempfile` in this scope
  --> crates/validate/tests/s3_client_roundtrip.rs:85:42
   |
85 | async fn start_gateway() -> (SocketAddr, tempfile::TempDir) {
   |                                          ^^^^^^^^ use of unresolved module or unlinked crate `tempfile`
   |
   = help: if you wanted to use a crate named `tempfile`, use `cargo add tempfile` to add it to your `Cargo.toml`

Some errors have detailed explanations: E0277, E0432, E0433.
For more information about an error, try `rustc --explain E0277`.
error: could not compile `wyrd-validate` (test "s3_client_roundtrip") due to 30 previous errors
run-verify.sh: UNVERIFIABLE — the RED leg's cargo run failed (status 101) WITHOUT
               running a test, so no RED was established. This is NOT 'red without the
               fix' — the discriminator never executed. The usual cause is that it does
               not COMPILE against the reverted base: it calls production API this patch
               adds, so reverting the fix removes the symbol it needs. Split the test so
               it exercises the behaviour through pre-existing API, or record at sign-off
               why this slice has no isolable red (the cargo output is above).
