# gate: C5-mutants — surviving mutants on the bundle diff (cargo mutants --in-diff)
# cmd: scripts/mutants-in-diff
# cwd: /home/eddie/wyrd/wyrd-pdca
# PDCA_WORKTREE: /home/eddie/wyrd/wyrd.pdca-wt-l0
# start: 2026-10-01T22:57:13+00:00
# duration_secs: 198.68
# exit: 2
# outcome: fail
# ---- combined stdout+stderr (verbatim) ----
Found 89 mutants to test
ok       Unmutated baseline in 27s build + 4s test
 INFO Auto-set test timeout to 24s
MISSED   crates/validate/src/client.rs:138:9: replace S3Client::options -> ClientOptions with Default::default() in 0s build + 4s test
MISSED   crates/validate/src/client.rs:264:13: delete match arm SdkError::ResponseError(ref context) in S3Client::describe in 1s build + 4s test
MISSED   crates/validate/src/client.rs:273:13: delete match arm SdkError::DispatchFailure(_) in S3Client::describe in 1s build + 4s test
MISSED   crates/validate/src/client.rs:278:13: delete match arm SdkError::TimeoutError(_) in S3Client::describe in 1s build + 4s test
MISSED   crates/validate/src/client.rs:282:13: delete match arm SdkError::ConstructionFailure(_) in S3Client::describe in 1s build + 4s test
MISSED   crates/validate/src/client.rs:269:55: replace match guard failure.is_timeout() with false in S3Client::describe in 1s build + 4s test
MISSED   crates/validate/src/client.rs:247:42: delete ! in S3Client::describe in 1s build + 4s test
MISSED   crates/validate/src/client.rs:327:35: replace match guard self.received != declared with false in ObjectBody::next_chunk in 1s build + 4s test
MISSED   crates/validate/src/client.rs:338:39: replace match guard self.received > declared with false in ObjectBody::next_chunk in 1s build + 4s test
MISSED   crates/validate/src/client.rs:407:34: replace match guard this.remaining > 0 with false in <impl Body for SizedBody>::poll_frame in 1s build + 4s test
MISSED   crates/validate/src/client.rs:416:9: replace <impl Body for SizedBody>::size_hint -> SizeHint with Default::default() in 1s build + 4s test
MISSED   crates/validate/src/error.rs:72:9: replace ErrorCode::as_code -> Option<&str> with None in 1s build + 4s test
MISSED   crates/validate/src/error.rs:72:9: replace ErrorCode::as_code -> Option<&str> with Some("") in 0s build + 4s test
MISSED   crates/validate/src/error.rs:72:9: replace ErrorCode::as_code -> Option<&str> with Some("xyzzy") in 0s build + 4s test
89 mutants tested in 3m: 14 missed, 19 caught, 56 unviable
