# gate: C4-diff-cov — diff coverage: changed lines executed by the patch's tests
# cmd: ./engine/scripts/run-diff-cov.sh
# cwd: /home/eddie/wyrd/wyrd-pdca
# PDCA_WORKTREE: /home/eddie/wyrd/wyrd.pdca-wt-l1
# start: 2026-09-13T10:21:14+00:00
# duration_secs: 7200.02
# exit: timeout — killed after its 7200s bound (partial output below)
# outcome: unverifiable
# ---- combined stdout+stderr (verbatim) ----
run-diff-cov.sh: at least one changed crate ships no test in this patch — it is scored
                 against its EXISTING suite, and any co-located #[cfg(test)] lines the
                 patch adds count as covered, so that part of the figure is the generous
                 one; see the coverage boundary in this file's header.
run-diff-cov.sh: MEASURE — cargo llvm-cov test -p wyrd-custodian --test gc_ledger_walk (fix applied)
info: cargo-llvm-cov currently setting cfg(coverage); you can opt-out it by passing --no-cfg-coverage
   Compiling syn v3.0.0
   Compiling futures-task v0.3.34
   Compiling opentelemetry v0.32.0
   Compiling tokio-stream v0.1.19
   Compiling hyper v1.10.1
   Compiling wyrd-chunk-format v0.0.0 (/home/eddie/wyrd/wyrd-cov-l1/crates/chunk-format)
   Compiling futures-macro v0.3.34
   Compiling async-trait v0.1.92
   Compiling serde_derive v1.0.229
   Compiling futures-util v0.3.34
   Compiling wyrd-traits v0.0.0 (/home/eddie/wyrd/wyrd-cov-l1/crates/traits)
   Compiling wyrd-testkit v0.0.0 (/home/eddie/wyrd/wyrd-cov-l1/crates/testkit)
   Compiling wyrd-chunkstore-fs v0.0.0 (/home/eddie/wyrd/wyrd-cov-l1/crates/chunkstore-fs)
   Compiling wyrd-coordination-mem v0.0.0 (/home/eddie/wyrd/wyrd-cov-l1/crates/coordination-mem)
   Compiling serde v1.0.229
   Compiling tracing-serde v0.2.0
   Compiling tracing-subscriber v0.3.23
   Compiling hyper-util v0.1.20
   Compiling tower v0.5.3
   Compiling futures-executor v0.3.32
   Compiling wyrd-core v0.0.0 (/home/eddie/wyrd/wyrd-cov-l1/crates/core)
   Compiling opentelemetry_sdk v0.32.1
   Compiling hyper-timeout v0.5.2
   Compiling tonic v0.14.6
   Compiling tracing-opentelemetry v0.33.0
   Compiling opentelemetry-prometheus v0.32.0
   Compiling tonic-prost v0.14.6
   Compiling tonic-types v0.14.6
   Compiling opentelemetry-proto v0.32.0
   Compiling opentelemetry-otlp v0.32.0
   Compiling wyrd-telemetry v0.0.0 (/home/eddie/wyrd/wyrd-cov-l1/crates/telemetry)
   Compiling wyrd-custodian v0.0.0 (/home/eddie/wyrd/wyrd-cov-l1/crates/custodian)
    Finished `test` profile [unoptimized + debuginfo] target(s) in 5.30s
     Running tests/gc_ledger_walk.rs (target/llvm-cov-target/debug/deps/gc_ledger_walk-9125ab71ba725df9)

running 9 tests
test d5_a_listing_from_an_earlier_pass_never_licenses_a_sweep ... ok
test d1_a_fragment_less_mark_aged_exactly_d_is_swept ... ok
test gc_survives_a_ledger_past_the_cap ... ok
test d3_a_mark_whose_server_is_absent_from_the_fleet_is_never_swept ... ok
test d2_a_fragment_less_mark_aged_d_minus_one_survives ... ok
test d4_a_mark_whose_position_is_listed_is_never_swept ... ok
test restore_survives_the_ledger_and_never_re_stamps_an_unread_mark ... ok
test the_tail_does_not_starve_behind_a_retention_safe_head ... ok
test one_pass_reads_a_bounded_pinned_amount ... ok

test result: ok. 9 passed; 0 failed; 0 ignored; 0 measured; 0 filtered out; finished in 0.31s
run-diff-cov.sh: MEASURE — cargo llvm-cov test -p wyrd-server (fix applied)
