# gate: C4-verify — per-fix red->green: this patch's test red pre-fix, green post-fix
# cmd: ./engine/scripts/run-verify.sh
# cwd: /home/eddie/wyrd/wyrd-pdca
# PDCA_WORKTREE: /home/eddie/wyrd/wyrd.pdca-wt-l1
# start: 2026-09-13T10:21:06+00:00
# duration_secs: 7.49
# exit: 0
# outcome: pass
# ---- combined stdout+stderr (verbatim) ----
run-verify.sh: GREEN — cargo test -p wyrd-custodian --test gc_ledger_walk (fix applied)

running 9 tests
.........
test result: ok. 9 passed; 0 failed; 0 ignored; 0 measured; 0 filtered out; finished in 0.30s
run-verify.sh: RED — cargo test -p wyrd-custodian --test gc_ledger_walk (production reverted, test kept)

running 9 tests
.... 4/9
d1_a_fragment_less_mark_aged_exactly_d_is_swept --- FAILED
gc_survives_a_ledger_past_the_cap --- FAILED
restore_survives_the_ledger_and_never_re_stamps_an_unread_mark --- FAILED
the_tail_does_not_starve_behind_a_retention_safe_head --- FAILED
one_pass_reads_a_bounded_pinned_amount --- FAILED

failures:

---- d1_a_fragment_less_mark_aged_exactly_d_is_swept stdout ----

thread 'd1_a_fragment_less_mark_aged_exactly_d_is_swept' (838662) panicked at crates/custodian/tests/gc_ledger_walk.rs:459:5:
a fragment-less mark aged exactly D, observed absent this pass, must be swept
note: run with `RUST_BACKTRACE=1` environment variable to display a backtrace

---- gc_survives_a_ledger_past_the_cap stdout ----

thread 'gc_survives_a_ledger_past_the_cap' (838667) panicked at crates/custodian/tests/gc_ledger_walk.rs:306:5:
GC must survive an orphan: ledger past the cap: Err(Store(ScanCapExceeded { cap: 8, prefix: [111, 114, 112, 104, 97, 110, 58] }))

---- restore_survives_the_ledger_and_never_re_stamps_an_unread_mark stdout ----

thread 'restore_survives_the_ledger_and_never_re_stamps_an_unread_mark' (838669) panicked at crates/custodian/tests/gc_ledger_walk.rs:677:10:
restore must survive an orphan: ledger past the cap: ScanCapExceeded { cap: 8, prefix: [111, 114, 112, 104, 97, 110, 58] }

---- the_tail_does_not_starve_behind_a_retention_safe_head stdout ----

thread 'the_tail_does_not_starve_behind_a_retention_safe_head' (838670) panicked at crates/custodian/tests/gc_ledger_walk.rs:418:14:
called `Result::unwrap()` on an `Err` value: Store(ScanCapExceeded { cap: 8, prefix: [111, 114, 112, 104, 97, 110, 58] })

---- one_pass_reads_a_bounded_pinned_amount stdout ----

thread 'one_pass_reads_a_bounded_pinned_amount' (838668) panicked at crates/custodian/tests/gc_ledger_walk.rs:344:10:
called `Result::unwrap()` on an `Err` value: Store(ScanCapExceeded { cap: 8, prefix: [111, 114, 112, 104, 97, 110, 58] })


failures:
    d1_a_fragment_less_mark_aged_exactly_d_is_swept
    gc_survives_a_ledger_past_the_cap
    one_pass_reads_a_bounded_pinned_amount
    restore_survives_the_ledger_and_never_re_stamps_an_unread_mark
    the_tail_does_not_starve_behind_a_retention_safe_head

test result: FAILED. 4 passed; 5 failed; 0 ignored; 0 measured; 0 filtered out; finished in 0.10s

error: test failed, to rerun pass `-p wyrd-custodian --test gc_ledger_walk`
run-verify.sh: PASS — red without the fix, green with it (9 test(s) ran red).
