# gate: C4-verify — per-fix red->green: this patch's test red pre-fix, green post-fix
# cmd: ./engine/scripts/run-verify.sh
# cwd: /home/eddie/wyrd/wyrd-pdca
# PDCA_WORKTREE: /home/eddie/wyrd/wyrd.pdca-wt-l2
# start: 2026-10-02T20:34:45+00:00
# duration_secs: 8.09
# exit: 77
# outcome: unverifiable
# ---- combined stdout+stderr (verbatim) ----
run-verify.sh: GREEN — cargo test -p wyrd-validate --test s3_client_roundtrip (fix applied)

running 14 tests
..............
test result: ok. 14 passed; 0 failed; 0 ignored; 0 measured; 0 filtered out; finished in 5.41s
run-verify.sh: RED — cargo test -p wyrd-validate --test s3_client_roundtrip (production reverted, test kept)
error[E0432]: unresolved imports `wyrd_validate::BodyError`, `wyrd_validate::Deadlines`, `wyrd_validate::ErrorCode`, `wyrd_validate::ObjectBody`, `wyrd_validate::Phase`, `wyrd_validate::PutOutcome`, `wyrd_validate::PutSource`, `wyrd_validate::S3Client`, `wyrd_validate::S3Error`
  --> crates/validate/tests/s3_client_roundtrip.rs:98:21
   |
98 |     resolve_config, BodyError, Deadlines, ErrorCode, ObjectBody, Phase, PutOutcome, PutSource,
   |                     ^^^^^^^^^  ^^^^^^^^^  ^^^^^^^^^  ^^^^^^^^^^  ^^^^^  ^^^^^^^^^^  ^^^^^^^^^ no `PutSource` in the root
   |                     |          |          |          |           |      |
   |                     |          |          |          |           |      no `PutOutcome` in the root
   |                     |          |          |          |           no `Phase` in the root
   |                     |          |          |          no `ObjectBody` in the root
   |                     |          |          no `ErrorCode` in the root
   |                     |          no `Deadlines` in the root
   |                     no `BodyError` in the root
99 |     ResolvedConfig, S3Client, S3Error,
   |                     ^^^^^^^^  ^^^^^^^ no `S3Error` in the root
   |                     |
   |                     no `S3Client` in the root

error[E0433]: cannot find module or crate `futures_util` in this scope
  --> crates/validate/tests/s3_client_roundtrip.rs:84:5
   |
84 | use futures_util::stream::{self, Stream};
   |     ^^^^^^^^^^^^ use of unresolved module or unlinked crate `futures_util`
   |
   = help: if you wanted to use a crate named `futures_util`, use `cargo add futures_util` to add it to your `Cargo.toml`

error[E0433]: cannot find module or crate `tokio` in this scope
  --> crates/validate/tests/s3_client_roundtrip.rs:85:5
   |
85 | use tokio::io::{AsyncReadExt, AsyncWriteExt};
   |     ^^^^^ use of unresolved module or unlinked crate `tokio`
   |
   = help: if you wanted to use a crate named `tokio`, use `cargo add tokio` to add it to your `Cargo.toml`

error[E0433]: cannot find module or crate `tokio` in this scope
  --> crates/validate/tests/s3_client_roundtrip.rs:86:5
   |
86 | use tokio::net::tcp::{OwnedReadHalf, OwnedWriteHalf};
   |     ^^^^^ use of unresolved module or unlinked crate `tokio`
   |
   = help: if you wanted to use a crate named `tokio`, use `cargo add tokio` to add it to your `Cargo.toml`

error[E0433]: cannot find module or crate `tokio` in this scope
  --> crates/validate/tests/s3_client_roundtrip.rs:87:5
   |
87 | use tokio::net::{TcpListener, TcpSocket, TcpStream};
   |     ^^^^^ use of unresolved module or unlinked crate `tokio`
   |
   = help: if you wanted to use a crate named `tokio`, use `cargo add tokio` to add it to your `Cargo.toml`

error[E0433]: cannot find module or crate `tokio` in this scope
  --> crates/validate/tests/s3_client_roundtrip.rs:88:5
   |
88 | use tokio::sync::Notify;
   |     ^^^^^ use of unresolved module or unlinked crate `tokio`
   |
   = help: if you wanted to use a crate named `tokio`, use `cargo add tokio` to add it to your `Cargo.toml`

error[E0433]: cannot find module or crate `tokio` in this scope
  --> crates/validate/tests/s3_client_roundtrip.rs:89:5
   |
89 | use tokio::task::JoinSet;
   |     ^^^^^ use of unresolved module or unlinked crate `tokio`
   |
   = help: if you wanted to use a crate named `tokio`, use `cargo add tokio` to add it to your `Cargo.toml`

error[E0433]: cannot find module or crate `tokio` in this scope
  --> crates/validate/tests/s3_client_roundtrip.rs:90:5
   |
90 | use tokio::time::timeout;
   |     ^^^^^ use of unresolved module or unlinked crate `tokio`
   |
   = help: if you wanted to use a crate named `tokio`, use `cargo add tokio` to add it to your `Cargo.toml`

error[E0432]: unresolved import `bytes`
  --> crates/validate/tests/s3_client_roundtrip.rs:83:5
   |
83 | use bytes::Bytes;
   |     ^^^^^ use of unresolved module or unlinked crate `bytes`
   |
   = help: if you wanted to use a crate named `bytes`, use `cargo add bytes` to add it to your `Cargo.toml`

error[E0432]: unresolved import `wyrd_chunkstore_fs`
  --> crates/validate/tests/s3_client_roundtrip.rs:91:5
   |
91 | use wyrd_chunkstore_fs::FsChunkStore;
   |     ^^^^^^^^^^^^^^^^^^ use of unresolved module or unlinked crate `wyrd_chunkstore_fs`
   |
   = help: if you wanted to use a crate named `wyrd_chunkstore_fs`, use `cargo add wyrd_chunkstore_fs` to add it to your `Cargo.toml`

error[E0433]: cannot find module or crate `wyrd_gateway_s3` in this scope
  --> crates/validate/tests/s3_client_roundtrip.rs:93:5
   |
93 | use wyrd_gateway_s3::sigv4::Credentials as GatewayCredentials;
   |     ^^^^^^^^^^^^^^^ use of unresolved module or unlinked crate `wyrd_gateway_s3`
   |
   = help: if you wanted to use a crate named `wyrd_gateway_s3`, use `cargo add wyrd_gateway_s3` to add it to your `Cargo.toml`

error[E0432]: unresolved import `wyrd_coordination_mem`
  --> crates/validate/tests/s3_client_roundtrip.rs:92:5
   |
92 | use wyrd_coordination_mem::MemCoordination;
   |     ^^^^^^^^^^^^^^^^^^^^^ use of unresolved module or unlinked crate `wyrd_coordination_mem`
   |
   = help: if you wanted to use a crate named `wyrd_coordination_mem`, use `cargo add wyrd_coordination_mem` to add it to your `Cargo.toml`

error[E0432]: unresolved import `wyrd_gateway_s3`
  --> crates/validate/tests/s3_client_roundtrip.rs:94:5
   |
94 | use wyrd_gateway_s3::{S3Config, S3Gateway};
   |     ^^^^^^^^^^^^^^^ use of unresolved module or unlinked crate `wyrd_gateway_s3`
   |
   = help: if you wanted to use a crate named `wyrd_gateway_s3`, use `cargo add wyrd_gateway_s3` to add it to your `Cargo.toml`

error[E0432]: unresolved import `wyrd_metadata_redb`
  --> crates/validate/tests/s3_client_roundtrip.rs:95:5
   |
95 | use wyrd_metadata_redb::RedbMetadataStore;
   |     ^^^^^^^^^^^^^^^^^^ use of unresolved module or unlinked crate `wyrd_metadata_redb`
   |
   = help: if you wanted to use a crate named `wyrd_metadata_redb`, use `cargo add wyrd_metadata_redb` to add it to your `Cargo.toml`

error[E0432]: unresolved import `wyrd_server`
  --> crates/validate/tests/s3_client_roundtrip.rs:96:5
   |
96 | use wyrd_server::Gateway;
   |     ^^^^^^^^^^^ use of unresolved module or unlinked crate `wyrd_server`
   |
   = help: if you wanted to use a crate named `wyrd_server`, use `cargo add wyrd_server` to add it to your `Cargo.toml`

error[E0433]: cannot find module or crate `tokio` in this scope
   --> crates/validate/tests/s3_client_roundtrip.rs:676:5
    |
676 |     tokio::select! {
    |     ^^^^^ use of unresolved module or unlinked crate `tokio`

error[E0433]: cannot find module or crate `tokio` in this scope
   --> crates/validate/tests/s3_client_roundtrip.rs:887:3
    |
887 | #[tokio::test(flavor = "multi_thread", worker_threads = 4)]
    |   ^^^^^ use of unresolved module or unlinked crate `tokio`

error[E0433]: cannot find module or crate `tokio` in this scope
   --> crates/validate/tests/s3_client_roundtrip.rs:905:3
    |
905 | #[tokio::test(flavor = "multi_thread", worker_threads = 4)]
    |   ^^^^^ use of unresolved module or unlinked crate `tokio`

error[E0433]: cannot find module or crate `tokio` in this scope
   --> crates/validate/tests/s3_client_roundtrip.rs:955:3
    |
955 | #[tokio::test(flavor = "multi_thread", worker_threads = 4)]
    |   ^^^^^ use of unresolved module or unlinked crate `tokio`

error[E0433]: cannot find module or crate `tokio` in this scope
   --> crates/validate/tests/s3_client_roundtrip.rs:968:3
    |
968 | #[tokio::test(flavor = "multi_thread", worker_threads = 4)]
    |   ^^^^^ use of unresolved module or unlinked crate `tokio`

error[E0433]: cannot find module or crate `tokio` in this scope
    --> crates/validate/tests/s3_client_roundtrip.rs:1027:3
     |
1027 | #[tokio::test(flavor = "multi_thread", worker_threads = 4)]
     |   ^^^^^ use of unresolved module or unlinked crate `tokio`

error[E0433]: cannot find module or crate `tokio` in this scope
    --> crates/validate/tests/s3_client_roundtrip.rs:1107:3
     |
1107 | #[tokio::test(flavor = "multi_thread", worker_threads = 4)]
     |   ^^^^^ use of unresolved module or unlinked crate `tokio`

error[E0433]: cannot find module or crate `tokio` in this scope
    --> crates/validate/tests/s3_client_roundtrip.rs:1170:3
     |
1170 | #[tokio::test(flavor = "multi_thread", worker_threads = 4)]
     |   ^^^^^ use of unresolved module or unlinked crate `tokio`

error[E0433]: cannot find module or crate `tokio` in this scope
    --> crates/validate/tests/s3_client_roundtrip.rs:1222:3
     |
1222 | #[tokio::test(flavor = "multi_thread", worker_threads = 4)]
     |   ^^^^^ use of unresolved module or unlinked crate `tokio`

error[E0433]: cannot find module or crate `tokio` in this scope
    --> crates/validate/tests/s3_client_roundtrip.rs:1244:3
     |
1244 | #[tokio::test(flavor = "multi_thread", worker_threads = 4)]
     |   ^^^^^ use of unresolved module or unlinked crate `tokio`

error[E0433]: cannot find module or crate `tokio` in this scope
    --> crates/validate/tests/s3_client_roundtrip.rs:1275:3
     |
1275 | #[tokio::test(flavor = "multi_thread", worker_threads = 4)]
     |   ^^^^^ use of unresolved module or unlinked crate `tokio`

error[E0433]: cannot find module or crate `tokio` in this scope
    --> crates/validate/tests/s3_client_roundtrip.rs:1310:3
     |
1310 | #[tokio::test(flavor = "multi_thread", worker_threads = 4)]
     |   ^^^^^ use of unresolved module or unlinked crate `tokio`

error[E0433]: cannot find module or crate `tokio` in this scope
    --> crates/validate/tests/s3_client_roundtrip.rs:1462:3
     |
1462 | #[tokio::test(flavor = "multi_thread", worker_threads = 4)]
     |   ^^^^^ use of unresolved module or unlinked crate `tokio`

error[E0433]: cannot find module or crate `roxmltree` in this scope
   --> crates/validate/tests/s3_client_roundtrip.rs:869:15
    |
869 |     let doc = roxmltree::Document::parse(&body).expect("the error body is XML");
    |               ^^^^^^^^^ use of unresolved module or unlinked crate `roxmltree`
    |
    = help: if you wanted to use a crate named `roxmltree`, use `cargo add roxmltree` to add it to your `Cargo.toml`

error[E0433]: cannot find module or crate `tokio` in this scope
    --> crates/validate/tests/s3_client_roundtrip.rs:1012:9
     |
1012 |         tokio::time::sleep(Duration::from_millis(10)).await;
     |         ^^^^^ use of unresolved module or unlinked crate `tokio`
     |
     = help: if you wanted to use a crate named `tokio`, use `cargo add tokio` to add it to your `Cargo.toml`

error[E0433]: cannot find module or crate `tokio` in this scope
    --> crates/validate/tests/s3_client_roundtrip.rs:1360:29
     |
1360 | fn empty_piece_put(runtime: tokio::runtime::Runtime, operation: Duration) -> EmptyPieceRun {
     |                             ^^^^^ use of unresolved module or unlinked crate `tokio`
     |
     = help: if you wanted to use a crate named `tokio`, use `cargo add tokio` to add it to your `Cargo.toml`

error[E0433]: cannot find module or crate `tokio` in this scope
    --> crates/validate/tests/s3_client_roundtrip.rs:1366:42
     |
1366 |             let (closed_tx, closed_rx) = tokio::sync::oneshot::channel();
     |                                          ^^^^^ use of unresolved module or unlinked crate `tokio`
     |
     = help: if you wanted to use a crate named `tokio`, use `cargo add tokio` to add it to your `Cargo.toml`

error[E0433]: cannot find module or crate `tokio` in this scope
    --> crates/validate/tests/s3_client_roundtrip.rs:1418:50
     |
1418 | fn yields_to_the_operation_deadline(mut runtime: tokio::runtime::Builder) {
     |                                                  ^^^^^ use of unresolved module or unlinked crate `tokio`
     |
     = help: if you wanted to use a crate named `tokio`, use `cargo add tokio` to add it to your `Cargo.toml`

error[E0433]: cannot find module or crate `tokio` in this scope
    --> crates/validate/tests/s3_client_roundtrip.rs:1450:38
     |
1450 |     yields_to_the_operation_deadline(tokio::runtime::Builder::new_current_thread());
     |                                      ^^^^^ use of unresolved module or unlinked crate `tokio`
     |
     = help: if you wanted to use a crate named `tokio`, use `cargo add tokio` to add it to your `Cargo.toml`
help: consider importing this struct
     |
  75 + use std::thread::Builder;
     |
help: if you import `Builder`, refer to it directly
     |
1450 -     yields_to_the_operation_deadline(tokio::runtime::Builder::new_current_thread());
1450 +     yields_to_the_operation_deadline(Builder::new_current_thread());
     |

error[E0433]: cannot find module or crate `tokio` in this scope
    --> crates/validate/tests/s3_client_roundtrip.rs:1455:23
     |
1455 |     let mut runtime = tokio::runtime::Builder::new_multi_thread();
     |                       ^^^^^ use of unresolved module or unlinked crate `tokio`
     |
     = help: if you wanted to use a crate named `tokio`, use `cargo add tokio` to add it to your `Cargo.toml`
help: consider importing this struct
     |
  75 + use std::thread::Builder;
     |
help: if you import `Builder`, refer to it directly
     |
1455 -     let mut runtime = tokio::runtime::Builder::new_multi_thread();
1455 +     let mut runtime = Builder::new_multi_thread();
     |

error[E0433]: cannot find module or crate `tempfile` in this scope
   --> crates/validate/tests/s3_client_roundtrip.rs:287:11
    |
287 |     _dir: tempfile::TempDir,
    |           ^^^^^^^^ use of unresolved module or unlinked crate `tempfile`
    |
    = help: if you wanted to use a crate named `tempfile`, use `cargo add tempfile` to add it to your `Cargo.toml`

error[E0433]: cannot find module or crate `tempfile` in this scope
   --> crates/validate/tests/s3_client_roundtrip.rs:291:15
    |
291 |     let dir = tempfile::tempdir().expect("temp dir");
    |               ^^^^^^^^ use of unresolved module or unlinked crate `tempfile`
    |
    = help: if you wanted to use a crate named `tempfile`, use `cargo add tempfile` to add it to your `Cargo.toml`

Some errors have detailed explanations: E0432, E0433.
For more information about an error, try `rustc --explain E0432`.
error: could not compile `wyrd-validate` (test "s3_client_roundtrip") due to 37 previous errors
run-verify.sh: UNVERIFIABLE — the RED leg's cargo run failed (status 101) WITHOUT
               running a test, so no RED was established. This is NOT 'red without the
               fix' — the discriminator never executed. The usual cause is that it does
               not COMPILE against the reverted base: it calls production API this patch
               adds, so reverting the fix removes the symbol it needs. Split the test so
               it exercises the behaviour through pre-existing API, or record at sign-off
               why this slice has no isolable red (the cargo output is above).
