# gate C4-verify — attempt 1/1: pass (exit 0)
# cmd: ./engine/scripts/run-verify.sh
# cwd: /home/eddie/wyrd/wyrd-pdca
# PDCA_WORKTREE: /home/eddie/wyrd/wyrd.pdca-wt-l1
# started: 2026-08-03T13:26:28+02:00   duration: 8s

run-verify.sh: GREEN — cargo test -p wyrd-server --test gateway_recover_totality (fix applied)

running 7 tests
.......
test result: ok. 7 passed; 0 failed; 0 ignored; 0 measured; 0 filtered out; finished in 0.10s
run-verify.sh: RED — cargo test -p wyrd-server --test gateway_recover_totality (production reverted, test kept)

running 7 tests
a_damaged_counter_repair_never_rewinds_an_allocator_that_won_the_race --- FAILED
concurrent_recoveries_and_allocations_over_a_damaged_counter_never_reuse_a_live_id --- FAILED
a_damaged_counter_is_reseeded_even_when_the_proven_floor_is_the_allocator_default --- FAILED
an_exhausted_inode_space_fails_the_next_put_closed_rather_than_wrapping_the_allocator --- FAILED
recover_is_total_over_a_damaged_next_inode_counter_and_reseeds_it --- FAILED
recover_is_total_over_damaged_inode_records_and_attributes_each --- FAILED
recover_is_total_over_a_store_whose_scan_refuses_and_pages_the_whole_namespace --- FAILED

failures:

---- a_damaged_counter_repair_never_rewinds_an_allocator_that_won_the_race stdout ----

thread 'a_damaged_counter_repair_never_rewinds_an_allocator_that_won_the_race' (556944) panicked at crates/server/tests/gateway_recover_totality.rs:810:10:
recover() must be Ok(()) over a damaged counter another process is repairing: Error("expected value", line: 1, column: 1)
note: run with `RUST_BACKTRACE=1` environment variable to display a backtrace

---- concurrent_recoveries_and_allocations_over_a_damaged_counter_never_reuse_a_live_id stdout ----

thread 'concurrent_recoveries_and_allocations_over_a_damaged_counter_never_reuse_a_live_id' (556946) panicked at crates/server/tests/gateway_recover_totality.rs:932:14:
every concurrent recovery must be Ok(()): a gateway that will not start is the state this whole slice exists to prevent: Error("expected ident", line: 1, column: 2)

---- a_damaged_counter_is_reseeded_even_when_the_proven_floor_is_the_allocator_default stdout ----

thread 'a_damaged_counter_is_reseeded_even_when_the_proven_floor_is_the_allocator_default' (556943) panicked at crates/server/tests/gateway_recover_totality.rs:485:17:
recover() must be Ok(()) over a damaged allocator on an empty store: ParseIntError { kind: InvalidDigit }

---- an_exhausted_inode_space_fails_the_next_put_closed_rather_than_wrapping_the_allocator stdout ----

thread 'an_exhausted_inode_space_fails_the_next_put_closed_rather_than_wrapping_the_allocator' (556945) panicked at crates/server/tests/gateway_recover_totality.rs:649:17:
recover() must be Ok(()) over the damaged ceiling record (criterion 1): Error("expected ident", line: 1, column: 2)

---- recover_is_total_over_a_damaged_next_inode_counter_and_reseeds_it stdout ----

thread 'recover_is_total_over_a_damaged_next_inode_counter_and_reseeds_it' (556947) panicked at crates/server/tests/gateway_recover_totality.rs:408:17:
recover() must be Ok(()) over a damaged `meta:next_inode`: the allocator is one record, and a recovery that refuses over it costs every healthy object its availability just as surely as a damaged inode record does (issue #652): Utf8Error { valid_up_to: 0, error_len: Some(1) }

---- recover_is_total_over_damaged_inode_records_and_attributes_each stdout ----

thread 'recover_is_total_over_damaged_inode_records_and_attributes_each' (556949) panicked at crates/server/tests/gateway_recover_totality.rs:310:17:
recover() must be Ok(()) over a store holding records it cannot read — an Err here costs every healthy object its availability (issue #652 criterion 1): Error("expected ident", line: 1, column: 2)

---- recover_is_total_over_a_store_whose_scan_refuses_and_pages_the_whole_namespace stdout ----

thread 'recover_is_total_over_a_store_whose_scan_refuses_and_pages_the_whole_namespace' (556948) panicked at crates/server/tests/gateway_recover_totality.rs:586:41:
recover() must be Ok(()) even though scan() refuses on every call (issue #652 criterion 2): the walk must read its namespaces in bounded pages via scan_page: ScanCapExceeded { cap: 1048576, prefix: [105, 110, 111, 100, 101, 58] }


failures:
    a_damaged_counter_is_reseeded_even_when_the_proven_floor_is_the_allocator_default
    a_damaged_counter_repair_never_rewinds_an_allocator_that_won_the_race
    an_exhausted_inode_space_fails_the_next_put_closed_rather_than_wrapping_the_allocator
    concurrent_recoveries_and_allocations_over_a_damaged_counter_never_reuse_a_live_id
    recover_is_total_over_a_damaged_next_inode_counter_and_reseeds_it
    recover_is_total_over_a_store_whose_scan_refuses_and_pages_the_whole_namespace
    recover_is_total_over_damaged_inode_records_and_attributes_each

test result: FAILED. 0 passed; 7 failed; 0 ignored; 0 measured; 0 filtered out; finished in 0.07s

error: test failed, to rerun pass `-p wyrd-server --test gateway_recover_totality`
run-verify.sh: PASS — red without the fix, green with it.
