# gate C4-verify — attempt 1/1: pass (exit 0)
# cmd: ./engine/scripts/run-verify.sh
# cwd: /home/eddie/wyrd/wyrd-pdca
# PDCA_WORKTREE: /home/eddie/wyrd/wyrd.pdca-wt-l0
# started: 2026-08-03T11:28:35+02:00   duration: 2s

run-verify.sh: GREEN — cargo test -p wyrd-custodian --test segmented_map_restore (fix applied)

running 8 tests
........
test result: ok. 8 passed; 0 failed; 0 ignored; 0 measured; 0 filtered out; finished in 0.00s
run-verify.sh: RED — cargo test -p wyrd-custodian --test segmented_map_restore (production reverted, test kept)

running 8 tests
. 1/8
a_shared_chunk_id_does_not_authorize_reclaiming_another_object_s_only_copy --- FAILED
a_stale_mark_on_a_shared_chunk_id_is_withdrawn_rather_than_left_to_gc --- FAILED
a_segmented_object_no_longer_stops_the_post_restore_pass --- FAILED
a_drain_over_an_incomplete_reference_set_names_the_blocking_record --- FAILED
an_unreadable_object_does_not_starve_the_objects_the_pass_could_read --- FAILED
a_shared_chunk_id_does_not_certify_another_object_s_chunk_as_recoverable --- FAILED
an_unreadable_object_is_contained_and_the_run_is_not_certified --- FAILED

failures:

---- a_shared_chunk_id_does_not_authorize_reclaiming_another_object_s_only_copy stdout ----

thread 'a_shared_chunk_id_does_not_authorize_reclaiming_another_object_s_only_copy' (292986) panicked at crates/custodian/tests/segmented_map_restore.rs:848:9:
assertion `left == right` failed: the copy at a named placement says nothing about whose the other copy is — it may be the second object's ONLY one, and marking it is the front half of deleting it: RestoreReport { stranded_marked: 1, already_marked: 0, pending_skipped: 0, displaced_kept: 0, dangling: [], misplaced: [45568], under_replicated: [] }
  left: 1
 right: 0

---- a_stale_mark_on_a_shared_chunk_id_is_withdrawn_rather_than_left_to_gc stdout ----

thread 'a_stale_mark_on_a_shared_chunk_id_is_withdrawn_rather_than_left_to_gc' (292988) panicked at crates/custodian/tests/segmented_map_restore.rs:914:5:
the `orphan:` record must be GONE: leaving it hands GC an authorization to delete bytes that may be the second object's only copy — the same loss as marking it here, one run later. This pass deletes no bytes, and this is the one record it removes: RestoreReport { stranded_marked: 0, already_marked: 1, pending_skipped: 0, displaced_kept: 0, dangling: [], misplaced: [46848], under_replicated: [] }
note: run with `RUST_BACKTRACE=1` environment variable to display a backtrace

---- a_segmented_object_no_longer_stops_the_post_restore_pass stdout ----

thread 'a_segmented_object_no_longer_stops_the_post_restore_pass' (292985) panicked at crates/custodian/tests/segmented_map_restore.rs:469:10:
one segmented object must not turn the whole post-restore pass into an error: SegmentedMapUnsupported { operation: "restore::committed_chunks" }

---- a_drain_over_an_incomplete_reference_set_names_the_blocking_record stdout ----

thread 'a_drain_over_an_incomplete_reference_set_names_the_blocking_record' (292984) panicked at crates/custodian/tests/segmented_map_restore.rs:258:5:
the blocker must be reported on wyrd.custodian.drain.audit so a collector can select on it. got: 

---- an_unreadable_object_does_not_starve_the_objects_the_pass_could_read stdout ----

thread 'an_unreadable_object_does_not_starve_the_objects_the_pass_could_read' (292989) panicked at crates/custodian/tests/segmented_map_restore.rs:614:10:
one unreadable object must not end the walk over the ones that are readable: SegmentedMapUnsupported { operation: "restore::committed_chunks" }

---- a_shared_chunk_id_does_not_certify_another_object_s_chunk_as_recoverable stdout ----

thread 'a_shared_chunk_id_does_not_certify_another_object_s_chunk_as_recoverable' (292987) panicked at crates/custodian/tests/segmented_map_restore.rs:761:9:
assertion `left == right` failed: one entry per committed reference, and BOTH are lost: nothing on the surviving bytes says which claimant wrote them, so neither can be certified — not even the one whose own placement holds them, since the other claimant naming that same server is answered by the very same fragment. Each reference is judged on its own rather than merged into one verdict: RestoreReport { stranded_marked: 0, already_marked: 0, pending_skipped: 0, displaced_kept: 0, dangling: [], misplaced: [45312], under_replicated: [] }
  left: []
 right: [45312, 45312]

---- an_unreadable_object_is_contained_and_the_run_is_not_certified stdout ----

thread 'an_unreadable_object_is_contained_and_the_run_is_not_certified' (292990) panicked at crates/custodian/tests/segmented_map_restore.rs:539:10:
one unreadable object is contained, not an error that blanks the whole report: SegmentedMapUnsupported { operation: "restore::committed_chunks" }


failures:
    a_drain_over_an_incomplete_reference_set_names_the_blocking_record
    a_segmented_object_no_longer_stops_the_post_restore_pass
    a_shared_chunk_id_does_not_authorize_reclaiming_another_object_s_only_copy
    a_shared_chunk_id_does_not_certify_another_object_s_chunk_as_recoverable
    a_stale_mark_on_a_shared_chunk_id_is_withdrawn_rather_than_left_to_gc
    an_unreadable_object_does_not_starve_the_objects_the_pass_could_read
    an_unreadable_object_is_contained_and_the_run_is_not_certified

test result: FAILED. 1 passed; 7 failed; 0 ignored; 0 measured; 0 filtered out; finished in 0.00s

error: test failed, to rerun pass `-p wyrd-custodian --test segmented_map_restore`
run-verify.sh: PASS — red without the fix, green with it.
