# gate: C4-verify — per-fix red->green: this patch's test red pre-fix, green post-fix
# cmd: ./engine/scripts/run-verify.sh
# cwd: /home/eddie/wyrd/wyrd-pdca
# PDCA_WORKTREE: /home/eddie/wyrd/wyrd.pdca-wt-l0
# start: 2026-08-18T00:27:37+00:00
# duration_secs: 4.44
# exit: 0
# outcome: pass
# ---- combined stdout+stderr (verbatim) ----
run-verify.sh: GREEN — cargo test -p wyrd-server --test s3_server_version_header (fix applied)

running 2 tests
..
test result: ok. 2 passed; 0 failed; 0 ignored; 0 measured; 0 filtered out; finished in 0.06s
run-verify.sh: RED — cargo test -p wyrd-server --test s3_server_version_header (production reverted, test kept)

running 2 tests
the_advertised_version_carries_the_commit_it_was_built_from --- FAILED
every_s3_response_advertises_the_baked_build_version --- FAILED

failures:

---- the_advertised_version_carries_the_commit_it_was_built_from stdout ----

thread 'the_advertised_version_carries_the_commit_it_was_built_from' (158670) panicked at crates/server/tests/s3_server_version_header.rs:260:9:
the unsigned 403 response carries no `Server` header — nothing on the wire says what build a client is talking to. Head:
HTTP/1.1 403 Forbidden
content-type: application/xml
x-amz-request-id: 8bd4077da4c12ad40000000000000000
connection: close
transfer-encoding: chunked
date: Tue, 18 Aug 2026 00:27:41 GMT
note: run with `RUST_BACKTRACE=1` environment variable to display a backtrace

---- every_s3_response_advertises_the_baked_build_version stdout ----

thread 'every_s3_response_advertises_the_baked_build_version' (158669) panicked at crates/server/tests/s3_server_version_header.rs:260:9:
the signed PUT response carries no `Server` header — nothing on the wire says what build a client is talking to. Head:
HTTP/1.1 200 OK
content-length: 0
etag: "713b6eb651398eca80561b4eeb96fc3fd6798d14d190c831947329caed6f2b20"
x-amz-request-id: bbd07d48d5eaeb490000000000000000
connection: close
date: Tue, 18 Aug 2026 00:27:41 GMT


failures:
    every_s3_response_advertises_the_baked_build_version
    the_advertised_version_carries_the_commit_it_was_built_from

test result: FAILED. 0 passed; 2 failed; 0 ignored; 0 measured; 0 filtered out; finished in 0.06s

error: test failed, to rerun pass `-p wyrd-server --test s3_server_version_header`
run-verify.sh: PASS — red without the fix, green with it (2 test(s) ran red).
