# gate: C4-verify — per-fix red->green: this patch's test red pre-fix, green post-fix
# cmd: ./engine/scripts/run-verify.sh
# cwd: /home/eddie/wyrd/wyrd-pdca
# PDCA_WORKTREE: /home/eddie/wyrd/wyrd.pdca-wt
# start: 2026-09-19T09:12:33+00:00
# duration_secs: 4.33
# exit: 0
# outcome: pass
# ---- combined stdout+stderr (verbatim) ----
run-verify.sh: GREEN — cargo test -p wyrd-custodian --test staged_repair (fix applied)

running 38 tests
......................................
test result: ok. 38 passed; 0 failed; 0 ignored; 0 measured; 0 filtered out; finished in 0.23s
run-verify.sh: RED — cargo test -p wyrd-custodian --test staged_repair (production reverted, test kept)

running 38 tests
d_ii_an_existing_destination_mark_is_re_stamped_fresh --- FAILED
a_fenced_sessions_part_keeps_its_obligation --- FAILED
d_v_a_pre_mark_left_by_an_earlier_attempt_is_re_stamped_before_the_write --- FAILED
d_iii_a_reclaiming_destination_is_never_used --- FAILED
b_a_vacated_sources_existing_mark_is_re_stamped_or_left_reclaiming --- FAILED
c_a_session_fence_before_the_pre_mark_writes_nothing --- FAILED
a_scrub_queues_repair_for_a_bit_flipped_committed_part_fragment --- FAILED
a_staged_chunk_short_only_of_an_unreachable_server_is_not_data_loss --- FAILED
d_iv_a_write_refused_past_its_deadline_aborts_the_re_place --- FAILED
a_damaged_owned_entry_still_holds_its_chunks_obligation --- FAILED
. 11/38
a_scrub_queues_nothing_for_a_still_streaming_chunk --- FAILED
a_staged_chunk_with_a_malformed_placement_or_no_redundancy_keeps_its_obligation --- FAILED
b_a_fragment_rebuilt_in_place_consumes_its_pre_mark --- FAILED
an_unreadable_staged_record_drains_no_obligation --- FAILED
a_destination_off_the_fleet_or_with_an_unreadable_mark_is_passed_over --- FAILED
d_iii_with_no_usable_destination_the_re_place_writes_nothing --- FAILED
d_iv_a_write_whose_landing_is_unknown_is_never_adopted --- FAILED
a_still_streaming_chunks_obligation_is_kept --- FAILED
a_scrub_queues_repair_for_a_missing_committed_part_fragment --- FAILED
b_reconstruction_re_places_a_committed_parts_missing_fragment --- FAILED
an_unreadable_session_record_withholds_the_repair --- FAILED
c_a_session_fence_after_the_write_strands_nothing --- FAILED
a_scrub_names_committed_parts_it_cannot_read_or_trust --- FAILED
d_the_pre_mark_is_stamped_when_it_is_written_not_when_the_pass_began --- FAILED
b_reconstruction_re_places_a_committed_parts_lost_fragment --- FAILED
d_i_the_pre_mark_is_durable_before_the_destination_write --- FAILED
c_a_part_rewrite_after_the_write_strands_nothing --- FAILED
a_to_b_scrub_then_reconstruction_restore_the_part --- FAILED
e_a_drain_recorded_after_the_write_loses_the_adoption --- FAILED
a_staged_chunk_it_cannot_repair_keeps_its_obligation --- FAILED
. 32/38
d_v_no_write_is_authorized_on_a_stale_pre_mark --- FAILED
d_vi_an_unreadable_vacated_source_mark_withholds_the_move --- FAILED
e_a_drain_recorded_after_the_choice_loses_the_pre_mark --- FAILED
e_a_draining_server_is_never_the_destination --- FAILED
e_any_desired_state_record_fences_the_destination --- FAILED
a_repointed_part_over_the_value_ceiling_is_refused_and_writes_nothing --- FAILED

failures:

---- d_ii_an_existing_destination_mark_is_re_stamped_fresh stdout ----

thread 'd_ii_an_existing_destination_mark_is_re_stamped_fresh' (1664458) panicked at crates/custodian/tests/staged_repair.rs:1261:9:
assertion `left == right` failed: legacy
  left: Satisfied
 right: Changed

---- a_fenced_sessions_part_keeps_its_obligation stdout ----

thread 'a_fenced_sessions_part_keeps_its_obligation' (1664435) panicked at crates/custodian/tests/staged_repair.rs:1729:5:
assertion `left == right` failed: the obligation was dropped
  left: []
 right: [1635]

---- d_v_a_pre_mark_left_by_an_earlier_attempt_is_re_stamped_before_the_write stdout ----

thread 'd_v_a_pre_mark_left_by_an_earlier_attempt_is_re_stamped_before_the_write' (1664464) panicked at crates/custodian/tests/staged_repair.rs:1478:5:
the injected transport fault did not fail the pass

---- d_iii_a_reclaiming_destination_is_never_used stdout ----

thread 'd_iii_a_reclaiming_destination_is_never_used' (1664459) panicked at crates/custodian/tests/staged_repair.rs:1288:5:
assertion `left == right` failed
  left: Satisfied
 right: Changed
note: run with `RUST_BACKTRACE=1` environment variable to display a backtrace

---- b_a_vacated_sources_existing_mark_is_re_stamped_or_left_reclaiming stdout ----

thread 'b_a_vacated_sources_existing_mark_is_re_stamped_or_left_reclaiming' (1664451) panicked at crates/custodian/tests/staged_repair.rs:1079:5:
assertion `left == right` failed
  left: Satisfied
 right: Changed

---- c_a_session_fence_before_the_pre_mark_writes_nothing stdout ----

thread 'c_a_session_fence_before_the_pre_mark_writes_nothing' (1664456) panicked at crates/custodian/tests/staged_repair.rs:1218:5:
assertion `left == right` failed
  left: []
 right: [1635]

---- a_scrub_queues_repair_for_a_bit_flipped_committed_part_fragment stdout ----

thread 'a_scrub_queues_repair_for_a_bit_flipped_committed_part_fragment' (1664439) panicked at crates/custodian/tests/staged_repair.rs:854:5:
assertion `left == right` failed
  left: Satisfied
 right: Changed

---- a_staged_chunk_short_only_of_an_unreachable_server_is_not_data_loss stdout ----

thread 'a_staged_chunk_short_only_of_an_unreachable_server_is_not_data_loss' (1664444) panicked at crates/custodian/tests/staged_repair.rs:1886:5:
assertion `left == right` failed
  left: []
 right: [1635]

---- d_iv_a_write_refused_past_its_deadline_aborts_the_re_place stdout ----

thread 'd_iv_a_write_refused_past_its_deadline_aborts_the_re_place' (1664461) panicked at crates/custodian/tests/staged_repair.rs:1350:5:
assertion `left == right` failed: the destination write never arrived: []
  left: 0
 right: 1

---- a_damaged_owned_entry_still_holds_its_chunks_obligation stdout ----

thread 'a_damaged_owned_entry_still_holds_its_chunks_obligation' (1664433) panicked at crates/custodian/tests/staged_repair.rs:1822:5:
assertion `left == right` failed: the obligation was dropped
  left: []
 right: [1642]

---- a_scrub_queues_nothing_for_a_still_streaming_chunk stdout ----

thread 'a_scrub_queues_nothing_for_a_still_streaming_chunk' (1664438) panicked at crates/custodian/tests/staged_repair.rs:887:5:
assertion `left == right` failed
  left: Satisfied
 right: Changed

---- a_staged_chunk_with_a_malformed_placement_or_no_redundancy_keeps_its_obligation stdout ----

thread 'a_staged_chunk_with_a_malformed_placement_or_no_redundancy_keeps_its_obligation' (1664445) panicked at crates/custodian/tests/staged_repair.rs:1921:5:
assertion `left == right` failed
  left: []
 right: [1640, 1641]

---- b_a_fragment_rebuilt_in_place_consumes_its_pre_mark stdout ----

thread 'b_a_fragment_rebuilt_in_place_consumes_its_pre_mark' (1664450) panicked at crates/custodian/tests/staged_repair.rs:1053:5:
assertion `left == right` failed
  left: Satisfied
 right: Changed

---- an_unreadable_staged_record_drains_no_obligation stdout ----

thread 'an_unreadable_staged_record_drains_no_obligation' (1664449) panicked at crates/custodian/tests/staged_repair.rs:1796:9:
assertion `left == right` failed: an undecodable part record
  left: Satisfied
 right: Blocked

---- a_destination_off_the_fleet_or_with_an_unreadable_mark_is_passed_over stdout ----

thread 'a_destination_off_the_fleet_or_with_an_unreadable_mark_is_passed_over' (1664434) panicked at crates/custodian/tests/staged_repair.rs:1949:5:
assertion `left == right` failed
  left: Satisfied
 right: Changed

---- d_iii_with_no_usable_destination_the_re_place_writes_nothing stdout ----

thread 'd_iii_with_no_usable_destination_the_re_place_writes_nothing' (1664460) panicked at crates/custodian/tests/staged_repair.rs:1328:9:
assertion failed: audit.named(RECONSTRUCTION_AUDIT, "destination-passed-over",
    &orphan_key(dserver, lost))

---- d_iv_a_write_whose_landing_is_unknown_is_never_adopted stdout ----

thread 'd_iv_a_write_whose_landing_is_unknown_is_never_adopted' (1664462) panicked at crates/custodian/tests/staged_repair.rs:1409:5:
assertion `left == right` failed: []
  left: 0
 right: 1

---- a_still_streaming_chunks_obligation_is_kept stdout ----

thread 'a_still_streaming_chunks_obligation_is_kept' (1664446) panicked at crates/custodian/tests/staged_repair.rs:1709:5:
assertion `left == right` failed: the obligation was dropped
  left: []
 right: [1637]

---- a_scrub_queues_repair_for_a_missing_committed_part_fragment stdout ----

thread 'a_scrub_queues_repair_for_a_missing_committed_part_fragment' (1664440) panicked at crates/custodian/tests/staged_repair.rs:863:5:
assertion `left == right` failed
  left: Satisfied
 right: Changed

---- b_reconstruction_re_places_a_committed_parts_missing_fragment stdout ----

thread 'b_reconstruction_re_places_a_committed_parts_missing_fragment' (1664453) panicked at crates/custodian/tests/staged_repair.rs:1038:5:
assertion `left == right` failed
  left: Satisfied
 right: Changed

---- an_unreadable_session_record_withholds_the_repair stdout ----

thread 'an_unreadable_session_record_withholds_the_repair' (1664448) panicked at crates/custodian/tests/staged_repair.rs:1755:5:
assertion `left == right` failed
  left: Satisfied
 right: Blocked

---- c_a_session_fence_after_the_write_strands_nothing stdout ----

thread 'c_a_session_fence_after_the_write_strands_nothing' (1664455) panicked at crates/custodian/tests/staged_repair.rs:1113:5:
session fenced: the fragment was never written — this leg fenced nothing

---- a_scrub_names_committed_parts_it_cannot_read_or_trust stdout ----

thread 'a_scrub_names_committed_parts_it_cannot_read_or_trust' (1664437) panicked at crates/custodian/tests/staged_repair.rs:933:5:
assertion `left == right` failed
  left: Satisfied
 right: Blocked

---- d_the_pre_mark_is_stamped_when_it_is_written_not_when_the_pass_began stdout ----

thread 'd_the_pre_mark_is_stamped_when_it_is_written_not_when_the_pass_began' (1664463) panicked at crates/custodian/tests/staged_repair.rs:1514:5:
assertion `left == right` failed
  left: Satisfied
 right: Changed

---- b_reconstruction_re_places_a_committed_parts_lost_fragment stdout ----

thread 'b_reconstruction_re_places_a_committed_parts_lost_fragment' (1664452) panicked at crates/custodian/tests/staged_repair.rs:979:5:
assertion `left == right` failed
  left: Satisfied
 right: Changed

---- d_i_the_pre_mark_is_durable_before_the_destination_write stdout ----

thread 'd_i_the_pre_mark_is_durable_before_the_destination_write' (1664457) panicked at crates/custodian/tests/staged_repair.rs:1231:5:
assertion `left == right` failed
  left: Satisfied
 right: Changed

---- c_a_part_rewrite_after_the_write_strands_nothing stdout ----

thread 'c_a_part_rewrite_after_the_write_strands_nothing' (1664454) panicked at crates/custodian/tests/staged_repair.rs:1108:5:
assertion `left == right` failed: part rewritten: the part record changed
  left: Some(b"{\"chunks\":[{\"id\":1635,\"scheme\":{\"ReedSolomon\":{\"k\":2,\"m\":1}},\"len\":70,\"placement\":[0,1,2]}],\"len\":70,\"digest\":\"efefefefefefefefefefefefefefefefefefefefefefefefefefefefefefefef\",\"committed_at_millis\":800,\"session_epoch\":3}")
 right: Some(b"{\"chunks\":[{\"id\":1635,\"scheme\":{\"ReedSolomon\":{\"k\":2,\"m\":1}},\"len\":70,\"placement\":[0,1,2]}],\"len\":70,\"digest\":\"efefefefefefefefefefefefefefefefefefefefefefefefefefefefefefefef\",\"committed_at_millis\":801,\"session_epoch\":3}")

---- a_to_b_scrub_then_reconstruction_restore_the_part stdout ----

thread 'a_to_b_scrub_then_reconstruction_restore_the_part' (1664447) panicked at crates/custodian/tests/staged_repair.rs:901:5:
assertion `left == right` failed
  left: Satisfied
 right: Changed

---- e_a_drain_recorded_after_the_write_loses_the_adoption stdout ----

thread 'e_a_drain_recorded_after_the_write_loses_the_adoption' (1664468) panicked at crates/custodian/tests/staged_repair.rs:1113:5:
drain recorded: the fragment was never written — this leg fenced nothing

---- a_staged_chunk_it_cannot_repair_keeps_its_obligation stdout ----

thread 'a_staged_chunk_it_cannot_repair_keeps_its_obligation' (1664443) panicked at crates/custodian/tests/staged_repair.rs:1852:5:
assertion `left == right` failed
  left: []
 right: [1635]

---- d_v_no_write_is_authorized_on_a_stale_pre_mark stdout ----

thread 'd_v_no_write_is_authorized_on_a_stale_pre_mark' (1664465) panicked at crates/custodian/tests/staged_repair.rs:1442:5:
assertion `left == right` failed: []
  left: 0
 right: 1

---- d_vi_an_unreadable_vacated_source_mark_withholds_the_move stdout ----

thread 'd_vi_an_unreadable_vacated_source_mark_withholds_the_move' (1664466) panicked at crates/custodian/tests/staged_repair.rs:1550:5:
assertion `left == right` failed
  left: Satisfied
 right: Blocked

---- e_a_drain_recorded_after_the_choice_loses_the_pre_mark stdout ----

thread 'e_a_drain_recorded_after_the_choice_loses_the_pre_mark' (1664467) panicked at crates/custodian/tests/staged_repair.rs:1653:5:
assertion `left == right` failed
  left: []
 right: [1635]

---- e_a_draining_server_is_never_the_destination stdout ----

thread 'e_a_draining_server_is_never_the_destination' (1664469) panicked at crates/custodian/tests/staged_repair.rs:1581:5:
assertion `left == right` failed
  left: Satisfied
 right: Changed

---- e_any_desired_state_record_fences_the_destination stdout ----

thread 'e_any_desired_state_record_fences_the_destination' (1664470) panicked at crates/custodian/tests/staged_repair.rs:1606:5:
assertion `left == right` failed
  left: Satisfied
 right: Changed

---- a_repointed_part_over_the_value_ceiling_is_refused_and_writes_nothing stdout ----

thread 'a_repointed_part_over_the_value_ceiling_is_refused_and_writes_nothing' (1664436) panicked at crates/custodian/tests/staged_repair.rs:2005:5:
assertion `left == right` failed
  left: Satisfied
 right: Blocked


failures:
    a_damaged_owned_entry_still_holds_its_chunks_obligation
    a_destination_off_the_fleet_or_with_an_unreadable_mark_is_passed_over
    a_fenced_sessions_part_keeps_its_obligation
    a_repointed_part_over_the_value_ceiling_is_refused_and_writes_nothing
    a_scrub_names_committed_parts_it_cannot_read_or_trust
    a_scrub_queues_nothing_for_a_still_streaming_chunk
    a_scrub_queues_repair_for_a_bit_flipped_committed_part_fragment
    a_scrub_queues_repair_for_a_missing_committed_part_fragment
    a_staged_chunk_it_cannot_repair_keeps_its_obligation
    a_staged_chunk_short_only_of_an_unreachable_server_is_not_data_loss
    a_staged_chunk_with_a_malformed_placement_or_no_redundancy_keeps_its_obligation
    a_still_streaming_chunks_obligation_is_kept
    a_to_b_scrub_then_reconstruction_restore_the_part
    an_unreadable_session_record_withholds_the_repair
    an_unreadable_staged_record_drains_no_obligation
    b_a_fragment_rebuilt_in_place_consumes_its_pre_mark
    b_a_vacated_sources_existing_mark_is_re_stamped_or_left_reclaiming
    b_reconstruction_re_places_a_committed_parts_lost_fragment
    b_reconstruction_re_places_a_committed_parts_missing_fragment
    c_a_part_rewrite_after_the_write_strands_nothing
    c_a_session_fence_after_the_write_strands_nothing
    c_a_session_fence_before_the_pre_mark_writes_nothing
    d_i_the_pre_mark_is_durable_before_the_destination_write
    d_ii_an_existing_destination_mark_is_re_stamped_fresh
    d_iii_a_reclaiming_destination_is_never_used
    d_iii_with_no_usable_destination_the_re_place_writes_nothing
    d_iv_a_write_refused_past_its_deadline_aborts_the_re_place
    d_iv_a_write_whose_landing_is_unknown_is_never_adopted
    d_the_pre_mark_is_stamped_when_it_is_written_not_when_the_pass_began
    d_v_a_pre_mark_left_by_an_earlier_attempt_is_re_stamped_before_the_write
    d_v_no_write_is_authorized_on_a_stale_pre_mark
    d_vi_an_unreadable_vacated_source_mark_withholds_the_move
    e_a_drain_recorded_after_the_choice_loses_the_pre_mark
    e_a_drain_recorded_after_the_write_loses_the_adoption
    e_a_draining_server_is_never_the_destination
    e_any_desired_state_record_fences_the_destination

test result: FAILED. 2 passed; 36 failed; 0 ignored; 0 measured; 0 filtered out; finished in 0.07s

error: test failed, to rerun pass `-p wyrd-custodian --test staged_repair`
run-verify.sh: PASS — red without the fix, green with it (38 test(s) ran red).
