# gate C4-verify — attempt 1/1: pass (exit 0)
# cmd: ./engine/scripts/run-verify.sh
# cwd: /home/eddie/wyrd/wyrd-pdca
# PDCA_WORKTREE: /home/eddie/wyrd/wyrd.pdca-wt-l0
# started: 2026-08-07T16:19:14+02:00   duration: 2s

run-verify.sh: GREEN — cargo test -p wyrd-custodian --test segmented_map_reconstruction (fix applied)

running 8 tests
........
test result: ok. 8 passed; 0 failed; 0 ignored; 0 measured; 0 filtered out; finished in 0.04s
run-verify.sh: RED — cargo test -p wyrd-custodian --test segmented_map_reconstruction (production reverted, test kept)

running 8 tests
a_segmented_object_ends_no_pass_and_the_flat_repair_still_happens --- FAILED
a_fault_that_is_not_one_objects_map_still_ends_the_pass --- FAILED
an_unreadable_object_is_named_and_the_walk_continues --- FAILED
the_namespace_is_read_once_per_pass_not_once_per_obligation --- FAILED
. 5/8
work_in_a_segmented_record_is_refused_per_object_never_discarded --- FAILED
a_resolve_that_restarted_is_acted_on_by_nothing --- FAILED
a_duplicate_committed_chunk_id_is_repaired_by_neither_reference --- FAILED

failures:

---- a_segmented_object_ends_no_pass_and_the_flat_repair_still_happens stdout ----

thread 'a_segmented_object_ends_no_pass_and_the_flat_repair_still_happens' (2068549) panicked at crates/custodian/tests/segmented_map_reconstruction.rs:367:20:
a segmented object ends no pass: "reconciliation store access: reconstruction::find_chunk met a segmented chunk map, which this build cannot yet resolve"
note: run with `RUST_BACKTRACE=1` environment variable to display a backtrace

---- a_fault_that_is_not_one_objects_map_still_ends_the_pass stdout ----

thread 'a_fault_that_is_not_one_objects_map_still_ends_the_pass' (2068547) panicked at crates/custodian/tests/segmented_map_reconstruction.rs:140:41:
never said :"inode:0". got: {"timestamp":"2026-08-07T14:19:17.261597Z","level":"INFO","fields":{"histogram.reconstruction_queue_depth":1},"target":"wyrd_custodian::reconstruction"}


---- an_unreadable_object_is_named_and_the_walk_continues stdout ----

thread 'an_unreadable_object_is_named_and_the_walk_continues' (2068551) panicked at crates/custodian/tests/segmented_map_reconstruction.rs:439:20:
one bad object ends no pass: "reconciliation store access: key must be a string at line 1 column 2"

---- the_namespace_is_read_once_per_pass_not_once_per_obligation stdout ----

thread 'the_namespace_is_read_once_per_pass_not_once_per_obligation' (2068552) panicked at crates/custodian/tests/segmented_map_reconstruction.rs:552:5:
assertion `left == right` failed: read ONCE, not once per obligation
  left: 3
 right: 1

---- work_in_a_segmented_record_is_refused_per_object_never_discarded stdout ----

thread 'work_in_a_segmented_record_is_refused_per_object_never_discarded' (2068553) panicked at crates/custodian/tests/segmented_map_reconstruction.rs:394:20:
a refusal is not a fault: "reconciliation store access: reconstruction::find_chunk met a segmented chunk map, which this build cannot yet resolve"

---- a_resolve_that_restarted_is_acted_on_by_nothing stdout ----

thread 'a_resolve_that_restarted_is_acted_on_by_nothing' (2068548) panicked at crates/custodian/tests/segmented_map_reconstruction.rs:492:20:
a restart ends no pass: "reconciliation store access: reconstruction::find_chunk met a segmented chunk map, which this build cannot yet resolve"

---- a_duplicate_committed_chunk_id_is_repaired_by_neither_reference stdout ----

thread 'a_duplicate_committed_chunk_id_is_repaired_by_neither_reference' (2068546) panicked at crates/custodian/tests/segmented_map_reconstruction.rs:519:5:
assertion `left == right` failed: no repair
  left: Satisfied
 right: Blocked


failures:
    a_duplicate_committed_chunk_id_is_repaired_by_neither_reference
    a_fault_that_is_not_one_objects_map_still_ends_the_pass
    a_resolve_that_restarted_is_acted_on_by_nothing
    a_segmented_object_ends_no_pass_and_the_flat_repair_still_happens
    an_unreadable_object_is_named_and_the_walk_continues
    the_namespace_is_read_once_per_pass_not_once_per_obligation
    work_in_a_segmented_record_is_refused_per_object_never_discarded

test result: FAILED. 1 passed; 7 failed; 0 ignored; 0 measured; 0 filtered out; finished in 0.06s

error: test failed, to rerun pass `-p wyrd-custodian --test segmented_map_reconstruction`
run-verify.sh: PASS — red without the fix, green with it (8 test(s) ran red).
