# gate C4-verify — attempt 1/1: pass (exit 0)
# cmd: ./engine/scripts/run-verify.sh
# cwd: /home/eddie/wyrd/wyrd-pdca
# PDCA_WORKTREE: /home/eddie/wyrd/wyrd.pdca-wt-l1
# started: 2026-08-03T01:19:03+02:00   duration: 7s

run-verify.sh: GREEN — cargo test -p wyrd-server --test gateway_recover_totality (fix applied)

running 3 tests
...
test result: ok. 3 passed; 0 failed; 0 ignored; 0 measured; 0 filtered out; finished in 0.08s
run-verify.sh: RED — cargo test -p wyrd-server --test gateway_recover_totality (production reverted, test kept)

running 3 tests
an_exhausted_inode_space_fails_the_next_put_closed_rather_than_wrapping_the_allocator --- FAILED
recover_is_total_over_a_store_whose_scan_refuses_and_pages_the_whole_namespace --- FAILED
recover_is_total_over_damaged_inode_records_and_attributes_each --- FAILED

failures:

---- an_exhausted_inode_space_fails_the_next_put_closed_rather_than_wrapping_the_allocator stdout ----

thread 'an_exhausted_inode_space_fails_the_next_put_closed_rather_than_wrapping_the_allocator' (3025675) panicked at crates/server/tests/gateway_recover_totality.rs:453:17:
recover() must be Ok(()) over the damaged ceiling record (criterion 1): Error("expected ident", line: 1, column: 2)
note: run with `RUST_BACKTRACE=1` environment variable to display a backtrace

---- recover_is_total_over_a_store_whose_scan_refuses_and_pages_the_whole_namespace stdout ----

thread 'recover_is_total_over_a_store_whose_scan_refuses_and_pages_the_whole_namespace' (3025676) panicked at crates/server/tests/gateway_recover_totality.rs:390:41:
recover() must be Ok(()) even though scan() refuses on every call (issue #652 criterion 2): the walk must read its namespaces in bounded pages via scan_page: ScanCapExceeded { cap: 1048576, prefix: [105, 110, 111, 100, 101, 58] }

---- recover_is_total_over_damaged_inode_records_and_attributes_each stdout ----

thread 'recover_is_total_over_damaged_inode_records_and_attributes_each' (3025677) panicked at crates/server/tests/gateway_recover_totality.rs:257:17:
recover() must be Ok(()) over a store holding records it cannot read — an Err here costs every healthy object its availability (issue #652 criterion 1): Error("expected ident", line: 1, column: 2)


failures:
    an_exhausted_inode_space_fails_the_next_put_closed_rather_than_wrapping_the_allocator
    recover_is_total_over_a_store_whose_scan_refuses_and_pages_the_whole_namespace
    recover_is_total_over_damaged_inode_records_and_attributes_each

test result: FAILED. 0 passed; 3 failed; 0 ignored; 0 measured; 0 filtered out; finished in 0.06s

error: test failed, to rerun pass `-p wyrd-server --test gateway_recover_totality`
run-verify.sh: PASS — red without the fix, green with it.
