# gate C4-verify — attempt 1/1: unverifiable (exit 77)
# cmd: ./engine/scripts/run-verify.sh
# cwd: /home/eddie/wyrd/wyrd-pdca
# PDCA_WORKTREE: /home/eddie/wyrd/wyrd.pdca-wt
# started: 2026-08-12T01:39:23+02:00   duration: 2s

run-verify.sh: GREEN — cargo test -p wyrd-core --test multipart_staging_retire (fix applied)

running 24 tests
........................
test result: ok. 24 passed; 0 failed; 0 ignored; 0 measured; 0 filtered out; finished in 0.00s
run-verify.sh: RED — cargo test -p wyrd-core --test multipart_staging_retire (production reverted, test kept)
error[E0432]: unresolved imports `wyrd_core::multipart::decode_owned_entry`, `wyrd_core::multipart::decode_retire_obligation`, `wyrd_core::multipart::OwnedEntry`, `wyrd_core::multipart::PartNumberSet`, `wyrd_core::multipart::RetirePayload`, `wyrd_core::multipart::StagedPlacement`
  --> crates/core/tests/multipart_staging_retire.rs:50:5
   |
50 |     decode_owned_entry, decode_retire_obligation, retire_key, sidx_key, AttemptId, OwnedEntry,
   |     ^^^^^^^^^^^^^^^^^^  ^^^^^^^^^^^^^^^^^^^^^^^^                                   ^^^^^^^^^^ no `OwnedEntry` in `multipart`
   |     |                   |
   |     |                   no `decode_retire_obligation` in `multipart`
   |     no `decode_owned_entry` in `multipart`
51 |     PartNumber, PartNumberSet, RecordError, RetireMode, RetirePayload, RetireToken,
   |                 ^^^^^^^^^^^^^                           ^^^^^^^^^^^^^ no `RetirePayload` in `multipart`
   |                 |
   |                 no `PartNumberSet` in `multipart`
52 |     StagedPlacement, UploadId,
   |     ^^^^^^^^^^^^^^^ no `StagedPlacement` in `multipart`
   |
help: a similar name exists in the module
   |
51 -     PartNumber, PartNumberSet, RecordError, RetireMode, RetirePayload, RetireToken,
51 +     PartNumber, PartNumber, RecordError, RetireMode, RetirePayload, RetireToken,
   |

error[E0609]: no field `owner` on type `PendingEntry`
   --> crates/core/tests/multipart_staging_retire.rs:248:22
    |
248 |     assert_eq!(entry.owner, None);
    |                      ^^^^^ unknown field
    |
    = note: available field is: `lease_expiry_millis`

error[E0609]: no field `staged` on type `PendingEntry`
   --> crates/core/tests/multipart_staging_retire.rs:249:22
    |
249 |     assert_eq!(entry.staged, None);
    |                      ^^^^^^ unknown field
    |
    = note: available field is: `lease_expiry_millis`

error[E0609]: no field `owner` on type `PendingEntry`
   --> crates/core/tests/multipart_staging_retire.rs:268:22
    |
268 |     assert_eq!(entry.owner.as_ref(), Some(&upload_id(OWNER_HEX)));
    |                      ^^^^^ unknown field
    |
    = note: available field is: `lease_expiry_millis`

error[E0599]: no variant named `OwnedEntryOwnerMismatch` found for enum `RecordError`
   --> crates/core/tests/multipart_staging_retire.rs:385:26
    |
385 |         Err(RecordError::OwnedEntryOwnerMismatch {
    |                          ^^^^^^^^^^^^^^^^^^^^^^^ variant not found in `RecordError`

error[E0599]: no variant named `TornOwnedEntry` found for enum `RecordError`
   --> crates/core/tests/multipart_staging_retire.rs:424:30
    |
424 |             Err(RecordError::TornOwnedEntry {
    |                              ^^^^^^^^^^^^^^ variant not found in `RecordError`

error[E0599]: no variant named `StagedSchemeUnsupported` found for enum `RecordError`
   --> crates/core/tests/multipart_staging_retire.rs:451:26
    |
451 |         Err(RecordError::StagedSchemeUnsupported { k, m }) => {
    |                          ^^^^^^^^^^^^^^^^^^^^^^^
    |
help: there is a variant with a similar name
    |
451 -         Err(RecordError::StagedSchemeUnsupported { k, m }) => {
451 +         Err(RecordError::ChunkSchemeUnsupported { k, m }) => {
    |

error[E0599]: no variant, associated function, or constant named `NotAnOwnedEntry` found for enum `RecordError` in the current scope
   --> crates/core/tests/multipart_staging_retire.rs:482:26
    |
482 |         Err(RecordError::NotAnOwnedEntry)
    |                          ^^^^^^^^^^^^^^^ variant, associated function, or constant not found in `RecordError`

error[E0599]: no variant named `RetireTokenScopeMismatch` found for enum `RecordError`
   --> crates/core/tests/multipart_staging_retire.rs:501:26
    |
501 |         Err(RecordError::RetireTokenScopeMismatch { token, payload }) => {
    |                          ^^^^^^^^^^^^^^^^^^^^^^^^ variant not found in `RecordError`

error[E0599]: no variant named `RetireTokenScopeMismatch` found for enum `RecordError`
   --> crates/core/tests/multipart_staging_retire.rs:511:26
    |
511 |         Err(RecordError::RetireTokenScopeMismatch { token, payload }) => {
    |                          ^^^^^^^^^^^^^^^^^^^^^^^^ variant not found in `RecordError`

error[E0599]: no variant named `RetireGenerationIdentityMismatch` found for enum `RecordError`
   --> crates/core/tests/multipart_staging_retire.rs:521:26
    |
521 |         Err(RecordError::RetireGenerationIdentityMismatch {
    |                          ^^^^^^^^^^^^^^^^^^^^^^^^^^^^^^^^ variant not found in `RecordError`

error[E0599]: no variant named `RetireTokenSuffixMismatch` found for enum `RecordError`
   --> crates/core/tests/multipart_staging_retire.rs:544:30
    |
544 |             Err(RecordError::RetireTokenSuffixMismatch {
    |                              ^^^^^^^^^^^^^^^^^^^^^^^^^ variant not found in `RecordError`

error[E0599]: no variant named `RetireTokenSuffixMismatch` found for enum `RecordError`
   --> crates/core/tests/multipart_staging_retire.rs:575:26
    |
575 |         Err(RecordError::RetireTokenSuffixMismatch {
    |                          ^^^^^^^^^^^^^^^^^^^^^^^^^ variant not found in `RecordError`

error[E0599]: no variant named `RetireTokenSuffixMismatch` found for enum `RecordError`
   --> crates/core/tests/multipart_staging_retire.rs:599:26
    |
599 |         Err(RecordError::RetireTokenSuffixMismatch {
    |                          ^^^^^^^^^^^^^^^^^^^^^^^^^ variant not found in `RecordError`

error[E0599]: no variant named `RetireGenerationSourcesConflict` found for enum `RecordError`
   --> crates/core/tests/multipart_staging_retire.rs:627:26
    |
627 |         Err(RecordError::RetireGenerationSourcesConflict { chunks: 1 })
    |                          ^^^^^^^^^^^^^^^^^^^^^^^^^^^^^^^ variant not found in `RecordError`

error[E0599]: no variant named `RetireObligationOwesNothing` found for enum `RecordError`
   --> crates/core/tests/multipart_staging_retire.rs:632:26
    |
632 |         Err(RecordError::RetireObligationOwesNothing {
    |                          ^^^^^^^^^^^^^^^^^^^^^^^^^^^ variant not found in `RecordError`

error[E0599]: no variant named `RetireModeMismatch` found for enum `RecordError`
   --> crates/core/tests/multipart_staging_retire.rs:678:26
    |
678 |         Err(RecordError::RetireModeMismatch {
    |                          ^^^^^^^^^^^^^^^^^^ variant not found in `RecordError`

error[E0599]: no variant named `RetireModeMismatch` found for enum `RecordError`
   --> crates/core/tests/multipart_staging_retire.rs:691:26
    |
691 |         Err(RecordError::RetireModeMismatch {
    |                          ^^^^^^^^^^^^^^^^^^ variant not found in `RecordError`

error[E0599]: no variant named `RetireObligationOwesNothing` found for enum `RecordError`
   --> crates/core/tests/multipart_staging_retire.rs:712:26
    |
712 |         Err(RecordError::RetireObligationOwesNothing { payload: "parts" })
    |                          ^^^^^^^^^^^^^^^^^^^^^^^^^^^ variant not found in `RecordError`

error[E0599]: no variant named `RetireObligationOwesNothing` found for enum `RecordError`
   --> crates/core/tests/multipart_staging_retire.rs:716:26
    |
716 |         Err(RecordError::RetireObligationOwesNothing { payload: "chunks" })
    |                          ^^^^^^^^^^^^^^^^^^^^^^^^^^^ variant not found in `RecordError`

error[E0599]: no variant named `RetireObligationOwesNothing` found for enum `RecordError`
   --> crates/core/tests/multipart_staging_retire.rs:720:26
    |
720 |         Err(RecordError::RetireObligationOwesNothing { payload: "records" })
    |                          ^^^^^^^^^^^^^^^^^^^^^^^^^^^ variant not found in `RecordError`

error[E0599]: no variant named `RetireObligationOwesNothing` found for enum `RecordError`
   --> crates/core/tests/multipart_staging_retire.rs:724:26
    |
724 |         Err(RecordError::RetireObligationOwesNothing { payload: "records" })
    |                          ^^^^^^^^^^^^^^^^^^^^^^^^^^^ variant not found in `RecordError`

error[E0599]: no variant named `PartNumberRunReversed` found for enum `RecordError`
   --> crates/core/tests/multipart_staging_retire.rs:761:26
    |
761 |         Err(RecordError::PartNumberRunReversed { lo: 4, hi: 2 })
    |                          ^^^^^^^^^^^^^^^^^^^^^ variant not found in `RecordError`

error[E0599]: no variant named `PartNumberRunsNotCoalesced` found for enum `RecordError`
   --> crates/core/tests/multipart_staging_retire.rs:765:26
    |
765 |         Err(RecordError::PartNumberRunsNotCoalesced {
    |                          ^^^^^^^^^^^^^^^^^^^^^^^^^^ variant not found in `RecordError`

error[E0599]: no variant named `PartNumberRunsNotCoalesced` found for enum `RecordError`
   --> crates/core/tests/multipart_staging_retire.rs:772:26
    |
772 |         Err(RecordError::PartNumberRunsNotCoalesced { lo: 1, .. })
    |                          ^^^^^^^^^^^^^^^^^^^^^^^^^^ variant not found in `RecordError`

Some errors have detailed explanations: E0432, E0599, E0609.
For more information about an error, try `rustc --explain E0432`.
error: could not compile `wyrd-core` (test "multipart_staging_retire") due to 25 previous errors
run-verify.sh: UNVERIFIABLE — the RED leg's cargo run failed (status 101) WITHOUT
               running a test, so no RED was established. This is NOT 'red without the
               fix' — the discriminator never executed. The usual cause is that it does
               not COMPILE against the reverted base: it calls production API this patch
               adds, so reverting the fix removes the symbol it needs. Split the test so
               it exercises the behaviour through pre-existing API, or record at sign-off
               why this slice has no isolable red (the cargo output is above).
