# gate: C4-diff-cov — diff coverage: changed lines executed by the patch's tests
# cmd: ./engine/scripts/run-diff-cov.sh
# cwd: /home/eddie/wyrd/wyrd-pdca
# PDCA_WORKTREE: /home/eddie/wyrd/wyrd.pdca-wt-l0
# start: 2026-10-03T02:24:41+00:00
# duration_secs: 2.08
# exit: 1
# outcome: fail
# ---- combined stdout+stderr (verbatim) ----
run-diff-cov.sh: MEASURE — cargo llvm-cov test -p xtask --test dist_two_binary_layout (fix applied)
info: cargo-llvm-cov currently setting cfg(coverage); you can opt-out it by passing --no-cfg-coverage
   Compiling wyrd-chunk-format v0.0.0 (/home/eddie/wyrd/wyrd-cov-l0/crates/chunk-format)
   Compiling xtask v0.0.0 (/home/eddie/wyrd/wyrd-cov-l0/xtask)
    Finished `test` profile [unoptimized + debuginfo] target(s) in 0.96s
     Running tests/dist_two_binary_layout.rs (target/llvm-cov-target/debug/deps/dist_two_binary_layout-740e3573b21e4960)

running 2 tests
test the_expected_set_is_well_formed ... ok
test every_pipeline_file_names_every_expected_binary ... ok

test result: ok. 2 passed; 0 failed; 0 ignored; 0 measured; 0 filtered out; finished in 0.00s
run-diff-cov.sh: NOTE — 77 of 165 changed production lines carried a coverage
                 region; the other 88 are not scored either way. Most are simply not
                 executable (comments, `use`, declarations, bare delimiters). But code
                 compiled out by a #[cfg(...)] your feature selection does not enable looks
                 identical here, and this gate cannot tell the two apart (#222).
                 The largest unscored spans, so you can tell at a glance which it is:
run-diff-cov.sh:   UNSCORED xtask/src/dist.rs:5-22 (18 lines)
run-diff-cov.sh:   UNSCORED xtask/src/dist.rs:51-66 (16 lines)
run-diff-cov.sh:   UNSCORED xtask/src/dist.rs:89-96 (8 lines)
run-diff-cov.sh:   UNSCORED xtask/src/dist.rs:70-76 (7 lines)
run-diff-cov.sh:   UNSCORED xtask/src/dist.rs:371-376 (6 lines)
run-diff-cov.sh:   UNSCORED xtask/src/dist.rs:380-384 (5 lines)
run-diff-cov.sh:   … and 15 further span(s), none larger; all of them are in coverage/diff-cov.json
run-diff-cov.sh: MISS xtask/src/dist.rs:67
run-diff-cov.sh: MISS xtask/src/dist.rs:68
run-diff-cov.sh: MISS xtask/src/dist.rs:69
run-diff-cov.sh: MISS xtask/src/dist.rs:77
run-diff-cov.sh: MISS xtask/src/dist.rs:78
run-diff-cov.sh: MISS xtask/src/dist.rs:79
run-diff-cov.sh: MISS xtask/src/dist.rs:80
run-diff-cov.sh: MISS xtask/src/dist.rs:81
run-diff-cov.sh: MISS xtask/src/dist.rs:82
run-diff-cov.sh: MISS xtask/src/dist.rs:83
run-diff-cov.sh: MISS xtask/src/dist.rs:84
run-diff-cov.sh: MISS xtask/src/dist.rs:85
run-diff-cov.sh: MISS xtask/src/dist.rs:86
run-diff-cov.sh: MISS xtask/src/dist.rs:88
run-diff-cov.sh: MISS xtask/src/dist.rs:377
run-diff-cov.sh: MISS xtask/src/dist.rs:378
run-diff-cov.sh: MISS xtask/src/dist.rs:379
run-diff-cov.sh: MISS xtask/src/dist.rs:385
run-diff-cov.sh: MISS xtask/src/dist.rs:386
run-diff-cov.sh: MISS xtask/src/dist.rs:387
run-diff-cov.sh: MISS xtask/src/dist.rs:388
run-diff-cov.sh: MISS xtask/src/dist.rs:389
run-diff-cov.sh: MISS xtask/src/dist.rs:390
run-diff-cov.sh: MISS xtask/src/dist.rs:391
run-diff-cov.sh: MISS xtask/src/dist.rs:392
run-diff-cov.sh: MISS xtask/src/dist.rs:393
run-diff-cov.sh: MISS xtask/src/dist.rs:394
run-diff-cov.sh: MISS xtask/src/dist.rs:395
run-diff-cov.sh: MISS xtask/src/dist.rs:396
run-diff-cov.sh: MISS xtask/src/dist.rs:401
run-diff-cov.sh: MISS xtask/src/dist.rs:402
run-diff-cov.sh: MISS xtask/src/dist.rs:403
run-diff-cov.sh: MISS xtask/src/dist.rs:404
run-diff-cov.sh: MISS xtask/src/dist.rs:405
run-diff-cov.sh: MISS xtask/src/dist.rs:406
run-diff-cov.sh: MISS xtask/src/dist.rs:407
run-diff-cov.sh: MISS xtask/src/dist.rs:409
run-diff-cov.sh: MISS xtask/src/dist.rs:415
run-diff-cov.sh: MISS xtask/src/dist.rs:416
run-diff-cov.sh: MISS xtask/src/dist.rs:417
run-diff-cov.sh: MISS xtask/src/dist.rs:418
run-diff-cov.sh: MISS xtask/src/dist.rs:419
run-diff-cov.sh: MISS xtask/src/dist.rs:422
run-diff-cov.sh: MISS xtask/src/dist.rs:423
run-diff-cov.sh: MISS xtask/src/dist.rs:424
run-diff-cov.sh: MISS xtask/src/dist.rs:425
run-diff-cov.sh: MISS xtask/src/dist.rs:426
run-diff-cov.sh: MISS xtask/src/dist.rs:427
run-diff-cov.sh: MISS xtask/src/dist.rs:428
run-diff-cov.sh: MISS xtask/src/dist.rs:429
run-diff-cov.sh: MISS xtask/src/dist.rs:430
run-diff-cov.sh: MISS xtask/src/dist.rs:432
run-diff-cov.sh: MISS xtask/src/dist.rs:433
run-diff-cov.sh: MISS xtask/src/dist.rs:435
run-diff-cov.sh: MISS xtask/src/dist.rs:436
run-diff-cov.sh: MISS xtask/src/dist.rs:437
run-diff-cov.sh: MISS xtask/src/dist.rs:439
run-diff-cov.sh: MISS xtask/src/dist.rs:440
run-diff-cov.sh: MISS xtask/src/dist.rs:542
run-diff-cov.sh: MISS xtask/src/dist.rs:543
run-diff-cov.sh: MISS xtask/src/dist.rs:547
run-diff-cov.sh: MISS xtask/src/dist.rs:551
run-diff-cov.sh: MISS xtask/src/dist.rs:623
run-diff-cov.sh: MISS xtask/src/dist.rs:624
run-diff-cov.sh: MISS xtask/src/dist.rs:625
run-diff-cov.sh: MISS xtask/src/dist.rs:626
run-diff-cov.sh: MISS xtask/src/dist.rs:627
run-diff-cov.sh: MISS xtask/src/dist.rs:628
run-diff-cov.sh: MISS xtask/src/dist.rs:630
run-diff-cov.sh: MISS xtask/src/dist.rs:631
run-diff-cov.sh: MISS xtask/src/dist.rs:632
run-diff-cov.sh: MISS xtask/src/dist.rs:633
run-diff-cov.sh: MISS xtask/src/dist.rs:635
run-diff-cov.sh: MISS xtask/src/dist.rs:650
run-diff-cov.sh: MISS xtask/src/dist.rs:684
run-diff-cov.sh: MISS xtask/src/dist.rs:742
run-diff-cov.sh: MISS xtask/src/dist.rs:743
METRIC diff_cov=0.0 covered=0 instrumentable=77 unscored=88
run-diff-cov.sh: C4-diff-cov: uncovered changed lines in crate xtask — 77 of 77 not executed by the patch tests (100.0% uncovered)
run-diff-cov.sh: FAIL — the patch's tests execute 0.0% of its instrumentable changed
                 lines, below the 80% floor. Each MISS above is a REACH gap: the
                 line never ran. (A line that DID run may still be unasserted — that is
                 C5-mutants' question, not this row's.)
PDCA-EVIDENCE: diff coverage 0.0% — 0 of 77 instrumentable changed lines executed (below the 80% floor); 77 of 165 changed lines were instrumentable
