# gate: C4-verify — per-fix red->green: this patch's test red pre-fix, green post-fix
# cmd: ./engine/scripts/run-verify.sh
# cwd: /home/eddie/wyrd/wyrd-pdca
# PDCA_WORKTREE: /home/eddie/wyrd/wyrd.pdca-wt-l0
# start: 2026-10-03T02:24:38+00:00
# duration_secs: 2.08
# exit: 0
# outcome: pass
# ---- combined stdout+stderr (verbatim) ----
run-verify.sh: GREEN — cargo test -p xtask --test dist_two_binary_layout (fix applied)

running 2 tests
..
test result: ok. 2 passed; 0 failed; 0 ignored; 0 measured; 0 filtered out; finished in 0.00s
run-verify.sh: RED — cargo test -p xtask --test dist_two_binary_layout (production reverted, test kept)

running 2 tests
. 1/2
every_pipeline_file_names_every_expected_binary --- FAILED

failures:

---- every_pipeline_file_names_every_expected_binary stdout ----

thread 'every_pipeline_file_names_every_expected_binary' (2069568) panicked at xtask/tests/dist_two_binary_layout.rs:465:5:
the distribution pipeline disagrees with the shipped-binary set [("/usr/local/bin/wyrd", "bin/wyrd"), ("/usr/local/bin/wyrd-validate", "bin/wyrd-validate")]:
  deploy/docker/wyrd/Dockerfile: no `RUN cargo build … --bin wyrd-validate` — the image build never compiles `wyrd-validate`
  deploy/docker/wyrd/Dockerfile: no `COPY --from=build …/wyrd-validate /usr/local/bin/wyrd-validate` — the runtime stage does not carry `wyrd-validate` where `cargo xtask dist` extracts it from
  deploy/dist/install.sh: the --uninstall path (lines 56-124) never runs `rm -f "$BINDIR/wyrd-validate"` — uninstall would leave `wyrd-validate` behind
  deploy/dist/install.sh: the install path (after line 124) never runs `install -m 0755 "$HERE/bin/wyrd-validate" "$BINDIR/wyrd-validate"` — the tarball's `bin/wyrd-validate` would not be placed
  .github/workflows/release.yml: the smoke step never runs `/usr/local/bin/wyrd-validate` in command position before `./install.sh --uninstall` (a comment, an argument, a pipeline, a `||`/`&&` list or a background job does not count) — the installed `wyrd-validate` is never exercised
  .github/workflows/release.yml: no `test ! -e /usr/local/bin/wyrd-validate` after `./install.sh --uninstall` — the smoke would not notice an uninstall that leaves `wyrd-validate` behind
  deploy/dist/README.md: never names `bin/wyrd-validate` — an operator reading the README cannot know the tarball carries `wyrd-validate`
  deploy/dist/README.md: no line describes `wyrd-validate` on its own (every mention sits beside another shipped binary) — the README must distinguish what each binary is for
note: run with `RUST_BACKTRACE=1` environment variable to display a backtrace


failures:
    every_pipeline_file_names_every_expected_binary

test result: FAILED. 1 passed; 1 failed; 0 ignored; 0 measured; 0 filtered out; finished in 0.00s

error: test failed, to rerun pass `-p xtask --test dist_two_binary_layout`
run-verify.sh: PASS — red without the fix, green with it (2 test(s) ran red).
