# gate: C4-diff-cov — diff coverage: changed lines executed by the patch's tests
# cmd: ./engine/scripts/run-diff-cov.sh
# cwd: /home/eddie/wyrd/wyrd-pdca
# PDCA_WORKTREE: /home/eddie/wyrd/wyrd.pdca-wt-l0
# start: 2026-10-01T00:58:08+00:00
# duration_secs: 21.49
# exit: 1
# outcome: fail
# ---- combined stdout+stderr (verbatim) ----
run-diff-cov.sh: at least one changed crate ships no test in this patch — it is scored
                 against its EXISTING suite, and any co-located #[cfg(test)] lines the
                 patch adds count as covered, so that part of the figure is the generous
                 one; see the coverage boundary in this file's header.
run-diff-cov.sh: MEASURE — cargo llvm-cov test -p wyrd-server --test s3_chunk_size_flag (fix applied)
info: cargo-llvm-cov currently setting cfg(coverage); you can opt-out it by passing --no-cfg-coverage
   Compiling wyrd-traits v0.0.0 (/home/eddie/wyrd/wyrd-cov-l0/crates/traits)
   Compiling wyrd-chunk-format v0.0.0 (/home/eddie/wyrd/wyrd-cov-l0/crates/chunk-format)
   Compiling wyrd-proto v0.0.0 (/home/eddie/wyrd/wyrd-cov-l0/crates/proto)
   Compiling wyrd-telemetry v0.0.0 (/home/eddie/wyrd/wyrd-cov-l0/crates/telemetry)
   Compiling wyrd-testkit v0.0.0 (/home/eddie/wyrd/wyrd-cov-l0/crates/testkit)
   Compiling wyrd-core v0.0.0 (/home/eddie/wyrd/wyrd-cov-l0/crates/core)
   Compiling wyrd-gateway-core v0.0.0 (/home/eddie/wyrd/wyrd-cov-l0/crates/gateway-core)
   Compiling wyrd-metadata-redb v0.0.0 (/home/eddie/wyrd/wyrd-cov-l0/crates/metadata-redb)
   Compiling wyrd-gateway-s3 v0.0.0 (/home/eddie/wyrd/wyrd-cov-l0/crates/gateway-s3)
   Compiling wyrd-coordination-mem v0.0.0 (/home/eddie/wyrd/wyrd-cov-l0/crates/coordination-mem)
   Compiling wyrd-chunkstore-fs v0.0.0 (/home/eddie/wyrd/wyrd-cov-l0/crates/chunkstore-fs)
   Compiling wyrd-metadata-fault-conformance v0.0.0 (/home/eddie/wyrd/wyrd-cov-l0/crates/metadata-fault-conformance)
   Compiling wyrd-chunkstore-grpc v0.0.0 (/home/eddie/wyrd/wyrd-cov-l0/crates/chunkstore-grpc)
   Compiling wyrd-custodian v0.0.0 (/home/eddie/wyrd/wyrd-cov-l0/crates/custodian)
   Compiling wyrd-server v0.0.0 (/home/eddie/wyrd/wyrd-cov-l0/crates/server)
    Finished `test` profile [unoptimized + debuginfo] target(s) in 6.72s
     Running tests/s3_chunk_size_flag.rs (target/llvm-cov-target/debug/deps/s3_chunk_size_flag-b7463ec4cdac635d)

running 6 tests
test s3_usage_line_lists_chunk_size ... ok
test chunk_size_non_numeric_and_signed_values_are_refused ... ok
test chunk_size_zero_is_refused_and_one_is_accepted ... ok
test chunk_size_ceiling_is_one_gib_inclusive ... ok
test chunk_size_flag_sets_the_on_disk_chunk_count_and_absence_keeps_the_default ... ok
test a_chunk_past_the_4_mib_grpc_default_round_trips_through_a_d_server ... ok

test result: ok. 6 passed; 0 failed; 0 ignored; 0 measured; 0 filtered out; finished in 4.93s
run-diff-cov.sh: MEASURE — cargo llvm-cov test -p wyrd-chunkstore-grpc (fix applied)
info: cargo-llvm-cov currently setting cfg(coverage); you can opt-out it by passing --no-cfg-coverage
   Compiling opentelemetry v0.33.0
   Compiling axum v0.8.9
   Compiling hyper-util v0.1.20
   Compiling prost-build v0.14.4
   Compiling prost-reflect v0.16.4
   Compiling tracing-subscriber v0.3.23
   Compiling wyrd-testkit v0.0.0 (/home/eddie/wyrd/wyrd-cov-l0/crates/testkit)
   Compiling protox-parse v0.9.0
   Compiling wyrd-core v0.0.0 (/home/eddie/wyrd/wyrd-cov-l0/crates/core)
   Compiling wyrd-coordination-mem v0.0.0 (/home/eddie/wyrd/wyrd-cov-l0/crates/coordination-mem)
   Compiling wyrd-chunkstore-fs v0.0.0 (/home/eddie/wyrd/wyrd-cov-l0/crates/chunkstore-fs)
   Compiling opentelemetry_sdk v0.33.0
   Compiling tonic-prost-build v0.14.6
   Compiling madsim-tonic-build v0.6.0+0.14
   Compiling hyper-timeout v0.5.2
   Compiling tracing-opentelemetry v0.34.0
   Compiling protox v0.9.1
   Compiling opentelemetry-prometheus v0.33.0
   Compiling wyrd-proto v0.0.0 (/home/eddie/wyrd/wyrd-cov-l0/crates/proto)
   Compiling tonic v0.14.6
   Compiling tonic-prost v0.14.6
   Compiling tonic-types v0.14.6
   Compiling opentelemetry-proto v0.33.0
   Compiling wyrd-chunkstore-grpc v0.0.0 (/home/eddie/wyrd/wyrd-cov-l0/crates/chunkstore-grpc)
   Compiling opentelemetry-otlp v0.33.0
   Compiling wyrd-telemetry v0.0.0 (/home/eddie/wyrd/wyrd-cov-l0/crates/telemetry)
   Compiling wyrd-custodian v0.0.0 (/home/eddie/wyrd/wyrd-cov-l0/crates/custodian)
    Finished `test` profile [unoptimized + debuginfo] target(s) in 5.97s
     Running unittests src/lib.rs (target/llvm-cov-target/debug/deps/wyrd_chunkstore_grpc-17771d0501c917e4)

running 16 tests
test client::tests::a_write_with_a_deadline_still_decodes_both_outcomes ... ok
test client::tests::the_transient_trio_codes_all_classify_transient ... ok
test client::tests::data_loss_is_integrity_and_the_rest_fail_safe_to_terminal ... ok
test client::tests::a_write_with_no_deadline_never_decodes_a_deadline_outcome ... ok
test error::tests::source_exposes_the_wrapped_status ... ok
test error::tests::status_code_maps_to_the_specific_transport_variant ... ok
test fanout::tests::list_fragments_unions_every_backend ... ok
test fanout::tests::get_fragment_at_resolves_every_fragment_in_a_rotated_reed_solomon_placement ... ok
test fanout::tests::put_fragment_at_places_on_the_named_dserver_not_index_mod_n ... ok
test fanout::tests::health_is_healthy_only_when_all_backends_are ... ok
test fanout::tests::health_degrades_on_a_single_dead_backend ... ok
test fanout::tests::get_fragment_at_resolves_an_ec_none_fragment_moved_off_its_index_home ... ok
test fanout::tests::route_places_each_index_on_index_mod_n ... ok
test fanout::tests::routing_forwards_the_authorization_deadline_unchanged ... ok
test fanout::tests::health_is_unhealthy_only_when_all_backends_are ... ok
test fanout::tests::width_reports_the_backing_store_count ... ok

test result: ok. 16 passed; 0 failed; 0 ignored; 0 measured; 0 filtered out; finished in 0.00s

     Running tests/dserver_image.rs (target/llvm-cov-target/debug/deps/dserver_image-a6dacce1ef3e27be)

running 1 test
test runtime_stage_sets_non_root_user_before_entrypoint ... ok

test result: ok. 1 passed; 0 failed; 0 ignored; 0 measured; 0 filtered out; finished in 0.01s

     Running tests/error_class.rs (target/llvm-cov-target/debug/deps/error_class-0ef469c1a1daf497)

running 7 tests
test a_dns_resolution_failure_classifies_transient_on_dial ... ok
test the_transient_class_keeps_the_transport_detail_reachable ... ok
test a_store_named_transient_fault_classifies_transient_over_grpc ... ok
test a_genuine_integrity_fault_classifies_integrity_over_grpc ... ok
test a_genuine_unreachable_d_server_classifies_transient_over_grpc ... ok
test transient_and_terminal_are_distinguishable_across_the_seam ... ok
test a_genuine_request_timeout_classifies_transient_over_grpc ... ok

test result: ok. 7 passed; 0 failed; 0 ignored; 0 measured; 0 filtered out; finished in 0.25s

     Running tests/list_delete.rs (target/llvm-cov-target/debug/deps/list_delete-4a38f8fb9e740b6f)

running 2 tests
test list_and_delete_in_process ... ok
test list_and_delete_over_grpc ... ok

test result: ok. 2 passed; 0 failed; 0 ignored; 0 measured; 0 filtered out; finished in 0.01s

     Running tests/read_fault_seam.rs (target/llvm-cov-target/debug/deps/read_fault_seam-edf143e3eff1d501)

running 2 tests
test remote_eio_is_block_read_fault_not_corruption_over_grpc ... ok
test remote_generic_error_stays_transient_transport_error_over_grpc ... ok

test result: ok. 2 passed; 0 failed; 0 ignored; 0 measured; 0 filtered out; finished in 0.00s

     Running tests/round_trip.rs (target/llvm-cov-target/debug/deps/round_trip-dfd31a809a36987c)

running 6 tests
test put_of_a_malformed_fragment_is_invalid_argument_over_grpc ... ok
test a_publication_the_server_could_not_verify_reconstructs_as_indeterminate_over_grpc ... ok
test a_write_that_expires_before_the_server_applies_it_is_refused_over_grpc ... ok
test get_of_a_rotten_fragment_is_an_integrity_fault_over_grpc ... ok
test put_with_an_expired_deadline_is_refused_and_reconstructs_as_write_deadline_expired ... ok
test put_get_health_round_trip_over_grpc ... ok

test result: ok. 6 passed; 0 failed; 0 ignored; 0 measured; 0 filtered out; finished in 0.05s

     Running tests/tier1_jepsen_consistency.rs (target/llvm-cov-target/debug/deps/tier1_jepsen_consistency-e31a4a5f26ecba65)

running 19 tests
test commit_point_atomic_fails_when_orphan_absent ... ok
test commit_point_atomic_fails_when_victim_not_in_committed_placement ... ok
test commit_point_atomic_passes_when_orphan_exists_and_victim_in_placement ... ok
test distinct_domains_passes_for_all_different ... ok
test distinct_domains_fails_for_unregistered_server ... ok
test distinct_domains_fails_for_duplicate_domain ... ok
test jepsen_consistency_over_repair_under_live_partition_and_crash ... ignored, Tier-1: needs real containerized D servers — run via `cargo xtask jepsen`
test jepsen_consistency_over_repair_under_partition_and_crash ... ignored, Tier-1: needs real containerized D servers — run via `cargo xtask jepsen`
test exactly_once_convergence_fails_on_lost_commit ... ok
test exactly_once_convergence_fails_on_duplicate_commit ... ok
test exactly_once_convergence_passes_when_version_increments_by_one ... ok
test node_liveness_during_isolation_fails_when_paused ... ok
test node_liveness_during_isolation_passes_when_running ... ok
test node_liveness_during_isolation_fails_when_exited ... ok
test read_after_commit_fails_when_committed_server_is_not_readable ... ok
test redundancy_outcome_fails_when_dead_server_in_placement ... ok
test redundancy_outcome_fails_when_wrong_fragment_count ... ok
test redundancy_outcome_passes_when_victim_absent_and_n_fragments ... ok
test read_after_commit_passes_when_all_committed_servers_are_readable ... ok

test result: ok. 17 passed; 0 failed; 2 ignored; 0 measured; 0 filtered out; finished in 0.00s

     Running tests/tier2_integration.rs (target/llvm-cov-target/debug/deps/tier2_integration-4680e96b16574361)

running 1 test
test write_read_byte_identical_over_real_networked_dservers ... ignored, Tier-2: needs real containerized gRPC D servers — run via `cargo xtask integration`

test result: ok. 0 passed; 0 failed; 1 ignored; 0 measured; 0 filtered out; finished in 0.00s

     Running tests/tier2_kill_reconstruct.rs (target/llvm-cov-target/debug/deps/tier2_kill_reconstruct-b04523b672cec4f9)

running 10 tests
test distinct_domains_fails_for_duplicate_domain ... ok
test kill_reconstruct_restores_full_redundancy_in_distinct_domains ... ignored, Tier-2: needs real containerized D servers — run via `cargo xtask kill-reconstruct`
test distinct_domains_passes_for_all_different ... ok
test distinct_domains_fails_for_unregistered_server ... ok
test redundancy_outcome_fails_when_victim_in_placement ... ok
test garbage_not_corruption_fails_when_victim_not_in_committed_placement ... ok
test garbage_not_corruption_fails_when_orphan_is_absent ... ok
test redundancy_outcome_passes_when_victim_absent_and_n_fragments ... ok
test redundancy_outcome_fails_when_wrong_fragment_count ... ok
test garbage_not_corruption_passes_when_orphan_exists_and_victim_still_in_committed_placement ... ok

test result: ok. 9 passed; 0 failed; 1 ignored; 0 measured; 0 filtered out; finished in 0.00s

     Running tests/write_deadline.rs (target/llvm-cov-target/debug/deps/write_deadline-2fad859c0a0820da)

running 5 tests
test expired_deadline_is_refused_by_the_server_and_never_stored ... ok
test absent_deadline_stores_exactly_as_before_issue_638 ... ok
test a_live_write_within_its_deadline_stores_and_reads_back_byte_identical ... ok
test a_deadline_refusal_is_distinguishable_from_both_a_client_fault_and_a_disk_fault ... ok
test a_write_parked_past_its_deadline_is_refused_when_finally_applied ... ok

test result: ok. 5 passed; 0 failed; 0 ignored; 0 measured; 0 filtered out; finished in 0.61s
run-diff-cov.sh: MEASURE — cargo llvm-cov test -p xtask (fix applied)
info: cargo-llvm-cov currently setting cfg(coverage); you can opt-out it by passing --no-cfg-coverage
   Compiling xtask v0.0.0 (/home/eddie/wyrd/wyrd-cov-l0/xtask)
    Finished `test` profile [unoptimized + debuginfo] target(s) in 1.15s
     Running unittests src/lib.rs (target/llvm-cov-target/debug/deps/xtask-675b9c81756c59e9)

running 5 tests
test consistency_run::tests::default_leg_is_partition ... ok
test consistency_run::tests::run_plan_visits_the_nemesis_window_between_workload_and_heal ... ok
test consistency_run::tests::evaluate_summary_requires_both_attestations ... ok
test consistency_run::tests::the_nemesis_field_carries_the_typed_evidence_not_a_bare_boolean ... ok
test consistency_run::tests::checker_output_is_three_valued_and_never_silently_passes ... ok

test result: ok. 5 passed; 0 failed; 0 ignored; 0 measured; 0 filtered out; finished in 0.00s

     Running unittests src/main.rs (target/llvm-cov-target/debug/deps/xtask-714584dd3cd2b0cd)

running 23 tests
test faults::tests::deferred_when_not_opted_in ... ok
test consistency_run_runner::tests::the_cluster_file_names_every_declared_coordinator ... ok
test faults::tests::opted_in_with_tool_runs ... ok
test faults::tests::opted_in_without_tool_fails_hard ... ok
test faults::tests::jepsen_dispatch_routes_to_in_repo_scenario_not_external_command ... ok
test faults::tests::tier1_jepsen_isolation_legs_includes_network_partition_not_freeze_only ... ok
test fdb_faults::tests::every_declared_leg_exists_as_a_test_binary ... ok
test fdb_faults::tests::the_readiness_gate_is_not_fooled_by_an_unhealthy_cluster ... ok
test kill_reconstruct::tests::container_name_is_one_indexed ... ok
test kill_reconstruct::tests::victim_is_always_server_zero ... ok
test fdb_faults::tests::the_cluster_file_names_every_declared_coordinator ... ok
test tests::ci_type_checks_feature_gated_metadata_scenario ... ok
test tests::ci_type_checks_the_fdb_feature_on_the_fdb_toolchain_alone ... ok
test tests::clean_run_finalizes_without_capturing_or_panicking ... ok
test tests::dserver_count_accepts_a_valid_value_silently ... ok
test tests::dserver_count_rejects_unusable_values_with_a_warning ... ok
test tests::dserver_count_unset_uses_default_silently ... ok
test tests::err_return_finalizes_capture_then_teardown_and_propagates ... ok
test tests::failure_captures_logs_before_teardown ... ok
test tests::statics_allowlist_covers_only_the_barrier ... ok
test tests::panic_finalizes_capture_then_teardown_then_resumes ... ok
test tests::success_tears_down_without_capturing_logs ... ok
test tests::statics_gate_flags_globals_not_fields ... ok

test result: ok. 23 passed; 0 failed; 0 ignored; 0 measured; 0 filtered out; finished in 0.00s

     Running tests/consistency_ci_job.rs (target/llvm-cov-target/debug/deps/consistency_ci_job-39ce3083d0219cc4)

running 5 tests
test d_the_nightly_reporter_watches_the_new_job ... ok
test a_workflow_name_equals_the_landed_verdict_dispatch_seat ... ok
test c_the_run_artifacts_are_uploaded_from_where_408_actually_writes_them ... ok
test b_triggers_are_schedule_and_dispatch_only_bounded_and_thin ... ok
test e_the_dst_promotion_anchor_exists_and_replays_the_faithful_property_bodies ... ok

test result: ok. 5 passed; 0 failed; 0 ignored; 0 measured; 0 filtered out; finished in 0.00s

     Running tests/consistency_run_orchestration.rs (target/llvm-cov-target/debug/deps/consistency_run_orchestration-3619a774699b839d)

running 40 tests
test a_captured_pass_output_parses_to_pass ... ok
test a_captured_fail_output_parses_to_a_genuine_violation ... ok
test a_captured_unknown_output_parses_to_inconclusive_even_with_exit_zero ... ok
test a_delete_pool_whose_checks_held_reports_no_violation ... ok
test a_summary_attesting_both_witnesses_evaluates_conclusive ... ok
test a_missing_field_fails_the_vocabulary_pin ... ok
test a_jar_without_a_recorded_revision_still_identifies_by_version_and_hash ... ok
test a_summary_missing_the_inv2_witness_is_inconclusive ... ok
test a_summary_whose_composed_final_read_is_indeterminate_is_inconclusive_and_names_the_members ... ok
test a_summary_whose_typed_evidence_did_not_materialize_is_inconclusive ... ok
test a_field_the_scenario_emits_but_the_seam_does_not_name_is_a_hard_error ... ok
test a_true_token_contradicted_by_a_nonzero_exit_is_inconclusive_never_a_pass ... ok
test an_unrecognized_leg_name_is_a_hard_error_not_a_silent_fallback ... ok
test each_violated_wyrd_check_is_named_so_the_run_can_fail_on_it ... ok
test an_unknown_field_nested_inside_the_seam_is_a_hard_error_too ... ok
test not_opted_in_is_always_ok_deferred_not_an_error ... ok
test opted_in_but_missing_any_piece_is_a_hard_error_naming_it ... ok
test metadata_without_a_version_is_a_hard_error_never_an_unknown_placeholder ... ok
test opted_in_with_a_full_environment_is_ok ... ok
test opted_in_with_nothing_present_names_every_missing_piece ... ok
test run_plan_carries_bring_up_through_report_in_order ... ok
test scenario_argv_targets_wyrd_server_with_the_fdb_feature_and_ignored_flag ... ok
test skew_and_pause_are_selectable_by_name ... ok
test the_default_leg_is_partition_never_a_silent_no_fault ... ok
test the_degraded_composed_read_is_checker_verified_to_be_inconclusive_not_a_vacuous_pass ... ok
test the_delete_pools_violation_is_independent_of_the_vacuity_gate ... ok
test the_directory_invocation_uses_the_set_model_not_set_full ... ok
test the_directory_fixtures_use_the_set_vocabulary_with_integer_elements_only ... ok
test the_member_id_map_field_renders_every_pair_and_says_so_when_empty ... ok
test the_known_good_and_known_bad_register_histories_carry_the_txn_vocabulary ... ok
test the_real_jars_pom_properties_parses_to_its_version_and_revision ... ok
test the_register_invocation_uses_the_rw_register_model ... ok
test the_report_names_the_checker_version_not_only_the_jar_hash ... ok
test the_member_id_map_crosses_the_seam_rather_than_being_dropped_on_the_floor ... ok
test the_report_nemesis_field_attests_how_the_fault_bit_not_a_bare_boolean ... ok
test the_report_renders_all_five_named_fields ... ok
test the_report_resolves_the_set_models_integer_elements_via_the_member_id_map ... ok
test the_self_check_confirms_known_good_parses_pass_and_known_bad_parses_violation ... ok
test the_run_summary_is_parsed_from_json_carrying_the_typed_evidence_and_outcome_counts ... ok
test the_version_is_read_from_the_jars_own_metadata_entry ... ok

test result: ok. 40 passed; 0 failed; 0 ignored; 0 measured; 0 filtered out; finished in 0.00s

     Running tests/deploy_no_orchestrator_coupling.rs (target/llvm-cov-target/debug/deps/deploy_no_orchestrator_coupling-b4a21066ee6de74f)

running 6 tests
test orchestrator_needles_are_non_empty_and_import_shaped ... ok
test scan_line_catches_a_kube_import ... ok
test scan_line_ignores_comments_and_prose ... ok
test scan_dir_is_red_when_an_orchestrator_import_is_planted ... ok
test small_multi_node_compose_config_is_structurally_valid ... ok
test scan_dir_is_green_over_the_real_workspace_crates ... ok

test result: ok. 6 passed; 0 failed; 0 ignored; 0 measured; 0 filtered out; finished in 0.09s

     Running tests/disk_faults_orchestration.rs (target/llvm-cov-target/debug/deps/disk_faults_orchestration-e1ccbd797381ab47)

running 12 tests
test campaign_verdict_fails_if_reconstruction_propagated_error ... ok
test dm_table_error_embeds_sector_count ... ok
test campaign_verdict_passes_full_redundancy_no_errors ... ok
test campaign_verdict_components_are_recorded_faithfully ... ok
test campaign_verdict_zero_intact_fails ... ok
test campaign_verdict_fails_if_chunk_not_at_full_redundancy ... ok
test campaign_verdict_fails_if_scrub_leg_inert ... ok
test dm_table_error_produces_correct_dmsetup_string ... ok
test dm_table_linear_produces_correct_dmsetup_string ... ok
test verdict_scrub_leg_detected_when_chunk_enqueued ... ok
test dm_table_linear_embeds_sector_count_and_device ... ok
test verdict_scrub_leg_not_detected_when_queue_empty ... ok

test result: ok. 12 passed; 0 failed; 0 ignored; 0 measured; 0 filtered out; finished in 0.00s

     Running tests/dist_templates.rs (target/llvm-cov-target/debug/deps/dist_templates-d2f6d6babad06b45)

running 14 tests
test dist_args_parse_and_refuse_correctly ... ok
test image_tags_sanitize_the_semver_plus ... ok
test install_sh_preserves_live_configs_on_upgrade ... ok
test leftover_placeholders_refuse_and_bindir_survives ... ok
test install_sh_never_enables_or_starts_units ... ok
test normalize_describe_covers_all_three_shapes ... ok
test env_examples_name_every_load_bearing_flag ... ok
test the_custodian_unit_warns_run_exactly_one ... ok
test only_the_metadata_opening_roles_may_write_the_fdb_cluster_file ... ok
test install_sh_keeps_its_contract ... ok
test the_staging_plan_matches_the_repo ... ok
test the_installer_pin_shares_the_dockerfile_source_of_truth ... ok
test units_run_unprivileged_from_etc_wyrd_and_keep_the_bindir_token ... ok
test units_carry_the_hardening_baseline ... ok

test result: ok. 14 passed; 0 failed; 0 ignored; 0 measured; 0 filtered out; finished in 0.00s

     Running tests/fdb_deploy_profiles.rs (target/llvm-cov-target/debug/deps/fdb_deploy_profiles-090196639aacdb06)

running 11 tests
test both_new_fdb_stacks_exist ... ok
test readme_records_the_tikv_fdb_single_zone_pairing ... ok
test each_single_zone_fdbserver_pins_a_stable_locality_hostname ... ok
test readme_profile_matrix_names_all_six_profiles ... ok
test readme_records_the_tikv_stand_down ... ok
test fdb_single_zone_wires_every_metadata_role_to_fdb_and_none_to_tikv ... ok
test readme_states_which_single_zone_stack_is_canonical ... ok
test the_single_zone_shares_fdb0s_cluster_file_with_the_wyrd_roles ... ok
test each_single_zone_fdbserver_persists_its_data_directory ... ok
test fdb_multi_replica_declares_three_processes_and_the_fault_sidecar ... ok
test small_multi_node_fdb_compose_config_is_structurally_valid ... ok

test result: ok. 11 passed; 0 failed; 0 ignored; 0 measured; 0 filtered out; finished in 0.07s

     Running tests/fdb_harness.rs (target/llvm-cov-target/debug/deps/fdb_harness-935f71399afddc44)

running 30 tests
test a_missing_client_library_names_the_client_package ... ok
test a_bare_xtask_step_is_a_head_but_every_evasion_shape_is_not ... ok
test a_missing_client_library_stops_the_job_before_a_container_is_started ... ok
test a_passing_row_carries_no_remediation ... ok
test a_missing_docker_stops_the_job_before_a_container_is_started ... ok
test an_unavailable_cluster_is_not_read_as_available ... ok
test an_unhealthy_cluster_names_the_bring_up_command ... ok
test an_unreadable_cluster_file_names_the_env_var_and_its_default ... ok
test a_ready_environment_enters_the_stack_exactly_once_and_propagates_its_result ... ok
test cluster_file_path_falls_back_to_the_default_when_unset_or_blank ... ok
test doctor_is_green_when_every_probe_passes ... ok
test feature_gated_checks_type_check_the_fdb_surface_when_the_fdb_toolchain_is_present ... ok
test ldconfig_fallback_recognises_the_client_library ... ok
test doctor_is_red_when_a_failing_probe_outcome_is_planted ... ok
test probe_client_library_finds_a_custom_prefix_build_via_fdb_client_lib_path ... ok
test the_client_library_search_honours_fdb_client_lib_path ... ok
test the_audit_policy_records_what_cargo_deny_cannot_see ... ok
test the_fdb_and_tikv_toolchain_gates_are_independent ... ok
test the_licence_wall_covers_the_optional_backend_graphs_from_one_allowlist ... ok
test the_doctors_cluster_file_literals_match_the_drivers_own ... ok
test the_conformance_command_delegates_to_the_gate_and_is_red_when_it_does_not ... ok
test the_conformance_preflight_is_handed_the_real_measured_probes ... ok
test the_pinned_fdb_version_agrees_across_the_image_the_client_and_the_doctor ... ok
test the_workflow_head_scrape_is_red_when_the_conformance_step_is_evaded ... ok
test the_workflow_opts_the_fdb_typechecks_into_the_whole_gate ... ok
test the_live_client_library_adapter_reads_the_real_env_and_filesystem ... ok
test the_workflow_runs_on_pull_requests_and_nightly_and_is_not_a_merge_gate ... ok
test the_shipped_artifact_wall_carries_no_off_by_default_backend_exception ... ok
test the_pull_request_leg_type_checks_every_fdb_feature_arm_it_filters_on ... ok
test the_fdb_conformance_workflow_runs_only_real_dispatched_subcommands ... ok

test result: ok. 30 passed; 0 failed; 0 ignored; 0 measured; 0 filtered out; finished in 0.00s

     Running tests/fdb_image.rs (target/llvm-cov-target/debug/deps/fdb_image-9dca627bfe9209fc)

running 4 tests
test fdb_version_is_consistent_across_dockerfile_compose_and_crate ... ok
test dockerfile_is_multistage_nonroot_and_parameterized ... ok
test consistency_check_is_red_on_a_mismatched_fdb_version ... ok
test workflow_exists_resolves_and_filters_the_fdb_surface ... ok

test result: ok. 4 passed; 0 failed; 0 ignored; 0 measured; 0 filtered out; finished in 0.00s

     Running tests/metadata_faults_orchestration.rs (target/llvm-cov-target/debug/deps/metadata_faults_orchestration-ca78b1f34aaa74d2)

running 3 tests
test dispatch_routes_to_in_repo_scenario_not_external_command ... ok
test legacy_var_is_the_only_path_to_the_removed_external_route ... ok
test in_repo_scenario_argv_carries_the_tikv_feature_and_ignored_flag ... ok

test result: ok. 3 passed; 0 failed; 0 ignored; 0 measured; 0 filtered out; finished in 0.00s

     Running tests/nemesis_orchestration.rs (target/llvm-cov-target/debug/deps/nemesis_orchestration-df77e8e5bf5a5875)

running 4 tests
test campaign_runs_all_three_fault_classes_not_a_subset ... ok
test each_leg_routes_to_its_own_scenario_function ... ok
test runner_argv_carries_the_fdb_feature_and_the_ignored_exact_leg ... ok
test the_name_drift_guard_rejects_a_leg_that_ran_zero_tests ... ok

test result: ok. 4 passed; 0 failed; 0 ignored; 0 measured; 0 filtered out; finished in 0.00s

     Running tests/readme_dev_section.rs (target/llvm-cov-target/debug/deps/readme_dev_section-4869bb9b8041b208)

running 1 test
test readme_documents_development_and_testing ... ok

test result: ok. 1 passed; 0 failed; 0 ignored; 0 measured; 0 filtered out; finished in 0.00s

     Running tests/repo_hygiene_guards.rs (target/llvm-cov-target/debug/deps/repo_hygiene_guards-cad8f1945ab9340d)

running 29 tests
test scan_gitlinks_follows_gits_effective_value_for_duplicate_stanzas ... ok
test scan_gitlinks_is_green_for_a_declared_submodule ... ok
test scan_gitlinks_is_red_on_a_quoted_worktree_path ... ok
test scan_gitlinks_is_red_on_a_url_less_submodule_stanza ... ok
test scan_gitlinks_is_red_on_any_tracked_agent_worktree_entry ... ok
test scan_crate_roots_accepts_comment_markers_inside_attribute_strings ... ok
test scan_gitlinks_is_red_on_an_undeclared_gitlink ... ok
test scan_crate_roots_accepts_a_leading_utf8_bom ... ok
test target_src_paths_follows_manifest_overrides_for_every_kind ... ok
test a_crate_missing_from_workspace_members_is_reported ... ok
test scan_crate_roots_fails_closed_when_it_cannot_see_the_tree ... ok
test unsafe_forbid_allowlist_is_narrow_and_reasoned ... ok
test a_cfg_attr_touching_unsafe_code_is_a_conditional_policy_and_red ... ok
test target_src_paths_rejects_unusable_metadata ... ok
test scan_crate_roots_is_red_on_an_uncovered_bin_root ... ok
test scan_crate_roots_covers_build_scripts_benches_and_examples ... ok
test scan_crate_roots_ignores_brackets_and_attributes_inside_strings ... ok
test scan_crate_roots_looks_past_a_leading_shebang ... ok
test scan_crate_roots_requires_the_attribute_at_crate_level ... ok
test scan_crate_roots_accepts_any_forbid_list_containing_unsafe_code ... ok
test scan_crate_roots_is_red_when_the_attribute_is_missing ... ok
test scan_crate_roots_finds_packages_below_an_intermediate_directory ... ok
test the_deny_exemption_is_red_when_a_later_allow_overrides_it ... ok
test the_manifest_walk_does_not_follow_directory_symlinks ... ok
test scan_crate_roots_rejects_a_commented_out_attribute ... ok
test scan_crate_roots_honors_the_deny_allowlist ... ok
test scan_gitlinks_is_green_over_the_real_index ... ok
test every_crate_directory_is_a_workspace_member_today ... ok
test scan_crate_roots_is_green_over_the_real_workspace_crates ... ok

test result: ok. 29 passed; 0 failed; 0 ignored; 0 measured; 0 filtered out; finished in 0.09s
run-diff-cov.sh: NOTE — 23 of 152 changed production lines carried a coverage
                 region; the other 129 are not scored either way. Most are simply not
                 executable (comments, `use`, declarations, bare delimiters). But code
                 compiled out by a #[cfg(...)] your feature selection does not enable looks
                 identical here, and this gate cannot tell the two apart (#222).
                 The largest unscored spans, so you can tell at a glance which it is:
run-diff-cov.sh:   UNSCORED crates/server/src/lib.rs:50-82 (33 lines)
run-diff-cov.sh:   UNSCORED crates/server/src/cli.rs:2295-2313 (19 lines)
run-diff-cov.sh:   UNSCORED crates/server/src/cli.rs:2963-2981 (19 lines)
run-diff-cov.sh:   UNSCORED crates/chunkstore-grpc/src/lib.rs:37-50 (14 lines)
run-diff-cov.sh:   UNSCORED crates/server/src/lib.rs:813-818 (6 lines)
run-diff-cov.sh:   UNSCORED crates/server/src/lib.rs:175-179 (5 lines)
run-diff-cov.sh:   … and 19 further span(s), none larger; all of them are in coverage/diff-cov.json
run-diff-cov.sh: MISS crates/server/src/cli.rs:2199
run-diff-cov.sh: MISS crates/server/src/cli.rs:2200
run-diff-cov.sh: MISS crates/server/src/cli.rs:2314
run-diff-cov.sh: MISS crates/server/src/cli.rs:2315
run-diff-cov.sh: MISS crates/server/src/cli.rs:2316
run-diff-cov.sh: MISS crates/server/src/cli.rs:2317
run-diff-cov.sh: MISS crates/server/src/cli.rs:2333
run-diff-cov.sh: MISS crates/server/src/cli.rs:2334
run-diff-cov.sh: MISS crates/server/src/cli.rs:2335
run-diff-cov.sh: MISS crates/server/src/cli.rs:2336
run-diff-cov.sh: MISS crates/server/src/cli.rs:2337
run-diff-cov.sh: MISS crates/server/src/cli.rs:2378
run-diff-cov.sh: MISS crates/server/src/cli.rs:2444
run-diff-cov.sh: MISS crates/server/src/cli.rs:2445
run-diff-cov.sh: MISS crates/server/src/cli.rs:2446
METRIC diff_cov=34.8 covered=8 instrumentable=23 unscored=129
run-diff-cov.sh: C4-diff-cov: uncovered changed lines in crate wyrd-server — 15 of 20 not executed by the patch tests (75.0% uncovered)
run-diff-cov.sh: FAIL — the patch's tests execute 34.8% of its instrumentable changed
                 lines, below the 80% floor. Each MISS above is a REACH gap: the
                 line never ran. (A line that DID run may still be unasserted — that is
                 C5-mutants' question, not this row's.)
PDCA-EVIDENCE: diff coverage 34.8% — 8 of 23 instrumentable changed lines executed (below the 80% floor); 23 of 152 changed lines were instrumentable
