# gate: C4-verify — per-fix red->green: this patch's test red pre-fix, green post-fix
# cmd: ./engine/scripts/run-verify.sh
# cwd: /home/eddie/wyrd/wyrd-pdca
# PDCA_WORKTREE: /home/eddie/wyrd/wyrd.pdca-wt-l0
# start: 2026-10-01T00:57:52+00:00
# duration_secs: 15.98
# exit: 0
# outcome: pass
# ---- combined stdout+stderr (verbatim) ----
run-verify.sh: GREEN — cargo test -p wyrd-server --test s3_chunk_size_flag (fix applied)

running 6 tests
......
test result: ok. 6 passed; 0 failed; 0 ignored; 0 measured; 0 filtered out; finished in 4.79s
run-verify.sh: RED — cargo test -p wyrd-server --test s3_chunk_size_flag (production reverted, test kept)

running 6 tests
s3_usage_line_lists_chunk_size --- FAILED
chunk_size_zero_is_refused_and_one_is_accepted --- FAILED
chunk_size_non_numeric_and_signed_values_are_refused --- FAILED
chunk_size_ceiling_is_one_gib_inclusive --- FAILED
chunk_size_flag_sets_the_on_disk_chunk_count_and_absence_keeps_the_default --- FAILED
a_chunk_past_the_4_mib_grpc_default_round_trips_through_a_d_server --- FAILED

failures:

---- s3_usage_line_lists_chunk_size stdout ----

thread 's3_usage_line_lists_chunk_size' (2372074) panicked at crates/server/tests/s3_chunk_size_flag.rs:462:5:
the `wyrd s3` usage line must list `[--chunk-size N]`:   wyrd s3 --access-key KEY --secret-key SECRET [--s3-listen ADDR] [--data-dir DIR] [--region NAME] [--endpoints URL,URL,…] [--metadata-backend redb|tikv|fdb] [--coordination-backend mem|etcd] [--otlp-endpoint URL]
note: run with `RUST_BACKTRACE=1` environment variable to display a backtrace

---- chunk_size_zero_is_refused_and_one_is_accepted stdout ----

thread 'chunk_size_zero_is_refused_and_one_is_accepted' (2372073) panicked at crates/server/tests/s3_chunk_size_flag.rs:405:35:
`--chunk-size 0` must be refused before binding, but the role serves on 127.0.0.1:46749; stderr: ["wyrd s3: serving S3-compatible HTTP on 127.0.0.1:46749 (data-dir /var/tmp/pdca/wyrd-pdca-9c587031/issue_738/.tmpBZczSJ)"]

---- chunk_size_non_numeric_and_signed_values_are_refused stdout ----

thread 'chunk_size_non_numeric_and_signed_values_are_refused' (2372072) panicked at crates/server/tests/s3_chunk_size_flag.rs:405:35:
`--chunk-size 1MiB` must be refused before binding, but the role serves on 127.0.0.1:39957; stderr: ["wyrd s3: serving S3-compatible HTTP on 127.0.0.1:39957 (data-dir /var/tmp/pdca/wyrd-pdca-9c587031/issue_738/.tmpXZ9mJT)"]

---- chunk_size_ceiling_is_one_gib_inclusive stdout ----

thread 'chunk_size_ceiling_is_one_gib_inclusive' (2372070) panicked at crates/server/tests/s3_chunk_size_flag.rs:405:35:
`--chunk-size 1073741825` must be refused before binding, but the role serves on 127.0.0.1:39377; stderr: ["wyrd s3: serving S3-compatible HTTP on 127.0.0.1:39377 (data-dir /var/tmp/pdca/wyrd-pdca-9c587031/issue_738/.tmphK5a80)"]

---- chunk_size_flag_sets_the_on_disk_chunk_count_and_absence_keeps_the_default stdout ----

thread 'chunk_size_flag_sets_the_on_disk_chunk_count_and_absence_keeps_the_default' (2372071) panicked at crates/server/tests/s3_chunk_size_flag.rs:385:5:
assertion `left == right` failed: `--chunk-size 524288` must split a 2097152-byte object into 4 chunks
  left: 2
 right: 4

---- a_chunk_past_the_4_mib_grpc_default_round_trips_through_a_d_server stdout ----

thread 'a_chunk_past_the_4_mib_grpc_default_round_trips_through_a_d_server' (2372069) panicked at crates/server/tests/s3_chunk_size_flag.rs:502:5:
assertion `left == right` failed: `--chunk-size 33554432` must store a 33554432-byte object as ONE chunk on the D server
  left: 32
 right: 1


failures:
    a_chunk_past_the_4_mib_grpc_default_round_trips_through_a_d_server
    chunk_size_ceiling_is_one_gib_inclusive
    chunk_size_flag_sets_the_on_disk_chunk_count_and_absence_keeps_the_default
    chunk_size_non_numeric_and_signed_values_are_refused
    chunk_size_zero_is_refused_and_one_is_accepted
    s3_usage_line_lists_chunk_size

test result: FAILED. 0 passed; 6 failed; 0 ignored; 0 measured; 0 filtered out; finished in 2.56s

error: test failed, to rerun pass `-p wyrd-server --test s3_chunk_size_flag`
run-verify.sh: PASS — red without the fix, green with it (6 test(s) ran red).
