# gate: C4-diff-cov — diff coverage: changed lines executed by the patch's tests
# cmd: ./engine/scripts/run-diff-cov.sh
# cwd: /home/eddie/wyrd/wyrd-pdca
# PDCA_WORKTREE: /home/eddie/wyrd/wyrd.pdca-wt-l1
# start: 2026-09-19T22:42:23+00:00
# duration_secs: 4.13
# exit: 0
# outcome: pass
# ---- combined stdout+stderr (verbatim) ----
run-diff-cov.sh: MEASURE — cargo llvm-cov test -p wyrd-custodian --test staged_drain_status (fix applied)
info: cargo-llvm-cov currently setting cfg(coverage); you can opt-out it by passing --no-cfg-coverage
   Compiling wyrd-traits v0.0.0 (/home/eddie/wyrd/wyrd-cov-l1/crates/traits)
   Compiling wyrd-chunk-format v0.0.0 (/home/eddie/wyrd/wyrd-cov-l1/crates/chunk-format)
   Compiling wyrd-telemetry v0.0.0 (/home/eddie/wyrd/wyrd-cov-l1/crates/telemetry)
   Compiling wyrd-testkit v0.0.0 (/home/eddie/wyrd/wyrd-cov-l1/crates/testkit)
   Compiling wyrd-core v0.0.0 (/home/eddie/wyrd/wyrd-cov-l1/crates/core)
   Compiling wyrd-chunkstore-fs v0.0.0 (/home/eddie/wyrd/wyrd-cov-l1/crates/chunkstore-fs)
   Compiling wyrd-coordination-mem v0.0.0 (/home/eddie/wyrd/wyrd-cov-l1/crates/coordination-mem)
   Compiling wyrd-custodian v0.0.0 (/home/eddie/wyrd/wyrd-cov-l1/crates/custodian)
    Finished `test` profile [unoptimized + debuginfo] target(s) in 3.06s
     Running tests/staged_drain_status.rs (target/llvm-cov-target/debug/deps/staged_drain_status-4732ddbf8cbacec6)

running 10 tests
test a_committed_part_holds_the_drain ... ok
test an_in_flight_part_holds_the_drain ... ok
test a_publication_during_the_query_cannot_hide_a_chunk_from_both_classes ... ok
test a_store_fault_under_the_staged_reading_fails_the_query ... ok
test rebalance_moves_no_staged_fragment_while_the_drain_is_pending ... ok
test a_drain_finishes_when_the_uploads_live_elsewhere ... ok
test untrusted_placements_of_both_classes_are_each_named_once ... ok
test an_untrusted_staged_record_blocks_every_drain ... ok
test unreadable_records_of_both_classes_are_all_named ... ok
test an_unreadable_staged_record_blocks_every_drain ... ok

test result: ok. 10 passed; 0 failed; 0 ignored; 0 measured; 0 filtered out; finished in 0.00s
run-diff-cov.sh: NOTE — 22 of 139 changed production lines carried a coverage
                 region; the other 117 are not scored either way. Most are simply not
                 executable (comments, `use`, declarations, bare delimiters). But code
                 compiled out by a #[cfg(...)] your feature selection does not enable looks
                 identical here, and this gate cannot tell the two apart (#222).
                 The largest unscored spans, so you can tell at a glance which it is:
run-diff-cov.sh:   UNSCORED crates/custodian/src/desired_state.rs:211-221 (11 lines)
run-diff-cov.sh:   UNSCORED crates/custodian/src/rebalance.rs:242-252 (11 lines)
run-diff-cov.sh:   UNSCORED crates/custodian/src/gc.rs:875-883 (9 lines)
run-diff-cov.sh:   UNSCORED crates/custodian/src/desired_state.rs:291-297 (7 lines)
run-diff-cov.sh:   UNSCORED crates/custodian/src/desired_state.rs:343-349 (7 lines)
run-diff-cov.sh:   UNSCORED crates/custodian/src/rebalance.rs:60-66 (7 lines)
run-diff-cov.sh:   … and 18 further span(s), none larger; all of them are in coverage/diff-cov.json
METRIC diff_cov=100.0 covered=22 instrumentable=22 unscored=117
run-diff-cov.sh: PASS — the patch's tests execute 100.0% of its 22 instrumentable changed
                 lines (floor 80%, 10 test(s) ran).
PDCA-EVIDENCE: diff coverage 100.0% — 22 of 22 instrumentable changed lines executed (floor 80%); 22 of 139 changed lines were instrumentable
