# gate: C4-verify — per-fix red->green: this patch's test red pre-fix, green post-fix
# cmd: ./engine/scripts/run-verify.sh
# cwd: /home/eddie/wyrd/wyrd-pdca
# PDCA_WORKTREE: /home/eddie/wyrd/wyrd.pdca-wt-l1
# start: 2026-09-19T22:42:20+00:00
# duration_secs: 3.03
# exit: 0
# outcome: pass
# ---- combined stdout+stderr (verbatim) ----
run-verify.sh: GREEN — cargo test -p wyrd-custodian --test staged_drain_status (fix applied)

running 10 tests
..........
test result: ok. 10 passed; 0 failed; 0 ignored; 0 measured; 0 filtered out; finished in 0.00s
run-verify.sh: RED — cargo test -p wyrd-custodian --test staged_drain_status (production reverted, test kept)

running 10 tests
a_committed_part_holds_the_drain --- FAILED
a_publication_during_the_query_cannot_hide_a_chunk_from_both_classes --- FAILED
an_in_flight_part_holds_the_drain --- FAILED
. 4/10
an_untrusted_staged_record_blocks_every_drain --- FAILED
a_store_fault_under_the_staged_reading_fails_the_query --- FAILED
an_unreadable_staged_record_blocks_every_drain --- FAILED
unreadable_records_of_both_classes_are_all_named --- FAILED
untrusted_placements_of_both_classes_are_each_named_once --- FAILED
rebalance_moves_no_staged_fragment_while_the_drain_is_pending --- FAILED

failures:

---- a_committed_part_holds_the_drain stdout ----

thread 'a_committed_part_holds_the_drain' (3599249) panicked at crates/custodian/tests/staged_drain_status.rs:571:5:
assertion `left == right` failed: the drained server holds fragment 1 of a chunk a committed part names; certifying the drain licenses wiping bytes a Complete will publish
  left: Satisfied
 right: Pending
note: run with `RUST_BACKTRACE=1` environment variable to display a backtrace

---- a_publication_during_the_query_cannot_hide_a_chunk_from_both_classes stdout ----

thread 'a_publication_during_the_query_cannot_hide_a_chunk_from_both_classes' (3599251) panicked at crates/custodian/tests/staged_drain_status.rs:939:5:
assertion `left == right` failed: the published chunk is on the drained server throughout; a publication racing the query must not hide it from both classes
  left: Satisfied
 right: Pending

---- an_in_flight_part_holds_the_drain stdout ----

thread 'an_in_flight_part_holds_the_drain' (3599253) panicked at crates/custodian/tests/staged_drain_status.rs:548:5:
assertion `left == right` failed: the drained server holds fragment 1 of a chunk an in-flight part's owned entry names; certifying the drain licenses wiping bytes the part will commit and publish
  left: Satisfied
 right: Pending

---- an_untrusted_staged_record_blocks_every_drain stdout ----

thread 'an_untrusted_staged_record_blocks_every_drain' (3599255) panicked at crates/custodian/tests/staged_drain_status.rs:840:9:
assertion `left == right` failed: ShortOwnedPlacement: a staged record that cannot be trusted about where its chunk is must block the drain under that chunk's id
  left: Satisfied
 right: PendingMalformed { chunks: [3727] }

---- a_store_fault_under_the_staged_reading_fails_the_query stdout ----

thread 'a_store_fault_under_the_staged_reading_fails_the_query' (3599252) panicked at crates/custodian/tests/staged_drain_status.rs:899:5:
a query that could not read the staged class must fail, not answer: Ok(Satisfied)

---- an_unreadable_staged_record_blocks_every_drain stdout ----

thread 'an_unreadable_staged_record_blocks_every_drain' (3599254) panicked at crates/custodian/tests/staged_drain_status.rs:733:9:
assertion `left == right` failed: UndecodablePart: a staged record the query cannot read must block the drain and be named in the answer
  left: Satisfied
 right: PendingUnresolvable { objects: ["part:e1e1e1e1e1e1e1e1e1e1e1e1e1e1e1e1:000003"] }

---- unreadable_records_of_both_classes_are_all_named stdout ----

thread 'unreadable_records_of_both_classes_are_all_named' (3599257) panicked at crates/custodian/tests/staged_drain_status.rs:771:5:
assertion `left == right` failed: both unreadable records block the drain, committed objects first
  left: PendingUnresolvable { objects: ["inode:9"] }
 right: PendingUnresolvable { objects: ["inode:9", "part:e2e2e2e2e2e2e2e2e2e2e2e2e2e2e2e2:000003"] }

---- untrusted_placements_of_both_classes_are_each_named_once stdout ----

thread 'untrusted_placements_of_both_classes_are_each_named_once' (3599258) panicked at crates/custodian/tests/staged_drain_status.rs:876:5:
assertion `left == right` failed: every untrusted chunk blocks the drain, each named once, in chunk order
  left: PendingMalformed { chunks: [3781, 3783] }
 right: PendingMalformed { chunks: [3781, 3782, 3783] }

---- rebalance_moves_no_staged_fragment_while_the_drain_is_pending stdout ----

thread 'rebalance_moves_no_staged_fragment_while_the_drain_is_pending' (3599256) panicked at crates/custodian/tests/staged_drain_status.rs:664:5:
assertion `left == right` failed: rebalance planned nothing for the draining server, and the drain status must not certify it either: both of its fragments are staged there
  left: Satisfied
 right: Pending


failures:
    a_committed_part_holds_the_drain
    a_publication_during_the_query_cannot_hide_a_chunk_from_both_classes
    a_store_fault_under_the_staged_reading_fails_the_query
    an_in_flight_part_holds_the_drain
    an_unreadable_staged_record_blocks_every_drain
    an_untrusted_staged_record_blocks_every_drain
    rebalance_moves_no_staged_fragment_while_the_drain_is_pending
    unreadable_records_of_both_classes_are_all_named
    untrusted_placements_of_both_classes_are_each_named_once

test result: FAILED. 1 passed; 9 failed; 0 ignored; 0 measured; 0 filtered out; finished in 0.00s

error: test failed, to rerun pass `-p wyrd-custodian --test staged_drain_status`
run-verify.sh: PASS — red without the fix, green with it (10 test(s) ran red).
