# gate C4-ci — attempt 1/2: fail (exit 1)
# cmd: ./engine/xtask.sh ci
# cwd: /home/eddie/wyrd/wyrd-pdca
# PDCA_WORKTREE: /home/eddie/wyrd/wyrd.pdca-wt-l1
# started: 2026-08-08T23:59:25+02:00   duration: 2s


$ typos
error: `entrys` should be `entries`
    ╭▸ ./crates/core/tests/multipart_records.rs:533:13
    │
533 │ fn an_owned_entrys_staged_placement_length_decodes_liberally_contextual_not_structural() {
    ╰╴            ━━━━━━

xtask: `typos` found misspellings (exit exit status: 2). Fix them, or record a deliberate exception in typos.toml (keep the allowlist tight).

# gate C4-ci — attempt 2/2: fail (exit 1)
# cmd: ./engine/xtask.sh ci
# cwd: /home/eddie/wyrd/wyrd-pdca
# PDCA_WORKTREE: /home/eddie/wyrd/wyrd.pdca-wt-l1
# started: 2026-08-08T23:59:28+02:00   duration: 0s


$ typos
error: `entrys` should be `entries`
    ╭▸ ./crates/core/tests/multipart_records.rs:533:13
    │
533 │ fn an_owned_entrys_staged_placement_length_decodes_liberally_contextual_not_structural() {
    ╰╴            ━━━━━━

xtask: `typos` found misspellings (exit exit status: 2). Fix them, or record a deliberate exception in typos.toml (keep the allowlist tight).
