# gate C4-verify — attempt 1/1: unverifiable (exit 77)
# cmd: ./engine/scripts/run-verify.sh
# cwd: /home/eddie/wyrd/wyrd-pdca
# PDCA_WORKTREE: /home/eddie/wyrd/wyrd.pdca-wt-l1
# started: 2026-08-08T23:59:28+02:00   duration: 3s

run-verify.sh: GREEN — cargo test -p wyrd-core --test multipart_records (fix applied)

running 13 tests
.............
test result: ok. 13 passed; 0 failed; 0 ignored; 0 measured; 0 filtered out; finished in 0.00s
run-verify.sh: RED — cargo test -p wyrd-core --test multipart_records (production reverted, test kept)
error[E0432]: unresolved imports `wyrd_core::multipart::decode_admission_record`, `wyrd_core::multipart::decode_owned_entry`, `wyrd_core::multipart::decode_part`, `wyrd_core::multipart::decode_part_summary`, `wyrd_core::multipart::decode_retire_obligation`, `wyrd_core::multipart::decode_session`, `wyrd_core::multipart::decode_slot`, `wyrd_core::multipart::encode_record`, `wyrd_core::multipart::AdmissionRecord`, `wyrd_core::multipart::Budget`, `wyrd_core::multipart::Completion`, `wyrd_core::multipart::OwnedEntry`, `wyrd_core::multipart::PartNumberSet`, `wyrd_core::multipart::PartRecord`, `wyrd_core::multipart::PartSummary`, `wyrd_core::multipart::PublishTarget`, `wyrd_core::multipart::RetirePayload`, `wyrd_core::multipart::SessionRecord`, `wyrd_core::multipart::SessionState`, `wyrd_core::multipart::SlotRecord`, `wyrd_core::multipart::StagedPlacement`
  --> crates/core/tests/multipart_records.rs:29:5
   |
29 |     decode_admission_record, decode_owned_entry, decode_part, decode_part_summary,
   |     ^^^^^^^^^^^^^^^^^^^^^^^  ^^^^^^^^^^^^^^^^^^  ^^^^^^^^^^^  ^^^^^^^^^^^^^^^^^^^ no `decode_part_summary` in `multipart`
   |     |                        |                   |
   |     |                        |                   no `decode_part` in `multipart`
   |     |                        no `decode_owned_entry` in `multipart`
   |     no `decode_admission_record` in `multipart`
30 |     decode_retire_obligation, decode_session, decode_slot, encode_record, retire_key, sidx_key,
   |     ^^^^^^^^^^^^^^^^^^^^^^^^  ^^^^^^^^^^^^^^  ^^^^^^^^^^^  ^^^^^^^^^^^^^ no `encode_record` in `multipart`
   |     |                         |               |
   |     |                         |               no `decode_slot` in `multipart`
   |     |                         no `decode_session` in `multipart`
   |     no `decode_retire_obligation` in `multipart`
31 |     AdmissionRecord, AttemptId, Budget, Completion, Digest, OwnedEntry, PartNumber, PartNumberSet,
   |     ^^^^^^^^^^^^^^^             ^^^^^^  ^^^^^^^^^^          ^^^^^^^^^^              ^^^^^^^^^^^^^
   |     |                           |
   |     |                           no `Budget` in `multipart`
   |     no `AdmissionRecord` in `multipart`
32 |     PartRecord, PartSummary, PublishTarget, RecordError, RetireMode, RetirePayload, RetireToken,
   |     ^^^^^^^^^^  ^^^^^^^^^^^  ^^^^^^^^^^^^^                           ^^^^^^^^^^^^^
33 |     SessionRecord, SessionState, SlotRecord, StagedPlacement, UploadId, TOKEN_HEX_LEN,
   |     ^^^^^^^^^^^^^  ^^^^^^^^^^^^  ^^^^^^^^^^  ^^^^^^^^^^^^^^^

error[E0599]: no variant named `Structural` found for enum `RecordError`
   --> crates/core/tests/multipart_records.rs:294:26
    |
294 |             RecordError::Structural {
    |                          ^^^^^^^^^^ variant not found in `RecordError`

error[E0599]: no variant named `Structural` found for enum `RecordError`
   --> crates/core/tests/multipart_records.rs:321:26
    |
321 |             RecordError::Structural {
    |                          ^^^^^^^^^^ variant not found in `RecordError`

error[E0599]: no variant named `Structural` found for enum `RecordError`
   --> crates/core/tests/multipart_records.rs:366:42
    |
366 |             matches!(error, RecordError::Structural { record: "mpu:", .. }),
    |                                          ^^^^^^^^^^ variant not found in `RecordError`

error[E0599]: no variant named `Structural` found for enum `RecordError`
   --> crates/core/tests/multipart_records.rs:404:26
    |
404 |             RecordError::Structural {
    |                          ^^^^^^^^^^ variant not found in `RecordError`

error[E0599]: no variant named `Structural` found for enum `RecordError`
   --> crates/core/tests/multipart_records.rs:419:26
    |
419 |             RecordError::Structural {
    |                          ^^^^^^^^^^ variant not found in `RecordError`

error[E0599]: no variant named `Structural` found for enum `RecordError`
   --> crates/core/tests/multipart_records.rs:440:26
    |
440 |             RecordError::Structural {
    |                          ^^^^^^^^^^ variant not found in `RecordError`

error[E0609]: no field `owner` on type `PendingEntry`
   --> crates/core/tests/multipart_records.rs:487:21
    |
487 |     assert_eq!(both.owner, Some(owned_entry().owner));
    |                     ^^^^^ unknown field
    |
    = note: available field is: `lease_expiry_millis`

error[E0609]: no field `owner` on type `PendingEntry`
   --> crates/core/tests/multipart_records.rs:611:24
    |
611 |     assert_eq!(decoded.owner, None);
    |                        ^^^^^ unknown field
    |
    = note: available field is: `lease_expiry_millis`

error[E0609]: no field `staged` on type `PendingEntry`
   --> crates/core/tests/multipart_records.rs:612:24
    |
612 |     assert_eq!(decoded.staged, None);
    |                        ^^^^^^ unknown field
    |
    = note: available field is: `lease_expiry_millis`

Some errors have detailed explanations: E0432, E0599, E0609.
For more information about an error, try `rustc --explain E0432`.
error: could not compile `wyrd-core` (test "multipart_records") due to 10 previous errors
run-verify.sh: UNVERIFIABLE — the RED leg's cargo run failed (status 101) WITHOUT
               running a test, so no RED was established. This is NOT 'red without the
               fix' — the discriminator never executed. The usual cause is that it does
               not COMPILE against the reverted base: it calls production API this patch
               adds, so reverting the fix removes the symbol it needs. Split the test so
               it exercises the behaviour through pre-existing API, or record at sign-off
               why this slice has no isolable red (the cargo output is above).
