# gate: C4-verify — per-fix red->green: this patch's test red pre-fix, green post-fix
# cmd: ./engine/scripts/run-verify.sh
# cwd: /home/eddie/wyrd/wyrd-pdca
# PDCA_WORKTREE: /home/eddie/wyrd/wyrd.pdca-wt-l0
# start: 2026-08-18T22:19:56+00:00
# duration_secs: 5.54
# exit: 0
# outcome: pass
# ---- combined stdout+stderr (verbatim) ----
run-verify.sh: GREEN — cargo test -p wyrd-custodian --test segmented_map_repoint (fix applied)

running 7 tests
.......
test result: ok. 7 passed; 0 failed; 0 ignored; 0 measured; 0 filtered out; finished in 0.74s
run-verify.sh: RED — cargo test -p wyrd-custodian --test segmented_map_repoint (production reverted, test kept)

running 7 tests
.. 2/7
a_torn_segment_record_is_contained_once_per_object_never_re_planned --- FAILED
a_segmented_objects_under_replicated_chunk_is_repaired_in_its_own_record --- FAILED
. 5/7
a_racing_move_of_a_sibling_chunk_in_the_same_segment_record_is_merged --- FAILED
.
failures:

---- a_torn_segment_record_is_contained_once_per_object_never_re_planned stdout ----

thread 'a_torn_segment_record_is_contained_once_per_object_never_re_planned' (185240) panicked at crates/custodian/tests/segmented_map_repoint.rs:782:5:
assertion `left == right` failed: one damaged record is ONE name and ONE count, however many obligations meet it: {"timestamp":"2026-08-18T22:20:01.218185Z","level":"INFO","fields":{"histogram.reconstruction_queue_depth":2},"target":"wyrd_custodian::reconstruction"}
{"timestamp":"2026-08-18T22:20:01.218318Z","level":"WARN","fields":{"monotonic_counter.reconstruction_refused_records":1},"target":"wyrd_custodian::reconstruction"}
{"timestamp":"2026-08-18T22:20:01.218328Z","level":"WARN","fields":{"message":"reconstruction refused a repair for a chunk whose committed reference lives in a segmented record; nothing was written, the obligation stays queued, and the pass does not certify","action":"refused-segmented","inode":"inode:1"},"target":"wyrd.custodian.reconstruction.audit"}
{"timestamp":"2026-08-18T22:20:01.218349Z","level":"INFO","fields":{"gauge.reconstruction_under_replicated":0},"target":"wyrd_custodian::reconstruction"}
{"timestamp":"2026-08-18T22:20:01.218357Z","level":"WARN","fields":{"gauge.reconstruction_unreachable":0},"target":"wyrd_custodian::reconstruction"}
{"timestamp":"2026-08-18T22:20:01.218362Z","level":"WARN","fields":{"gauge.reconstruction_repair_blocked":0},"target":"wyrd_custodian::reconstruction"}

  left: (0, 0)
 right: (1, 1)
note: run with `RUST_BACKTRACE=1` environment variable to display a backtrace

---- a_segmented_objects_under_replicated_chunk_is_repaired_in_its_own_record stdout ----

thread 'a_segmented_objects_under_replicated_chunk_is_repaired_in_its_own_record' (185238) panicked at crates/custodian/tests/segmented_map_repoint.rs:504:5:
assertion `left == right` failed: a repair that moved a placement is a change the pass must report: {"timestamp":"2026-08-18T22:20:01.218321Z","level":"INFO","fields":{"histogram.reconstruction_queue_depth":1},"target":"wyrd_custodian::reconstruction"}
{"timestamp":"2026-08-18T22:20:01.218503Z","level":"WARN","fields":{"monotonic_counter.reconstruction_refused_records":1},"target":"wyrd_custodian::reconstruction"}
{"timestamp":"2026-08-18T22:20:01.218514Z","level":"WARN","fields":{"message":"reconstruction refused a repair for a chunk whose committed reference lives in a segmented record; nothing was written, the obligation stays queued, and the pass does not certify","action":"refused-segmented","inode":"inode:1"},"target":"wyrd.custodian.reconstruction.audit"}
{"timestamp":"2026-08-18T22:20:01.218531Z","level":"INFO","fields":{"gauge.reconstruction_under_replicated":0},"target":"wyrd_custodian::reconstruction"}
{"timestamp":"2026-08-18T22:20:01.218536Z","level":"WARN","fields":{"gauge.reconstruction_unreachable":0},"target":"wyrd_custodian::reconstruction"}
{"timestamp":"2026-08-18T22:20:01.218542Z","level":"WARN","fields":{"gauge.reconstruction_repair_blocked":0},"target":"wyrd_custodian::reconstruction"}

  left: Blocked
 right: Changed

---- a_racing_move_of_a_sibling_chunk_in_the_same_segment_record_is_merged stdout ----

thread 'a_racing_move_of_a_sibling_chunk_in_the_same_segment_record_is_merged' (185234) panicked at crates/custodian/tests/segmented_map_repoint.rs:567:5:
assertion `left == right` failed: a repair inside a record another writer touched must still land: {"timestamp":"2026-08-18T22:20:01.218304Z","level":"INFO","fields":{"histogram.reconstruction_queue_depth":1},"target":"wyrd_custodian::reconstruction"}
{"timestamp":"2026-08-18T22:20:01.218557Z","level":"WARN","fields":{"monotonic_counter.reconstruction_refused_records":1},"target":"wyrd_custodian::reconstruction"}
{"timestamp":"2026-08-18T22:20:01.218576Z","level":"WARN","fields":{"message":"reconstruction refused a repair for a chunk whose committed reference lives in a segmented record; nothing was written, the obligation stays queued, and the pass does not certify","action":"refused-segmented","inode":"inode:1"},"target":"wyrd.custodian.reconstruction.audit"}
{"timestamp":"2026-08-18T22:20:01.218614Z","level":"INFO","fields":{"gauge.reconstruction_under_replicated":0},"target":"wyrd_custodian::reconstruction"}
{"timestamp":"2026-08-18T22:20:01.218626Z","level":"WARN","fields":{"gauge.reconstruction_unreachable":0},"target":"wyrd_custodian::reconstruction"}
{"timestamp":"2026-08-18T22:20:01.218637Z","level":"WARN","fields":{"gauge.reconstruction_repair_blocked":0},"target":"wyrd_custodian::reconstruction"}

  left: Blocked
 right: Changed


failures:
    a_racing_move_of_a_sibling_chunk_in_the_same_segment_record_is_merged
    a_segmented_objects_under_replicated_chunk_is_repaired_in_its_own_record
    a_torn_segment_record_is_contained_once_per_object_never_re_planned

test result: FAILED. 4 passed; 3 failed; 0 ignored; 0 measured; 0 filtered out; finished in 0.75s

error: test failed, to rerun pass `-p wyrd-custodian --test segmented_map_repoint`
run-verify.sh: PASS — red without the fix, green with it (7 test(s) ran red).
