# gate C4-verify — attempt 1/1: pass (exit 0)
# cmd: ./engine/scripts/run-verify.sh
# cwd: /home/eddie/wyrd/wyrd-pdca
# PDCA_WORKTREE: /home/eddie/wyrd/wyrd.pdca-wt-l1
# started: 2026-08-05T22:50:25+02:00   duration: 2s

run-verify.sh: GREEN — cargo test -p wyrd-custodian --test segmented_map_passes (fix applied)

running 8 tests
........
test result: ok. 8 passed; 0 failed; 0 ignored; 0 measured; 0 filtered out; finished in 0.05s
run-verify.sh: RED — cargo test -p wyrd-custodian --test segmented_map_passes (production reverted, test kept)

running 8 tests
a_store_fault_under_the_resolve_still_ends_every_pass --- FAILED
the_three_passes_refuse_a_segmented_record_and_write_nothing --- FAILED
backfill_counts_the_live_generation_after_a_lost_cas --- FAILED
reconstruction_reads_the_namespace_once_per_pass_not_once_per_obligation --- FAILED
a_segmented_object_no_longer_ends_any_of_the_three_passes --- FAILED
an_undecodable_record_is_named_the_walk_continues_and_no_pass_certifies --- FAILED
reconstruction_repairs_the_generation_the_resolver_answered_for --- FAILED
an_unresolvable_record_is_named_the_walk_continues_and_no_pass_certifies --- FAILED

failures:

---- a_store_fault_under_the_resolve_still_ends_every_pass stdout ----

thread 'a_store_fault_under_the_resolve_still_ends_every_pass' (2603136) panicked at crates/custodian/tests/segmented_map_passes.rs:975:9:
the store's own fault propagates, not a chunk-map verdict: reconciliation store access: reconstruction::find_chunk met a segmented chunk map, which this build cannot yet resolve

---- the_three_passes_refuse_a_segmented_record_and_write_nothing stdout ----

thread 'the_three_passes_refuse_a_segmented_record_and_write_nothing' (2603142) panicked at crates/custodian/tests/segmented_map_passes.rs:749:27:
a queued obligation on a segmented object must not end the pass: Store(SegmentedMapUnsupported { operation: "reconstruction::find_chunk" })
note: run with `RUST_BACKTRACE=1` environment variable to display a backtrace

---- backfill_counts_the_live_generation_after_a_lost_cas stdout ----

thread 'backfill_counts_the_live_generation_after_a_lost_cas' (2603139) panicked at crates/custodian/tests/segmented_map_passes.rs:1171:27:
an unreadable racing generation is still one object's fault: SegmentedMapUnsupported { operation: "backfill::emit_remaining" }

---- reconstruction_reads_the_namespace_once_per_pass_not_once_per_obligation stdout ----

thread 'reconstruction_reads_the_namespace_once_per_pass_not_once_per_obligation' (2603140) panicked at crates/custodian/tests/segmented_map_passes.rs:1032:5:
assertion `left == right` failed: ONE reading of the committed namespace per pass, independent of the Q = 3 obligations it carried
  left: 3
 right: 1

---- a_segmented_object_no_longer_ends_any_of_the_three_passes stdout ----

thread 'a_segmented_object_no_longer_ends_any_of_the_three_passes' (2603135) panicked at crates/custodian/tests/segmented_map_passes.rs:679:17:
one segmented object must not turn reconstruction or rebalance into Err: Store(SegmentedMapUnsupported { operation: "reconstruction::find_chunk" })

---- an_undecodable_record_is_named_the_walk_continues_and_no_pass_certifies stdout ----

thread 'an_undecodable_record_is_named_the_walk_continues_and_no_pass_certifies' (2603137) panicked at crates/custodian/tests/segmented_map_passes.rs:860:27:
one unreadable record must not end the reconstruction pass: Store(Error("expected ident", line: 1, column: 2))

---- reconstruction_repairs_the_generation_the_resolver_answered_for stdout ----

thread 'reconstruction_repairs_the_generation_the_resolver_answered_for' (2603141) panicked at crates/custodian/tests/segmented_map_passes.rs:1087:27:
a generation retired under the resolve must not end the pass: Store(SegmentedMapUnsupported { operation: "reconstruction::find_chunk" })

---- an_unresolvable_record_is_named_the_walk_continues_and_no_pass_certifies stdout ----

thread 'an_unresolvable_record_is_named_the_walk_continues_and_no_pass_certifies' (2603138) panicked at crates/custodian/tests/segmented_map_passes.rs:860:27:
one unreadable record must not end the reconstruction pass: Store(SegmentedMapUnsupported { operation: "reconstruction::find_chunk" })


failures:
    a_segmented_object_no_longer_ends_any_of_the_three_passes
    a_store_fault_under_the_resolve_still_ends_every_pass
    an_undecodable_record_is_named_the_walk_continues_and_no_pass_certifies
    an_unresolvable_record_is_named_the_walk_continues_and_no_pass_certifies
    backfill_counts_the_live_generation_after_a_lost_cas
    reconstruction_reads_the_namespace_once_per_pass_not_once_per_obligation
    reconstruction_repairs_the_generation_the_resolver_answered_for
    the_three_passes_refuse_a_segmented_record_and_write_nothing

test result: FAILED. 0 passed; 8 failed; 0 ignored; 0 measured; 0 filtered out; finished in 0.04s

error: test failed, to rerun pass `-p wyrd-custodian --test segmented_map_passes`
run-verify.sh: PASS — red without the fix, green with it (8 test(s) ran red).
