# gate: C4-verify — per-fix red->green: this patch's test red pre-fix, green post-fix
# cmd: ./engine/scripts/run-verify.sh
# cwd: /home/eddie/wyrd/wyrd-pdca
# PDCA_WORKTREE: /home/eddie/wyrd/wyrd.pdca-wt-l0
# start: 2026-08-17T21:07:35+00:00
# duration_secs: 23.34
# exit: 0
# outcome: pass
# ---- combined stdout+stderr (verbatim) ----
run-verify.sh: GREEN — cargo test -p wyrd-server --test s3_server_version_header (fix applied)

running 2 tests
..
test result: ok. 2 passed; 0 failed; 0 ignored; 0 measured; 0 filtered out; finished in 0.06s
run-verify.sh: RED — cargo test -p wyrd-server --test s3_server_version_header (production reverted, test kept)

running 2 tests
the_advertised_version_carries_the_commit_it_was_built_from --- FAILED
every_s3_response_advertises_the_baked_build_version --- FAILED

failures:

---- the_advertised_version_carries_the_commit_it_was_built_from stdout ----

thread 'the_advertised_version_carries_the_commit_it_was_built_from' (2835887) panicked at crates/server/tests/s3_server_version_header.rs:255:9:
the unsigned 403 response carries no `Server` header — nothing on the wire says what build a client is talking to. Head:
HTTP/1.1 403 Forbidden
content-type: application/xml
x-amz-request-id: b28d55c2080eea5c0000000000000000
connection: close
transfer-encoding: chunked
date: Mon, 17 Aug 2026 21:07:58 GMT
note: run with `RUST_BACKTRACE=1` environment variable to display a backtrace

---- every_s3_response_advertises_the_baked_build_version stdout ----

thread 'every_s3_response_advertises_the_baked_build_version' (2835886) panicked at crates/server/tests/s3_server_version_header.rs:255:9:
the signed PUT response carries no `Server` header — nothing on the wire says what build a client is talking to. Head:
HTTP/1.1 200 OK
content-length: 0
etag: "713b6eb651398eca80561b4eeb96fc3fd6798d14d190c831947329caed6f2b20"
x-amz-request-id: a083ce0d31485d620000000000000000
connection: close
date: Mon, 17 Aug 2026 21:07:58 GMT


failures:
    every_s3_response_advertises_the_baked_build_version
    the_advertised_version_carries_the_commit_it_was_built_from

test result: FAILED. 0 passed; 2 failed; 0 ignored; 0 measured; 0 filtered out; finished in 0.06s

error: test failed, to rerun pass `-p wyrd-server --test s3_server_version_header`
run-verify.sh: PASS — red without the fix, green with it (2 test(s) ran red).
