# gate C4-verify — attempt 1/1: unverifiable (exit 77)
# cmd: ./engine/scripts/run-verify.sh
# cwd: /home/eddie/wyrd/wyrd-pdca
# PDCA_WORKTREE: /home/eddie/wyrd/wyrd.pdca-wt-l1
# started: 2026-08-10T01:16:31+02:00   duration: 2s

run-verify.sh: GREEN — cargo test -p wyrd-core --test multipart_budget_admission (fix applied)

running 16 tests
................
test result: ok. 16 passed; 0 failed; 0 ignored; 0 measured; 0 filtered out; finished in 0.00s
run-verify.sh: RED — cargo test -p wyrd-core --test multipart_budget_admission (production reverted, test kept)
error[E0432]: unresolved imports `wyrd_core::multipart::decode_admission_record`, `wyrd_core::multipart::AdmissionRecord`
  --> crates/core/tests/multipart_budget_admission.rs:34:28
   |
34 | use wyrd_core::multipart::{decode_admission_record, AdmissionRecord, RecordError};
   |                            ^^^^^^^^^^^^^^^^^^^^^^^  ^^^^^^^^^^^^^^^ no `AdmissionRecord` in `multipart`
   |                            |
   |                            no `decode_admission_record` in `multipart`

error[E0599]: no variant, associated function, or constant named `MaxPartChunksZero` found for enum `RecordError` in the current scope
   --> crates/core/tests/multipart_budget_admission.rs:130:54
    |
130 |     assert_eq!(decode_both(&bytes), Err(RecordError::MaxPartChunksZero));
    |                                                      ^^^^^^^^^^^^^^^^^ variant, associated function, or constant not found in `RecordError`

error[E0599]: no variant, associated function, or constant named `MaxInflightPartsZero` found for enum `RecordError` in the current scope
   --> crates/core/tests/multipart_budget_admission.rs:144:54
    |
144 |     assert_eq!(decode_both(&bytes), Err(RecordError::MaxInflightPartsZero));
    |                                                      ^^^^^^^^^^^^^^^^^^^^ variant, associated function, or constant not found in `RecordError`

error[E0599]: no variant named `MaxPartsPerSessionUnaddressable` found for enum `RecordError`
   --> crates/core/tests/multipart_budget_admission.rs:155:26
    |
155 |         Err(RecordError::MaxPartsPerSessionUnaddressable {
    |                          ^^^^^^^^^^^^^^^^^^^^^^^^^^^^^^^ variant not found in `RecordError`

error[E0599]: no variant named `InflightPartsExceedSessionParts` found for enum `RecordError`
   --> crates/core/tests/multipart_budget_admission.rs:172:26
    |
172 |         Err(RecordError::InflightPartsExceedSessionParts {
    |                          ^^^^^^^^^^^^^^^^^^^^^^^^^^^^^^^ variant not found in `RecordError`

error[E0599]: no variant named `OwnedStagingRangeUnscannable` found for enum `RecordError`
   --> crates/core/tests/multipart_budget_admission.rs:187:26
    |
187 |         Err(RecordError::OwnedStagingRangeUnscannable {
    |                          ^^^^^^^^^^^^^^^^^^^^^^^^^^^^ variant not found in `RecordError`

error[E0599]: no variant named `StagedChunksBelowPartChunks` found for enum `RecordError`
   --> crates/core/tests/multipart_budget_admission.rs:206:26
    |
206 |         Err(RecordError::StagedChunksBelowPartChunks {
    |                          ^^^^^^^^^^^^^^^^^^^^^^^^^^^ variant not found in `RecordError`

error[E0599]: no variant named `ReferenceBudgetBelowFootprint` found for enum `RecordError`
   --> crates/core/tests/multipart_budget_admission.rs:225:26
    |
225 |         Err(RecordError::ReferenceBudgetBelowFootprint { w_ref: 1, u_ref: 2 })
    |                          ^^^^^^^^^^^^^^^^^^^^^^^^^^^^^ variant not found in `RecordError`

error[E0599]: no variant named `MaxSessionsNotDerived` found for enum `RecordError`
   --> crates/core/tests/multipart_budget_admission.rs:236:26
    |
236 |         Err(RecordError::MaxSessionsNotDerived {
    |                          ^^^^^^^^^^^^^^^^^^^^^ variant not found in `RecordError`

error[E0599]: no variant named `OwnedStagingRangeUnscannable` found for enum `RecordError`
   --> crates/core/tests/multipart_budget_admission.rs:342:26
    |
342 |         Err(RecordError::OwnedStagingRangeUnscannable {
    |                          ^^^^^^^^^^^^^^^^^^^^^^^^^^^^ variant not found in `RecordError`

error[E0599]: no variant named `MalformedRecordValue` found for enum `RecordError`
   --> crates/core/tests/multipart_budget_admission.rs:363:26
    |
363 |         Err(RecordError::MalformedRecordValue { .. })
    |                          ^^^^^^^^^^^^^^^^^^^^ variant not found in `RecordError`

error[E0599]: no variant named `MalformedRecordValue` found for enum `RecordError`
   --> crates/core/tests/multipart_budget_admission.rs:370:26
    |
370 |         Err(RecordError::MalformedRecordValue { .. })
    |                          ^^^^^^^^^^^^^^^^^^^^ variant not found in `RecordError`

error[E0599]: no variant named `MalformedRecordValue` found for enum `RecordError`
   --> crates/core/tests/multipart_budget_admission.rs:386:30
    |
386 |             Err(RecordError::MalformedRecordValue {
    |                              ^^^^^^^^^^^^^^^^^^^^ variant not found in `RecordError`

Some errors have detailed explanations: E0432, E0599.
For more information about an error, try `rustc --explain E0432`.
error: could not compile `wyrd-core` (test "multipart_budget_admission") due to 13 previous errors
run-verify.sh: UNVERIFIABLE — the RED leg's cargo run failed (status 101) WITHOUT
               running a test, so no RED was established. This is NOT 'red without the
               fix' — the discriminator never executed. The usual cause is that it does
               not COMPILE against the reverted base: it calls production API this patch
               adds, so reverting the fix removes the symbol it needs. Split the test so
               it exercises the behaviour through pre-existing API, or record at sign-off
               why this slice has no isolable red (the cargo output is above).
