# gate C4-verify — attempt 1/1: pass (exit 0)
# cmd: ./engine/scripts/run-verify.sh
# cwd: /home/eddie/wyrd/wyrd-pdca
# PDCA_WORKTREE: /home/eddie/wyrd/wyrd.pdca-wt-l0
# started: 2026-08-07T00:09:22+02:00   duration: 2s

run-verify.sh: GREEN — cargo test -p wyrd-custodian --test segmented_map_reconstruction (fix applied)

running 8 tests
........
test result: ok. 8 passed; 0 failed; 0 ignored; 0 measured; 0 filtered out; finished in 0.05s
run-verify.sh: RED — cargo test -p wyrd-custodian --test segmented_map_reconstruction (production reverted, test kept)

running 8 tests
a_fault_that_is_not_one_objects_map_still_ends_the_pass --- FAILED
the_namespace_is_read_once_per_pass_not_once_per_obligation --- FAILED
work_in_a_segmented_record_is_refused_never_discarded --- FAILED
. 4/8
an_unreadable_object_is_named_and_the_walk_continues --- FAILED
a_resolve_that_restarted_is_acted_on_by_nothing --- FAILED
a_duplicate_committed_chunk_id_is_repaired_by_neither_reference --- FAILED
a_segmented_object_ends_no_pass_and_the_flat_repair_still_happens --- FAILED

failures:

---- a_fault_that_is_not_one_objects_map_still_ends_the_pass stdout ----

thread 'a_fault_that_is_not_one_objects_map_still_ends_the_pass' (1545097) panicked at crates/custodian/tests/segmented_map_reconstruction.rs:655:5:
the pass absorbed it: reconciliation store access: key must be a string at line 1 column 2
note: run with `RUST_BACKTRACE=1` environment variable to display a backtrace

---- the_namespace_is_read_once_per_pass_not_once_per_obligation stdout ----

thread 'the_namespace_is_read_once_per_pass_not_once_per_obligation' (1545102) panicked at crates/custodian/tests/segmented_map_reconstruction.rs:603:5:
assertion `left == right` failed: none refused
  left: Satisfied
 right: Changed

---- work_in_a_segmented_record_is_refused_never_discarded stdout ----

thread 'work_in_a_segmented_record_is_refused_never_discarded' (1545103) panicked at crates/custodian/tests/segmented_map_reconstruction.rs:443:41:
a refusal is not a fault: "reconciliation store access: reconstruction::find_chunk met a segmented chunk map, which this build cannot yet resolve"

---- an_unreadable_object_is_named_and_the_walk_continues stdout ----

thread 'an_unreadable_object_is_named_and_the_walk_continues' (1545101) panicked at crates/custodian/tests/segmented_map_reconstruction.rs:475:10:
one damaged object ends no pass: "reconciliation store access: key must be a string at line 1 column 2"

---- a_resolve_that_restarted_is_acted_on_by_nothing stdout ----

thread 'a_resolve_that_restarted_is_acted_on_by_nothing' (1545098) panicked at crates/custodian/tests/segmented_map_reconstruction.rs:524:41:
a restart ends no pass: "reconciliation store access: reconstruction::find_chunk met a segmented chunk map, which this build cannot yet resolve"

---- a_duplicate_committed_chunk_id_is_repaired_by_neither_reference stdout ----

thread 'a_duplicate_committed_chunk_id_is_repaired_by_neither_reference' (1545096) panicked at crates/custodian/tests/segmented_map_reconstruction.rs:567:5:
assertion `left == right` failed: an ambiguity is no repair
  left: Satisfied
 right: Blocked

---- a_segmented_object_ends_no_pass_and_the_flat_repair_still_happens stdout ----

thread 'a_segmented_object_ends_no_pass_and_the_flat_repair_still_happens' (1545099) panicked at crates/custodian/tests/segmented_map_reconstruction.rs:419:19:
a segmented object ends no pass: "reconciliation store access: reconstruction::find_chunk met a segmented chunk map, which this build cannot yet resolve"


failures:
    a_duplicate_committed_chunk_id_is_repaired_by_neither_reference
    a_fault_that_is_not_one_objects_map_still_ends_the_pass
    a_resolve_that_restarted_is_acted_on_by_nothing
    a_segmented_object_ends_no_pass_and_the_flat_repair_still_happens
    an_unreadable_object_is_named_and_the_walk_continues
    the_namespace_is_read_once_per_pass_not_once_per_obligation
    work_in_a_segmented_record_is_refused_never_discarded

test result: FAILED. 1 passed; 7 failed; 0 ignored; 0 measured; 0 filtered out; finished in 0.06s

error: test failed, to rerun pass `-p wyrd-custodian --test segmented_map_reconstruction`
run-verify.sh: PASS — red without the fix, green with it (8 test(s) ran red).
