# gate: C4-verify — per-fix red->green: this patch's test red pre-fix, green post-fix
# cmd: ./engine/scripts/run-verify.sh
# cwd: /home/eddie/wyrd/wyrd-pdca
# PDCA_WORKTREE: /home/eddie/wyrd/wyrd.pdca-wt
# start: 2026-09-21T15:04:12+00:00
# duration_secs: 3.98
# exit: 0
# outcome: pass
# ---- combined stdout+stderr (verbatim) ----
run-verify.sh: GREEN — cargo test -p wyrd-custodian --test staged_repair (fix applied)

running 20 tests
....................
test result: ok. 20 passed; 0 failed; 0 ignored; 0 measured; 0 filtered out; finished in 0.06s
run-verify.sh: RED — cargo test -p wyrd-custodian --test staged_repair (production reverted, test kept)

running 20 tests
. 1/20
an_open_uploads_committed_part_is_rebuilt_and_adopted --- FAILED
a_write_the_server_cannot_certify_adopts_nothing --- FAILED
an_unreadable_session_withholds_the_move --- FAILED
a_server_with_any_desired_state_record_is_never_chosen --- FAILED
the_premark_is_durable_when_the_write_arrives --- FAILED
a_fragment_lost_from_a_live_server_is_rebuilt_in_place --- FAILED
an_open_uploads_single_copy_chunk_is_unrepairable --- FAILED
a_ruled_out_position_rules_out_only_itself --- FAILED
no_write_is_authorized_on_a_premark_w_repoint_old --- FAILED
the_write_deadline_runs_from_the_premark_not_the_pass_start --- FAILED
a_destinations_existing_mark_is_restamped_fresh --- FAILED
an_open_uploads_intact_chunk_drains_its_obligation --- FAILED
an_unreadable_vacated_mark_withholds_the_move --- FAILED
a_session_fenced_between_the_write_and_the_adoption_strands_nothing --- FAILED
a_session_fenced_before_the_premark_writes_nothing --- FAILED
a_write_refused_past_its_deadline_adopts_nothing --- FAILED
a_part_record_rewritten_between_the_write_and_the_adoption_strands_nothing --- FAILED
a_drain_recorded_before_the_adoption_makes_it_lose --- FAILED
.
failures:

---- an_open_uploads_committed_part_is_rebuilt_and_adopted stdout ----

thread 'an_open_uploads_committed_part_is_rebuilt_and_adopted' (3574011) panicked at crates/custodian/tests/staged_repair.rs:815:5:
assertion `left == right` failed: one pass must rebuild and adopt the lost fragment
  left: Blocked
 right: Changed
note: run with `RUST_BACKTRACE=1` environment variable to display a backtrace

---- a_write_the_server_cannot_certify_adopts_nothing stdout ----

thread 'a_write_the_server_cannot_certify_adopts_nothing' (3574010) panicked at crates/custodian/tests/staged_repair.rs:1259:5:
the unverified write's bytes may have landed — here they did

---- an_unreadable_session_withholds_the_move stdout ----

thread 'an_unreadable_session_withholds_the_move' (3574014) panicked at crates/custodian/tests/staged_repair.rs:1404:5:
assertion failed: named_on_audit_seam(&String::from_utf8(mpu_key(&fx.upload)).unwrap())

---- a_server_with_any_desired_state_record_is_never_chosen stdout ----

thread 'a_server_with_any_desired_state_record_is_never_chosen' (3574006) panicked at crates/custodian/tests/staged_repair.rs:1437:9:
assertion `left == right` failed: maintenance: one pass must repair the chunk
  left: Blocked
 right: Changed

---- the_premark_is_durable_when_the_write_arrives stdout ----

thread 'the_premark_is_durable_when_the_write_arrives' (3574017) panicked at crates/custodian/tests/staged_repair.rs:1026:5:
assertion `left == right` failed: exactly one write must reach the destination
  left: 0
 right: 1

---- a_fragment_lost_from_a_live_server_is_rebuilt_in_place stdout ----

thread 'a_fragment_lost_from_a_live_server_is_rebuilt_in_place' (3574003) panicked at crates/custodian/tests/staged_repair.rs:1616:5:
assertion `left == right` failed
  left: Blocked
 right: Changed

---- an_open_uploads_single_copy_chunk_is_unrepairable stdout ----

thread 'an_open_uploads_single_copy_chunk_is_unrepairable' (3574013) panicked at crates/custodian/tests/staged_repair.rs:1655:5:
assertion `left == right` failed: a data loss is raised on its own signal, as for a committed chunk
  left: Blocked
 right: Satisfied

---- a_ruled_out_position_rules_out_only_itself stdout ----

thread 'a_ruled_out_position_rules_out_only_itself' (3574005) panicked at crates/custodian/tests/staged_repair.rs:1125:9:
assertion `left == right` failed: reclaiming: one pass must repair both lost fragments
  left: Blocked
 right: Changed

---- no_write_is_authorized_on_a_premark_w_repoint_old stdout ----

thread 'no_write_is_authorized_on_a_premark_w_repoint_old' (3574016) panicked at crates/custodian/tests/staged_repair.rs:1310:13:
the stale pre-mark stands: None

---- the_write_deadline_runs_from_the_premark_not_the_pass_start stdout ----

thread 'the_write_deadline_runs_from_the_premark_not_the_pass_start' (3574018) panicked at crates/custodian/tests/staged_repair.rs:1185:5:
assertion `left == right` failed: the write must carry the deadline the pre-mark's own stamp fixes
  left: []
 right: [(2, FragmentId { chunk: 33096, index: 2 }, Some(16000))]

---- a_destinations_existing_mark_is_restamped_fresh stdout ----

thread 'a_destinations_existing_mark_is_restamped_fresh' (3574001) panicked at crates/custodian/tests/staged_repair.rs:1072:9:
assertion `left == right` failed: another event: exactly one write must arrive
  left: 0
 right: 1

---- an_open_uploads_intact_chunk_drains_its_obligation stdout ----

thread 'an_open_uploads_intact_chunk_drains_its_obligation' (3574012) panicked at crates/custodian/tests/staged_repair.rs:1595:5:
assertion `left == right` failed
  left: Blocked
 right: Satisfied

---- an_unreadable_vacated_mark_withholds_the_move stdout ----

thread 'an_unreadable_vacated_mark_withholds_the_move' (3574015) panicked at crates/custodian/tests/staged_repair.rs:1359:5:
the unreadable mark must be named on the audit seam

---- a_session_fenced_between_the_write_and_the_adoption_strands_nothing stdout ----

thread 'a_session_fenced_between_the_write_and_the_adoption_strands_nothing' (3574008) panicked at crates/custodian/tests/staged_repair.rs:901:5:
assertion `left == right` failed: the fence never landed between the write and the adoption, so the race was not run
  left: None
 right: Some(Committed)

---- a_session_fenced_before_the_premark_writes_nothing stdout ----

thread 'a_session_fenced_before_the_premark_writes_nothing' (3574007) panicked at crates/custodian/tests/staged_repair.rs:1001:5:
the aborted move must say why on the audit seam

---- a_write_refused_past_its_deadline_adopts_nothing stdout ----

thread 'a_write_refused_past_its_deadline_adopts_nothing' (3574009) panicked at crates/custodian/tests/staged_repair.rs:1221:5:
assertion `left == right` failed: the write must reach the D server, which refuses it
  left: 0
 right: 1

---- a_part_record_rewritten_between_the_write_and_the_adoption_strands_nothing stdout ----

thread 'a_part_record_rewritten_between_the_write_and_the_adoption_strands_nothing' (3574004) panicked at crates/custodian/tests/staged_repair.rs:956:5:
assertion `left == right` failed: the part record was never rewritten between the write and the adoption
  left: None
 right: Some(Committed)

---- a_drain_recorded_before_the_adoption_makes_it_lose stdout ----

thread 'a_drain_recorded_before_the_adoption_makes_it_lose' (3574002) panicked at crates/custodian/tests/staged_repair.rs:1472:5:
the drain was recorded


failures:
    a_destinations_existing_mark_is_restamped_fresh
    a_drain_recorded_before_the_adoption_makes_it_lose
    a_fragment_lost_from_a_live_server_is_rebuilt_in_place
    a_part_record_rewritten_between_the_write_and_the_adoption_strands_nothing
    a_ruled_out_position_rules_out_only_itself
    a_server_with_any_desired_state_record_is_never_chosen
    a_session_fenced_before_the_premark_writes_nothing
    a_session_fenced_between_the_write_and_the_adoption_strands_nothing
    a_write_refused_past_its_deadline_adopts_nothing
    a_write_the_server_cannot_certify_adopts_nothing
    an_open_uploads_committed_part_is_rebuilt_and_adopted
    an_open_uploads_intact_chunk_drains_its_obligation
    an_open_uploads_single_copy_chunk_is_unrepairable
    an_unreadable_session_withholds_the_move
    an_unreadable_vacated_mark_withholds_the_move
    no_write_is_authorized_on_a_premark_w_repoint_old
    the_premark_is_durable_when_the_write_arrives
    the_write_deadline_runs_from_the_premark_not_the_pass_start

test result: FAILED. 2 passed; 18 failed; 0 ignored; 0 measured; 0 filtered out; finished in 0.05s

error: test failed, to rerun pass `-p wyrd-custodian --test staged_repair`
run-verify.sh: PASS — red without the fix, green with it (20 test(s) ran red).
