# gate: C5-mutants — surviving mutants on the bundle diff (cargo mutants --in-diff)
# cmd: scripts/mutants-in-diff
# cwd: /home/eddie/wyrd/wyrd-pdca
# PDCA_WORKTREE: /home/eddie/wyrd/wyrd.pdca-wt
# start: 2026-09-21T15:07:43+00:00
# duration_secs: 718.92
# exit: 3
# outcome: fail
# ---- combined stdout+stderr (verbatim) ----
Found 83 mutants to test
ok       Unmutated baseline in 27s build + 31s test
 INFO Auto-set test timeout to 159s
MISSED   crates/custodian/src/reconstruction.rs:792:17: replace match guard staged.set.held.contains_key(&chunk) with false in assess in 1s build + 12s test
MISSED   crates/custodian/src/reconstruction.rs:913:37: replace + with - in Gathered::settle in 1s build + 12s test
MISSED   crates/custodian/src/reconstruction.rs:913:37: replace + with * in Gathered::settle in 1s build + 12s test
MISSED   crates/custodian/src/reconstruction/staged.rs:206:42: replace || with && in read in 1s build + 12s test
TIMEOUT  crates/custodian/src/reconstruction/staged.rs:424:25: replace == with != in choose_destinations in 1s build + 159s test
MISSED   crates/custodian/src/reconstruction/staged.rs:737:9: replace && with || in repointed_part in 1s build + 12s test
MISSED   crates/custodian/src/reconstruction/staged.rs:736:9: replace && with || in repointed_part in 1s build + 12s test
MISSED   crates/custodian/src/reconstruction/staged.rs:735:9: replace && with || in repointed_part in 1s build + 12s test
MISSED   crates/custodian/src/reconstruction/staged.rs:734:9: replace && with || in repointed_part in 1s build + 12s test
83 mutants tested in 12m: 8 missed, 26 caught, 48 unviable, 1 timeouts
