# gate: C4-verify — per-fix red->green: this patch's test red pre-fix, green post-fix
# cmd: ./engine/scripts/run-verify.sh
# cwd: /home/eddie/wyrd/wyrd-pdca
# PDCA_WORKTREE: /home/eddie/wyrd/wyrd.pdca-wt-l0
# start: 2026-10-03T11:11:52+00:00
# duration_secs: 2.13
# exit: 0
# outcome: pass
# ---- combined stdout+stderr (verbatim) ----
run-verify.sh: GREEN — cargo test -p xtask --test dist_two_binary_layout (fix applied)

running 2 tests
..
test result: ok. 2 passed; 0 failed; 0 ignored; 0 measured; 0 filtered out; finished in 0.00s
run-verify.sh: RED — cargo test -p xtask --test dist_two_binary_layout (production reverted, test kept)

running 2 tests
. 1/2
every_pipeline_file_names_every_expected_binary --- FAILED

failures:

---- every_pipeline_file_names_every_expected_binary stdout ----

thread 'every_pipeline_file_names_every_expected_binary' (3382493) panicked at xtask/tests/dist_two_binary_layout.rs:496:5:
the distribution pipeline disagrees with the shipped-binary set [("/usr/local/bin/wyrd", "bin/wyrd"), ("/usr/local/bin/wyrd-validate", "bin/wyrd-validate")]:
  deploy/docker/wyrd/Dockerfile: no line is exactly `RUN cargo build --release --locked --bin wyrd --bin wyrd-validate ${FEATURES:+--features "$FEATURES"}` — the image build does not compile exactly the shipped set
  deploy/docker/wyrd/Dockerfile: no line is exactly `COPY --from=build /src/target/release/wyrd-validate /usr/local/bin/wyrd-validate` — the runtime stage does not carry `wyrd-validate` where `cargo xtask dist` extracts it from
  deploy/dist/install.sh: its --uninstall path and binary installs are not the pinned text — line 116: expected `    rm -f "$BINDIR/wyrd-validate"`, found `    if systemd_running; then systemctl daemon-reload; fi`. This region is pinned as exact text generated from the shipped-binary set: change the file and the pinned text in xtask/tests/dist_two_binary_layout.rs together
  .github/workflows/release.yml: the `smoke the installer` step is not the pinned text — line 71: expected `            # A tool shipped beside wyrd (the validator) has no unit and no config, and`, found `            # The binary loads libfdb_c at process start: install the exact pinned`. This region is pinned as exact text generated from the shipped-binary set: change the file and the pinned text in xtask/tests/dist_two_binary_layout.rs together
  deploy/dist/README.md: never names `bin/wyrd-validate` — an operator reading the README cannot know the tarball carries `wyrd-validate`
  deploy/dist/README.md: no line describes `wyrd-validate` on its own (every mention sits beside another shipped binary) — the README must distinguish what each binary is for
note: run with `RUST_BACKTRACE=1` environment variable to display a backtrace


failures:
    every_pipeline_file_names_every_expected_binary

test result: FAILED. 1 passed; 1 failed; 0 ignored; 0 measured; 0 filtered out; finished in 0.00s

error: test failed, to rerun pass `-p xtask --test dist_two_binary_layout`
run-verify.sh: PASS — red without the fix, green with it (2 test(s) ran red).
