# gate: C4-verify — per-fix red->green: this patch's test red pre-fix, green post-fix
# cmd: ./engine/scripts/run-verify.sh
# cwd: /home/eddie/wyrd/wyrd-pdca
# PDCA_WORKTREE: /home/eddie/wyrd/wyrd.pdca-wt
# start: 2026-09-18T16:34:34+00:00
# duration_secs: 5.43
# exit: 0
# outcome: pass
# ---- combined stdout+stderr (verbatim) ----
run-verify.sh: GREEN — cargo test -p wyrd-custodian --test gc_reclaim_intent (fix applied)

running 9 tests
.........
test result: ok. 9 passed; 0 failed; 0 ignored; 0 measured; 0 filtered out; finished in 0.01s
run-verify.sh: RED — cargo test -p wyrd-custodian --test gc_reclaim_intent (production reverted, test kept)

running 9 tests
b1_a_failed_intent_commit_destroys_nothing --- FAILED
b3_an_adoption_on_the_marks_original_bytes_conflicts_as_gc_deletes --- FAILED
b4_a_reclaiming_mark_is_finished_with_no_grace_test --- FAILED
. 4/9
b5_a_store_fault_after_deletes_still_commits_their_key_deletes --- FAILED
b2_a_mark_that_changes_after_the_read_loses_only_its_own_intent --- FAILED
d_a_draining_retirement_protects_by_keyed_lookup --- FAILED
a_three_shapes_decode_and_a_fourth_fails_closed --- FAILED
c_intents_are_recorded_in_batches_of_at_most_w --- FAILED

failures:

---- b1_a_failed_intent_commit_destroys_nothing stdout ----

thread 'b1_a_failed_intent_commit_destroys_nothing' (3753713) panicked at crates/custodian/tests/gc_reclaim_intent.rs:790:5:
leg B(i): the fragment was deleted although the commit recording its reclamation failed — its bytes were destroyed with nothing in the metadata saying so ([Commit { preconditions: [], puts: [], deletes: [[111, 114, 112, 104, 97, 110, 58, 48, 58, 50, 48, 57, 58, 48]], outcome: Some(Committed) }])
note: run with `RUST_BACKTRACE=1` environment variable to display a backtrace

---- b3_an_adoption_on_the_marks_original_bytes_conflicts_as_gc_deletes stdout ----

thread 'b3_an_adoption_on_the_marks_original_bytes_conflicts_as_gc_deletes' (3753715) panicked at crates/custodian/tests/gc_reclaim_intent.rs:927:5:
assertion `left == right` failed: leg B(iii): an adoption preconditioned on the mark's original bytes was answered as GC deleted the fragment — it must lose, or it publishes a placement over deleted bytes
  left: Some(Committed)
 right: Some(Conflict)

---- b4_a_reclaiming_mark_is_finished_with_no_grace_test stdout ----

thread 'b4_a_reclaiming_mark_is_finished_with_no_grace_test' (3753716) panicked at crates/custodian/tests/gc_reclaim_intent.rs:968:9:
assertion `left == right` failed: leg B(iv): FragmentId { chunk: 241, index: 0 } under the `reclaiming` mark "{\"orphaned_at_millis\":1000000,\"event\":\"g:5:1\",\"reclaiming\":true}" must be deleted exactly once — the reclamation was already decided, and a grace test would keep it until NOW + GRACE
  left: 0
 right: 1

---- b5_a_store_fault_after_deletes_still_commits_their_key_deletes stdout ----

thread 'b5_a_store_fault_after_deletes_still_commits_their_key_deletes' (3753717) panicked at crates/custodian/tests/gc_reclaim_intent.rs:1024:9:
leg B(v): FragmentId { chunk: 257, index: 0 } was deleted, and the fault that ended the pass took its key delete with it — a mark left over bytes that are gone

---- b2_a_mark_that_changes_after_the_read_loses_only_its_own_intent stdout ----

thread 'b2_a_mark_that_changes_after_the_read_loses_only_its_own_intent' (3753714) panicked at crates/custodian/tests/gc_reclaim_intent.rs:845:5:
leg B(ii): the fragment was reclaimed on a mark value that had already been replaced — the new stamp's grace window is the one a reader is relying on

---- d_a_draining_retirement_protects_by_keyed_lookup stdout ----

thread 'd_a_draining_retirement_protects_by_keyed_lookup' (3753719) panicked at crates/custodian/tests/gc_reclaim_intent.rs:1233:5:
leg D, pass 1: a structured mark whose retirement's obligation is gone is judged on its own grace, and was not reclaimed

---- a_three_shapes_decode_and_a_fourth_fails_closed stdout ----

thread 'a_three_shapes_decode_and_a_fourth_fails_closed' (3753712) panicked at crates/custodian/tests/gc_reclaim_intent.rs:683:9:
leg A: FragmentId { chunk: 162, index: 0 }'s mark "{\"orphaned_at_millis\":0,\"event\":\"g:1:1\"}" is one of 0016's three shapes and licenses its reclaim, but the pass left the fragment (on disk: true) or the mark

---- c_intents_are_recorded_in_batches_of_at_most_w stdout ----

thread 'c_intents_are_recorded_in_batches_of_at_most_w' (3753718) panicked at crates/custodian/tests/gc_reclaim_intent.rs:1100:5:
assertion `left == right` failed: leg C: 1001 reclaim intents must be recorded in exactly ⌈1001 / 1000⌉ = 2 commits; 0 commits carried a precondition or a put on an `orphan:` key
  left: 0
 right: 2


failures:
    a_three_shapes_decode_and_a_fourth_fails_closed
    b1_a_failed_intent_commit_destroys_nothing
    b2_a_mark_that_changes_after_the_read_loses_only_its_own_intent
    b3_an_adoption_on_the_marks_original_bytes_conflicts_as_gc_deletes
    b4_a_reclaiming_mark_is_finished_with_no_grace_test
    b5_a_store_fault_after_deletes_still_commits_their_key_deletes
    c_intents_are_recorded_in_batches_of_at_most_w
    d_a_draining_retirement_protects_by_keyed_lookup

test result: FAILED. 1 passed; 8 failed; 0 ignored; 0 measured; 0 filtered out; finished in 0.01s

error: test failed, to rerun pass `-p wyrd-custodian --test gc_reclaim_intent`
run-verify.sh: PASS — red without the fix, green with it (9 test(s) ran red).
