# gate: C4-diff-cov — diff coverage: changed lines executed by the patch's tests
# cmd: ./engine/scripts/run-diff-cov.sh
# cwd: /home/eddie/wyrd/wyrd-pdca
# PDCA_WORKTREE: /home/eddie/wyrd/wyrd.pdca-wt-l0
# start: 2026-09-12T22:44:56+00:00
# duration_secs: 3.83
# exit: 0
# outcome: pass
# ---- combined stdout+stderr (verbatim) ----
run-diff-cov.sh: MEASURE — cargo llvm-cov test -p wyrd-core --test multipart_state_machine (fix applied)
info: cargo-llvm-cov currently setting cfg(coverage); you can opt-out it by passing --no-cfg-coverage
   Compiling wyrd-traits v0.0.0 (/home/eddie/wyrd/wyrd-cov-l0/crates/traits)
   Compiling wyrd-chunk-format v0.0.0 (/home/eddie/wyrd/wyrd-cov-l0/crates/chunk-format)
   Compiling digest v0.11.3
   Compiling wyrd-proto v0.0.0 (/home/eddie/wyrd/wyrd-cov-l0/crates/proto)
   Compiling sha2 v0.11.0
   Compiling wyrd-testkit v0.0.0 (/home/eddie/wyrd/wyrd-cov-l0/crates/testkit)
   Compiling wyrd-metadata-redb v0.0.0 (/home/eddie/wyrd/wyrd-cov-l0/crates/metadata-redb)
   Compiling wyrd-chunkstore-fs v0.0.0 (/home/eddie/wyrd/wyrd-cov-l0/crates/chunkstore-fs)
   Compiling wyrd-core v0.0.0 (/home/eddie/wyrd/wyrd-cov-l0/crates/core)
   Compiling wyrd-chunkstore-grpc v0.0.0 (/home/eddie/wyrd/wyrd-cov-l0/crates/chunkstore-grpc)
    Finished `test` profile [unoptimized + debuginfo] target(s) in 1.97s
     Running tests/multipart_state_machine.rs (target/llvm-cov-target/debug/deps/multipart_state_machine-c2525822513c43f8)

running 22 tests
test a_tombstone_recording_a_bare_digest_is_refused_at_decode ... ok
test complete_fingerprint_disagrees_on_a_strict_subset ... ok
test complete_fingerprint_disagrees_on_one_changed_digest ... ok
test complete_fingerprint_refuses_what_multipart_etag_refuses ... ok
test complete_fingerprint_is_the_oracle ... ok
test complete_fingerprint_agrees_on_an_identical_retry ... ok
test a_non_identical_complete_is_refused_by_the_tombstone ... ok
test complete_fingerprint_disagrees_on_the_same_digests_under_different_numbers ... ok
test a_stored_tombstone_answers_an_identical_retry_with_the_whole_recorded_etag ... ok
test multipart_etag_is_over_raw_digest_bytes_not_hex_text ... ok
test multipart_etag_of_a_strict_subset_differs_from_the_full_set ... ok
test multipart_etag_of_one_part_is_the_oracle ... ok
test multipart_etag_of_the_winning_list_is_the_recorded_etag ... ok
test multipart_etag_parse_accepts_the_whole_count_range ... ok
test multipart_etag_parse_refuses_a_malformed_digest ... ok
test multipart_etag_parse_refuses_a_malformed_suffix ... ok
test outcome_enums_are_exhaustive ... ok
test multipart_etag_refuses_a_non_ascending_duplicate_or_empty_list ... ok
test every_decision_3_cell_is_answered_for_an_identical_retry ... ok
test multipart_etag_suffix_is_the_named_count ... ok
test multipart_etag_parse_refuses_a_count_outside_the_range ... ok
test per_verb_answers_agree_with_the_dispatcher ... ok

test result: ok. 22 passed; 0 failed; 0 ignored; 0 measured; 0 filtered out; finished in 0.00s
run-diff-cov.sh: NOTE — 147 of 703 changed production lines carried a coverage
                 region; the other 556 are not scored either way. Most are simply not
                 executable (comments, `use`, declarations, bare delimiters). But code
                 compiled out by a #[cfg(...)] your feature selection does not enable looks
                 identical here, and this gate cannot tell the two apart (#222).
                 The largest unscored spans, so you can tell at a glance which it is:
run-diff-cov.sh:   UNSCORED crates/core/src/multipart.rs:4029-4212 (184 lines)
run-diff-cov.sh:   UNSCORED crates/core/src/multipart.rs:3904-4020 (117 lines)
run-diff-cov.sh:   UNSCORED crates/core/src/multipart.rs:514-551 (38 lines)
run-diff-cov.sh:   UNSCORED crates/core/src/multipart.rs:3767-3792 (26 lines)
run-diff-cov.sh:   UNSCORED crates/core/src/multipart.rs:3841-3863 (23 lines)
run-diff-cov.sh:   UNSCORED crates/core/src/multipart.rs:3875-3894 (20 lines)
run-diff-cov.sh:   … and 45 further span(s), none larger; all of them are in coverage/diff-cov.json
run-diff-cov.sh: MISS crates/core/src/multipart.rs:759
run-diff-cov.sh: MISS crates/core/src/multipart.rs:760
run-diff-cov.sh: MISS crates/core/src/multipart.rs:761
run-diff-cov.sh: MISS crates/core/src/multipart.rs:766
run-diff-cov.sh: MISS crates/core/src/multipart.rs:767
run-diff-cov.sh: MISS crates/core/src/multipart.rs:768
run-diff-cov.sh: MISS crates/core/src/multipart.rs:769
run-diff-cov.sh: MISS crates/core/src/multipart.rs:1165
METRIC diff_cov=94.6 covered=139 instrumentable=147 unscored=556
run-diff-cov.sh: PASS — the patch's tests execute 94.6% of its 147 instrumentable changed
                 lines (floor 80%, 22 test(s) ran).
PDCA-EVIDENCE: diff coverage 94.6% — 139 of 147 instrumentable changed lines executed (floor 80%); 147 of 703 changed lines were instrumentable
