# gate: C4-verify — per-fix red->green: this patch's test red pre-fix, green post-fix
# cmd: ./engine/scripts/run-verify.sh
# cwd: /home/eddie/wyrd/wyrd-pdca
# PDCA_WORKTREE: /home/eddie/wyrd/wyrd.pdca-wt-l0
# start: 2026-09-12T22:44:50+00:00
# duration_secs: 6.19
# exit: 77
# outcome: unverifiable
# ---- combined stdout+stderr (verbatim) ----
run-verify.sh: GREEN — cargo test -p wyrd-core --test multipart_state_machine (fix applied)

running 22 tests
......................
test result: ok. 22 passed; 0 failed; 0 ignored; 0 measured; 0 filtered out; finished in 0.00s
run-verify.sh: RED — cargo test -p wyrd-core --test multipart_state_machine (production reverted, test kept)
error[E0432]: unresolved imports `wyrd_core::multipart::abort_answer`, `wyrd_core::multipart::answer`, `wyrd_core::multipart::complete_answer`, `wyrd_core::multipart::complete_fingerprint`, `wyrd_core::multipart::list_parts_answer`, `wyrd_core::multipart::list_uploads_answer`, `wyrd_core::multipart::multipart_etag`, `wyrd_core::multipart::upload_part_answer`, `wyrd_core::multipart::AbortAnswer`, `wyrd_core::multipart::AbortOutcome`, `wyrd_core::multipart::Answer`, `wyrd_core::multipart::Backpressure`, `wyrd_core::multipart::CompleteAnswer`, `wyrd_core::multipart::CompleteOutcome`, `wyrd_core::multipart::CreateOutcome`, `wyrd_core::multipart::InvalidPart`, `wyrd_core::multipart::ListPartsAnswer`, `wyrd_core::multipart::ListUploadsAnswer`, `wyrd_core::multipart::MultipartEtag`, `wyrd_core::multipart::Publication`, `wyrd_core::multipart::Refusal`, `wyrd_core::multipart::ReserveOutcome`, `wyrd_core::multipart::UploadPartAnswer`, `wyrd_core::multipart::UploadPartOutcome`, `wyrd_core::multipart::Verb`
  --> crates/core/tests/multipart_state_machine.rs:42:5
   |
42 |     abort_answer, answer, complete_answer, complete_fingerprint, decode_session_record,
   |     ^^^^^^^^^^^^  ^^^^^^  ^^^^^^^^^^^^^^^  ^^^^^^^^^^^^^^^^^^^^ no `complete_fingerprint` in `multipart`
   |     |             |       |
   |     |             |       no `complete_answer` in `multipart`
   |     |             no `answer` in `multipart`
   |     no `abort_answer` in `multipart`
43 |     list_parts_answer, list_uploads_answer, multipart_etag, upload_part_answer, AbortAnswer,
   |     ^^^^^^^^^^^^^^^^^  ^^^^^^^^^^^^^^^^^^^  ^^^^^^^^^^^^^^  ^^^^^^^^^^^^^^^^^^  ^^^^^^^^^^^ no `AbortAnswer` in `multipart`
   |     |                  |                    |               |
   |     |                  |                    |               no `upload_part_answer` in `multipart`
   |     |                  |                    no `multipart_etag` in `multipart`
   |     |                  no `list_uploads_answer` in `multipart`
   |     no `list_parts_answer` in `multipart`
44 |     AbortOutcome, Answer, Backpressure, CompleteAnswer, CompleteOutcome, Completion, CreateOutcome,
   |     ^^^^^^^^^^^^  ^^^^^^  ^^^^^^^^^^^^  ^^^^^^^^^^^^^^  ^^^^^^^^^^^^^^^              ^^^^^^^^^^^^^
   |     |
   |     no `AbortOutcome` in `multipart`
45 |     Digest, InvalidPart, ListPartsAnswer, ListUploadsAnswer, MultipartEtag, PartNumber,
   |             ^^^^^^^^^^^  ^^^^^^^^^^^^^^^  ^^^^^^^^^^^^^^^^^  ^^^^^^^^^^^^^
46 |     Publication, PublishTarget, RecordError, Refusal, ReserveOutcome, SessionState,
   |     ^^^^^^^^^^^                              ^^^^^^^  ^^^^^^^^^^^^^^
47 |     UploadPartAnswer, UploadPartOutcome, Verb, MAX_PART_NUMBER,
   |     ^^^^^^^^^^^^^^^^  ^^^^^^^^^^^^^^^^^  ^^^^

error[E0432]: unresolved import `sha2`
  --> crates/core/tests/multipart_state_machine.rs:39:5
   |
39 | use sha2::{Digest as _, Sha256};
   |     ^^^^ use of unresolved module or unlinked crate `sha2`
   |
   = help: if you wanted to use a crate named `sha2`, use `cargo add sha2` to add it to your `Cargo.toml`

error[E0599]: no variant named `PartsOutOfOrder` found for enum `RecordError`
   --> crates/core/tests/multipart_state_machine.rs:537:26
    |
537 |             RecordError::PartsOutOfOrder {
    |                          ^^^^^^^^^^^^^^^ variant not found in `RecordError`

error[E0599]: no variant named `DuplicatePart` found for enum `RecordError`
   --> crates/core/tests/multipart_state_machine.rs:544:26
    |
544 |             RecordError::DuplicatePart { part_number: 2 },
    |                          ^^^^^^^^^^^^^ variant not found in `RecordError`

error[E0599]: no variant, associated function, or constant named `NoPartsNamed` found for enum `RecordError` in the current scope
   --> crates/core/tests/multipart_state_machine.rs:546:31
    |
546 |         (vec![], RecordError::NoPartsNamed),
    |                               ^^^^^^^^^^^^ variant, associated function, or constant not found in `RecordError`

error[E0277]: the size for values of type `[(u32, Digest)]` cannot be known at compilation time
   --> crates/core/tests/multipart_state_machine.rs:548:10
    |
548 |     for (list, expected) in refused {
    |          ^^^^ doesn't have a size known at compile-time
    |
    = help: the trait `Sized` is not implemented for `[(u32, Digest)]`
    = note: all local variables must have a statically known size

error[E0277]: the size for values of type `[(u32, Digest)]` cannot be known at compilation time
   --> crates/core/tests/multipart_state_machine.rs:548:29
    |
548 |     for (list, expected) in refused {
    |                             ^^^^^^^ doesn't have a size known at compile-time
    |
    = help: the trait `Sized` is not implemented for `[(u32, Digest)]`
    = note: only the last element of a tuple may have a dynamically sized type

error[E0277]: the size for values of type `[(u32, Digest)]` cannot be known at compilation time
   --> crates/core/tests/multipart_state_machine.rs:549:67
    |
549 |         assert_eq!(multipart_etag(&named(&list)), Err(expected), "{list:?}");
    |                                                                   ^^^^^^^^ doesn't have a size known at compile-time
    |
    = help: the trait `Sized` is not implemented for `[(u32, Digest)]`

error[E0599]: no variant named `PartsOutOfOrder` found for enum `RecordError`
   --> crates/core/tests/multipart_state_machine.rs:617:26
    |
617 |             RecordError::PartsOutOfOrder {
    |                          ^^^^^^^^^^^^^^^ variant not found in `RecordError`

error[E0599]: no variant named `DuplicatePart` found for enum `RecordError`
   --> crates/core/tests/multipart_state_machine.rs:624:26
    |
624 |             RecordError::DuplicatePart { part_number: 2 },
    |                          ^^^^^^^^^^^^^ variant not found in `RecordError`

error[E0599]: no variant, associated function, or constant named `NoPartsNamed` found for enum `RecordError` in the current scope
   --> crates/core/tests/multipart_state_machine.rs:626:31
    |
626 |         (vec![], RecordError::NoPartsNamed),
    |                               ^^^^^^^^^^^^ variant, associated function, or constant not found in `RecordError`

error[E0277]: the size for values of type `[(u32, Digest)]` cannot be known at compilation time
   --> crates/core/tests/multipart_state_machine.rs:628:10
    |
628 |     for (list, expected) in refused {
    |          ^^^^ doesn't have a size known at compile-time
    |
    = help: the trait `Sized` is not implemented for `[(u32, Digest)]`
    = note: all local variables must have a statically known size

error[E0277]: the size for values of type `[(u32, Digest)]` cannot be known at compilation time
   --> crates/core/tests/multipart_state_machine.rs:628:29
    |
628 |     for (list, expected) in refused {
    |                             ^^^^^^^ doesn't have a size known at compile-time
    |
    = help: the trait `Sized` is not implemented for `[(u32, Digest)]`
    = note: only the last element of a tuple may have a dynamically sized type

error[E0277]: the size for values of type `[(u32, Digest)]` cannot be known at compilation time
   --> crates/core/tests/multipart_state_machine.rs:632:14
    |
632 |             "{list:?}"
    |              ^^^^^^^^ doesn't have a size known at compile-time
    |
    = help: the trait `Sized` is not implemented for `[(u32, Digest)]`

error[E0277]: the size for values of type `[(u32, Digest)]` cannot be known at compilation time
   --> crates/core/tests/multipart_state_machine.rs:634:67
    |
634 |         assert_eq!(multipart_etag(&named(&list)), Err(expected), "{list:?}");
    |                                                                   ^^^^^^^^ doesn't have a size known at compile-time
    |
    = help: the trait `Sized` is not implemented for `[(u32, Digest)]`

error[E0599]: no variant named `EtagPartCountOutOfRange` found for enum `RecordError`
   --> crates/core/tests/multipart_state_machine.rs:685:30
    |
685 |             Err(RecordError::EtagPartCountOutOfRange {
    |                              ^^^^^^^^^^^^^^^^^^^^^^^ variant not found in `RecordError`

error[E0599]: no variant named `MultipartEtagMalformed` found for enum `RecordError`
   --> crates/core/tests/multipart_state_machine.rs:708:30
    |
708 |             Err(RecordError::MultipartEtagMalformed { etag: text.clone() }),
    |                              ^^^^^^^^^^^^^^^^^^^^^^ variant not found in `RecordError`

Some errors have detailed explanations: E0277, E0432, E0599.
For more information about an error, try `rustc --explain E0277`.
error: could not compile `wyrd-core` (test "multipart_state_machine") due to 17 previous errors
run-verify.sh: UNVERIFIABLE — the RED leg's cargo run failed (status 101) WITHOUT
               running a test, so no RED was established. This is NOT 'red without the
               fix' — the discriminator never executed. The usual cause is that it does
               not COMPILE against the reverted base: it calls production API this patch
               adds, so reverting the fix removes the symbol it needs. Split the test so
               it exercises the behaviour through pre-existing API, or record at sign-off
               why this slice has no isolable red (the cargo output is above).
