# gate: C4-verify — per-fix red->green: this patch's test red pre-fix, green post-fix
# cmd: ./engine/scripts/run-verify.sh
# cwd: /home/eddie/wyrd/wyrd-pdca
# PDCA_WORKTREE: /home/eddie/wyrd/wyrd.pdca-wt
# start: 2026-09-19T15:19:34+00:00
# duration_secs: 3.38
# exit: 77
# outcome: unverifiable
# ---- combined stdout+stderr (verbatim) ----
run-verify.sh: GREEN — cargo test -p wyrd-custodian --test staged_repair (fix applied)

running 39 tests
.......................................
test result: ok. 39 passed; 0 failed; 0 ignored; 0 measured; 0 filtered out; finished in 0.10s
run-verify.sh: RED — cargo test -p wyrd-custodian --test staged_repair (production reverted, test kept)
error[E0560]: struct `ReconstructionContext<'_>` has no field named `clock`
   --> crates/custodian/tests/staged_repair.rs:741:13
    |
741 |             clock: &self.clock,
    |             ^^^^^ `ReconstructionContext<'_>` does not have this field
    |
    = note: all struct fields are already assigned

error[E0560]: struct `ReconstructionContext<'_>` has no field named `staged_write_window_millis`
   --> crates/custodian/tests/staged_repair.rs:742:13
    |
742 |             staged_write_window_millis: WINDOW,
    |             ^^^^^^^^^^^^^^^^^^^^^^^^^^ `ReconstructionContext<'_>` does not have this field
    |
    = note: all struct fields are already assigned

For more information about this error, try `rustc --explain E0560`.
error: could not compile `wyrd-custodian` (test "staged_repair") due to 2 previous errors
run-verify.sh: UNVERIFIABLE — the RED leg's cargo run failed (status 101) WITHOUT
               running a test, so no RED was established. This is NOT 'red without the
               fix' — the discriminator never executed. The usual cause is that it does
               not COMPILE against the reverted base: it calls production API this patch
               adds, so reverting the fix removes the symbol it needs. Split the test so
               it exercises the behaviour through pre-existing API, or record at sign-off
               why this slice has no isolable red (the cargo output is above).
