# gate: C4-verify — per-fix red->green: this patch's test red pre-fix, green post-fix
# cmd: ./engine/scripts/run-verify.sh
# cwd: /home/eddie/wyrd/wyrd-pdca
# PDCA_WORKTREE: /home/eddie/wyrd/wyrd.pdca-wt
# start: 2026-09-21T11:21:27+00:00
# duration_secs: 2.28
# exit: 0
# outcome: pass
# ---- combined stdout+stderr (verbatim) ----
run-verify.sh: GREEN — cargo test -p wyrd-custodian --test staged_scrub (fix applied)

running 18 tests
..................
test result: ok. 18 passed; 0 failed; 0 ignored; 0 measured; 0 filtered out; finished in 0.03s
run-verify.sh: RED — cargo test -p wyrd-custodian --test staged_scrub (production reverted, test kept)

running 18 tests
scrub_detects_a_committed_part_fragment_with_the_wrong_ec_scheme --- FAILED
. 2/18
a_publication_flipped_and_drained_between_scrubs_reads_leaves_the_chunk_checked --- FAILED
an_empty_committed_part_placement_is_malformed_and_queues_no_phantom_repair --- FAILED
a_wrong_length_committed_part_placement_is_never_certified --- FAILED
a_malformed_part_placement_a_committed_map_supersedes_does_not_block --- FAILED
.. 8/18
scrub_detects_a_corrupt_committed_part_fragment --- FAILED
.. 11/18
a_publication_flipped_between_scrubs_reads_and_drained_after_leaves_the_chunk_checked --- FAILED
scrub_fails_closed_on_a_session_key_naming_no_upload --- FAILED
scrub_fails_closed_on_an_unreadable_part_record_but_checks_the_rest --- FAILED
scrub_fails_the_pass_on_a_store_fault_reading_a_part_range --- FAILED
scrub_checks_committed_parts_of_sessions_past_the_first_page --- FAILED
staged_damage_is_named_even_when_the_committed_read_then_faults --- FAILED
scrub_detects_a_missing_committed_part_fragment --- FAILED

failures:

---- scrub_detects_a_committed_part_fragment_with_the_wrong_ec_scheme stdout ----

thread 'scrub_detects_a_committed_part_fragment_with_the_wrong_ec_scheme' (3206242) panicked at crates/custodian/tests/staged_scrub.rs:697:5:
assertion `left == right` failed: scrub must enqueue a repair for a fragment whose header disagrees with the part record's own EC scheme: Satisfied
  left: Satisfied
 right: Changed

---- a_publication_flipped_and_drained_between_scrubs_reads_leaves_the_chunk_checked stdout ----

thread 'a_publication_flipped_and_drained_between_scrubs_reads_leaves_the_chunk_checked' (3206235) panicked at crates/custodian/tests/staged_scrub.rs:1155:5:
a publication landing during scrub's reads (flip after the first, drain after read 1) left the chunk's missing fragment unchecked: a pass that reads `inode:` before `part:` sees it in NEITHER class and certifies a lost fragment (X67, `0016:2596`)

---- an_empty_committed_part_placement_is_malformed_and_queues_no_phantom_repair stdout ----

thread 'an_empty_committed_part_placement_is_malformed_and_queues_no_phantom_repair' (3206239) panicked at crates/custodian/tests/staged_scrub.rs:1277:5:
assertion `left == right` failed: scrub never checked this staged chunk — its only record's placement cannot be used — so it must not certify the store: Satisfied
  left: Satisfied
 right: Blocked
note: run with `RUST_BACKTRACE=1` environment variable to display a backtrace

---- a_wrong_length_committed_part_placement_is_never_certified stdout ----

thread 'a_wrong_length_committed_part_placement_is_never_certified' (3206238) panicked at crates/custodian/tests/staged_scrub.rs:1277:5:
assertion `left == right` failed: scrub never checked this staged chunk — its only record's placement cannot be used — so it must not certify the store: Satisfied
  left: Satisfied
 right: Blocked

---- a_malformed_part_placement_a_committed_map_supersedes_does_not_block stdout ----

thread 'a_malformed_part_placement_a_committed_map_supersedes_does_not_block' (3206232) panicked at crates/custodian/tests/staged_scrub.rs:1333:5:
the leftover part record's damage must still be named on the audit seam

---- scrub_detects_a_corrupt_committed_part_fragment stdout ----

thread 'scrub_detects_a_corrupt_committed_part_fragment' (3206243) panicked at crates/custodian/tests/staged_scrub.rs:654:5:
assertion `left == right` failed: scrub must enqueue a repair for the corrupt committed-part fragment: Satisfied
  left: Satisfied
 right: Changed

---- a_publication_flipped_between_scrubs_reads_and_drained_after_leaves_the_chunk_checked stdout ----

thread 'a_publication_flipped_between_scrubs_reads_and_drained_after_leaves_the_chunk_checked' (3206236) panicked at crates/custodian/tests/staged_scrub.rs:1155:5:
a publication landing during scrub's reads (flip after the first, drain after read 2) left the chunk's missing fragment unchecked: a pass that reads `inode:` before `part:` sees it in NEITHER class and certifies a lost fragment (X67, `0016:2596`)

---- scrub_fails_closed_on_a_session_key_naming_no_upload stdout ----

thread 'scrub_fails_closed_on_a_session_key_naming_no_upload' (3206245) panicked at crates/custodian/tests/staged_scrub.rs:1401:5:
assertion `left == right` failed: scrub must refuse to certify the store while a session key names no upload — its part range is unaddressable, so the chunks it would have protected were never checked: Satisfied
  left: Satisfied
 right: Blocked

---- scrub_fails_closed_on_an_unreadable_part_record_but_checks_the_rest stdout ----

thread 'scrub_fails_closed_on_an_unreadable_part_record_but_checks_the_rest' (3206246) panicked at crates/custodian/tests/staged_scrub.rs:879:5:
assertion `left == right` failed: scrub must refuse to certify the store while a committed part record is unreadable: Satisfied
  left: Satisfied
 right: Blocked

---- scrub_fails_the_pass_on_a_store_fault_reading_a_part_range stdout ----

thread 'scrub_fails_the_pass_on_a_store_fault_reading_a_part_range' (3206247) panicked at crates/custodian/tests/staged_scrub.rs:913:45:
a store fault under a session's `part:` range must fail the pass, as it fails GC — a pass that went on would enqueue or certify over a reading with a hole in it: Satisfied

---- scrub_checks_committed_parts_of_sessions_past_the_first_page stdout ----

thread 'scrub_checks_committed_parts_of_sessions_past_the_first_page' (3206240) panicked at crates/custodian/tests/staged_scrub.rs:1027:9:
scrub never checked the committed part of session 0 of 1025, which is on page 1 of the session listing: its missing fragment was not queued

---- staged_damage_is_named_even_when_the_committed_read_then_faults stdout ----

thread 'staged_damage_is_named_even_when_the_committed_read_then_faults' (3206249) panicked at crates/custodian/tests/staged_scrub.rs:969:5:
the malformed part record part:c3c3c3c3c3c3c3c3c3c3c3c3c3c3c3c3:000001 was found and then lost: the `inode:` fault ended the pass before its name reached the audit seam

---- scrub_detects_a_missing_committed_part_fragment stdout ----

thread 'scrub_detects_a_missing_committed_part_fragment' (3206244) panicked at crates/custodian/tests/staged_scrub.rs:674:5:
assertion `left == right` failed: scrub must enqueue a repair for the missing committed-part fragment: Satisfied
  left: Satisfied
 right: Changed


failures:
    a_malformed_part_placement_a_committed_map_supersedes_does_not_block
    a_publication_flipped_and_drained_between_scrubs_reads_leaves_the_chunk_checked
    a_publication_flipped_between_scrubs_reads_and_drained_after_leaves_the_chunk_checked
    a_wrong_length_committed_part_placement_is_never_certified
    an_empty_committed_part_placement_is_malformed_and_queues_no_phantom_repair
    scrub_checks_committed_parts_of_sessions_past_the_first_page
    scrub_detects_a_committed_part_fragment_with_the_wrong_ec_scheme
    scrub_detects_a_corrupt_committed_part_fragment
    scrub_detects_a_missing_committed_part_fragment
    scrub_fails_closed_on_a_session_key_naming_no_upload
    scrub_fails_closed_on_an_unreadable_part_record_but_checks_the_rest
    scrub_fails_the_pass_on_a_store_fault_reading_a_part_range
    staged_damage_is_named_even_when_the_committed_read_then_faults

test result: FAILED. 5 passed; 13 failed; 0 ignored; 0 measured; 0 filtered out; finished in 0.02s

error: test failed, to rerun pass `-p wyrd-custodian --test staged_scrub`
run-verify.sh: PASS — red without the fix, green with it (18 test(s) ran red).
