# gate: C4-diff-cov — diff coverage: changed lines executed by the patch's tests
# cmd: ./engine/scripts/run-diff-cov.sh
# cwd: /home/eddie/wyrd/wyrd-pdca
# PDCA_WORKTREE: /home/eddie/wyrd/wyrd.pdca-wt-l0
# start: 2026-09-13T08:23:22+00:00
# duration_secs: 2.68
# exit: 0
# outcome: pass
# ---- combined stdout+stderr (verbatim) ----
run-diff-cov.sh: MEASURE — cargo llvm-cov test -p wyrd-core --test multipart_knobs (fix applied)
info: cargo-llvm-cov currently setting cfg(coverage); you can opt-out it by passing --no-cfg-coverage
   Compiling wyrd-traits v0.0.0 (/home/eddie/wyrd/wyrd-cov-l0/crates/traits)
   Compiling wyrd-chunk-format v0.0.0 (/home/eddie/wyrd/wyrd-cov-l0/crates/chunk-format)
   Compiling wyrd-proto v0.0.0 (/home/eddie/wyrd/wyrd-cov-l0/crates/proto)
   Compiling wyrd-testkit v0.0.0 (/home/eddie/wyrd/wyrd-cov-l0/crates/testkit)
   Compiling wyrd-core v0.0.0 (/home/eddie/wyrd/wyrd-cov-l0/crates/core)
   Compiling wyrd-metadata-redb v0.0.0 (/home/eddie/wyrd/wyrd-cov-l0/crates/metadata-redb)
   Compiling wyrd-chunkstore-fs v0.0.0 (/home/eddie/wyrd/wyrd-cov-l0/crates/chunkstore-fs)
   Compiling wyrd-chunkstore-grpc v0.0.0 (/home/eddie/wyrd/wyrd-cov-l0/crates/chunkstore-grpc)
    Finished `test` profile [unoptimized + debuginfo] target(s) in 1.67s
     Running tests/multipart_knobs.rs (target/llvm-cov-target/debug/deps/multipart_knobs-30710ef5e7548608)

running 11 tests
test leg2_rejects_each_violation_by_name ... ok
test leg3_max_chunkref_bytes_matches_the_encoded_reality ... ok
test leg3_b_ref_extremes_land_in_0016s_stated_range ... ok
test leg1_deployed_set_satisfies_every_clamp ... ok
test leg3_value_chunk_capacity_recomputed_independently ... ok
test leg3_staged_chunks_and_derived_pair_recomputed_independently ... ok
test leg5_the_two_retry_budgets_are_distinct_constants ... ok
test leg3_max_part_bytes_and_batch_bytes_use_0016s_stated_halving ... ok
test leg4_overflowing_width_is_rejected_by_knob_clamps_hold ... ok
test leg4_inflight_and_parts_per_session_fit_their_key_widths ... ok
test leg5_backoff_is_bounded_and_grows_with_attempt ... ok

test result: ok. 11 passed; 0 failed; 0 ignored; 0 measured; 0 filtered out; finished in 0.00s
run-diff-cov.sh: NOTE — 130 of 480 changed production lines carried a coverage
                 region; the other 350 are not scored either way. Most are simply not
                 executable (comments, `use`, declarations, bare delimiters). But code
                 compiled out by a #[cfg(...)] your feature selection does not enable looks
                 identical here, and this gate cannot tell the two apart (#222).
                 The largest unscored spans, so you can tell at a glance which it is:
run-diff-cov.sh:   UNSCORED crates/core/src/multipart.rs:4432-4563 (132 lines)
run-diff-cov.sh:   UNSCORED crates/core/src/multipart.rs:4672-4728 (57 lines)
run-diff-cov.sh:   UNSCORED crates/core/src/multipart.rs:4321-4369 (49 lines)
run-diff-cov.sh:   UNSCORED crates/core/src/multipart.rs:4571-4616 (46 lines)
run-diff-cov.sh:   UNSCORED crates/core/src/multipart.rs:4383-4421 (39 lines)
run-diff-cov.sh:   UNSCORED crates/core/src/multipart.rs:4641-4652 (12 lines)
run-diff-cov.sh:   … and 5 further span(s), none larger; all of them are in coverage/diff-cov.json
run-diff-cov.sh: MISS crates/core/src/multipart.rs:4372
run-diff-cov.sh: MISS crates/core/src/multipart.rs:4668
run-diff-cov.sh: MISS crates/core/src/multipart.rs:4787
run-diff-cov.sh: MISS crates/core/src/multipart.rs:4790
run-diff-cov.sh: MISS crates/core/src/multipart.rs:4793
METRIC diff_cov=96.2 covered=125 instrumentable=130 unscored=350
run-diff-cov.sh: PASS — the patch's tests execute 96.2% of its 130 instrumentable changed
                 lines (floor 80%, 11 test(s) ran).
PDCA-EVIDENCE: diff coverage 96.2% — 125 of 130 instrumentable changed lines executed (floor 80%); 130 of 480 changed lines were instrumentable
