# gate: C4-verify — per-fix red->green: this patch's test red pre-fix, green post-fix
# cmd: ./engine/scripts/run-verify.sh
# cwd: /home/eddie/wyrd/wyrd-pdca
# PDCA_WORKTREE: /home/eddie/wyrd/wyrd.pdca-wt-l0
# start: 2026-09-13T08:23:19+00:00
# duration_secs: 3.03
# exit: 77
# outcome: unverifiable
# ---- combined stdout+stderr (verbatim) ----
run-verify.sh: GREEN — cargo test -p wyrd-core --test multipart_knobs (fix applied)

running 11 tests
...........
test result: ok. 11 passed; 0 failed; 0 ignored; 0 measured; 0 filtered out; finished in 0.00s
run-verify.sh: RED — cargo test -p wyrd-core --test multipart_knobs (production reverted, test kept)
error[E0432]: unresolved imports `wyrd_core::multipart::admission_backoff_millis`, `wyrd_core::multipart::knob_clamps_hold`, `wyrd_core::multipart::max_chunkref_bytes_for`, `wyrd_core::multipart::max_part_chunks_for`, `wyrd_core::multipart::KnobClamp`, `wyrd_core::multipart::KnobSet`, `wyrd_core::multipart::ADMISSION_BACKOFF_BASE_MILLIS`, `wyrd_core::multipart::ADMISSION_BACKOFF_CAP_MILLIS`, `wyrd_core::multipart::MAX_ADMISSION_CAS_ATTEMPTS`, `wyrd_core::multipart::MAX_BATCH_BYTES`, `wyrd_core::multipart::MAX_BATCH_OPS`, `wyrd_core::multipart::MAX_CHUNKREF_BYTES`, `wyrd_core::multipart::MAX_COMPLETE_ATTEMPTS`, `wyrd_core::multipart::MAX_INFLIGHT_PARTS`, `wyrd_core::multipart::MAX_MAP_CHUNKS`, `wyrd_core::multipart::MAX_PARTS_PER_SESSION`, `wyrd_core::multipart::MAX_PART_CHUNKS`, `wyrd_core::multipart::MAX_SEG_CHUNKS`, `wyrd_core::multipart::MAX_STAGED_CHUNKS`, `wyrd_core::multipart::MAX_UPLOAD_ID_ATTEMPTS`, `wyrd_core::multipart::R_PUBLISH`, `wyrd_core::multipart::W_REF`
  --> crates/core/tests/multipart_knobs.rs:21:11
   |
21 |     self, admission_backoff_millis, knob_clamps_hold, max_chunkref_bytes_for, max_part_chunks_for,
   |           ^^^^^^^^^^^^^^^^^^^^^^^^  ^^^^^^^^^^^^^^^^  ^^^^^^^^^^^^^^^^^^^^^^  ^^^^^^^^^^^^^^^^^^^ no `max_part_chunks_for` in `multipart`
   |           |                         |                 |
   |           |                         |                 no `max_chunkref_bytes_for` in `multipart`
   |           |                         no `knob_clamps_hold` in `multipart`
   |           no `admission_backoff_millis` in `multipart`
22 |     part_key, slot_key, KnobClamp, KnobSet, PartNumber, SlotIndex, UploadId,
   |                         ^^^^^^^^^  ^^^^^^^ no `KnobSet` in `multipart`
   |                         |
   |                         no `KnobClamp` in `multipart`
23 |     ADMISSION_BACKOFF_BASE_MILLIS, ADMISSION_BACKOFF_CAP_MILLIS, MAX_ADMISSION_CAS_ATTEMPTS,
   |     ^^^^^^^^^^^^^^^^^^^^^^^^^^^^^  ^^^^^^^^^^^^^^^^^^^^^^^^^^^^  ^^^^^^^^^^^^^^^^^^^^^^^^^^ no `MAX_ADMISSION_CAS_ATTEMPTS` in `multipart`
   |     |                              |
   |     |                              no `ADMISSION_BACKOFF_CAP_MILLIS` in `multipart`
   |     no `ADMISSION_BACKOFF_BASE_MILLIS` in `multipart`
24 |     MAX_BATCH_BYTES, MAX_BATCH_OPS, MAX_CHUNKREF_BYTES, MAX_COMPLETE_ATTEMPTS, MAX_INFLIGHT_PARTS,
   |     ^^^^^^^^^^^^^^^  ^^^^^^^^^^^^^  ^^^^^^^^^^^^^^^^^^  ^^^^^^^^^^^^^^^^^^^^^  ^^^^^^^^^^^^^^^^^^
   |     |
   |     no `MAX_BATCH_BYTES` in `multipart`
25 |     MAX_MAP_CHUNKS, MAX_PARTS_PER_SESSION, MAX_PART_CHUNKS, MAX_PART_NUMBER, MAX_SEG_CHUNKS,
   |     ^^^^^^^^^^^^^^  ^^^^^^^^^^^^^^^^^^^^^  ^^^^^^^^^^^^^^^                   ^^^^^^^^^^^^^^
26 |     MAX_SLOT_INDEX, MAX_STAGED_CHUNKS, MAX_UPLOAD_ID_ATTEMPTS, R_PUBLISH, W_REF,
   |                     ^^^^^^^^^^^^^^^^^  ^^^^^^^^^^^^^^^^^^^^^^  ^^^^^^^^^  ^^^^^

error[E0425]: cannot find function `max_part_bytes` in module `multipart`
   --> crates/core/tests/multipart_knobs.rs:274:24
    |
274 |             multipart::max_part_bytes(chunk_size),
    |                        ^^^^^^^^^^^^^^ not found in `multipart`

Some errors have detailed explanations: E0425, E0432.
For more information about an error, try `rustc --explain E0425`.
error: could not compile `wyrd-core` (test "multipart_knobs") due to 2 previous errors
run-verify.sh: UNVERIFIABLE — the RED leg's cargo run failed (status 101) WITHOUT
               running a test, so no RED was established. This is NOT 'red without the
               fix' — the discriminator never executed. The usual cause is that it does
               not COMPILE against the reverted base: it calls production API this patch
               adds, so reverting the fix removes the symbol it needs. Split the test so
               it exercises the behaviour through pre-existing API, or record at sign-off
               why this slice has no isolable red (the cargo output is above).
