# gate: C5-mutants — surviving mutants on the bundle diff (cargo mutants --in-diff)
# cmd: scripts/mutants-in-diff
# cwd: /home/eddie/wyrd/wyrd-pdca
# PDCA_WORKTREE: /home/eddie/wyrd/wyrd.pdca-wt-l0
# start: 2026-09-13T08:24:04+00:00
# duration_secs: 281.7
# exit: 2
# outcome: fail
# ---- combined stdout+stderr (verbatim) ----
Found 123 mutants to test
ok       Unmutated baseline in 10s build + 2s test
 INFO Auto-set test timeout to 20s
MISSED   crates/core/src/multipart.rs:4568:23: replace - with / in admission_backoff_millis in 0s build + 2s test
MISSED   crates/core/src/multipart.rs:4656:58: replace + with - in KnobSet::u_ref in 0s build + 2s test
MISSED   crates/core/src/multipart.rs:4656:58: replace + with * in KnobSet::u_ref in 0s build + 2s test
MISSED   crates/core/src/multipart.rs:4670:44: replace / with * in KnobSet::derive_max_sessions in 0s build + 2s test
MISSED   crates/core/src/multipart.rs:4731:66: replace > with >= in knob_clamps_hold in 0s build + 2s test
MISSED   crates/core/src/multipart.rs:4734:66: replace > with >= in knob_clamps_hold in 0s build + 2s test
MISSED   crates/core/src/multipart.rs:4737:67: replace > with >= in knob_clamps_hold in 0s build + 2s test
MISSED   crates/core/src/multipart.rs:4740:28: replace > with >= in knob_clamps_hold in 0s build + 2s test
MISSED   crates/core/src/multipart.rs:4743:68: replace > with >= in knob_clamps_hold in 0s build + 2s test
MISSED   crates/core/src/multipart.rs:4747:46: replace > with >= in knob_clamps_hold in 0s build + 2s test
MISSED   crates/core/src/multipart.rs:4747:74: replace + with - in knob_clamps_hold in 0s build + 2s test
MISSED   crates/core/src/multipart.rs:4747:74: replace + with * in knob_clamps_hold in 0s build + 2s test
MISSED   crates/core/src/multipart.rs:4751:30: replace < with <= in knob_clamps_hold in 0s build + 2s test
MISSED   crates/core/src/multipart.rs:4758:31: replace > with >= in knob_clamps_hold in 0s build + 2s test
MISSED   crates/core/src/multipart.rs:4762:40: replace > with >= in knob_clamps_hold in 0s build + 2s test
MISSED   crates/core/src/multipart.rs:4766:26: replace > with >= in knob_clamps_hold in 0s build + 2s test
MISSED   crates/core/src/multipart.rs:4769:56: replace + with * in knob_clamps_hold in 0s build + 2s test
MISSED   crates/core/src/multipart.rs:4770:21: replace > with >= in knob_clamps_hold in 0s build + 2s test
MISSED   crates/core/src/multipart.rs:4774:61: replace > with >= in knob_clamps_hold in 0s build + 2s test
MISSED   crates/core/src/multipart.rs:4777:25: replace > with >= in knob_clamps_hold in 0s build + 2s test
MISSED   crates/core/src/multipart.rs:4780:28: replace > with >= in knob_clamps_hold in 0s build + 2s test
123 mutants tested in 5m: 21 missed, 89 caught, 13 unviable
