# gate: C4-verify — per-fix red->green: this patch's test red pre-fix, green post-fix
# cmd: ./engine/scripts/run-verify.sh
# cwd: /home/eddie/wyrd/wyrd-pdca
# PDCA_WORKTREE: /home/eddie/wyrd/wyrd.pdca-wt
# start: 2026-09-20T23:13:51+00:00
# duration_secs: 2.48
# exit: 0
# outcome: pass
# ---- combined stdout+stderr (verbatim) ----
run-verify.sh: GREEN — cargo test -p wyrd-custodian --test staged_scrub (fix applied)

running 11 tests
...........
test result: ok. 11 passed; 0 failed; 0 ignored; 0 measured; 0 filtered out; finished in 0.00s
run-verify.sh: RED — cargo test -p wyrd-custodian --test staged_scrub (production reverted, test kept)

running 11 tests
. 1/11
scrub_detects_a_missing_committed_part_fragment --- FAILED
scrub_fails_closed_on_an_unreadable_part_record_but_checks_the_rest --- FAILED
an_empty_committed_part_placement_is_malformed_and_queues_no_phantom_repair --- FAILED
scrub_detects_a_corrupt_committed_part_fragment --- FAILED
. 6/11
scrub_detects_a_committed_part_fragment_with_the_wrong_ec_scheme --- FAILED
scrub_fails_closed_on_a_session_key_naming_no_upload --- FAILED
a_publication_flipped_between_scrubs_reads_and_drained_after_leaves_the_chunk_checked --- FAILED
scrub_fails_the_pass_on_a_store_fault_reading_a_part_range --- FAILED
a_publication_flipped_and_drained_between_scrubs_reads_leaves_the_chunk_checked --- FAILED

failures:

---- scrub_detects_a_missing_committed_part_fragment stdout ----

thread 'scrub_detects_a_missing_committed_part_fragment' (1957209) panicked at crates/custodian/tests/staged_scrub.rs:638:5:
assertion `left == right` failed: scrub must enqueue a repair for the missing committed-part fragment: Satisfied
  left: Satisfied
 right: Changed

---- scrub_fails_closed_on_an_unreadable_part_record_but_checks_the_rest stdout ----

thread 'scrub_fails_closed_on_an_unreadable_part_record_but_checks_the_rest' (1957211) panicked at crates/custodian/tests/staged_scrub.rs:763:5:
assertion `left == right` failed: scrub must refuse to certify the store while a committed part record is unreadable: Satisfied
  left: Satisfied
 right: Blocked
note: run with `RUST_BACKTRACE=1` environment variable to display a backtrace

---- an_empty_committed_part_placement_is_malformed_and_queues_no_phantom_repair stdout ----

thread 'an_empty_committed_part_placement_is_malformed_and_queues_no_phantom_repair' (1957205) panicked at crates/custodian/tests/staged_scrub.rs:1010:5:
scrub skipped the chunk without reporting the damaged placement on its audit seam — a silent skip is the one outcome the malformed rule exists to prevent

---- scrub_detects_a_corrupt_committed_part_fragment stdout ----

thread 'scrub_detects_a_corrupt_committed_part_fragment' (1957208) panicked at crates/custodian/tests/staged_scrub.rs:618:5:
assertion `left == right` failed: scrub must enqueue a repair for the corrupt committed-part fragment: Satisfied
  left: Satisfied
 right: Changed

---- scrub_detects_a_committed_part_fragment_with_the_wrong_ec_scheme stdout ----

thread 'scrub_detects_a_committed_part_fragment_with_the_wrong_ec_scheme' (1957207) panicked at crates/custodian/tests/staged_scrub.rs:661:5:
assertion `left == right` failed: scrub must enqueue a repair for a fragment whose header disagrees with the part record's own EC scheme: Satisfied
  left: Satisfied
 right: Changed

---- scrub_fails_closed_on_a_session_key_naming_no_upload stdout ----

thread 'scrub_fails_closed_on_a_session_key_naming_no_upload' (1957210) panicked at crates/custodian/tests/staged_scrub.rs:1058:5:
assertion `left == right` failed: scrub must refuse to certify the store while a session key names no upload — its part range is unaddressable, so the chunks it would have protected were never checked: Satisfied
  left: Satisfied
 right: Blocked

---- a_publication_flipped_between_scrubs_reads_and_drained_after_leaves_the_chunk_checked stdout ----

thread 'a_publication_flipped_between_scrubs_reads_and_drained_after_leaves_the_chunk_checked' (1957204) panicked at crates/custodian/tests/staged_scrub.rs:922:5:
a publication landing during scrub's reads (flip after the first, drain after read 2) left the chunk's missing fragment unchecked: a pass that reads `inode:` before `part:` sees it in NEITHER class and certifies a lost fragment (X67, `0016:2596`)

---- scrub_fails_the_pass_on_a_store_fault_reading_a_part_range stdout ----

thread 'scrub_fails_the_pass_on_a_store_fault_reading_a_part_range' (1957212) panicked at crates/custodian/tests/staged_scrub.rs:797:45:
a store fault under a session's `part:` range must fail the pass, as it fails GC — a pass that went on would enqueue or certify over a reading with a hole in it: Satisfied

---- a_publication_flipped_and_drained_between_scrubs_reads_leaves_the_chunk_checked stdout ----

thread 'a_publication_flipped_and_drained_between_scrubs_reads_leaves_the_chunk_checked' (1957203) panicked at crates/custodian/tests/staged_scrub.rs:922:5:
a publication landing during scrub's reads (flip after the first, drain after read 1) left the chunk's missing fragment unchecked: a pass that reads `inode:` before `part:` sees it in NEITHER class and certifies a lost fragment (X67, `0016:2596`)


failures:
    a_publication_flipped_and_drained_between_scrubs_reads_leaves_the_chunk_checked
    a_publication_flipped_between_scrubs_reads_and_drained_after_leaves_the_chunk_checked
    an_empty_committed_part_placement_is_malformed_and_queues_no_phantom_repair
    scrub_detects_a_committed_part_fragment_with_the_wrong_ec_scheme
    scrub_detects_a_corrupt_committed_part_fragment
    scrub_detects_a_missing_committed_part_fragment
    scrub_fails_closed_on_a_session_key_naming_no_upload
    scrub_fails_closed_on_an_unreadable_part_record_but_checks_the_rest
    scrub_fails_the_pass_on_a_store_fault_reading_a_part_range

test result: FAILED. 2 passed; 9 failed; 0 ignored; 0 measured; 0 filtered out; finished in 0.00s

error: test failed, to rerun pass `-p wyrd-custodian --test staged_scrub`
run-verify.sh: PASS — red without the fix, green with it (11 test(s) ran red).
