# gate C4-verify — attempt 1/1: unverifiable (exit 77)
# cmd: ./engine/scripts/run-verify.sh
# cwd: /home/eddie/wyrd/wyrd-pdca
# PDCA_WORKTREE: /home/eddie/wyrd/wyrd.pdca-wt-l1
# started: 2026-08-06T03:03:24+02:00   duration: 5s

run-verify.sh: GREEN — cargo test -p wyrd-core --test multipart_keys (fix applied)

running 16 tests
................
test result: ok. 16 passed; 0 failed; 0 ignored; 0 measured; 0 filtered out; finished in 0.00s
run-verify.sh: RED — cargo test -p wyrd-core --test multipart_keys (production reverted, test kept)
error[E0432]: unresolved import `wyrd_core::multipart`
  --> crates/core/tests/multipart_keys.rs:20:16
   |
20 | use wyrd_core::multipart::{
   |                ^^^^^^^^^ could not find `multipart` in `wyrd_core`

For more information about this error, try `rustc --explain E0432`.
error: could not compile `wyrd-core` (test "multipart_keys") due to 1 previous error
run-verify.sh: UNVERIFIABLE — the RED leg's cargo run failed (status 101) WITHOUT
               running a test, so no RED was established. This is NOT 'red without the
               fix' — the discriminator never executed. The usual cause is that it does
               not COMPILE against the reverted base: it calls production API this patch
               adds, so reverting the fix removes the symbol it needs. Split the test so
               it exercises the behaviour through pre-existing API, or record at sign-off
               why this slice has no isolable red (the cargo output is above).
