# gate T4-batch-review — attempt 1/1: fail (exit 1)
# cmd: scripts/review-branch --bundle
# cwd: /home/eddie/wyrd/wyrd-pdca
# PDCA_WORKTREE: /home/eddie/wyrd/wyrd.pdca-wt-l1
# started: 2026-08-06T03:03:30+02:00   duration: 54s

review-branch: pass 1: exit -15 — (
+        slot_key_bytes.len(),
+        SLOT_PREFIX.len() + uid.as_str().len() + 1 + SLOT_INDEX_WIDTH
+    );
+    assert_eq!(
+        parse_slot_key(&slot_key_bytes).unwrap(),
+        (uid.clone(), max_slot)
+    );
+    assert!(SlotIndex::new(MAX_SLOT_INDEX + 1).is_err());
+}

--- END DIFF ---
review-branch: pass 2: exit -15 — (
+        slot_key_bytes.len(),
+        SLOT_PREFIX.len() + uid.as_str().len() + 1 + SLOT_INDEX_WIDTH
+    );
+    assert_eq!(
+        parse_slot_key(&slot_key_bytes).unwrap(),
+        (uid.clone(), max_slot)
+    );
+    assert!(SlotIndex::new(MAX_SLOT_INDEX + 1).is_err());
+}

--- END DIFF ---
review-branch: pass 3: exit -15 — (
+        slot_key_bytes.len(),
+        SLOT_PREFIX.len() + uid.as_str().len() + 1 + SLOT_INDEX_WIDTH
+    );
+    assert_eq!(
+        parse_slot_key(&slot_key_bytes).unwrap(),
+        (uid.clone(), max_slot)
+    );
+    assert!(SlotIndex::new(MAX_SLOT_INDEX + 1).is_err());
+}

--- END DIFF ---
review-branch: retrying 3 pass(es) once
review-branch: 1 blocking, 0 recorded-rejected, 0 noise-dropped -> /home/eddie/wyrd/wyrd-pdca/results/issue_691/review-batch.md || BLOCKING: crates/core/src/multipart.rs:458 [CONVENTION] Introducing new persisted multipart key namespaces without updating the living architecture documentation violates the repository’s docs-currency requirement.
