# gate: C4-diff-cov — diff coverage: changed lines executed by the patch's tests
# cmd: ./engine/scripts/run-diff-cov.sh
# cwd: /home/eddie/wyrd/wyrd-pdca
# PDCA_WORKTREE: /home/eddie/wyrd/wyrd.pdca-wt
# start: 2026-09-17T22:04:44+00:00
# duration_secs: 63.53
# exit: 0
# outcome: pass
# ---- combined stdout+stderr (verbatim) ----
run-diff-cov.sh: at least one changed crate ships no test in this patch — it is scored
                 against its EXISTING suite, and any co-located #[cfg(test)] lines the
                 patch adds count as covered, so that part of the figure is the generous
                 one; see the coverage boundary in this file's header.
run-diff-cov.sh: MEASURE — cargo llvm-cov test -p wyrd-custodian --test staged_drain_restore (fix applied)
info: cargo-llvm-cov currently setting cfg(coverage); you can opt-out it by passing --no-cfg-coverage
   Compiling wyrd-traits v0.0.0 (/home/eddie/wyrd/wyrd-cov/crates/traits)
   Compiling wyrd-chunk-format v0.0.0 (/home/eddie/wyrd/wyrd-cov/crates/chunk-format)
   Compiling wyrd-telemetry v0.0.0 (/home/eddie/wyrd/wyrd-cov/crates/telemetry)
   Compiling wyrd-testkit v0.0.0 (/home/eddie/wyrd/wyrd-cov/crates/testkit)
   Compiling wyrd-core v0.0.0 (/home/eddie/wyrd/wyrd-cov/crates/core)
   Compiling wyrd-chunkstore-fs v0.0.0 (/home/eddie/wyrd/wyrd-cov/crates/chunkstore-fs)
   Compiling wyrd-coordination-mem v0.0.0 (/home/eddie/wyrd/wyrd-cov/crates/coordination-mem)
   Compiling wyrd-custodian v0.0.0 (/home/eddie/wyrd/wyrd-cov/crates/custodian)
    Finished `test` profile [unoptimized + debuginfo] target(s) in 2.77s
     Running tests/staged_drain_restore.rs (target/llvm-cov-target/debug/deps/staged_drain_restore-8250208f086a270a)

running 12 tests
test h_a_completing_session_without_a_nonce_is_named_not_rewritten ... ok
test a_drain_counts_an_in_flight_part_as_held ... ok
test b_drain_counts_a_committed_part_as_held ... ok
test d_rebalance_leaves_staged_bytes_alone_and_the_drain_stays_pending ... ok
test f_the_fence_and_its_obligation_land_in_one_batch ... ok
test f_restore_fences_a_resurrected_open_session ... ok
test e_restore_reports_staged_skips_separately ... ok
test g_both_obligations_and_the_fence_land_in_one_batch ... ok
test c_drain_finishes_when_the_uploads_live_elsewhere ... ok
test h_a_completing_session_whose_segments_outrun_its_parts_is_fenced_and_named ... ok
test i_the_restore_fence_generation_advances_and_completes_last ... ok
test g_restore_fences_a_completing_session_with_its_segments_deleter ... ok

test result: ok. 12 passed; 0 failed; 0 ignored; 0 measured; 0 filtered out; finished in 0.00s
run-diff-cov.sh: MEASURE — cargo llvm-cov test -p wyrd-core (fix applied)
info: cargo-llvm-cov currently setting cfg(coverage); you can opt-out it by passing --no-cfg-coverage
   Compiling wyrd-traits v0.0.0 (/home/eddie/wyrd/wyrd-cov/crates/traits)
   Compiling wyrd-proto v0.0.0 (/home/eddie/wyrd/wyrd-cov/crates/proto)
   Compiling wyrd-testkit v0.0.0 (/home/eddie/wyrd/wyrd-cov/crates/testkit)
   Compiling wyrd-metadata-redb v0.0.0 (/home/eddie/wyrd/wyrd-cov/crates/metadata-redb)
   Compiling wyrd-core v0.0.0 (/home/eddie/wyrd/wyrd-cov/crates/core)
   Compiling wyrd-chunkstore-fs v0.0.0 (/home/eddie/wyrd/wyrd-cov/crates/chunkstore-fs)
   Compiling wyrd-chunkstore-grpc v0.0.0 (/home/eddie/wyrd/wyrd-cov/crates/chunkstore-grpc)
    Finished `test` profile [unoptimized + debuginfo] target(s) in 3.01s
     Running unittests src/lib.rs (target/llvm-cov-target/debug/deps/wyrd_core-2531403213aade45)

running 50 tests
test erasure::tests::coder_error_exposes_its_wrapped_source ... ok
test erasure::tests::reconstruct_with_k_zero_is_a_typed_error_not_a_panic ... ok
test erasure::tests::supported_accepts_the_schemes_this_module_round_trips ... ok
test erasure::tests::reconstruct_with_m_zero_is_a_typed_error_even_with_all_k_shards_present ... ok
test metadata::segmented_shape_invariants::a_group_prefix_can_never_alias_another_generations_epoch_range ... ok
test metadata::segmented_shape_invariants::a_segment_index_past_the_key_space_is_neither_a_key_nor_a_value ... ok
test metadata::segmented_shape_invariants::a_decoded_root_exposes_which_shape_it_is ... ok
test metadata::segmented_shape_invariants::a_segment_record_covering_no_bytes_is_err ... ok
test metadata::segmented_shape_invariants::a_decoded_segment_record_reports_the_span_its_chunks_cover ... ok
test metadata::segmented_shape_invariants::only_canonical_epoch_spellings_address_a_segment ... ok
test metadata::segmented_shape_invariants::segment_key_round_trips_over_the_whole_addressable_index_space ... ok
test metadata::segmented_shape_invariants::segment_record_chunk_lengths_not_summing_to_byte_len_is_err ... ok
test metadata::tests::empty_placement_is_valid_pre_m3_identity ... ok
test metadata::segmented_shape_invariants::every_span_arithmetic_that_leaves_u64_is_refused_not_wrapped ... ok
test metadata::segmented_shape_invariants::wrong_width_segment_index_key_is_malformed ... ok
test metadata::tests::non_empty_wrong_length_placement_is_malformed ... ok
test metadata::tests::full_length_placement_is_valid ... ok
test metadata::tests::read_path_fragments_stays_liberal_for_malformed_placement ... ok
test metadata::tests::the_value_ceiling_admits_the_boundary_and_refuses_only_past_it ... ok
test multipart::restore_fence_records::a_completing_session_without_the_nonce_is_refused ... ok
test multipart::restore_fence_records::the_restore_fence_refuses_generation_zero ... ok
test multipart::restore_fence_records::a_completing_session_whose_nonce_is_not_hex_is_refused ... ok
test placement::tests::domain_utilization_sums_per_domain ... ok
test multipart::restore_fence_records::the_restore_fence_generation_advances_and_round_trips ... ok
test multipart::restore_fence_records::a_completing_session_carries_its_segment_group_nonce_and_round_trips ... ok
test placement::tests::excluding_drops_servers_and_their_utilization ... ok
test placement::tests::replacement_avoids_occupied_domains ... ok
test placement::tests::places_across_n_distinct_domains ... ok
test placement::tests::places_when_free_domains_exactly_equal_need ... ok
test multipart::restore_fence_records::the_retire_writer_is_checked_against_the_key_it_mints ... ok
test placement::tests::excluding_carries_retained_utilization_not_excluded ... ok
test placement::tests::refuses_when_domains_below_n ... ok
test multipart::restore_fence_records::the_teardown_fence_moves_a_session_to_aborting_at_the_next_epoch ... ok
test placement::tests::replacement_refuses_when_no_free_domain_remains ... ok
test repair::tests::replication_single_copy_fragment_is_admitted_under_scheme_none ... ok
test repair::tests::intact_shard_accepts_the_expected_fragment_and_rejects_wrong_identity ... ok
test read::tests::read_chunk_rejects_a_stored_k_zero_scheme ... ok
test read::tests::read_chunk_rejects_a_stored_m_zero_scheme ... ok
test read::tests::oversized_inode_size_with_empty_chunk_map_errors_cleanly_not_panics ... ok
test metadata::segmented_shape_invariants::create_refuses_a_record_it_could_not_read_back ... ok
test metadata::segmented_shape_invariants::every_chunk_map_commit_refuses_a_segmented_prior_instead_of_stranding_its_segments ... ok
test metadata::segmented_shape_invariants::create_refuses_a_segmented_record_this_build_cannot_publish ... ok
test metadata::segmented_shape_invariants::unlink_refuses_a_segmented_inode_rather_than_unbind_fragments_it_cannot_orphan ... ok
test metadata::segmented_shape_invariants::a_segmented_prior_outranks_the_lease_state_it_is_committed_under ... ok
test metadata::segmented_shape_invariants::high_water_marks_is_total_over_records_it_cannot_read ... ok
test erasure::tests::reconstruct_with_k_zero_and_nonempty_available_is_still_a_typed_error ... ok
test erasure::tests::fewer_than_k_shards_is_an_error ... ok
test erasure::tests::round_trip_matrix ... ok
test erasure::tests::reconstructs_from_every_six_of_nine_for_rs_6_3 ... ok
test erasure::tests::seeded_random_data_and_subsets_round_trip ... ok

test result: ok. 50 passed; 0 failed; 0 ignored; 0 measured; 0 filtered out; finished in 1.18s

     Running tests/buffered_lease_lapse.rs (target/llvm-cov-target/debug/deps/buffered_lease_lapse-4bf065d198027fd8)

running 3 tests
test stalled_buffered_placed_create_fails_closed_when_its_lease_lapses ... ok
test buffered_create_inside_the_ttl_still_publishes ... ok
test stalled_buffered_create_fails_closed_when_its_lease_lapses ... ok

test result: ok. 3 passed; 0 failed; 0 ignored; 0 measured; 0 filtered out; finished in 0.01s

     Running tests/domain_placement.rs (target/llvm-cov-target/debug/deps/domain_placement-29254182e752024d)

running 1 test
test write_records_distinct_domain_placement_not_identity ... ok

test result: ok. 1 passed; 0 failed; 0 ignored; 0 measured; 0 filtered out; finished in 0.04s

     Running tests/fragment_identity.rs (target/llvm-cov-target/debug/deps/fragment_identity-2595711486af676a)

running 3 tests
test ec_read_rejects_a_fragment_whose_ec_tuple_disagrees_with_scheme ... ok
test ec_read_rejects_a_same_scheme_type_wrong_geometry_fragment ... ok
test ec_read_rejects_a_same_chunk_wrong_index_fragment ... ok

test result: ok. 3 passed; 0 failed; 0 ignored; 0 measured; 0 filtered out; finished in 0.05s

     Running tests/multipart_budget_admission.rs (target/llvm-cov-target/debug/deps/multipart_budget_admission-08009a2e3e962b20)

running 18 tests
test an_unknown_field_or_unreadable_bytes_are_refused_rather_than_dropped ... ok
test g5_owned_staging_range_past_scan_cap_half_is_refused ... ok
test g2_zero_inflight_parts_is_refused ... ok
test g8_stored_limit_disagreeing_with_its_own_profile_is_refused ... ok
test g1_zero_part_chunks_is_refused_before_the_derivation ... ok
test g4_more_parts_in_flight_than_the_session_may_hold_is_refused ... ok
test p3_part_chunks_outside_the_proposal_window_still_decodes ... ok
test g3_parts_per_session_past_the_key_space_is_refused ... ok
test p_arith_accept_maximal_staged_chunks_decodes ... ok
test round_trip_preserves_every_field ... ok
test p_arith_reject_maximal_record_names_the_rule_exact_arithmetic_violates ... ok
test u_ref_takes_whichever_of_its_two_arms_binds ... ok
test g7_reference_budget_below_one_session_is_refused ... ok
test re_encoding_a_record_this_codec_wrote_is_byte_identical ... ok
test p2_staged_ceiling_above_any_publishable_product_still_decodes ... ok
test p1_count_above_its_own_max_sessions_still_decodes ... ok
test g6_staged_ceiling_below_one_maximal_part_is_refused ... ok
test max_sessions_is_clamped_to_scan_cap_half_when_that_term_binds ... ok

test result: ok. 18 passed; 0 failed; 0 ignored; 0 measured; 0 filtered out; finished in 0.00s

     Running tests/multipart_keys.rs (target/llvm-cov-target/debug/deps/multipart_keys-7b86f9939e6c0a26)

running 21 tests
test a_retire_key_reports_an_unknown_mode_apart_from_a_key_that_does_not_decode ... ok
test a_session_range_selects_exactly_its_own_class_and_session ... ok
test no_key_prefix_is_a_prefix_of_another ... ok
test mpu_key_round_trips_and_rejects_noncanonical ... ok
test fixed_width_key_byte_order_matches_numeric_order ... ok
test pinned_format_constants_hold ... ok
test every_rejection_is_a_typed_error_that_names_the_violation ... ok
test scan_mpu_does_not_reach_the_mpuctl_singleton ... ok
test psum_key_round_trips_and_rejects_noncanonical ... ok
test retire_key_rejects_a_token_of_neither_form_and_every_malformed_spelling ... ok
test retire_key_round_trips_both_token_forms_under_both_modes ... ok
test part_key_round_trips_and_rejects_noncanonical ... ok
test sidx_is_not_reachable_from_a_pending_scan ... ok
test serde_decode_routes_through_the_validating_constructors ... ok
test the_identity_accessors_return_the_value_they_were_built_from ... ok
test the_canonical_spelling_of_every_key_is_pinned_to_the_byte ... ok
test upload_and_attempt_ids_validate_the_token_grammar ... ok
test slot_key_round_trips_and_rejects_noncanonical ... ok
test digest_hex_is_the_exact_inverse_over_every_byte_value ... ok
test sidx_key_round_trips_and_rejects_noncanonical ... ok
test digest_hex_rejects_every_second_spelling ... ok

test result: ok. 21 passed; 0 failed; 0 ignored; 0 measured; 0 filtered out; finished in 0.00s

     Running tests/multipart_knobs.rs (target/llvm-cov-target/debug/deps/multipart_knobs-30710ef5e7548608)

running 8 tests
test leg1_the_shipped_set_passes_every_clamp ... ok
test leg3_each_budget_takes_the_half_0016_states ... ok
test leg5_the_two_retry_budgets_are_separate_and_contention_outlasts_the_room ... ok
test leg3_u_ref_and_the_session_limit_follow_the_formulas_under_either_arm ... ok
test leg3_the_chunk_caps_are_half_a_value_over_the_measured_worst_chunk_ref ... ok
test leg5_the_backoff_is_bounded_jittered_and_grows_with_the_attempt ... ok
test leg2_each_clamp_passes_its_bound_and_names_itself_one_step_past_it ... ok
test leg4_every_capacity_fits_its_key_space_in_byte_order_at_the_cap ... ok

test result: ok. 8 passed; 0 failed; 0 ignored; 0 measured; 0 filtered out; finished in 0.00s

     Running tests/multipart_owned_staging.rs (target/llvm-cov-target/debug/deps/multipart_owned_staging-842bd5158eeb4324)

running 15 tests
test an_explicit_null_ownership_field_is_refused ... ok
test s1_staged_geometry_the_erasure_coder_refuses_is_a_typed_error ... ok
test an_owned_entry_round_trips_under_its_own_key ... ok
test s2_an_owner_other_than_the_keys_upload_id_is_refused ... ok
test s4_each_namespace_refuses_the_other_namespaces_shape ... ok
test s7_an_ordinary_pending_entry_reencodes_byte_identically ... ok
test s6_a_length_mismatched_staged_placement_decodes ... ok
test s9_an_owned_entry_is_minted_outside_the_crate_through_the_checked_path ... ok
test s8_an_owned_entry_reencodes_byte_identically_across_a_renewal ... ok
test staged_scheme_is_read_through_a_closed_wire ... ok
test s3_a_torn_value_is_refused_under_both_namespaces ... ok
test s4_the_pending_writers_refuse_to_store_an_owned_entry ... ok
test s4_a_leased_commit_refuses_over_a_misfiled_owned_entry ... ok
test s4_renew_pending_refuses_a_misfiled_owned_entry ... ok
test s5_the_lease_sweep_skips_what_it_cannot_read_and_completes_for_the_rest ... ok

test result: ok. 15 passed; 0 failed; 0 ignored; 0 measured; 0 filtered out; finished in 0.30s

     Running tests/multipart_retire_obligation.rs (target/llvm-cov-target/debug/deps/multipart_retire_obligation-5c6162a2f5d17444)

running 28 tests
test a_component_spelled_outside_its_grammar_is_rejected ... ok
test a_generation_naming_both_sources_is_rejected ... ok
test a_generation_disagreeing_with_its_token_is_rejected ... ok
test a_key_that_names_no_obligation_is_rejected ... ok
test a_component_under_the_wrong_mode_is_rejected ... ok
test a_segment_group_epoch_other_than_the_tokens_is_rejected ... ok
test a_foreign_spelling_of_an_accepted_payload_is_rejected ... ok
test a_noncanonical_part_number_set_is_rejected ... ok
test an_unknown_or_omitted_field_is_rejected ... ok
test a_session_wide_component_under_a_per_part_token_is_rejected ... ok
test a_segment_groups_nonce_and_a_generations_epoch_are_unchecked ... ok
test an_obligation_owing_nothing_is_rejected ... ok
test an_unsupported_chunk_scheme_is_rejected ... ok
test bytes_generation_with_chunks_decodes ... ok
test a_placement_length_mismatch_still_decodes ... ok
test bytes_session_alone_decodes ... ok
test bytes_parts_alone_decodes ... ok
test bytes_generation_with_segments_decodes ... ok
test bytes_chunks_under_a_per_part_token_decodes ... ok
test bytes_session_and_all_parts_decodes ... ok
test bytes_session_and_parts_decodes ... ok
test part_number_set_minting_is_canonical_and_never_empty ... ok
test chunks_under_a_session_wide_token_is_rejected ... ok
test records_parts_and_seg_decodes ... ok
test records_seg_decodes ... ok
test the_all_parts_wildcard_outside_a_session_teardown_is_rejected ... ok
test records_parts_decodes ... ok
test the_mode_is_part_of_the_decoded_obligation ... ok

test result: ok. 28 passed; 0 failed; 0 ignored; 0 measured; 0 filtered out; finished in 0.00s

     Running tests/multipart_session_records.rs (target/llvm-cov-target/debug/deps/multipart_session_records-7b323c7b909884f1)

running 34 tests
test completion_round_trips_standalone ... ok
test completing_cursor_past_key_space_is_rejected ... ok
test leg_1c_epoch_publish_target_epoch_mismatch_is_rejected ... ok
test leg_1i_chunk_scheme_unsupported_is_rejected ... ok
test leg_1c_publish_target_key_mismatch_is_rejected ... ok
test leg_1i_chunk_ref_wrong_placement_length_still_decodes ... ok
test completing_cursor_at_key_space_boundary_still_decodes ... ok
test leg_1i_slot_lease_already_lapsed_is_rejected ... ok
test leg_1m_unknown_field_in_nested_chunk_is_rejected ... ok
test leg_1j_open_session_with_forbidden_completing_field_is_rejected ... ok
test leg_1m_unknown_field_in_nested_scheme_is_rejected ... ok
test leg_1k_part_length_mismatch_is_rejected ... ok
test leg_1m_unknown_field_is_rejected ... ok
test noncanonical_escape_spelling_is_rejected_for_part_summary ... ok
test leg_1j_completing_session_missing_required_field_is_rejected ... ok
test noncanonical_field_order_is_rejected_for_session ... ok
test noncanonical_whitespace_is_rejected_for_slot ... ok
test part_chunk_omitted_placement_is_rejected ... ok
test noncanonical_nested_chunk_order_is_rejected_for_part ... ok
test part_length_overflow_is_rejected ... ok
test part_summary_omitted_digest_is_rejected ... ok
test publish_target_round_trips_standalone ... ok
test part_round_trips ... ok
test session_aborting_round_trips ... ok
test part_summary_round_trips ... ok
test session_absent_content_type_re_encodes_omitted ... ok
test session_null_content_type_spelling_is_rejected ... ok
test session_completed_round_trips ... ok
test part_with_zero_length_chunk_is_empty ... ok
test session_open_round_trips ... ok
test session_completing_round_trips ... ok
test session_state_round_trips_standalone ... ok
test session_with_content_type_round_trips ... ok
test slot_round_trips ... ok

test result: ok. 34 passed; 0 failed; 0 ignored; 0 measured; 0 filtered out; finished in 0.00s

     Running tests/multipart_state_machine.rs (target/llvm-cov-target/debug/deps/multipart_state_machine-c2525822513c43f8)

running 22 tests
test complete_fingerprint_disagrees_on_one_changed_digest ... ok
test complete_fingerprint_agrees_on_an_identical_retry ... ok
test complete_fingerprint_disagrees_on_the_same_digests_under_different_numbers ... ok
test complete_fingerprint_disagrees_on_a_strict_subset ... ok
test complete_fingerprint_refuses_what_multipart_etag_refuses ... ok
test multipart_etag_of_one_part_is_the_oracle ... ok
test multipart_etag_of_a_strict_subset_differs_from_the_full_set ... ok
test complete_fingerprint_is_the_oracle ... ok
test a_stored_tombstone_answers_an_identical_retry_with_the_whole_recorded_etag ... ok
test a_tombstone_recording_a_bare_digest_is_refused_at_decode ... ok
test a_non_identical_complete_is_refused_by_the_tombstone ... ok
test multipart_etag_is_over_raw_digest_bytes_not_hex_text ... ok
test multipart_etag_parse_refuses_a_malformed_digest ... ok
test multipart_etag_refuses_a_non_ascending_duplicate_or_empty_list ... ok
test multipart_etag_of_the_winning_list_is_the_recorded_etag ... ok
test multipart_etag_parse_refuses_a_count_outside_the_range ... ok
test multipart_etag_suffix_is_the_named_count ... ok
test multipart_etag_parse_refuses_a_malformed_suffix ... ok
test outcome_enums_are_exhaustive ... ok
test multipart_etag_parse_accepts_the_whole_count_range ... ok
test every_decision_3_cell_is_answered_for_an_identical_retry ... ok
test per_verb_answers_agree_with_the_dispatcher ... ok

test result: ok. 22 passed; 0 failed; 0 ignored; 0 measured; 0 filtered out; finished in 0.00s

     Running tests/mutation_regressions.rs (target/llvm-cov-target/debug/deps/mutation_regressions-3d847cf544cc9d7e)

running 9 tests
test commit_chunk_map_superseding_stamps_a_fresh_modified ... ok
test commit_chunk_map_preserves_object_metadata_across_a_repair ... ok
test a_legacy_record_without_metadata_fields_still_wins_its_cas_commits ... ok
test sweep_reclaims_at_expiry_boundary_and_deletes ... ok
test commit_chunk_map_bumps_version_by_one ... ok
test commit_chunk_map_superseding_leased_stamps_a_fresh_modified ... ok
test read_with_fewer_than_k_fragments_reports_insufficient ... ok
test write_new_object_placed_releases_pending_on_commit ... ok
test write_new_object_releases_pending_on_commit ... ok

test result: ok. 9 passed; 0 failed; 0 ignored; 0 measured; 0 filtered out; finished in 0.04s

     Running tests/mutation_regressions_round2.rs (target/llvm-cov-target/debug/deps/mutation_regressions_round2-ac8442ab6638eae9)

running 3 tests
test write_plan_chunk_ids_are_the_minted_ids ... ok
test write_new_object_lease_expiry_is_now_plus_ttl ... ok
test write_new_object_placed_lease_expiry_is_now_plus_ttl ... ok

test result: ok. 3 passed; 0 failed; 0 ignored; 0 measured; 0 filtered out; finished in 0.04s

     Running tests/placement_record.rs (target/llvm-cov-target/debug/deps/placement_record-6b254b53475c3725)

running 11 tests
test fragments_matrix::none_empty_placement_is_pure_identity ... ok
test fragments_matrix::rs_empty_placement_is_pure_identity ... ok
test fragments_matrix::rs_full_placement_resolves_from_record ... ok
test fragments_matrix::none_full_placement_resolves_from_record ... ok
test fragments_matrix::none_malformed_length_placement_still_resolves_liberally ... ok
test empty_placement_ec_none_resolves_via_identity_fallback ... ok
test fragments_matrix::rs_short_placement_mixes_record_and_identity_fallback ... ok
test empty_placement_rs_6_3_resolves_via_identity_fallback ... ok
test short_placement_rs_6_3_mixed_explicit_and_fallback ... ok
test moved_fragment_resolved_from_record_after_reopen ... ok
test write_records_placement_read_resolves_after_reopen ... ok

test result: ok. 11 passed; 0 failed; 0 ignored; 0 measured; 0 filtered out; finished in 0.05s

     Running tests/read_block_fault_repair.rs (target/llvm-cov-target/debug/deps/read_block_fault_repair-e0cdba8427883869)

running 2 tests
test none_scheme_block_fault_fails_the_read_but_still_enqueues_repair ... ok
test ec_read_around_block_fault_still_enqueues_repair_with_non_corruption_reason ... ok

test result: ok. 2 passed; 0 failed; 0 ignored; 0 measured; 0 filtered out; finished in 0.05s

     Running tests/read_repair.rs (target/llvm-cov-target/debug/deps/read_repair-3863059c913bcd43)

running 8 tests
test none_read_rejects_a_misplaced_but_intact_fragment ... ok
test none_read_enqueues_integrity_fault_fragment_for_repair ... ok
test unrecoverable_read_still_enqueues_the_corrupt_chunk ... ok
test ec_read_treats_a_misplaced_but_intact_fragment_as_absent ... ok
test a_corrupt_fragment_is_reported_with_its_index_and_its_placed_dserver ... ok
test ec_read_enqueues_integrity_fault_shard_for_repair_and_reconstructs ... ok
test ec_read_excludes_corrupt_fragment_and_enqueues_for_repair ... ok
test a_transient_dserver_failure_is_no_longer_silent ... ok

test result: ok. 8 passed; 0 failed; 0 ignored; 0 measured; 0 filtered out; finished in 0.05s

     Running tests/segmented_map_record.rs (target/llvm-cov-target/debug/deps/segmented_map_record-1fc8901451b10e4e)

running 16 tests
test a_zero_byte_segment_is_err ... ok
test a_segment_table_whose_tiling_leaves_u64_is_err ... ok
test an_empty_segmented_map_is_err ... ok
test overlapping_segment_spans_is_err ... ok
test segment_count_mismatching_segments_len_is_err ... ok
test segment_index_gap_is_err ... ok
test non_hex_nonce_is_err ... ok
test duplicate_segment_index_is_err ... ok
test non_monotonic_segment_span_is_err ... ok
test legacy_flat_record_round_trips_byte_identically ... ok
test segment_table_span_disagreeing_with_size_is_err ... ok
test well_formed_segmented_root_decodes ... ok
test segmented_root_round_trips_byte_identically ... ok
test legacy_flat_record_cas_still_commits_against_the_original_bytes ... ok
test segmented_root_cas_commits_against_the_stored_bytes ... ok
test segmented_root_at_max_root_segments_stays_inside_the_value_ceiling ... ok

test result: ok. 16 passed; 0 failed; 0 ignored; 0 measured; 0 filtered out; finished in 0.01s

     Running tests/segmented_map_resolution.rs (target/llvm-cov-target/debug/deps/segmented_map_resolution-bc84f42a73705ea9)

running 13 tests
test a_root_over_the_segment_ceiling_is_refused_before_any_range_read ... ok
test a_generation_retired_under_every_restart_is_a_typed_refusal_that_terminates ... ok
test a_generation_retired_mid_resolve_restarts_onto_the_live_root_or_reads_as_absent ... ok
test chunks_are_ordered_by_the_parsed_index_not_by_page_order ... ok
test every_anomaly_on_a_generation_the_root_still_names_fails_closed ... ok
test a_segment_value_at_exactly_the_ceiling_still_resolves ... ok
test a_resolve_reads_only_its_own_root_and_its_own_group_range ... ok
test a_delete_met_on_the_readers_last_attempt_is_no_such_object ... ok
test an_over_ceiling_root_superseded_mid_read_restarts_onto_the_live_generation ... ok
test a_segmented_object_reads_byte_identical_to_its_flat_equivalent ... ok
test a_row_from_another_group_answered_inside_this_range_is_refused ... ok
test an_object_that_cannot_resolve_fails_closed_for_itself_alone ... ok
test the_widest_admissible_root_still_sizes_no_page_and_reads_back_whole ... ok

test result: ok. 13 passed; 0 failed; 0 ignored; 0 measured; 0 filtered out; finished in 0.05s

     Running tests/stream_lease_lapse.rs (target/llvm-cov-target/debug/deps/stream_lease_lapse-02063fc5ae71953e)

running 5 tests
test commit_refuses_at_exact_lease_deadline ... ok
test eof_window_lapse_refuses_at_commit_and_publishes_nothing ... ok
test mid_upload_lapse_aborts_the_stream_and_publishes_nothing ... ok
test live_overwrite_still_commits_and_reads_back_the_new_version ... ok
test present_but_expired_leases_refuse_at_commit_and_publish_nothing ... ok

test result: ok. 5 passed; 0 failed; 0 ignored; 0 measured; 0 filtered out; finished in 0.01s

     Running tests/stream_lease_renewal.rs (target/llvm-cov-target/debug/deps/stream_lease_renewal-11e1583f6b5ee4ae)

running 4 tests
test renewal_at_exact_deadline_aborts_the_upload ... ok
test create_commit_refuses_at_exact_lease_deadline ... ok
test create_commit_refuses_when_lease_swept ... ok
test slow_streaming_put_renews_in_flight_leases_before_commit ... ok

test result: ok. 4 passed; 0 failed; 0 ignored; 0 measured; 0 filtered out; finished in 0.01s

     Running tests/write_fanout.rs (target/llvm-cov-target/debug/deps/write_fanout-9eef97a0dc1dfb1b)

running 2 tests
test partial_fan_out_fails_closed ... ok
test full_fan_out_acks_every_fragment ... ok

test result: ok. 2 passed; 0 failed; 0 ignored; 0 measured; 0 filtered out; finished in 0.04s
run-diff-cov.sh: cfg-gated test target (madsim) for crates/dst — passing the flag (#104).
run-diff-cov.sh: MEASURE — cargo llvm-cov test -p wyrd-dst (fix applied)
info: cargo-llvm-cov currently setting cfg(coverage); you can opt-out it by passing --no-cfg-coverage
   Compiling wyrd-traits v0.0.0 (/home/eddie/wyrd/wyrd-cov/crates/traits)
   Compiling wyrd-dst v0.0.0 (/home/eddie/wyrd/wyrd-cov/crates/dst)
   Compiling wyrd-chunk-format v0.0.0 (/home/eddie/wyrd/wyrd-cov/crates/chunk-format)
   Compiling wyrd-proto v0.0.0 (/home/eddie/wyrd/wyrd-cov/crates/proto)
   Compiling wyrd-telemetry v0.0.0 (/home/eddie/wyrd/wyrd-cov/crates/telemetry)
   Compiling wyrd-testkit v0.0.0 (/home/eddie/wyrd/wyrd-cov/crates/testkit)
   Compiling wyrd-core v0.0.0 (/home/eddie/wyrd/wyrd-cov/crates/core)
   Compiling wyrd-coordination-etcd v0.0.0 (/home/eddie/wyrd/wyrd-cov/crates/coordination-etcd)
   Compiling wyrd-metadata-redb v0.0.0 (/home/eddie/wyrd/wyrd-cov/crates/metadata-redb)
   Compiling wyrd-coordination-conformance v0.0.0 (/home/eddie/wyrd/wyrd-cov/crates/coordination-conformance)
   Compiling wyrd-metadata-conformance v0.0.0 (/home/eddie/wyrd/wyrd-cov/crates/metadata-conformance)
   Compiling wyrd-coordination-mem v0.0.0 (/home/eddie/wyrd/wyrd-cov/crates/coordination-mem)
   Compiling wyrd-chunkstore-fs v0.0.0 (/home/eddie/wyrd/wyrd-cov/crates/chunkstore-fs)
   Compiling wyrd-chunkstore-grpc v0.0.0 (/home/eddie/wyrd/wyrd-cov/crates/chunkstore-grpc)
   Compiling wyrd-custodian v0.0.0 (/home/eddie/wyrd/wyrd-cov/crates/custodian)
    Finished `test` profile [unoptimized + debuginfo] target(s) in 5.21s
     Running unittests src/lib.rs (target/llvm-cov-target/debug/deps/wyrd_dst-2ede07c3e33065d6)

running 0 tests

test result: ok. 0 passed; 0 failed; 0 ignored; 0 measured; 0 filtered out; finished in 0.00s

     Running tests/commit_ambiguity.rs (target/llvm-cov-target/debug/deps/commit_ambiguity-e54a8530acddb86a)

running 14 tests
test the_two_undeterminable_codes_are_not_equally_bad ... ok
test assuming_an_ambiguous_blind_put_landed_leaves_a_chunk_unprotected - should panic ... ok
test treating_a_timed_out_commit_like_1021_fails_the_sweep - should panic ... ok
test assuming_an_ambiguous_commit_did_not_land_fails_the_sweep - should panic ... ok
test a_torn_apply_of_an_ambiguous_commit_is_caught - should panic ... ok
test counting_every_timed_out_commit_a_winner_fails_the_contended_sweep - should panic ... ok
test an_ambiguous_pending_ledger_put_is_settled_by_a_re_read ... ok
test committed_regression_seeds_stay_green ... ok
test a_deferred_1031_batch_that_skips_the_resolver_clobbers_the_winner - should panic ... ok
test a_timed_out_commit_may_still_land_after_the_settling_re_read ... ok
test a_stale_deferred_1031_batch_is_rejected_against_current_truth ... ok
test the_settling_re_read_covers_both_halves_of_the_ambiguity_space ... ok
test contention_under_1031_keeps_exactly_one_winner_through_the_deferral ... ok
test commit_ambiguity_invariants_hold_under_the_dst_seed_sweep ... ok

test result: ok. 14 passed; 0 failed; 0 ignored; 0 measured; 0 filtered out; finished in 0.24s

     Running tests/concurrency.rs (target/llvm-cov-target/debug/deps/concurrency-3b8356edac2c61f6)

running 5 tests
test blind_batch_lost_lock_race_is_err_never_conflict ... ok
test synchronous_redb_shaped_commit_never_reaches_the_interleaving - should panic ... ok
test sim_tikv_reaches_mid_commit_interleaving_and_one_wins ... ok
test exactly_one_concurrent_writer_wins_sim_tikv ... ok
test exactly_one_concurrent_writer_wins_redb ... ok

test result: ok. 5 passed; 0 failed; 0 ignored; 0 measured; 0 filtered out; finished in 0.72s

     Running tests/conformance.rs (target/llvm-cov-target/debug/deps/conformance-ed8a120bec62a9e1)

running 3 tests
test sim_fdb_backend_passes_shared_contract ... ok
test sim_tikv_backend_passes_shared_contract ... ok
test redb_backend_passes_shared_contract ... ok

test result: ok. 3 passed; 0 failed; 0 ignored; 0 measured; 0 filtered out; finished in 2.47s

     Running tests/coordination.rs (target/llvm-cov-target/debug/deps/coordination-2c9b09d34f641b02)

running 12 tests
test process_local_store_fails_the_single_leader_clause - should panic ... ok
test process_local_store_fails_the_cross_process_discovery_clause - should panic ... ok
test process_local_store_fails_the_mutual_exclusion_clause - should panic ... ok
test a_registration_lease_expires_deterministically ... ok
test peers_are_discovered_across_instances ... ok
test single_leader_is_exclusive_across_two_etcd_instances ... ok
test only_one_of_two_instances_leads_then_hands_off ... ok
test a_lock_is_mutually_exclusive_across_two_instances ... ok
test a_lapsed_leader_recampaigns_after_its_lease_is_lost ... ok
test a_transient_proclaim_error_keeps_the_hold_and_its_lease ... ok
test a_cancelled_campaign_leaks_no_orphan ... ok
test shared_contract_suite_on_the_etcd_simulator ... ok

test result: ok. 12 passed; 0 failed; 0 ignored; 0 measured; 0 filtered out; finished in 0.08s

     Running tests/custodian.rs (target/llvm-cov-target/debug/deps/custodian-553c1d36f86f0e19)

running 20 tests
test barrier_installed_and_registry_keeps_callsites_capturable ... ok
test gc_reclaims_only_true_orphans_q3 ... ok
test restore_fence_never_loses_an_obligation ... ok
test restore_two_readings_never_license_a_mark ... ok
test segmented_resolve_never_tears ... ok
test gc_over_a_segmented_map_never_reclaims_it_and_never_over_certifies ... ok
test gc_staged_handoffs_never_reclaim_the_chunk ... ok
test gc_orphan_walk_under_a_concurrent_unlink ... ok
test restore_two_readings_cover_the_divergence_window ... ok
test restore_fence_reaches_both_sides_of_the_race ... ok
test scrub_detects_bit_rot_then_reconstructs_q2 ... ok
test fenced_stale_leader_lands_nothing ... ok
test durability_emission_rises_then_returns_to_zero ... ok
test reconstruct_to_full_redundancy_q1 ... ok
test reader_flips_atomically_across_commit ... ok
test commit_point_atomic_repair_under_crash ... ok
test crash_mid_fragment_write_commits_nothing ... ok
test gc_orphan_walk_reaches_the_mid_walk_landing ... ok
test gc_staged_handoffs_reach_between_and_outside_the_reads ... ok
test committed_regression_seeds_stay_green ... ok

test result: ok. 20 passed; 0 failed; 0 ignored; 0 measured; 0 filtered out; finished in 13.74s

     Running tests/network.rs (target/llvm-cov-target/debug/deps/network-f767ccb8c95e1bed)

running 8 tests
test a_publication_the_d_server_could_not_verify_is_reported_not_acknowledged ... ok
test a_write_parked_past_its_deadline_is_refused_by_the_real_d_server ... ok
test a_write_that_expires_inside_the_d_servers_store_is_refused_before_publication ... ok
test partial_fanout_fails_closed ... ok
test k_of_n_read_survives_dropped_fetches ... ok
test parallel_write_durability_over_network ... ok
test corrupt_fragment_is_read_around ... ok
test exactly_one_concurrent_writer_wins_over_network ... ok

test result: ok. 8 passed; 0 failed; 0 ignored; 0 measured; 0 filtered out; finished in 1.53s

     Running tests/no_fdb_linkage.rs (target/llvm-cov-target/debug/deps/no_fdb_linkage-a0b3847b0e9a9e90)

running 9 tests
test scan_line_catches_every_manifest_dependency_shape ... ok
test scan_line_ignores_comments_and_unrelated_dependencies ... ok
test scan_manifest_is_red_when_an_fdb_dependency_is_planted ... ok
test package_nodes_reads_package_lines_and_not_feature_lines ... ok
test the_dst_manifest_declares_no_fdb_dependency ... ok
test the_dst_support_module_declares_the_simulated_fdb_store ... ok
test the_dst_dependency_graph_links_no_libfdb_c ... ok
test the_graph_scanner_is_red_on_a_cfg_madsim_gated_rename_and_transitive_edge ... ok
test the_graph_scanner_is_red_on_the_real_fdb_backend_with_its_feature_on ... ok

test result: ok. 9 passed; 0 failed; 0 ignored; 0 measured; 0 filtered out; finished in 0.20s

     Running tests/tikv_await_commit_interleaving.rs (target/llvm-cov-target/debug/deps/tikv_await_commit_interleaving-e42bb6c1b9363b71)

running 1 test
test redb_overwrite_cas_classifies_the_stale_writer_as_conflict ... ok

test result: ok. 1 passed; 0 failed; 0 ignored; 0 measured; 0 filtered out; finished in 0.52s
run-diff-cov.sh: MEASURE — cargo llvm-cov test -p wyrd-server (fix applied)
info: cargo-llvm-cov currently setting cfg(coverage); you can opt-out it by passing --no-cfg-coverage
   Compiling wyrd-testkit v0.0.0 (/home/eddie/wyrd/wyrd-cov/crates/testkit)
   Compiling wyrd-gateway-core v0.0.0 (/home/eddie/wyrd/wyrd-cov/crates/gateway-core)
   Compiling wyrd-proto v0.0.0 (/home/eddie/wyrd/wyrd-cov/crates/proto)
   Compiling wyrd-core v0.0.0 (/home/eddie/wyrd/wyrd-cov/crates/core)
   Compiling wyrd-metadata-redb v0.0.0 (/home/eddie/wyrd/wyrd-cov/crates/metadata-redb)
   Compiling wyrd-telemetry v0.0.0 (/home/eddie/wyrd/wyrd-cov/crates/telemetry)
   Compiling wyrd-gateway-s3 v0.0.0 (/home/eddie/wyrd/wyrd-cov/crates/gateway-s3)
   Compiling wyrd-chunkstore-fs v0.0.0 (/home/eddie/wyrd/wyrd-cov/crates/chunkstore-fs)
   Compiling wyrd-coordination-mem v0.0.0 (/home/eddie/wyrd/wyrd-cov/crates/coordination-mem)
   Compiling wyrd-metadata-fault-conformance v0.0.0 (/home/eddie/wyrd/wyrd-cov/crates/metadata-fault-conformance)
   Compiling wyrd-chunkstore-grpc v0.0.0 (/home/eddie/wyrd/wyrd-cov/crates/chunkstore-grpc)
   Compiling wyrd-custodian v0.0.0 (/home/eddie/wyrd/wyrd-cov/crates/custodian)
   Compiling wyrd-server v0.0.0 (/home/eddie/wyrd/wyrd-cov/crates/server)
    Finished `test` profile [unoptimized + debuginfo] target(s) in 9.91s
     Running unittests src/lib.rs (target/llvm-cov-target/debug/deps/wyrd_server-270b4105a6db5f27)

running 42 tests
test cli::tests::a_probe_data_address_collision_refuses_at_parse ... ok
test cli::tests::chunk_id_minter_packs_inode_in_the_high_bits ... ok
test cli::tests::dual_stack_overlap_risk_fires_only_for_the_v6_wildcard_cross_family ... ok
test cli::tests::an_ephemeral_probe_port_refuses_at_parse ... ok
test cli::tests::parse_durability_maps_each_form ... ok
test cli::tests::default_chunk_size_is_one_mib ... ok
test cli::tests::require_aligned_topology_rejects_missing_or_mismatched_lists ... ok
test cli::tests::a_flag_without_a_value_fails_logging_setup_on_every_subcommand ... ok
test cli::tests::scoped_ipv6_binds_collide_only_within_one_scope ... ok
test cli::tests::parsed_args_consumes_flag_value_pairs ... ok
test cli::tests::the_default_health_bind_follows_the_data_bind_interface ... ok
test cli::tests::restore_verdict_names_unreadable_staged_records_as_staged ... ok
test cli::tests::restore_verdict_names_the_blocking_records_and_counts_the_ones_it_cannot_fit ... ok
test cli::tests::restore_needs_human_agrees_with_every_paragraph_it_prints ... ok
test cli::tests::parse_endpoints_splits_trims_and_rejects_empty ... ok
test consistency_observable::tests::a_regressing_version_is_not_monotone ... ok
test cli::tests::the_restore_one_shot_is_valueless_but_value_flags_still_demand_a_value ... ok
test consistency_observable::tests::a_torn_response_is_an_error_never_a_panic ... ok
test consistency_observable::tests::a_body_shorter_than_its_declared_content_length_is_an_error_never_a_prefix_read ... ok
test consistency_observable::tests::a_wellformed_response_still_parses ... ok
test cli::tests::wildcard_probe_data_overlaps_refuse_and_distinct_ips_coexist ... ok
test consistency_observable::tests::a_torn_chunked_body_is_an_error_never_a_panic ... ok
test consistency_observable::tests::an_op_with_a_reversed_span_is_not_well_formed ... ok
test consistency_observable::tests::an_indeterminate_write_is_not_counted_as_an_observed_version ... ok
test consistency_observable::tests::decode_rejects_a_torn_value ... ok
test consistency_observable::tests::empty_history_is_not_well_formed ... ok
test consistency_observable::tests::encode_decode_round_trips ... ok
test consistency_workload::tests::cross_key_read_write_overlap_is_not_genuine_concurrency ... ok
test consistency_workload::tests::indeterminate_predicate_flags_5xx_and_synthetic_zero ... ok
test consistency_workload::tests::indeterminate_put_is_info_not_ok ... ok
test consistency_workload::tests::membership_never_fabricates_absence ... ok
test consistency_workload::tests::verdict_routes_off_check_by_default ... ok
test logging::tests::a_malformed_rust_log_directive_is_rejected ... ok
test logging::tests::an_invalid_format_is_rejected ... ok
test tests::default_chunk_size_is_one_mib ... ok
test logging::tests::an_invalid_level_is_rejected_not_ignored ... ok
test logging::tests::a_valid_or_absent_rust_log_directive_is_accepted ... ok
test logging::tests::a_structured_event_reaches_the_sink_as_json_with_its_fields ... ok
test logging::tests::the_default_level_drops_debug_and_keeps_info ... ok
test logging::tests::the_text_format_writes_prose_not_json ... ok
test dserver::tests::id_reports_the_configured_identity ... ok
test logging::tests::an_explicit_level_admits_debug ... ok

test result: ok. 42 passed; 0 failed; 0 ignored; 0 measured; 0 filtered out; finished in 0.00s

     Running unittests src/main.rs (target/llvm-cov-target/debug/deps/wyrd-d90c330e437d91d2)

running 0 tests

test result: ok. 0 passed; 0 failed; 0 ignored; 0 measured; 0 filtered out; finished in 0.00s

     Running tests/advertise_addr_registration.rs (target/llvm-cov-target/debug/deps/advertise_addr_registration-6ff7bab36ebdbf1a)

running 2 tests
test no_advertise_addr_keeps_the_bound_address_endpoint ... ok
test advertise_addr_overrides_the_registered_endpoint ... ok

test result: ok. 2 passed; 0 failed; 0 ignored; 0 measured; 0 filtered out; finished in 0.00s

     Running tests/backend_selection.rs (target/llvm-cov-target/debug/deps/backend_selection-0d86749aa2d291ee)

running 3 tests
test coordination_backend_selects_by_config ... ok
test alloc_inode_is_bounded_against_a_perpetual_conflict_store ... ok
test redb_backend_selected_by_config_and_alloc_inode_roundtrips ... ok

test result: ok. 3 passed; 0 failed; 0 ignored; 0 measured; 0 filtered out; finished in 0.00s

     Running tests/cli_roundtrip.rs (target/llvm-cov-target/debug/deps/cli_roundtrip-fb81f9100b337d60)

running 5 tests
test no_subcommand_prints_usage_and_exits_two ... ok
test get_of_a_missing_key_exits_nonzero ... ok
test demo_exits_zero ... ok
test re_putting_an_existing_key_exits_nonzero ... ok
test put_then_get_round_trips_across_separate_invocations ... ok

test result: ok. 5 passed; 0 failed; 0 ignored; 0 measured; 0 filtered out; finished in 0.25s

     Running tests/closed_write_path.rs (target/llvm-cov-target/debug/deps/closed_write_path-f765c611ce227418)

running 1 test
test a_gateway_written_object_is_a_custodian_derived_repair_obligation_and_round_trips ... ok

test result: ok. 1 passed; 0 failed; 0 ignored; 0 measured; 0 filtered out; finished in 0.43s

     Running tests/consistency_observable.rs (target/llvm-cov-target/debug/deps/consistency_observable-98e82c3722334ee7)

running 4 tests
test a_body_cut_mid_transfer_records_an_indeterminate_read_not_a_prefix_version ... ok
test a_peer_that_closes_without_a_complete_response_records_the_op_as_indeterminate ... ok
test a_transport_failure_records_the_op_as_indeterminate_rather_than_omitting_it ... ok
test observable_records_a_nonvacuous_wellformed_register_history ... ok

test result: ok. 4 passed; 0 failed; 0 ignored; 0 measured; 0 filtered out; finished in 0.06s

     Running tests/consistency_run_fdb.rs (target/llvm-cov-target/debug/deps/consistency_run_fdb-1f8bb47c4bb423d9)

running 1 test
test consistency_run_fdb ... ignored, privileged #408: live 3-process FDB cluster + a #407 nemesis leg (cargo xtask consistency-run)

test result: ok. 0 passed; 0 failed; 1 ignored; 0 measured; 0 filtered out; finished in 0.00s

     Running tests/consistency_workload.rs (target/llvm-cov-target/debug/deps/consistency_workload-c1543459d851aeb8)

running 18 tests
test a_shared_delete_pool_key_with_version_bands_would_fabricate_a_violation ... ok
test a_fully_resolved_sweep_composes_a_definite_read_that_still_exposes_a_lost_element ... ok
test an_unresolved_probe_degrades_the_composed_read_to_info_rather_than_omitting_the_member ... ok
test concurrency_witness_counts_only_same_key_read_write_overlaps ... ok
test directory_op_count_counts_the_composed_read_once_not_every_probe ... ok
test membership_derivation_never_coerces_unknown_to_absent ... ok
test delete_pool_keys_are_single_writer_per_key_so_version_tags_track_commit_order ... ok
test reads_monotone_ignores_overlapping_reads ... ok
test reads_monotone_per_key_is_global_and_guards_indeterminate ... ok
test directory_serializer_emits_set_model_add_and_composed_read_with_integer_elements ... ok
test register_serializer_emits_byte_exact_rw_register_txn_edn_with_info_for_indeterminate ... ok
test register_serializer_tags_each_op_with_its_key_inside_the_micro_op ... ok
test session_monotonic_reads_guard_indeterminate_and_reject_determinate_regression ... ok
test session_read_your_writes_is_cross_process_aware ... ok
test verdict_dispatch_routes_to_off_check_elle_by_default ... ok
test register_serializer_panics_on_a_delete_never_fabricating_a_representation - should panic ... ok
test session_read_your_writes_guards_indeterminate_on_every_arm ... ok
test concurrent_workload_records_a_nonvacuous_genuinely_concurrent_history ... ok

test result: ok. 18 passed; 0 failed; 0 ignored; 0 measured; 0 filtered out; finished in 0.15s

     Running tests/custodian_day_one.rs (target/llvm-cov-target/debug/deps/custodian_day_one-08fec002cc938d23)

running 15 tests
test a_malformed_log_level_still_fails_the_process_loudly ... ok
test run_loop_stops_when_fenced ... ok
test cmd_custodian_rejects_misaligned_topology_through_the_real_entry_point ... ok
test cmd_custodian_fails_loud_when_the_whole_fleet_is_unreachable_at_startup - should panic ... ok
test a_transient_below_k_outage_does_not_false_alarm_data_loss_and_recovers ... ok
test the_data_loss_audit_line_reaches_the_log_sink_naming_the_chunk ... ok
test a_repair_with_no_free_domain_is_blocked_off_the_backlog_gauge ... ok
test running_the_cli_twice_in_process_still_dispatches_the_command ... ok
test gauge_rises_then_returns_to_zero_surviving_a_killed_dserver ... ok
test a_raised_log_level_does_not_starve_the_durability_metrics ... ok
test a_loss_beyond_tolerance_raises_data_loss_and_the_backlog_gauge_returns_to_zero ... ok
test run_loop_logs_and_continues_on_a_store_fault ... ok
test connect_fleet_starts_degraded_around_a_startup_down_peer_and_repairs ... ok
test run_loop_survives_a_dead_dserver_and_keeps_running ... ok
test gauge_rises_then_returns_to_zero_through_the_redb_backend_open_path ... ok

test result: ok. 15 passed; 0 failed; 0 ignored; 0 measured; 0 filtered out; finished in 0.19s

     Running tests/custodian_gc.rs (target/llvm-cov-target/debug/deps/custodian_gc-2093bd486d042306)

running 10 tests
test deployed_run_loop_refuses_a_value_after_the_valueless_gc_flag ... ok
test deployed_run_loop_refuses_duplicate_endpoints ... ok
test deployed_run_loop_refuses_duplicate_ids ... ok
test deployed_role_defers_expired_pending_garbage_by_default ... ok
test armed_deployed_role_reclaims_expired_pending_lease_garbage ... ok
test deployed_role_reclaims_orphaned_bytes_after_grace_elapses ... ok
test deployed_role_keeps_orphaned_bytes_within_the_grace_window ... ok
test deployed_role_reclaims_at_the_exact_grace_boundary ... ok
test deployed_role_defers_gc_when_the_operator_fleet_is_startup_partial ... ok
test deployed_role_defers_gc_and_preserves_a_skipped_servers_evidence ... ok

test result: ok. 10 passed; 0 failed; 0 ignored; 0 measured; 0 filtered out; finished in 0.17s

     Running tests/dserver.rs (target/llvm-cov-target/debug/deps/dserver-64a116233703a33a)

running 4 tests
test lease_renews_and_lapses_deterministically ... ok
test overload_across_connections_sheds_excess_with_a_retryable_status ... ok
test d_servers_register_serve_and_are_discovered ... ok
test hung_handler_is_cut_by_the_request_timeout ... ok

test result: ok. 4 passed; 0 failed; 0 ignored; 0 measured; 0 filtered out; finished in 0.25s

     Running tests/dst_commit.rs (target/llvm-cov-target/debug/deps/dst_commit-402e58b7f7f27172)

running 4 tests
test commit_invariants_hold_at_pinned_regression_seed ... ok
test reader_never_sees_a_hybrid_across_seeds ... ok
test exactly_one_commit_wins_across_seeds ... ok
test crash_between_commit_and_release_is_atomic_across_seeds ... ok

test result: ok. 4 passed; 0 failed; 0 ignored; 0 measured; 0 filtered out; finished in 1.52s

     Running tests/dst_erasure.rs (target/llvm-cov-target/debug/deps/dst_erasure-473c9b2fbc09ea6e)

running 7 tests
test ec_properties_hold_at_pinned_regression_seed ... ok
test empty_placement_reads_and_maintenance_agree_across_seeds ... ok
test mixed_era_reads_across_seeds ... ok
test rs_loss_beyond_m_is_a_clean_error_across_seeds ... ok
test rs_corruption_beyond_m_is_a_clean_error_across_seeds ... ok
test rs_reads_survive_losses_across_seeds ... ok
test rs_corruption_is_excluded_across_seeds ... ok

test result: ok. 7 passed; 0 failed; 0 ignored; 0 measured; 0 filtered out; finished in 1.30s

     Running tests/dst_read_fanout.rs (target/llvm-cov-target/debug/deps/dst_read_fanout-91b8ebdd415cf229)

running 4 tests
test read_fanout_properties_hold_at_pinned_regression_seed ... ok
test none_scheme_is_a_single_fetch_across_seeds ... ok
test below_k_is_a_clean_typed_error_across_seeds ... ok
test any_k_arrive_first_across_seeds ... ok

test result: ok. 4 passed; 0 failed; 0 ignored; 0 measured; 0 filtered out; finished in 0.50s

     Running tests/e2e.rs (target/llvm-cov-target/debug/deps/e2e-84a0c74e7fa1b800)

running 4 tests
test gateway_composes_the_coordination_backend ... ok
test binary_runs_the_round_trip_in_one_process ... ok
test buffered_put_stamps_publication_metadata ... ok
test put_then_get_is_byte_identical ... ok

test result: ok. 4 passed; 0 failed; 0 ignored; 0 measured; 0 filtered out; finished in 0.06s

     Running tests/erasure_path.rs (target/llvm-cov-target/debug/deps/erasure_path-f88d98169a39f4df)

running 6 tests
test mixed_era_chunks_read_through_one_path ... ok
test fewer_than_k_fragments_is_a_clean_typed_error ... ok
test rs_put_stages_n_fragments_and_reads_back_byte_identical ... ok
test checksum_failing_fragments_are_excluded_and_reconstructed_around ... ok
test exactly_one_overwrite_wins_under_rs ... ok
test reads_survive_any_m_fragment_losses ... ok

test result: ok. 6 passed; 0 failed; 0 ignored; 0 measured; 0 filtered out; finished in 0.66s

     Running tests/failure_domain_registration.rs (target/llvm-cov-target/debug/deps/failure_domain_registration-5dc4d006badad45f)

running 1 test
test registration_carries_label_and_topology_spreads_distinct_domains ... ok

test result: ok. 1 passed; 0 failed; 0 ignored; 0 measured; 0 filtered out; finished in 0.00s

     Running tests/fdb_backend_selection.rs (target/llvm-cov-target/debug/deps/fdb_backend_selection-ecd1d74034a57a0b)

running 3 tests
test unknown_backend_message_lists_fdb_as_a_known_backend ... ok
test fdb_without_the_feature_names_the_build_flag ... ok
test usage_lists_fdb_as_a_metadata_backend ... ok

test result: ok. 3 passed; 0 failed; 0 ignored; 0 measured; 0 filtered out; finished in 0.00s

     Running tests/gateway_cluster.rs (target/llvm-cov-target/debug/deps/gateway_cluster-28e5dc02b45967ee)

running 1 test
test cluster_gateway_round_trips_distinct_objects_across_separate_compositions ... ok

test result: ok. 1 passed; 0 failed; 0 ignored; 0 measured; 0 filtered out; finished in 0.67s

     Running tests/gateway_lease_expiry.rs (target/llvm-cov-target/debug/deps/gateway_lease_expiry-8ded782d9340115a)

running 1 test
test losing_put_leaves_a_future_dated_lease ... ok

test result: ok. 1 passed; 0 failed; 0 ignored; 0 measured; 0 filtered out; finished in 0.04s

     Running tests/gateway_multi_writer.rs (target/llvm-cov-target/debug/deps/gateway_multi_writer-b49035089d278474)

running 2 tests
test shared_inode_allocator_hands_out_distinct_ids_under_contention ... ok
test two_active_gateways_concurrently_store_distinct_objects_without_collision ... ok

test result: ok. 2 passed; 0 failed; 0 ignored; 0 measured; 0 filtered out; finished in 0.06s

     Running tests/gateway_recover_totality.rs (target/llvm-cov-target/debug/deps/gateway_recover_totality-cba316cc794ebc0e)

running 4 tests
test the_counter_repair_yields_to_an_allocator_that_won_the_race ... ok
test recover_is_total_over_a_segmented_root ... ok
test recover_is_total_over_a_corrupt_next_inode_counter ... ok
test recover_is_total_over_an_undecodable_inode_record ... ok

test result: ok. 4 passed; 0 failed; 0 ignored; 0 measured; 0 filtered out; finished in 0.08s

     Running tests/health_probe.rs (target/llvm-cov-target/debug/deps/health_probe-c8ffea9af0527354)

running 13 tests
test an_ephemeral_health_bind_refuses_at_the_builder - should panic ... ok
test a_health_bind_failure_revokes_the_registration ... ok
test a_zero_refresh_interval_refuses_at_the_builder - should panic ... ok
test check_reports_serving_while_the_store_is_healthy ... ok
test checks_still_answer_with_watch_streams_held_open ... ok
test health_check_answers_while_the_data_plane_is_saturated ... ok
test established_watch_streams_count_against_the_probe_bound ... ok
test a_hanging_health_probe_fails_closed_within_a_bounded_wait ... ok
test check_reports_not_serving_once_unhealthy_or_erroring ... ok
test the_default_empty_service_check_tracks_the_store ... ok
test liveness_stays_serving_when_the_store_is_unhealthy ... ok
test a_connected_watch_stream_does_not_pin_shutdown ... ok
test shutdown_publishes_not_serving_before_draining ... ok

test result: ok. 13 passed; 0 failed; 0 ignored; 0 measured; 0 filtered out; finished in 2.06s

     Running tests/log_env_directive.rs (target/llvm-cov-target/debug/deps/log_env_directive-60dcb5e5df3d7346)

running 1 test
test a_malformed_rust_log_fails_the_process_instead_of_installing_a_filter_nobody_asked_for ... ok

test result: ok. 1 passed; 0 failed; 0 ignored; 0 measured; 0 filtered out; finished in 0.00s

     Running tests/log_span_correlation.rs (target/llvm-cov-target/debug/deps/log_span_correlation-0fa05d90de5887e6)

running 2 tests
test a_request_span_still_carries_its_id_onto_an_error_at_log_level_warn ... ok
test events_are_still_throttled_even_though_spans_are_not ... ok

test result: ok. 2 passed; 0 failed; 0 ignored; 0 measured; 0 filtered out; finished in 0.00s

     Running tests/read_fanout.rs (target/llvm-cov-target/debug/deps/read_fanout-c6af0ef5fdb9abc7)

running 2 tests
test below_k_readable_fragments_is_a_clean_typed_error ... ok
test rs_read_reconstructs_from_the_first_k_and_abandons_hung_d_servers ... ok

test result: ok. 2 passed; 0 failed; 0 ignored; 0 measured; 0 filtered out; finished in 0.12s

     Running tests/read_path.rs (target/llvm-cov-target/debug/deps/read_path-e6c8919c9ee216fd)

running 4 tests
test unbound_name_and_uncommitted_inode_read_as_none ... ok
test checksum_mismatch_surfaces_as_an_error ... ok
test reader_sees_old_or_new_version_never_a_hybrid ... ok
test committed_file_reads_back_byte_identical ... ok

test result: ok. 4 passed; 0 failed; 0 ignored; 0 measured; 0 filtered out; finished in 0.02s

     Running tests/request_capacity_planes.rs (target/llvm-cov-target/debug/deps/request_capacity_planes-21d32f12b6331a3f)

running 7 tests
test the_request_plane_counts_a_partially_failed_bulk_delete ... ok
test the_request_plane_counts_a_failing_op_by_op_and_by_the_typed_class ... ok
test the_request_plane_classes_a_mid_stream_fault_by_the_seam_not_the_head ... ok
test the_capacity_plane_reports_admission_and_the_in_flight_gauge_returns_to_zero ... ok
test the_capacity_plane_reports_a_forced_load_shed ... ok
test the_request_plane_records_per_op_latency_for_a_put_and_a_get ... ok
test the_capacity_plane_reports_a_request_cut_by_the_request_timeout ... ok

test result: ok. 7 passed; 0 failed; 0 ignored; 0 measured; 0 filtered out; finished in 0.25s

     Running tests/restore_runbook_command.rs (target/llvm-cov-target/debug/deps/restore_runbook_command-e09350620d23ee51)

running 2 tests
test the_runbook_states_the_two_conditions_that_make_the_pass_safe ... ok
test the_runbook_restore_command_satisfies_the_topology_validator_it_will_be_checked_against ... ok

test result: ok. 2 passed; 0 failed; 0 ignored; 0 measured; 0 filtered out; finished in 0.00s

     Running tests/s3_copy_object_guard.rs (target/llvm-cov-target/debug/deps/s3_copy_object_guard-e5f00215d564bdc2)

running 2 tests
test copy_source_put_is_refused_and_destination_survives ... ok
test ordinary_put_without_copy_source_still_stores ... ok

test result: ok. 2 passed; 0 failed; 0 ignored; 0 measured; 0 filtered out; finished in 0.09s

     Running tests/s3_delete_objects.rs (target/llvm-cov-target/debug/deps/s3_delete_objects-3fb66bcfa73b9e10)

running 22 tests
test delete_objects_malformed_xml_is_rejected ... ok
test delete_objects_more_than_1000_keys_is_refused ... ok
test delete_objects_trailing_content_after_root_is_rejected_and_deletes_nothing ... ok
test delete_objects_numeric_quiet_spellings_are_honoured ... ok
test delete_objects_entity_escaped_key_deletes_the_right_object ... ok
test delete_objects_multiple_roots_are_rejected_and_delete_nothing ... ok
test delete_objects_nested_entity_key_is_decoded_exactly_once ... ok
test delete_objects_quiet_omits_deleted_entries_but_still_deletes ... ok
test delete_objects_unsigned_payload_is_refused_and_deletes_nothing ... ok
test delete_objects_malformed_processing_instruction_is_rejected_and_deletes_nothing ... ok
test delete_objects_duplicate_attribute_is_rejected_and_deletes_nothing ... ok
test delete_objects_removes_present_and_absent_keys_idempotently ... ok
test delete_objects_comment_split_key_is_rejected_and_deletes_nothing ... ok
test delete_objects_junk_after_a_tag_name_is_rejected_and_deletes_nothing ... ok
test delete_objects_version_scoped_entry_is_refused_and_deletes_nothing ... ok
test delete_objects_conditional_delete_fields_are_refused_and_delete_nothing ... ok
test delete_objects_denylisted_query_companion_is_refused_and_deletes_nothing ... ok
test delete_objects_literal_percent_key_is_not_percent_decoded ... ok
test delete_objects_invalid_quiet_is_rejected_and_deletes_nothing ... ok
test delete_objects_malformed_attribute_value_is_rejected_and_deletes_nothing ... ok
test delete_objects_oversized_body_is_refused_before_it_is_resident ... ok
test delete_objects_max_keys_with_escaped_content_is_accepted ... ok

test result: ok. 22 passed; 0 failed; 0 ignored; 0 measured; 0 filtered out; finished in 0.40s

     Running tests/s3_gateway_cluster.rs (target/llvm-cov-target/debug/deps/s3_gateway_cluster-b8a5a6314f8f9835)

running 1 test
test s3_gateway_composed_over_cluster_backends_lands_fragments_on_dservers ... ok

test result: ok. 1 passed; 0 failed; 0 ignored; 0 measured; 0 filtered out; finished in 0.17s

     Running tests/s3_head_object.rs (target/llvm-cov-target/debug/deps/s3_head_object-8bc3340a639e1de0)

running 3 tests
test signed_head_of_an_absent_key_returns_404_headers_only ... ok
test signed_head_of_a_stored_object_returns_metadata_headers_and_no_body ... ok
test head_does_not_change_get_put_delete_behaviour ... ok

test result: ok. 3 passed; 0 failed; 0 ignored; 0 measured; 0 filtered out; finished in 0.06s

     Running tests/s3_http_wire.rs (target/llvm-cov-target/debug/deps/s3_http_wire-fe1ad94cf8730ec8)

running 19 tests
test a_failure_reports_the_same_request_id_in_the_header_and_the_error_body ... ok
test real_sdk_interop::real_aws_sdk_unsigned_client_is_refused ... ok
test unsigned_put_is_refused_before_its_body_is_read ... ok
test wrong_signature_is_refused_and_stores_nothing ... ok
test streaming_interop::tampered_chunk_body_is_refused_and_stores_nothing ... ok
test unsigned_request_is_refused ... ok
test every_response_carries_a_request_id_header ... ok
test streaming_behaviour::streaming_put_writes_chunks_as_they_arrive_not_after_buffering ... ok
test restart_recovers_id_allocators_no_collision ... ok
test restart_without_recover_is_safe_when_prior_process_persisted_the_allocator ... ok
test signed_put_get_delete_round_trip_is_byte_identical ... ok
test get_declares_accurate_content_length_for_truncation_detection ... ok
test percent_encoded_key_is_stored_under_the_decoded_identity ... ok
test restart_recovers_id_allocators_over_orphan_ledger_no_reclaim_loss ... ok
test get_streaming_resolved_before_delete_is_not_truncated ... ok
test recover_seeds_the_allocator_over_a_legacy_store_without_meta_next_inode ... ok
test concurrent_delete_is_idempotent ... ok
test streaming_interop::stock_sdk_chunked_put_round_trips_byte_identical ... ok
test real_sdk_interop::real_aws_sdk_put_get_delete_round_trips_byte_identical ... ok

test result: ok. 19 passed; 0 failed; 0 ignored; 0 measured; 0 filtered out; finished in 3.15s

     Running tests/s3_list_objects.rs (target/llvm-cov-target/debug/deps/s3_list_objects-d44480e906115772)

running 24 tests
test list_missing_bucket_is_404_no_such_bucket ... ok
test empty_bucket_with_marker_lists_empty_200 ... ok
test list_v2_double_slash_bucket_path_is_rejected_not_listed ... ok
test get_bucket_versioning_is_501_not_a_listing_document ... ok
test list_v2_encoding_type_other_than_url_is_400_invalid_argument ... ok
test list_v2_encoding_type_url_matches_botocore_oracle ... ok
test list_v2_invalid_continuation_token_is_400 ... ok
test list_v2_xml_special_key_round_trips ... ok
test list_v1_encoding_type_url_encodes_marker_and_next_marker ... ok
test list_v2_start_after_equal_to_common_prefix_drops_the_rollup ... ok
test list_v1_marker_inside_delimiter_group_drops_the_rollup ... ok
test list_v2_max_keys_zero_is_empty_and_untruncated ... ok
test list_v2_encoding_type_url_encodes_prefix_delimiter_and_common_prefixes ... ok
test list_v2_start_after_inside_delimiter_group_drops_the_rollup ... ok
test list_v1_returns_marker_based_result ... ok
test list_v2_returns_sorted_contents_with_size_and_etag ... ok
test list_v2_encoding_type_url_start_after_echo_and_opaque_token_resume ... ok
test list_v1_next_marker_is_common_prefix_and_resumes_without_double_emit ... ok
test list_v2_start_after_skips_consumed_keys ... ok
test list_v2_prefix_filters ... ok
test list_v2_continuation_token_wins_over_start_after ... ok
test list_v2_delimiter_and_max_keys_chain_without_double_emitting_a_prefix ... ok
test list_v2_delimiter_rolls_into_common_prefixes ... ok
test list_v2_pagination_chains_until_every_key_once ... ok

test result: ok. 24 passed; 0 failed; 0 ignored; 0 measured; 0 filtered out; finished in 0.10s

     Running tests/s3_object_metadata.rs (target/llvm-cov-target/debug/deps/s3_object_metadata-0fca669eed36065c)

running 2 tests
test a_second_put_of_new_content_stamps_a_fresh_etag_and_content_type ... ok
test put_answers_etag_and_get_round_trips_content_type_and_last_modified ... ok

test result: ok. 2 passed; 0 failed; 0 ignored; 0 measured; 0 filtered out; finished in 0.08s

     Running tests/s3_range_conditional.rs (target/llvm-cov-target/debug/deps/s3_range_conditional-c84324f528d0f04d)

running 17 tests
test if_match_uses_strong_comparison_weak_tag_rejected ... ok
test if_modified_since_and_if_unmodified_since_answer_304_and_412 ... ok
test pre_epoch_if_unmodified_since_fires_412_not_ignored ... ok
test if_none_match_with_the_objects_etag_returns_304_on_get_and_head ... ok
test narrow_range_fetches_only_the_covering_chunks ... ok
test a_fired_precondition_costs_zero_chunk_reads ... ok
test if_match_with_a_non_matching_etag_returns_412 ... ok
test head_honors_range_with_206_and_416 ... ok
test obsolete_http_date_formats_are_honored_on_conditionals ... ok
test invalid_weekday_token_conditional_is_ignored ... ok
test unsatisfiable_range_returns_416_with_content_range_star ... ok
test repeated_range_field_lines_degrade_to_the_full_200 ... ok
test range_unit_is_matched_case_insensitively ... ok
test invalid_conditional_date_is_ignored_not_misparsed ... ok
test signed_http_date_fields_are_ignored_not_misparsed ... ok
test ranged_get_returns_206_with_content_range_and_sliced_body ... ok
test out_of_scope_and_malformed_ranges_answer_full_200_with_accept_ranges ... ok

test result: ok. 17 passed; 0 failed; 0 ignored; 0 measured; 0 filtered out; finished in 0.04s

     Running tests/s3_streaming_trailer.rs (target/llvm-cov-target/debug/deps/s3_streaming_trailer-b3aea2f57ae2cc1b)

running 11 tests
test crc_reference_check_values ... ok
test an_unrecognised_checksum_algorithm_is_refused_before_admission ... ok
test a_decoded_content_length_mismatch_is_refused ... ok
test garbage_after_the_trailer_block_is_refused_as_bad_request ... ok
test a_non_base64_trailer_checksum_is_refused_as_bad_request ... ok
test an_undeclared_trailer_name_is_refused_as_bad_request ... ok
test a_non_canonical_base64_trailer_checksum_is_refused_as_bad_request ... ok
test a_forged_trailer_signature_is_refused_and_stores_nothing ... ok
test a_tampered_trailer_checksum_is_refused_and_stores_nothing ... ok
test signed_trailer_put_with_valid_chunk_and_trailer_signatures_round_trips ... ok
test unsigned_trailer_put_accepts_the_minimum_checksum_algorithm_set ... ok

test result: ok. 11 passed; 0 failed; 0 ignored; 0 measured; 0 filtered out; finished in 4.81s

     Running tests/segmented_object_read.rs (target/llvm-cov-target/debug/deps/segmented_object_read-d1ee99b2521e7269)

running 2 tests
test an_unresolvable_object_fails_closed_without_ending_another_objects_read ... ok
test a_segmented_object_reads_byte_identical_whole_and_across_a_segment_boundary ... ok

test result: ok. 2 passed; 0 failed; 0 ignored; 0 measured; 0 filtered out; finished in 0.02s

     Running tests/write_fanout.rs (target/llvm-cov-target/debug/deps/write_fanout-b41300543a77b574)

running 2 tests
test rs_write_fans_out_to_distinct_d_servers_and_commits ... ok
test partial_fan_out_fails_closed_over_the_wire ... ok

test result: ok. 2 passed; 0 failed; 0 ignored; 0 measured; 0 filtered out; finished in 0.10s

     Running tests/write_path.rs (target/llvm-cov-target/debug/deps/write_path-14164701fff9e873)

running 5 tests
test concurrent_create_of_the_same_name_has_one_winner ... ok
test crash_between_commit_and_release_leaves_entries_the_sweep_reclaims ... ok
test write_produces_an_atomically_committed_readable_file ... ok
test crash_before_commit_leaves_only_collectable_garbage ... ok
test exactly_one_overwrite_wins_under_a_concurrent_writer ... ok

test result: ok. 5 passed; 0 failed; 0 ignored; 0 measured; 0 filtered out; finished in 0.45s
run-diff-cov.sh: NOTE — 535 of 1453 changed production lines carried a coverage
                 region; the other 918 are not scored either way. Most are simply not
                 executable (comments, `use`, declarations, bare delimiters). But code
                 compiled out by a #[cfg(...)] your feature selection does not enable looks
                 identical here, and this gate cannot tell the two apart (#222).
                 The largest unscored spans, so you can tell at a glance which it is:
run-diff-cov.sh:   UNSCORED crates/core/src/multipart.rs:3674-3735 (62 lines)
run-diff-cov.sh:   UNSCORED crates/custodian/src/restore.rs:796-850 (55 lines)
run-diff-cov.sh:   UNSCORED crates/core/src/multipart.rs:1992-2021 (30 lines)
run-diff-cov.sh:   UNSCORED crates/custodian/src/restore.rs:206-234 (29 lines)
run-diff-cov.sh:   UNSCORED crates/core/src/multipart.rs:2025-2050 (26 lines)
run-diff-cov.sh:   UNSCORED crates/core/src/multipart.rs:294-313 (20 lines)
run-diff-cov.sh:   … and 157 further span(s), none larger; all of them are in coverage/diff-cov.json
run-diff-cov.sh: MISS crates/core/src/multipart.rs:675
run-diff-cov.sh: MISS crates/core/src/multipart.rs:676
run-diff-cov.sh: MISS crates/core/src/multipart.rs:680
run-diff-cov.sh: MISS crates/core/src/multipart.rs:681
run-diff-cov.sh: MISS crates/core/src/multipart.rs:3801
run-diff-cov.sh: MISS crates/core/src/multipart.rs:3802
run-diff-cov.sh: MISS crates/core/src/multipart.rs:5296
run-diff-cov.sh: MISS crates/core/src/multipart.rs:5346
run-diff-cov.sh: MISS crates/custodian/src/desired_state.rs:296
run-diff-cov.sh: MISS crates/custodian/src/desired_state.rs:297
run-diff-cov.sh: MISS crates/custodian/src/desired_state.rs:299
run-diff-cov.sh: MISS crates/custodian/src/desired_state.rs:300
run-diff-cov.sh: MISS crates/custodian/src/desired_state.rs:301
run-diff-cov.sh: MISS crates/custodian/src/desired_state.rs:326
run-diff-cov.sh: MISS crates/custodian/src/desired_state.rs:372
run-diff-cov.sh: MISS crates/custodian/src/desired_state.rs:373
run-diff-cov.sh: MISS crates/custodian/src/desired_state.rs:374
run-diff-cov.sh: MISS crates/custodian/src/desired_state.rs:382
run-diff-cov.sh: MISS crates/custodian/src/restore.rs:727
run-diff-cov.sh: MISS crates/custodian/src/restore.rs:728
run-diff-cov.sh: MISS crates/custodian/src/restore.rs:729
run-diff-cov.sh: MISS crates/custodian/src/restore.rs:730
run-diff-cov.sh: MISS crates/custodian/src/restore.rs:768
run-diff-cov.sh: MISS crates/custodian/src/restore.rs:769
run-diff-cov.sh: MISS crates/custodian/src/restore.rs:770
run-diff-cov.sh: MISS crates/custodian/src/restore.rs:771
run-diff-cov.sh: MISS crates/custodian/src/restore.rs:787
run-diff-cov.sh: MISS crates/custodian/src/restore.rs:788
run-diff-cov.sh: MISS crates/custodian/src/restore.rs:789
run-diff-cov.sh: MISS crates/custodian/src/restore.rs:795
run-diff-cov.sh: MISS crates/custodian/src/restore.rs:864
run-diff-cov.sh: MISS crates/custodian/src/restore.rs:883
run-diff-cov.sh: MISS crates/custodian/src/restore.rs:935
run-diff-cov.sh: MISS crates/custodian/src/restore.rs:936
run-diff-cov.sh: MISS crates/custodian/src/restore.rs:937
run-diff-cov.sh: MISS crates/custodian/src/restore.rs:1035
run-diff-cov.sh: MISS crates/custodian/src/restore.rs:1039
run-diff-cov.sh: MISS crates/custodian/src/restore.rs:1062
METRIC diff_cov=92.9 covered=497 instrumentable=535 unscored=918
run-diff-cov.sh: PASS — the patch's tests execute 92.9% of its 535 instrumentable changed
                 lines (floor 80%, 642 test(s) ran).
PDCA-EVIDENCE: diff coverage 92.9% — 497 of 535 instrumentable changed lines executed (floor 80%); 535 of 1453 changed lines were instrumentable
