# gate: C4-verify — per-fix red->green: this patch's test red pre-fix, green post-fix
# cmd: ./engine/scripts/run-verify.sh
# cwd: /home/eddie/wyrd/wyrd-pdca
# PDCA_WORKTREE: /home/eddie/wyrd/wyrd.pdca-wt
# start: 2026-09-17T22:04:39+00:00
# duration_secs: 5.39
# exit: 0
# outcome: pass
# ---- combined stdout+stderr (verbatim) ----
run-verify.sh: GREEN — cargo test -p wyrd-custodian --test staged_drain_restore (fix applied)

running 12 tests
............
test result: ok. 12 passed; 0 failed; 0 ignored; 0 measured; 0 filtered out; finished in 0.00s
run-verify.sh: RED — cargo test -p wyrd-custodian --test staged_drain_restore (production reverted, test kept)

running 12 tests
h_a_completing_session_whose_segments_outrun_its_parts_is_fenced_and_named --- FAILED
h_a_completing_session_without_a_nonce_is_named_not_rewritten --- FAILED
a_drain_counts_an_in_flight_part_as_held --- FAILED
f_restore_fences_a_resurrected_open_session --- FAILED
b_drain_counts_a_committed_part_as_held --- FAILED
. 6/12
f_the_fence_and_its_obligation_land_in_one_batch --- FAILED
g_both_obligations_and_the_fence_land_in_one_batch --- FAILED
e_restore_reports_staged_skips_separately --- FAILED
g_restore_fences_a_completing_session_with_its_segments_deleter --- FAILED
i_the_restore_fence_generation_advances_and_completes_last --- FAILED
d_rebalance_leaves_staged_bytes_alone_and_the_drain_stays_pending --- FAILED

failures:

---- h_a_completing_session_whose_segments_outrun_its_parts_is_fenced_and_named stdout ----

thread 'h_a_completing_session_whose_segments_outrun_its_parts_is_fenced_and_named' (3183422) panicked at crates/custodian/tests/staged_drain_restore.rs:1037:5:
RestoreReport { stranded_marked: 0, already_marked: 0, pending_skipped: 0, pending_unreadable: [], displaced_kept: 0, dangling: [], misplaced: [], under_replicated: [], unresolvable: [] }

---- h_a_completing_session_without_a_nonce_is_named_not_rewritten stdout ----

thread 'h_a_completing_session_without_a_nonce_is_named_not_rewritten' (3183423) panicked at crates/custodian/tests/staged_drain_restore.rs:1004:5:
a session that could not be fenced can still publish over bytes the restore did not bring back: RestoreReport { stranded_marked: 0, already_marked: 0, pending_skipped: 0, pending_unreadable: [], displaced_kept: 0, dangling: [], misplaced: [], under_replicated: [], unresolvable: [] }

---- a_drain_counts_an_in_flight_part_as_held stdout ----

thread 'a_drain_counts_an_in_flight_part_as_held' (3183413) panicked at crates/custodian/tests/staged_drain_restore.rs:530:5:
assertion `left == right` failed: a server holding an in-flight part's staged fragment is not drained: the upload can still commit that part and then publish it
  left: Satisfied
 right: Pending
note: run with `RUST_BACKTRACE=1` environment variable to display a backtrace

---- f_restore_fences_a_resurrected_open_session stdout ----

thread 'f_restore_fences_a_resurrected_open_session' (3183418) panicked at crates/custodian/tests/staged_drain_restore.rs:784:5:
the report does not say it fenced the resurrected session: RestoreReport { stranded_marked: 0, already_marked: 0, pending_skipped: 0, pending_unreadable: [], displaced_kept: 0, dangling: [], misplaced: [], under_replicated: [], unresolvable: [] }

---- b_drain_counts_a_committed_part_as_held stdout ----

thread 'b_drain_counts_a_committed_part_as_held' (3183414) panicked at crates/custodian/tests/staged_drain_restore.rs:559:5:
assertion `left == right` failed: a server holding a committed part's fragment is not drained: one Complete publishes it
  left: Satisfied
 right: Pending

---- f_the_fence_and_its_obligation_land_in_one_batch stdout ----

thread 'f_the_fence_and_its_obligation_land_in_one_batch' (3183419) panicked at crates/custodian/tests/staged_drain_restore.rs:837:10:
the refused commit fails the pass: RestoreReport { stranded_marked: 0, already_marked: 0, pending_skipped: 0, pending_unreadable: [], displaced_kept: 0, dangling: [], misplaced: [], under_replicated: [], unresolvable: [] }

---- g_both_obligations_and_the_fence_land_in_one_batch stdout ----

thread 'g_both_obligations_and_the_fence_land_in_one_batch' (3183420) panicked at crates/custodian/tests/staged_drain_restore.rs:967:10:
the refused commit fails the pass: RestoreReport { stranded_marked: 0, already_marked: 0, pending_skipped: 0, pending_unreadable: [], displaced_kept: 0, dangling: [], misplaced: [], under_replicated: [], unresolvable: [] }

---- e_restore_reports_staged_skips_separately stdout ----

thread 'e_restore_reports_staged_skips_separately' (3183417) panicked at crates/custodian/tests/staged_drain_restore.rs:704:5:
the report does not say how many fragments it kept for a live upload: RestoreReport { stranded_marked: 1, already_marked: 0, pending_skipped: 0, pending_unreadable: [], displaced_kept: 0, dangling: [], misplaced: [], under_replicated: [], unresolvable: [] }

---- g_restore_fences_a_completing_session_with_its_segments_deleter stdout ----

thread 'g_restore_fences_a_completing_session_with_its_segments_deleter' (3183421) panicked at crates/custodian/tests/staged_drain_restore.rs:909:5:
RestoreReport { stranded_marked: 0, already_marked: 0, pending_skipped: 0, pending_unreadable: [], displaced_kept: 0, dangling: [], misplaced: [], under_replicated: [], unresolvable: [] }

---- i_the_restore_fence_generation_advances_and_completes_last stdout ----

thread 'i_the_restore_fence_generation_advances_and_completes_last' (3183424) panicked at crates/custodian/tests/staged_drain_restore.rs:1092:10:
the probe fired at the first fence commit

---- d_rebalance_leaves_staged_bytes_alone_and_the_drain_stays_pending stdout ----

thread 'd_rebalance_leaves_staged_bytes_alone_and_the_drain_stays_pending' (3183416) panicked at crates/custodian/tests/staged_drain_restore.rs:664:5:
assertion `left == right` failed: ...and the per-server query is the one that answers whether the box may be pulled: it still holds a live upload's staged bytes
  left: Satisfied
 right: Pending


failures:
    a_drain_counts_an_in_flight_part_as_held
    b_drain_counts_a_committed_part_as_held
    d_rebalance_leaves_staged_bytes_alone_and_the_drain_stays_pending
    e_restore_reports_staged_skips_separately
    f_restore_fences_a_resurrected_open_session
    f_the_fence_and_its_obligation_land_in_one_batch
    g_both_obligations_and_the_fence_land_in_one_batch
    g_restore_fences_a_completing_session_with_its_segments_deleter
    h_a_completing_session_whose_segments_outrun_its_parts_is_fenced_and_named
    h_a_completing_session_without_a_nonce_is_named_not_rewritten
    i_the_restore_fence_generation_advances_and_completes_last

test result: FAILED. 1 passed; 11 failed; 0 ignored; 0 measured; 0 filtered out; finished in 0.00s

error: test failed, to rerun pass `-p wyrd-custodian --test staged_drain_restore`
run-verify.sh: PASS — red without the fix, green with it (12 test(s) ran red).
