# gate: C5-mutants — surviving mutants on the bundle diff (cargo mutants --in-diff)
# cmd: scripts/mutants-in-diff
# cwd: /home/eddie/wyrd/wyrd-pdca
# PDCA_WORKTREE: /home/eddie/wyrd/wyrd.pdca-wt
# start: 2026-09-17T22:06:41+00:00
# duration_secs: 197.78
# exit: 2
# outcome: fail
# ---- combined stdout+stderr (verbatim) ----
Found 74 mutants to test
ok       Unmutated baseline in 28s build + 22s test
 INFO Auto-set test timeout to 115s
MISSED   crates/custodian/src/restore.rs:1035:40: replace += with -= in completing_plan in 1s build + 1s test
MISSED   crates/custodian/src/restore.rs:1035:40: replace += with *= in completing_plan in 1s build + 1s test
MISSED   crates/custodian/src/restore.rs:1039:40: replace += with -= in completing_plan in 1s build + 1s test
MISSED   crates/custodian/src/restore.rs:1039:40: replace += with *= in completing_plan in 1s build + 1s test
MISSED   crates/custodian/src/restore.rs:1062:43: replace += with -= in completing_plan in 1s build + 1s test
MISSED   crates/custodian/src/restore.rs:1062:43: replace += with *= in completing_plan in 1s build + 1s test
MISSED   crates/custodian/src/restore.rs:1067:43: replace || with && in completing_plan in 1s build + 1s test
MISSED   crates/custodian/src/restore.rs:1085:36: replace || with && in completing_plan in 1s build + 1s test
MISSED   crates/custodian/src/restore.rs:1085:56: replace > with == in completing_plan in 1s build + 1s test
74 mutants tested in 3m: 9 missed, 25 caught, 40 unviable
