# gate: C4-diff-cov — diff coverage: changed lines executed by the patch's tests
# cmd: ./engine/scripts/run-diff-cov.sh
# cwd: /home/eddie/wyrd/wyrd-pdca
# PDCA_WORKTREE: /home/eddie/wyrd/wyrd.pdca-wt-l1
# start: 2026-09-13T13:46:33+00:00
# duration_secs: 65.98
# exit: 0
# outcome: pass
# ---- combined stdout+stderr (verbatim) ----
run-diff-cov.sh: at least one changed crate ships no test in this patch — it is scored
                 against its EXISTING suite, and any co-located #[cfg(test)] lines the
                 patch adds count as covered, so that part of the figure is the generous
                 one; see the coverage boundary in this file's header.
run-diff-cov.sh: MEASURE — cargo llvm-cov test -p wyrd-custodian --test gc_ledger_walk (fix applied)
info: cargo-llvm-cov currently setting cfg(coverage); you can opt-out it by passing --no-cfg-coverage
   Compiling wyrd-traits v0.0.0 (/home/eddie/wyrd/wyrd-cov-l1/crates/traits)
   Compiling wyrd-chunk-format v0.0.0 (/home/eddie/wyrd/wyrd-cov-l1/crates/chunk-format)
   Compiling wyrd-telemetry v0.0.0 (/home/eddie/wyrd/wyrd-cov-l1/crates/telemetry)
   Compiling wyrd-testkit v0.0.0 (/home/eddie/wyrd/wyrd-cov-l1/crates/testkit)
   Compiling wyrd-core v0.0.0 (/home/eddie/wyrd/wyrd-cov-l1/crates/core)
   Compiling wyrd-coordination-mem v0.0.0 (/home/eddie/wyrd/wyrd-cov-l1/crates/coordination-mem)
   Compiling wyrd-chunkstore-fs v0.0.0 (/home/eddie/wyrd/wyrd-cov-l1/crates/chunkstore-fs)
   Compiling wyrd-custodian v0.0.0 (/home/eddie/wyrd/wyrd-cov-l1/crates/custodian)
    Finished `test` profile [unoptimized + debuginfo] target(s) in 2.73s
     Running tests/gc_ledger_walk.rs (target/llvm-cov-target/debug/deps/gc_ledger_walk-9125ab71ba725df9)

running 17 tests
test a_reclaim_retires_only_the_mark_it_judged ... ok
test a_pass_that_reclaimed_is_changed_even_when_its_sweep_loses ... ok
test d4_a_mark_whose_position_is_listed_is_never_swept ... ok
test d2_a_fragment_less_mark_aged_d_minus_one_survives ... ok
test d1_a_fragment_less_mark_aged_exactly_d_is_swept ... ok
test d3_a_mark_whose_server_is_not_in_the_fleet_is_never_swept ... ok
test d5_a_listing_from_an_earlier_pass_never_licenses_a_sweep ... ok
test a_server_the_fleet_names_twice_is_still_one_server ... ok
test an_unreadable_mark_is_never_reclaimed_on_swept_or_rewritten ... ok
test a_sweep_loses_to_a_mark_refreshed_after_the_pass_read_it ... ok
test a_gc_pass_survives_an_orphan_ledger_past_the_cap ... ok
test restore_marks_in_bounded_batches_and_never_overwrites_a_mark_written_meanwhile ... ok
test restore_sees_every_mark_whatever_its_page_and_never_restamps_one ... ok
test a_pass_never_moves_a_cursor_another_pass_moved ... ok
test an_unread_mark_on_another_page_outranks_an_expired_pending_lease ... ok
test the_actionable_tail_is_reached_behind_a_retention_safe_head ... ok
test one_pass_receives_exactly_the_budget_and_the_ledger_drains_in_ceil_p_over_b_passes ... ok

test result: ok. 17 passed; 0 failed; 0 ignored; 0 measured; 0 filtered out; finished in 0.71s
run-diff-cov.sh: cfg-gated test target (madsim) for crates/dst — passing the flag (#104).
run-diff-cov.sh: MEASURE — cargo llvm-cov test -p wyrd-dst (fix applied)
info: cargo-llvm-cov currently setting cfg(coverage); you can opt-out it by passing --no-cfg-coverage
   Compiling proc-macro2 v1.0.106
   Compiling quote v1.0.46
   Compiling unicode-ident v1.0.24
   Compiling libc v0.2.186
   Compiling cfg-if v1.0.4
   Compiling bytes v1.12.1
   Compiling pin-project-lite v0.2.17
   Compiling memchr v2.8.2
   Compiling once_cell v1.21.4
   Compiling futures-core v0.3.34
   Compiling fnv v1.0.7
   Compiling serde_core v1.0.229
   Compiling futures-sink v0.3.34
   Compiling itoa v1.0.18
   Compiling hashbrown v0.17.1
   Compiling equivalent v1.0.2
   Compiling slab v0.4.12
   Compiling futures-task v0.3.34
   Compiling zerocopy v0.8.52
   Compiling smallvec v1.15.2
   Compiling serde v1.0.229
   Compiling lazy_static v1.5.0
   Compiling tower-service v0.3.3
   Compiling anyhow v1.0.103
   Compiling either v1.16.0
   Compiling tower-layer v0.3.3
   Compiling semver v1.0.28
   Compiling getrandom v0.3.4
   Compiling httparse v1.10.1
   Compiling sync_wrapper v1.0.2
   Compiling regex-syntax v0.8.11
   Compiling percent-encoding v2.3.2
   Compiling futures-channel v0.3.34
   Compiling thiserror v2.0.18
   Compiling atomic-waker v1.1.2
   Compiling autocfg v1.5.1
   Compiling try-lock v0.2.5
   Compiling mime v0.3.17
   Compiling ident_case v1.0.1
   Compiling zmij v1.0.21
   Compiling httpdate v1.0.3
   Compiling serde_json v1.0.151
   Compiling scopeguard v1.2.0
   Compiling base64 v0.22.1
   Compiling want v0.3.1
   Compiling lock_api v0.4.14
   Compiling log v0.4.32
   Compiling syn v1.0.109
   Compiling sharded-slab v0.1.7
   Compiling thread_local v1.1.9
   Compiling bitflags v2.13.0
   Compiling tracing-core v0.1.36
   Compiling itertools v0.14.0
   Compiling rustversion v1.0.22
   Compiling nu-ansi-term v0.50.3
   Compiling matchit v0.8.4
   Compiling rustc_version v0.4.1
   Compiling strsim v0.10.0
   Compiling rustix v1.1.4
   Compiling crossbeam-utils v0.8.21
   Compiling version_check v0.9.5
   Compiling linux-raw-sys v0.12.1
   Compiling parking v2.2.1
   Compiling getrandom v0.4.3
   Compiling prettyplease v0.2.37
   Compiling winnow v0.7.15
   Compiling pulldown-cmark v0.13.4
   Compiling thiserror v1.0.69
   Compiling num-traits v0.2.19
   Compiling aho-corasick v1.1.4
   Compiling logos-codegen v0.15.1
   Compiling http v1.4.2
   Compiling indexmap v2.14.0
   Compiling event-listener v5.4.2
   Compiling foldhash v0.1.5
   Compiling fastrand v2.4.1
   Compiling unicase v2.9.0
   Compiling beef v0.5.2
   Compiling winnow v1.0.3
   Compiling ahash v0.8.12
   Compiling tracing-log v0.2.0
   Compiling hashbrown v0.15.5
   Compiling fixedbitset v0.5.7
   Compiling cpufeatures v0.3.0
   Compiling unicode-width v0.1.14
   Compiling rand_core v0.10.1
   Compiling toml_writer v1.1.1+spec-1.1.0
   Compiling event-listener-strategy v0.5.4
   Compiling spin v0.9.9
   Compiling readme-rustdocifier v0.1.1
   Compiling concurrent-queue v2.5.0
   Compiling panic-message v0.3.0
   Compiling parking_lot_core v0.9.12
   Compiling async-task v4.7.1
   Compiling multimap v0.10.1
   Compiling strsim v0.11.1
   Compiling toml_parser v1.1.2+spec-1.1.0
   Compiling syn v2.0.118
   Compiling syn v3.0.0
   Compiling downcast-rs v1.2.1
   Compiling typenum v1.20.1
   Compiling iana-time-zone v0.1.65
   Compiling async-channel v2.5.0
   Compiling naive-timer v0.2.0
   Compiling heck v0.5.0
   Compiling crc32c v0.6.8
   Compiling indexmap v1.9.3
   Compiling protobuf v3.7.2
   Compiling hashbrown v0.12.3
   Compiling prometheus v0.14.0
   Compiling chacha20 v0.10.2
   Compiling matchit v0.7.3
   Compiling mio v1.2.1
   Compiling socket2 v0.6.4
   Compiling getrandom v0.2.17
   Compiling errno v0.3.14
   Compiling const-oid v0.10.2
   Compiling http-body v1.1.0
   Compiling rand_core v0.6.4
   Compiling petgraph v0.8.3
   Compiling regex-automata v0.4.14
   Compiling rand_core v0.9.5
   Compiling chrono v0.4.45
   Compiling reed-solomon-simd v3.1.0
   Compiling http-body-util v0.1.3
   Compiling parking_lot v0.12.5
   Compiling toml_write v0.1.2
   Compiling rand v0.10.2
   Compiling wyrd-chunk-format v0.0.0 (/home/eddie/wyrd/wyrd-cov-l1/crates/chunk-format)
   Compiling socket2 v0.5.10
   Compiling rand_xoshiro v0.6.0
   Compiling redb v4.2.0
   Compiling cpufeatures v0.2.17
   Compiling axum-core v0.5.6
   Compiling pulldown-cmark-to-cmark v22.0.0
   Compiling hybrid-array v0.4.13
   Compiling crypto-common v0.2.2
   Compiling block-buffer v0.12.1
   Compiling tempfile v3.27.0
   Compiling serde_spanned v1.1.1
   Compiling toml_datetime v0.7.5+spec-1.1.0
   Compiling toml v0.9.12+spec-1.1.0
   Compiling digest v0.11.3
   Compiling sha2 v0.11.0
   Compiling matchers v0.2.0
   Compiling futures-macro v0.3.34
   Compiling async-trait v0.1.92
   Compiling serde_derive v1.0.229
   Compiling darling_core v0.14.4
   Compiling ppv-lite86 v0.2.21
   Compiling darling_core v0.23.0
   Compiling rand_chacha v0.3.1
   Compiling rand_chacha v0.9.0
   Compiling rand_chacha v0.10.0
   Compiling futures-util v0.3.34
   Compiling wyrd-traits v0.0.0 (/home/eddie/wyrd/wyrd-cov-l1/crates/traits)
   Compiling wyrd-coordination-conformance v0.0.0 (/home/eddie/wyrd/wyrd-cov-l1/crates/coordination-conformance)
   Compiling wyrd-testkit v0.0.0 (/home/eddie/wyrd/wyrd-cov-l1/crates/testkit)
   Compiling rand v0.9.4
   Compiling rand v0.8.6
   Compiling wyrd-coordination-mem v0.0.0 (/home/eddie/wyrd/wyrd-cov-l1/crates/coordination-mem)
   Compiling tracing-attributes v0.1.31
   Compiling tokio-macros v2.7.0
   Compiling prost-derive v0.14.4
   Compiling thiserror-impl v2.0.18
   Compiling pin-project-internal v1.1.13
   Compiling async-stream-impl v0.3.6
   Compiling thiserror-impl v1.0.69
   Compiling miette-derive v7.6.0
   Compiling tonic-build v0.14.6
   Compiling logos-codegen v0.16.1
   Compiling regex v1.12.4
   Compiling async-stream v0.3.6
   Compiling wyrd-metadata-redb v0.0.0 (/home/eddie/wyrd/wyrd-cov-l1/crates/metadata-redb)
   Compiling darling_macro v0.14.4
   Compiling tokio v1.52.3
   Compiling logos-derive v0.15.1
   Compiling pin-project v1.1.13
   Compiling darling v0.14.4
   Compiling madsim-macros v0.2.12
   Compiling tracing v0.1.44
   Compiling protobuf-support v3.7.2
   Compiling logos v0.15.1
   Compiling miette v7.6.0
   Compiling opentelemetry v0.32.0
   Compiling prost v0.14.4
   Compiling logos-derive v0.16.1
   Compiling darling_macro v0.23.0
   Compiling prost-types v0.14.4
   Compiling logos v0.16.1
   Compiling darling v0.23.0
   Compiling serde_with_macros v3.21.0
   Compiling tracing-serde v0.2.0
   Compiling bincode v1.3.3
   Compiling toml_datetime v0.6.11
   Compiling serde_spanned v0.6.9
   Compiling tracing-subscriber v0.3.23
   Compiling toml_edit v0.22.27
   Compiling futures-executor v0.3.32
   Compiling axum-core v0.4.5
   Compiling wyrd-core v0.0.0 (/home/eddie/wyrd/wyrd-cov-l1/crates/core)
   Compiling wyrd-metadata-conformance v0.0.0 (/home/eddie/wyrd/wyrd-cov-l1/crates/metadata-conformance)
   Compiling serde_with v3.21.0
   Compiling opentelemetry_sdk v0.32.1
   Compiling prost-build v0.14.4
   Compiling prost-reflect v0.16.4
   Compiling protox-parse v0.9.0
   Compiling tonic-prost-build v0.14.6
   Compiling madsim-tonic-build v0.6.0+0.14
   Compiling tracing-opentelemetry v0.33.0
   Compiling wyrd-dst v0.0.0 (/home/eddie/wyrd/wyrd-cov-l1/crates/dst)
   Compiling toml v0.8.23
   Compiling tokio-util v0.7.18
   Compiling tokio-stream v0.1.19
   Compiling madsim v0.2.34
   Compiling wyrd-chunkstore-fs v0.0.0 (/home/eddie/wyrd/wyrd-cov-l1/crates/chunkstore-fs)
   Compiling protox v0.9.1
   Compiling h2 v0.4.19
   Compiling tower v0.5.3
   Compiling tower v0.4.13
   Compiling wyrd-proto v0.0.0 (/home/eddie/wyrd/wyrd-cov-l1/crates/proto)
   Compiling opentelemetry-prometheus v0.32.0
   Compiling axum v0.8.9
   Compiling axum v0.7.9
   Compiling madsim-tokio v0.2.30
   Compiling hyper v1.10.1
   Compiling hyper-util v0.1.20
   Compiling hyper-timeout v0.5.2
   Compiling tonic v0.14.6
   Compiling tonic v0.12.3
   Compiling madsim-etcd-client v0.6.0+0.14.0
   Compiling tonic-prost v0.14.6
   Compiling tonic-types v0.14.6
   Compiling madsim-tonic v0.6.0+0.14
   Compiling opentelemetry-proto v0.32.0
   Compiling opentelemetry-otlp v0.32.0
   Compiling wyrd-coordination-etcd v0.0.0 (/home/eddie/wyrd/wyrd-cov-l1/crates/coordination-etcd)
   Compiling wyrd-chunkstore-grpc v0.0.0 (/home/eddie/wyrd/wyrd-cov-l1/crates/chunkstore-grpc)
   Compiling wyrd-telemetry v0.0.0 (/home/eddie/wyrd/wyrd-cov-l1/crates/telemetry)
   Compiling wyrd-custodian v0.0.0 (/home/eddie/wyrd/wyrd-cov-l1/crates/custodian)
    Finished `test` profile [unoptimized + debuginfo] target(s) in 12.50s
     Running unittests src/lib.rs (target/llvm-cov-target/debug/deps/wyrd_dst-2ede07c3e33065d6)

running 0 tests

test result: ok. 0 passed; 0 failed; 0 ignored; 0 measured; 0 filtered out; finished in 0.00s

     Running tests/commit_ambiguity.rs (target/llvm-cov-target/debug/deps/commit_ambiguity-e54a8530acddb86a)

running 14 tests
test the_two_undeterminable_codes_are_not_equally_bad ... ok
test assuming_an_ambiguous_blind_put_landed_leaves_a_chunk_unprotected - should panic ... ok
test a_torn_apply_of_an_ambiguous_commit_is_caught - should panic ... ok
test assuming_an_ambiguous_commit_did_not_land_fails_the_sweep - should panic ... ok
test treating_a_timed_out_commit_like_1021_fails_the_sweep - should panic ... ok
test counting_every_timed_out_commit_a_winner_fails_the_contended_sweep - should panic ... ok
test an_ambiguous_pending_ledger_put_is_settled_by_a_re_read ... ok
test committed_regression_seeds_stay_green ... ok
test a_deferred_1031_batch_that_skips_the_resolver_clobbers_the_winner - should panic ... ok
test a_timed_out_commit_may_still_land_after_the_settling_re_read ... ok
test a_stale_deferred_1031_batch_is_rejected_against_current_truth ... ok
test contention_under_1031_keeps_exactly_one_winner_through_the_deferral ... ok
test the_settling_re_read_covers_both_halves_of_the_ambiguity_space ... ok
test commit_ambiguity_invariants_hold_under_the_dst_seed_sweep ... ok

test result: ok. 14 passed; 0 failed; 0 ignored; 0 measured; 0 filtered out; finished in 0.23s

     Running tests/concurrency.rs (target/llvm-cov-target/debug/deps/concurrency-3b8356edac2c61f6)

running 5 tests
test blind_batch_lost_lock_race_is_err_never_conflict ... ok
test synchronous_redb_shaped_commit_never_reaches_the_interleaving - should panic ... ok
test sim_tikv_reaches_mid_commit_interleaving_and_one_wins ... ok
test exactly_one_concurrent_writer_wins_sim_tikv ... ok
test exactly_one_concurrent_writer_wins_redb ... ok

test result: ok. 5 passed; 0 failed; 0 ignored; 0 measured; 0 filtered out; finished in 0.63s

     Running tests/conformance.rs (target/llvm-cov-target/debug/deps/conformance-ed8a120bec62a9e1)

running 3 tests
test sim_fdb_backend_passes_shared_contract ... ok
test sim_tikv_backend_passes_shared_contract ... ok
test redb_backend_passes_shared_contract ... ok

test result: ok. 3 passed; 0 failed; 0 ignored; 0 measured; 0 filtered out; finished in 2.45s

     Running tests/coordination.rs (target/llvm-cov-target/debug/deps/coordination-2c9b09d34f641b02)

running 12 tests
test process_local_store_fails_the_mutual_exclusion_clause - should panic ... ok
test process_local_store_fails_the_single_leader_clause - should panic ... ok
test process_local_store_fails_the_cross_process_discovery_clause - should panic ... ok
test a_registration_lease_expires_deterministically ... ok
test peers_are_discovered_across_instances ... ok
test single_leader_is_exclusive_across_two_etcd_instances ... ok
test only_one_of_two_instances_leads_then_hands_off ... ok
test a_lock_is_mutually_exclusive_across_two_instances ... ok
test a_lapsed_leader_recampaigns_after_its_lease_is_lost ... ok
test a_transient_proclaim_error_keeps_the_hold_and_its_lease ... ok
test a_cancelled_campaign_leaks_no_orphan ... ok
test shared_contract_suite_on_the_etcd_simulator ... ok

test result: ok. 12 passed; 0 failed; 0 ignored; 0 measured; 0 filtered out; finished in 0.08s

     Running tests/custodian.rs (target/llvm-cov-target/debug/deps/custodian-553c1d36f86f0e19)

running 16 tests
test barrier_installed_and_registry_keeps_callsites_capturable ... ok
test gc_reclaims_only_true_orphans_q3 ... ok
test restore_two_readings_never_license_a_mark ... ok
test gc_walk_loses_every_race_to_a_refresh ... ok
test segmented_resolve_never_tears ... ok
test gc_over_a_segmented_map_never_reclaims_it_and_never_over_certifies ... ok
test restore_two_readings_cover_the_divergence_window ... ok
test fenced_stale_leader_lands_nothing ... ok
test scrub_detects_bit_rot_then_reconstructs_q2 ... ok
test durability_emission_rises_then_returns_to_zero ... ok
test reconstruct_to_full_redundancy_q1 ... ok
test reader_flips_atomically_across_commit ... ok
test crash_mid_fragment_write_commits_nothing ... ok
test commit_point_atomic_repair_under_crash ... ok
test gc_walk_reaches_the_race ... ok
test committed_regression_seeds_stay_green ... ok

test result: ok. 16 passed; 0 failed; 0 ignored; 0 measured; 0 filtered out; finished in 13.37s

     Running tests/network.rs (target/llvm-cov-target/debug/deps/network-f767ccb8c95e1bed)

running 8 tests
test a_publication_the_d_server_could_not_verify_is_reported_not_acknowledged ... ok
test a_write_parked_past_its_deadline_is_refused_by_the_real_d_server ... ok
test a_write_that_expires_inside_the_d_servers_store_is_refused_before_publication ... ok
test partial_fanout_fails_closed ... ok
test k_of_n_read_survives_dropped_fetches ... ok
test corrupt_fragment_is_read_around ... ok
test parallel_write_durability_over_network ... ok
test exactly_one_concurrent_writer_wins_over_network ... ok

test result: ok. 8 passed; 0 failed; 0 ignored; 0 measured; 0 filtered out; finished in 1.50s

     Running tests/no_fdb_linkage.rs (target/llvm-cov-target/debug/deps/no_fdb_linkage-a0b3847b0e9a9e90)

running 9 tests
test package_nodes_reads_package_lines_and_not_feature_lines ... ok
test scan_line_catches_every_manifest_dependency_shape ... ok
test the_dst_manifest_declares_no_fdb_dependency ... ok
test scan_line_ignores_comments_and_unrelated_dependencies ... ok
test scan_manifest_is_red_when_an_fdb_dependency_is_planted ... ok
test the_dst_support_module_declares_the_simulated_fdb_store ... ok
test the_graph_scanner_is_red_on_a_cfg_madsim_gated_rename_and_transitive_edge ... ok
test the_dst_dependency_graph_links_no_libfdb_c ... ok
test the_graph_scanner_is_red_on_the_real_fdb_backend_with_its_feature_on ... ok

test result: ok. 9 passed; 0 failed; 0 ignored; 0 measured; 0 filtered out; finished in 0.20s

     Running tests/tikv_await_commit_interleaving.rs (target/llvm-cov-target/debug/deps/tikv_await_commit_interleaving-e42bb6c1b9363b71)

running 1 test
test redb_overwrite_cas_classifies_the_stale_writer_as_conflict ... ok

test result: ok. 1 passed; 0 failed; 0 ignored; 0 measured; 0 filtered out; finished in 0.49s
run-diff-cov.sh: MEASURE — cargo llvm-cov test -p wyrd-server (fix applied)
info: cargo-llvm-cov currently setting cfg(coverage); you can opt-out it by passing --no-cfg-coverage
   Compiling wyrd-testkit v0.0.0 (/home/eddie/wyrd/wyrd-cov-l1/crates/testkit)
   Compiling wyrd-gateway-core v0.0.0 (/home/eddie/wyrd/wyrd-cov-l1/crates/gateway-core)
   Compiling wyrd-proto v0.0.0 (/home/eddie/wyrd/wyrd-cov-l1/crates/proto)
   Compiling wyrd-core v0.0.0 (/home/eddie/wyrd/wyrd-cov-l1/crates/core)
   Compiling wyrd-metadata-redb v0.0.0 (/home/eddie/wyrd/wyrd-cov-l1/crates/metadata-redb)
   Compiling wyrd-telemetry v0.0.0 (/home/eddie/wyrd/wyrd-cov-l1/crates/telemetry)
   Compiling wyrd-gateway-s3 v0.0.0 (/home/eddie/wyrd/wyrd-cov-l1/crates/gateway-s3)
   Compiling wyrd-coordination-mem v0.0.0 (/home/eddie/wyrd/wyrd-cov-l1/crates/coordination-mem)
   Compiling wyrd-chunkstore-fs v0.0.0 (/home/eddie/wyrd/wyrd-cov-l1/crates/chunkstore-fs)
   Compiling wyrd-metadata-fault-conformance v0.0.0 (/home/eddie/wyrd/wyrd-cov-l1/crates/metadata-fault-conformance)
   Compiling wyrd-chunkstore-grpc v0.0.0 (/home/eddie/wyrd/wyrd-cov-l1/crates/chunkstore-grpc)
   Compiling wyrd-custodian v0.0.0 (/home/eddie/wyrd/wyrd-cov-l1/crates/custodian)
   Compiling wyrd-server v0.0.0 (/home/eddie/wyrd/wyrd-cov-l1/crates/server)
    Finished `test` profile [unoptimized + debuginfo] target(s) in 9.78s
     Running unittests src/lib.rs (target/llvm-cov-target/debug/deps/wyrd_server-270b4105a6db5f27)

running 41 tests
test cli::tests::an_ephemeral_probe_port_refuses_at_parse ... ok
test cli::tests::chunk_id_minter_packs_inode_in_the_high_bits ... ok
test cli::tests::a_probe_data_address_collision_refuses_at_parse ... ok
test cli::tests::dual_stack_overlap_risk_fires_only_for_the_v6_wildcard_cross_family ... ok
test cli::tests::default_chunk_size_is_one_mib ... ok
test cli::tests::parse_endpoints_splits_trims_and_rejects_empty ... ok
test cli::tests::parse_durability_maps_each_form ... ok
test cli::tests::require_aligned_topology_rejects_missing_or_mismatched_lists ... ok
test cli::tests::parsed_args_consumes_flag_value_pairs ... ok
test cli::tests::the_default_health_bind_follows_the_data_bind_interface ... ok
test cli::tests::wildcard_probe_data_overlaps_refuse_and_distinct_ips_coexist ... ok
test cli::tests::scoped_ipv6_binds_collide_only_within_one_scope ... ok
test cli::tests::restore_needs_human_agrees_with_every_paragraph_it_prints ... ok
test cli::tests::restore_verdict_names_the_blocking_records_and_counts_the_ones_it_cannot_fit ... ok
test consistency_observable::tests::a_body_shorter_than_its_declared_content_length_is_an_error_never_a_prefix_read ... ok
test cli::tests::a_flag_without_a_value_fails_logging_setup_on_every_subcommand ... ok
test consistency_observable::tests::a_torn_response_is_an_error_never_a_panic ... ok
test consistency_observable::tests::a_wellformed_response_still_parses ... ok
test consistency_observable::tests::an_op_with_a_reversed_span_is_not_well_formed ... ok
test consistency_observable::tests::a_regressing_version_is_not_monotone ... ok
test consistency_observable::tests::a_torn_chunked_body_is_an_error_never_a_panic ... ok
test consistency_observable::tests::encode_decode_round_trips ... ok
test consistency_observable::tests::empty_history_is_not_well_formed ... ok
test consistency_workload::tests::cross_key_read_write_overlap_is_not_genuine_concurrency ... ok
test cli::tests::the_restore_one_shot_is_valueless_but_value_flags_still_demand_a_value ... ok
test consistency_workload::tests::indeterminate_predicate_flags_5xx_and_synthetic_zero ... ok
test consistency_observable::tests::an_indeterminate_write_is_not_counted_as_an_observed_version ... ok
test consistency_workload::tests::membership_never_fabricates_absence ... ok
test consistency_workload::tests::verdict_routes_off_check_by_default ... ok
test consistency_workload::tests::indeterminate_put_is_info_not_ok ... ok
test consistency_observable::tests::decode_rejects_a_torn_value ... ok
test logging::tests::a_malformed_rust_log_directive_is_rejected ... ok
test logging::tests::a_valid_or_absent_rust_log_directive_is_accepted ... ok
test logging::tests::an_invalid_format_is_rejected ... ok
test tests::default_chunk_size_is_one_mib ... ok
test logging::tests::an_invalid_level_is_rejected_not_ignored ... ok
test logging::tests::an_explicit_level_admits_debug ... ok
test logging::tests::the_default_level_drops_debug_and_keeps_info ... ok
test dserver::tests::id_reports_the_configured_identity ... ok
test logging::tests::a_structured_event_reaches_the_sink_as_json_with_its_fields ... ok
test logging::tests::the_text_format_writes_prose_not_json ... ok

test result: ok. 41 passed; 0 failed; 0 ignored; 0 measured; 0 filtered out; finished in 0.00s

     Running unittests src/main.rs (target/llvm-cov-target/debug/deps/wyrd-d90c330e437d91d2)

running 0 tests

test result: ok. 0 passed; 0 failed; 0 ignored; 0 measured; 0 filtered out; finished in 0.00s

     Running tests/advertise_addr_registration.rs (target/llvm-cov-target/debug/deps/advertise_addr_registration-6ff7bab36ebdbf1a)

running 2 tests
test no_advertise_addr_keeps_the_bound_address_endpoint ... ok
test advertise_addr_overrides_the_registered_endpoint ... ok

test result: ok. 2 passed; 0 failed; 0 ignored; 0 measured; 0 filtered out; finished in 0.00s

     Running tests/backend_selection.rs (target/llvm-cov-target/debug/deps/backend_selection-0d86749aa2d291ee)

running 3 tests
test coordination_backend_selects_by_config ... ok
test alloc_inode_is_bounded_against_a_perpetual_conflict_store ... ok
test redb_backend_selected_by_config_and_alloc_inode_roundtrips ... ok

test result: ok. 3 passed; 0 failed; 0 ignored; 0 measured; 0 filtered out; finished in 0.00s

     Running tests/cli_roundtrip.rs (target/llvm-cov-target/debug/deps/cli_roundtrip-fb81f9100b337d60)

running 5 tests
test no_subcommand_prints_usage_and_exits_two ... ok
test get_of_a_missing_key_exits_nonzero ... ok
test demo_exits_zero ... ok
test re_putting_an_existing_key_exits_nonzero ... ok
test put_then_get_round_trips_across_separate_invocations ... ok

test result: ok. 5 passed; 0 failed; 0 ignored; 0 measured; 0 filtered out; finished in 0.25s

     Running tests/closed_write_path.rs (target/llvm-cov-target/debug/deps/closed_write_path-f765c611ce227418)

running 1 test
test a_gateway_written_object_is_a_custodian_derived_repair_obligation_and_round_trips ... ok

test result: ok. 1 passed; 0 failed; 0 ignored; 0 measured; 0 filtered out; finished in 0.42s

     Running tests/consistency_observable.rs (target/llvm-cov-target/debug/deps/consistency_observable-98e82c3722334ee7)

running 4 tests
test a_body_cut_mid_transfer_records_an_indeterminate_read_not_a_prefix_version ... ok
test a_peer_that_closes_without_a_complete_response_records_the_op_as_indeterminate ... ok
test a_transport_failure_records_the_op_as_indeterminate_rather_than_omitting_it ... ok
test observable_records_a_nonvacuous_wellformed_register_history ... ok

test result: ok. 4 passed; 0 failed; 0 ignored; 0 measured; 0 filtered out; finished in 0.06s

     Running tests/consistency_run_fdb.rs (target/llvm-cov-target/debug/deps/consistency_run_fdb-1f8bb47c4bb423d9)

running 1 test
test consistency_run_fdb ... ignored, privileged #408: live 3-process FDB cluster + a #407 nemesis leg (cargo xtask consistency-run)

test result: ok. 0 passed; 0 failed; 1 ignored; 0 measured; 0 filtered out; finished in 0.00s

     Running tests/consistency_workload.rs (target/llvm-cov-target/debug/deps/consistency_workload-c1543459d851aeb8)

running 18 tests
test a_fully_resolved_sweep_composes_a_definite_read_that_still_exposes_a_lost_element ... ok
test an_unresolved_probe_degrades_the_composed_read_to_info_rather_than_omitting_the_member ... ok
test a_shared_delete_pool_key_with_version_bands_would_fabricate_a_violation ... ok
test reads_monotone_ignores_overlapping_reads ... ok
test concurrency_witness_counts_only_same_key_read_write_overlaps ... ok
test register_serializer_emits_byte_exact_rw_register_txn_edn_with_info_for_indeterminate ... ok
test register_serializer_tags_each_op_with_its_key_inside_the_micro_op ... ok
test session_monotonic_reads_guard_indeterminate_and_reject_determinate_regression ... ok
test delete_pool_keys_are_single_writer_per_key_so_version_tags_track_commit_order ... ok
test verdict_dispatch_routes_to_off_check_elle_by_default ... ok
test membership_derivation_never_coerces_unknown_to_absent ... ok
test session_read_your_writes_is_cross_process_aware ... ok
test reads_monotone_per_key_is_global_and_guards_indeterminate ... ok
test session_read_your_writes_guards_indeterminate_on_every_arm ... ok
test directory_op_count_counts_the_composed_read_once_not_every_probe ... ok
test directory_serializer_emits_set_model_add_and_composed_read_with_integer_elements ... ok
test register_serializer_panics_on_a_delete_never_fabricating_a_representation - should panic ... ok
test concurrent_workload_records_a_nonvacuous_genuinely_concurrent_history ... ok

test result: ok. 18 passed; 0 failed; 0 ignored; 0 measured; 0 filtered out; finished in 0.15s

     Running tests/custodian_day_one.rs (target/llvm-cov-target/debug/deps/custodian_day_one-08fec002cc938d23)

running 15 tests
test a_malformed_log_level_still_fails_the_process_loudly ... ok
test run_loop_stops_when_fenced ... ok
test cmd_custodian_rejects_misaligned_topology_through_the_real_entry_point ... ok
test cmd_custodian_fails_loud_when_the_whole_fleet_is_unreachable_at_startup - should panic ... ok
test the_data_loss_audit_line_reaches_the_log_sink_naming_the_chunk ... ok
test a_repair_with_no_free_domain_is_blocked_off_the_backlog_gauge ... ok
test a_transient_below_k_outage_does_not_false_alarm_data_loss_and_recovers ... ok
test running_the_cli_twice_in_process_still_dispatches_the_command ... ok
test a_loss_beyond_tolerance_raises_data_loss_and_the_backlog_gauge_returns_to_zero ... ok
test a_raised_log_level_does_not_starve_the_durability_metrics ... ok
test gauge_rises_then_returns_to_zero_surviving_a_killed_dserver ... ok
test run_loop_logs_and_continues_on_a_store_fault ... ok
test run_loop_survives_a_dead_dserver_and_keeps_running ... ok
test connect_fleet_starts_degraded_around_a_startup_down_peer_and_repairs ... ok
test gauge_rises_then_returns_to_zero_through_the_redb_backend_open_path ... ok

test result: ok. 15 passed; 0 failed; 0 ignored; 0 measured; 0 filtered out; finished in 0.19s

     Running tests/custodian_gc.rs (target/llvm-cov-target/debug/deps/custodian_gc-2093bd486d042306)

running 10 tests
test deployed_run_loop_refuses_a_value_after_the_valueless_gc_flag ... ok
test deployed_run_loop_refuses_duplicate_ids ... ok
test deployed_run_loop_refuses_duplicate_endpoints ... ok
test deployed_role_defers_expired_pending_garbage_by_default ... ok
test armed_deployed_role_reclaims_expired_pending_lease_garbage ... ok
test deployed_role_reclaims_orphaned_bytes_after_grace_elapses ... ok
test deployed_role_keeps_orphaned_bytes_within_the_grace_window ... ok
test deployed_role_reclaims_at_the_exact_grace_boundary ... ok
test deployed_role_defers_gc_when_the_operator_fleet_is_startup_partial ... ok
test deployed_role_defers_gc_and_preserves_a_skipped_servers_evidence ... ok

test result: ok. 10 passed; 0 failed; 0 ignored; 0 measured; 0 filtered out; finished in 0.17s

     Running tests/dserver.rs (target/llvm-cov-target/debug/deps/dserver-64a116233703a33a)

running 4 tests
test lease_renews_and_lapses_deterministically ... ok
test overload_across_connections_sheds_excess_with_a_retryable_status ... ok
test d_servers_register_serve_and_are_discovered ... ok
test hung_handler_is_cut_by_the_request_timeout ... ok

test result: ok. 4 passed; 0 failed; 0 ignored; 0 measured; 0 filtered out; finished in 0.25s

     Running tests/dst_commit.rs (target/llvm-cov-target/debug/deps/dst_commit-402e58b7f7f27172)

running 4 tests
test commit_invariants_hold_at_pinned_regression_seed ... ok
test exactly_one_commit_wins_across_seeds ... ok
test reader_never_sees_a_hybrid_across_seeds ... ok
test crash_between_commit_and_release_is_atomic_across_seeds ... ok

test result: ok. 4 passed; 0 failed; 0 ignored; 0 measured; 0 filtered out; finished in 1.54s

     Running tests/dst_erasure.rs (target/llvm-cov-target/debug/deps/dst_erasure-473c9b2fbc09ea6e)

running 7 tests
test ec_properties_hold_at_pinned_regression_seed ... ok
test empty_placement_reads_and_maintenance_agree_across_seeds ... ok
test mixed_era_reads_across_seeds ... ok
test rs_loss_beyond_m_is_a_clean_error_across_seeds ... ok
test rs_corruption_beyond_m_is_a_clean_error_across_seeds ... ok
test rs_reads_survive_losses_across_seeds ... ok
test rs_corruption_is_excluded_across_seeds ... ok

test result: ok. 7 passed; 0 failed; 0 ignored; 0 measured; 0 filtered out; finished in 1.30s

     Running tests/dst_read_fanout.rs (target/llvm-cov-target/debug/deps/dst_read_fanout-91b8ebdd415cf229)

running 4 tests
test read_fanout_properties_hold_at_pinned_regression_seed ... ok
test none_scheme_is_a_single_fetch_across_seeds ... ok
test below_k_is_a_clean_typed_error_across_seeds ... ok
test any_k_arrive_first_across_seeds ... ok

test result: ok. 4 passed; 0 failed; 0 ignored; 0 measured; 0 filtered out; finished in 0.50s

     Running tests/e2e.rs (target/llvm-cov-target/debug/deps/e2e-84a0c74e7fa1b800)

running 4 tests
test gateway_composes_the_coordination_backend ... ok
test binary_runs_the_round_trip_in_one_process ... ok
test buffered_put_stamps_publication_metadata ... ok
test put_then_get_is_byte_identical ... ok

test result: ok. 4 passed; 0 failed; 0 ignored; 0 measured; 0 filtered out; finished in 0.07s

     Running tests/erasure_path.rs (target/llvm-cov-target/debug/deps/erasure_path-f88d98169a39f4df)

running 6 tests
test mixed_era_chunks_read_through_one_path ... ok
test fewer_than_k_fragments_is_a_clean_typed_error ... ok
test rs_put_stages_n_fragments_and_reads_back_byte_identical ... ok
test checksum_failing_fragments_are_excluded_and_reconstructed_around ... ok
test exactly_one_overwrite_wins_under_rs ... ok
test reads_survive_any_m_fragment_losses ... ok

test result: ok. 6 passed; 0 failed; 0 ignored; 0 measured; 0 filtered out; finished in 0.64s

     Running tests/failure_domain_registration.rs (target/llvm-cov-target/debug/deps/failure_domain_registration-5dc4d006badad45f)

running 1 test
test registration_carries_label_and_topology_spreads_distinct_domains ... ok

test result: ok. 1 passed; 0 failed; 0 ignored; 0 measured; 0 filtered out; finished in 0.00s

     Running tests/fdb_backend_selection.rs (target/llvm-cov-target/debug/deps/fdb_backend_selection-ecd1d74034a57a0b)

running 3 tests
test unknown_backend_message_lists_fdb_as_a_known_backend ... ok
test fdb_without_the_feature_names_the_build_flag ... ok
test usage_lists_fdb_as_a_metadata_backend ... ok

test result: ok. 3 passed; 0 failed; 0 ignored; 0 measured; 0 filtered out; finished in 0.00s

     Running tests/gateway_cluster.rs (target/llvm-cov-target/debug/deps/gateway_cluster-28e5dc02b45967ee)

running 1 test
test cluster_gateway_round_trips_distinct_objects_across_separate_compositions ... ok

test result: ok. 1 passed; 0 failed; 0 ignored; 0 measured; 0 filtered out; finished in 0.65s

     Running tests/gateway_lease_expiry.rs (target/llvm-cov-target/debug/deps/gateway_lease_expiry-8ded782d9340115a)

running 1 test
test losing_put_leaves_a_future_dated_lease ... ok

test result: ok. 1 passed; 0 failed; 0 ignored; 0 measured; 0 filtered out; finished in 0.05s

     Running tests/gateway_multi_writer.rs (target/llvm-cov-target/debug/deps/gateway_multi_writer-b49035089d278474)

running 2 tests
test shared_inode_allocator_hands_out_distinct_ids_under_contention ... ok
test two_active_gateways_concurrently_store_distinct_objects_without_collision ... ok

test result: ok. 2 passed; 0 failed; 0 ignored; 0 measured; 0 filtered out; finished in 0.05s

     Running tests/gateway_recover_totality.rs (target/llvm-cov-target/debug/deps/gateway_recover_totality-cba316cc794ebc0e)

running 4 tests
test the_counter_repair_yields_to_an_allocator_that_won_the_race ... ok
test recover_is_total_over_a_segmented_root ... ok
test recover_is_total_over_a_corrupt_next_inode_counter ... ok
test recover_is_total_over_an_undecodable_inode_record ... ok

test result: ok. 4 passed; 0 failed; 0 ignored; 0 measured; 0 filtered out; finished in 0.08s

     Running tests/health_probe.rs (target/llvm-cov-target/debug/deps/health_probe-c8ffea9af0527354)

running 13 tests
test a_zero_refresh_interval_refuses_at_the_builder - should panic ... ok
test an_ephemeral_health_bind_refuses_at_the_builder - should panic ... ok
test a_health_bind_failure_revokes_the_registration ... ok
test check_reports_serving_while_the_store_is_healthy ... ok
test health_check_answers_while_the_data_plane_is_saturated ... ok
test checks_still_answer_with_watch_streams_held_open ... ok
test a_hanging_health_probe_fails_closed_within_a_bounded_wait ... ok
test the_default_empty_service_check_tracks_the_store ... ok
test established_watch_streams_count_against_the_probe_bound ... ok
test check_reports_not_serving_once_unhealthy_or_erroring ... ok
test liveness_stays_serving_when_the_store_is_unhealthy ... ok
test shutdown_publishes_not_serving_before_draining ... ok
test a_connected_watch_stream_does_not_pin_shutdown ... ok

test result: ok. 13 passed; 0 failed; 0 ignored; 0 measured; 0 filtered out; finished in 2.06s

     Running tests/log_env_directive.rs (target/llvm-cov-target/debug/deps/log_env_directive-60dcb5e5df3d7346)

running 1 test
test a_malformed_rust_log_fails_the_process_instead_of_installing_a_filter_nobody_asked_for ... ok

test result: ok. 1 passed; 0 failed; 0 ignored; 0 measured; 0 filtered out; finished in 0.00s

     Running tests/log_span_correlation.rs (target/llvm-cov-target/debug/deps/log_span_correlation-0fa05d90de5887e6)

running 2 tests
test a_request_span_still_carries_its_id_onto_an_error_at_log_level_warn ... ok
test events_are_still_throttled_even_though_spans_are_not ... ok

test result: ok. 2 passed; 0 failed; 0 ignored; 0 measured; 0 filtered out; finished in 0.00s

     Running tests/read_fanout.rs (target/llvm-cov-target/debug/deps/read_fanout-c6af0ef5fdb9abc7)

running 2 tests
test below_k_readable_fragments_is_a_clean_typed_error ... ok
test rs_read_reconstructs_from_the_first_k_and_abandons_hung_d_servers ... ok

test result: ok. 2 passed; 0 failed; 0 ignored; 0 measured; 0 filtered out; finished in 0.12s

     Running tests/read_path.rs (target/llvm-cov-target/debug/deps/read_path-e6c8919c9ee216fd)

running 4 tests
test unbound_name_and_uncommitted_inode_read_as_none ... ok
test checksum_mismatch_surfaces_as_an_error ... ok
test reader_sees_old_or_new_version_never_a_hybrid ... ok
test committed_file_reads_back_byte_identical ... ok

test result: ok. 4 passed; 0 failed; 0 ignored; 0 measured; 0 filtered out; finished in 0.02s

     Running tests/request_capacity_planes.rs (target/llvm-cov-target/debug/deps/request_capacity_planes-21d32f12b6331a3f)

running 7 tests
test the_request_plane_classes_a_mid_stream_fault_by_the_seam_not_the_head ... ok
test the_request_plane_counts_a_partially_failed_bulk_delete ... ok
test the_request_plane_counts_a_failing_op_by_op_and_by_the_typed_class ... ok
test the_capacity_plane_reports_admission_and_the_in_flight_gauge_returns_to_zero ... ok
test the_capacity_plane_reports_a_forced_load_shed ... ok
test the_request_plane_records_per_op_latency_for_a_put_and_a_get ... ok
test the_capacity_plane_reports_a_request_cut_by_the_request_timeout ... ok

test result: ok. 7 passed; 0 failed; 0 ignored; 0 measured; 0 filtered out; finished in 0.25s

     Running tests/restore_runbook_command.rs (target/llvm-cov-target/debug/deps/restore_runbook_command-e09350620d23ee51)

running 2 tests
test the_runbook_states_the_two_conditions_that_make_the_pass_safe ... ok
test the_runbook_restore_command_satisfies_the_topology_validator_it_will_be_checked_against ... ok

test result: ok. 2 passed; 0 failed; 0 ignored; 0 measured; 0 filtered out; finished in 0.00s

     Running tests/s3_copy_object_guard.rs (target/llvm-cov-target/debug/deps/s3_copy_object_guard-e5f00215d564bdc2)

running 2 tests
test copy_source_put_is_refused_and_destination_survives ... ok
test ordinary_put_without_copy_source_still_stores ... ok

test result: ok. 2 passed; 0 failed; 0 ignored; 0 measured; 0 filtered out; finished in 0.09s

     Running tests/s3_delete_objects.rs (target/llvm-cov-target/debug/deps/s3_delete_objects-3fb66bcfa73b9e10)

running 22 tests
test delete_objects_malformed_xml_is_rejected ... ok
test delete_objects_more_than_1000_keys_is_refused ... ok
test delete_objects_entity_escaped_key_deletes_the_right_object ... ok
test delete_objects_quiet_omits_deleted_entries_but_still_deletes ... ok
test delete_objects_unsigned_payload_is_refused_and_deletes_nothing ... ok
test delete_objects_trailing_content_after_root_is_rejected_and_deletes_nothing ... ok
test delete_objects_nested_entity_key_is_decoded_exactly_once ... ok
test delete_objects_numeric_quiet_spellings_are_honoured ... ok
test delete_objects_multiple_roots_are_rejected_and_delete_nothing ... ok
test delete_objects_removes_present_and_absent_keys_idempotently ... ok
test delete_objects_duplicate_attribute_is_rejected_and_deletes_nothing ... ok
test delete_objects_comment_split_key_is_rejected_and_deletes_nothing ... ok
test delete_objects_malformed_processing_instruction_is_rejected_and_deletes_nothing ... ok
test delete_objects_junk_after_a_tag_name_is_rejected_and_deletes_nothing ... ok
test delete_objects_literal_percent_key_is_not_percent_decoded ... ok
test delete_objects_version_scoped_entry_is_refused_and_deletes_nothing ... ok
test delete_objects_conditional_delete_fields_are_refused_and_delete_nothing ... ok
test delete_objects_invalid_quiet_is_rejected_and_deletes_nothing ... ok
test delete_objects_denylisted_query_companion_is_refused_and_deletes_nothing ... ok
test delete_objects_malformed_attribute_value_is_rejected_and_deletes_nothing ... ok
test delete_objects_oversized_body_is_refused_before_it_is_resident ... ok
test delete_objects_max_keys_with_escaped_content_is_accepted ... ok

test result: ok. 22 passed; 0 failed; 0 ignored; 0 measured; 0 filtered out; finished in 0.40s

     Running tests/s3_gateway_cluster.rs (target/llvm-cov-target/debug/deps/s3_gateway_cluster-b8a5a6314f8f9835)

running 1 test
test s3_gateway_composed_over_cluster_backends_lands_fragments_on_dservers ... ok

test result: ok. 1 passed; 0 failed; 0 ignored; 0 measured; 0 filtered out; finished in 0.16s

     Running tests/s3_head_object.rs (target/llvm-cov-target/debug/deps/s3_head_object-8bc3340a639e1de0)

running 3 tests
test signed_head_of_an_absent_key_returns_404_headers_only ... ok
test signed_head_of_a_stored_object_returns_metadata_headers_and_no_body ... ok
test head_does_not_change_get_put_delete_behaviour ... ok

test result: ok. 3 passed; 0 failed; 0 ignored; 0 measured; 0 filtered out; finished in 0.07s

     Running tests/s3_http_wire.rs (target/llvm-cov-target/debug/deps/s3_http_wire-fe1ad94cf8730ec8)

running 19 tests
test a_failure_reports_the_same_request_id_in_the_header_and_the_error_body ... ok
test unsigned_put_is_refused_before_its_body_is_read ... ok
test real_sdk_interop::real_aws_sdk_unsigned_client_is_refused ... ok
test unsigned_request_is_refused ... ok
test streaming_interop::tampered_chunk_body_is_refused_and_stores_nothing ... ok
test wrong_signature_is_refused_and_stores_nothing ... ok
test every_response_carries_a_request_id_header ... ok
test streaming_behaviour::streaming_put_writes_chunks_as_they_arrive_not_after_buffering ... ok
test restart_without_recover_is_safe_when_prior_process_persisted_the_allocator ... ok
test restart_recovers_id_allocators_over_orphan_ledger_no_reclaim_loss ... ok
test signed_put_get_delete_round_trip_is_byte_identical ... ok
test restart_recovers_id_allocators_no_collision ... ok
test get_streaming_resolved_before_delete_is_not_truncated ... ok
test percent_encoded_key_is_stored_under_the_decoded_identity ... ok
test recover_seeds_the_allocator_over_a_legacy_store_without_meta_next_inode ... ok
test get_declares_accurate_content_length_for_truncation_detection ... ok
test concurrent_delete_is_idempotent ... ok
test streaming_interop::stock_sdk_chunked_put_round_trips_byte_identical ... ok
test real_sdk_interop::real_aws_sdk_put_get_delete_round_trips_byte_identical ... ok

test result: ok. 19 passed; 0 failed; 0 ignored; 0 measured; 0 filtered out; finished in 3.58s

     Running tests/s3_list_objects.rs (target/llvm-cov-target/debug/deps/s3_list_objects-d44480e906115772)

running 24 tests
test list_missing_bucket_is_404_no_such_bucket ... ok
test empty_bucket_with_marker_lists_empty_200 ... ok
test list_v2_invalid_continuation_token_is_400 ... ok
test list_v2_xml_special_key_round_trips ... ok
test list_v2_encoding_type_url_matches_botocore_oracle ... ok
test get_bucket_versioning_is_501_not_a_listing_document ... ok
test list_v2_double_slash_bucket_path_is_rejected_not_listed ... ok
test list_v2_encoding_type_other_than_url_is_400_invalid_argument ... ok
test list_v2_encoding_type_url_encodes_prefix_delimiter_and_common_prefixes ... ok
test list_v2_start_after_equal_to_common_prefix_drops_the_rollup ... ok
test list_v1_marker_inside_delimiter_group_drops_the_rollup ... ok
test list_v2_returns_sorted_contents_with_size_and_etag ... ok
test list_v1_returns_marker_based_result ... ok
test list_v2_start_after_inside_delimiter_group_drops_the_rollup ... ok
test list_v2_prefix_filters ... ok
test list_v2_max_keys_zero_is_empty_and_untruncated ... ok
test list_v1_encoding_type_url_encodes_marker_and_next_marker ... ok
test list_v2_start_after_skips_consumed_keys ... ok
test list_v2_continuation_token_wins_over_start_after ... ok
test list_v2_encoding_type_url_start_after_echo_and_opaque_token_resume ... ok
test list_v2_delimiter_and_max_keys_chain_without_double_emitting_a_prefix ... ok
test list_v1_next_marker_is_common_prefix_and_resumes_without_double_emit ... ok
test list_v2_delimiter_rolls_into_common_prefixes ... ok
test list_v2_pagination_chains_until_every_key_once ... ok

test result: ok. 24 passed; 0 failed; 0 ignored; 0 measured; 0 filtered out; finished in 0.12s

     Running tests/s3_object_metadata.rs (target/llvm-cov-target/debug/deps/s3_object_metadata-0fca669eed36065c)

running 2 tests
test put_answers_etag_and_get_round_trips_content_type_and_last_modified ... ok
test a_second_put_of_new_content_stamps_a_fresh_etag_and_content_type ... ok

test result: ok. 2 passed; 0 failed; 0 ignored; 0 measured; 0 filtered out; finished in 0.07s

     Running tests/s3_range_conditional.rs (target/llvm-cov-target/debug/deps/s3_range_conditional-c84324f528d0f04d)

running 17 tests
test head_honors_range_with_206_and_416 ... ok
test if_match_uses_strong_comparison_weak_tag_rejected ... ok
test if_match_with_a_non_matching_etag_returns_412 ... ok
test if_none_match_with_the_objects_etag_returns_304_on_get_and_head ... ok
test invalid_weekday_token_conditional_is_ignored ... ok
test invalid_conditional_date_is_ignored_not_misparsed ... ok
test a_fired_precondition_costs_zero_chunk_reads ... ok
test obsolete_http_date_formats_are_honored_on_conditionals ... ok
test narrow_range_fetches_only_the_covering_chunks ... ok
test if_modified_since_and_if_unmodified_since_answer_304_and_412 ... ok
test repeated_range_field_lines_degrade_to_the_full_200 ... ok
test pre_epoch_if_unmodified_since_fires_412_not_ignored ... ok
test range_unit_is_matched_case_insensitively ... ok
test out_of_scope_and_malformed_ranges_answer_full_200_with_accept_ranges ... ok
test unsatisfiable_range_returns_416_with_content_range_star ... ok
test ranged_get_returns_206_with_content_range_and_sliced_body ... ok
test signed_http_date_fields_are_ignored_not_misparsed ... ok

test result: ok. 17 passed; 0 failed; 0 ignored; 0 measured; 0 filtered out; finished in 0.03s

     Running tests/s3_streaming_trailer.rs (target/llvm-cov-target/debug/deps/s3_streaming_trailer-b3aea2f57ae2cc1b)

running 11 tests
test crc_reference_check_values ... ok
test an_unrecognised_checksum_algorithm_is_refused_before_admission ... ok
test an_undeclared_trailer_name_is_refused_as_bad_request ... ok
test a_decoded_content_length_mismatch_is_refused ... ok
test a_non_base64_trailer_checksum_is_refused_as_bad_request ... ok
test a_non_canonical_base64_trailer_checksum_is_refused_as_bad_request ... ok
test garbage_after_the_trailer_block_is_refused_as_bad_request ... ok
test a_forged_trailer_signature_is_refused_and_stores_nothing ... ok
test a_tampered_trailer_checksum_is_refused_and_stores_nothing ... ok
test signed_trailer_put_with_valid_chunk_and_trailer_signatures_round_trips ... ok
test unsigned_trailer_put_accepts_the_minimum_checksum_algorithm_set ... ok

test result: ok. 11 passed; 0 failed; 0 ignored; 0 measured; 0 filtered out; finished in 4.86s

     Running tests/segmented_object_read.rs (target/llvm-cov-target/debug/deps/segmented_object_read-d1ee99b2521e7269)

running 2 tests
test a_segmented_object_reads_byte_identical_whole_and_across_a_segment_boundary ... ok
test an_unresolvable_object_fails_closed_without_ending_another_objects_read ... ok

test result: ok. 2 passed; 0 failed; 0 ignored; 0 measured; 0 filtered out; finished in 0.02s

     Running tests/write_fanout.rs (target/llvm-cov-target/debug/deps/write_fanout-b41300543a77b574)

running 2 tests
test partial_fan_out_fails_closed_over_the_wire ... ok
test rs_write_fans_out_to_distinct_d_servers_and_commits ... ok

test result: ok. 2 passed; 0 failed; 0 ignored; 0 measured; 0 filtered out; finished in 0.30s

     Running tests/write_path.rs (target/llvm-cov-target/debug/deps/write_path-14164701fff9e873)

running 5 tests
test concurrent_create_of_the_same_name_has_one_winner ... ok
test crash_between_commit_and_release_leaves_entries_the_sweep_reclaims ... ok
test write_produces_an_atomically_committed_readable_file ... ok
test crash_before_commit_leaves_only_collectable_garbage ... ok
test exactly_one_overwrite_wins_under_a_concurrent_writer ... ok

test result: ok. 5 passed; 0 failed; 0 ignored; 0 measured; 0 filtered out; finished in 0.45s
run-diff-cov.sh: NOTE — 289 of 729 changed production lines carried a coverage
                 region; the other 440 are not scored either way. Most are simply not
                 executable (comments, `use`, declarations, bare delimiters). But code
                 compiled out by a #[cfg(...)] your feature selection does not enable looks
                 identical here, and this gate cannot tell the two apart (#222).
                 The largest unscored spans, so you can tell at a glance which it is:
run-diff-cov.sh:   UNSCORED crates/custodian/src/gc.rs:64-140 (77 lines)
run-diff-cov.sh:   UNSCORED crates/custodian/src/gc.rs:800-834 (35 lines)
run-diff-cov.sh:   UNSCORED crates/custodian/src/gc.rs:223-252 (30 lines)
run-diff-cov.sh:   UNSCORED crates/custodian/src/gc.rs:768-787 (20 lines)
run-diff-cov.sh:   UNSCORED crates/custodian/src/gc.rs:949-964 (16 lines)
run-diff-cov.sh:   UNSCORED crates/custodian/src/gc.rs:916-930 (15 lines)
run-diff-cov.sh:   … and 81 further span(s), none larger; all of them are in coverage/diff-cov.json
run-diff-cov.sh: MISS crates/custodian/src/gc.rs:839
run-diff-cov.sh: MISS crates/custodian/src/gc.rs:859
run-diff-cov.sh: MISS crates/custodian/src/gc.rs:881
run-diff-cov.sh: MISS crates/custodian/src/gc.rs:882
METRIC diff_cov=98.6 covered=285 instrumentable=289 unscored=440
run-diff-cov.sh: PASS — the patch's tests execute 98.6% of its 289 instrumentable changed
                 lines (floor 80%, 366 test(s) ran).
PDCA-EVIDENCE: diff coverage 98.6% — 285 of 289 instrumentable changed lines executed (floor 80%); 289 of 729 changed lines were instrumentable
