# gate: C4-verify — per-fix red->green: this patch's test red pre-fix, green post-fix
# cmd: ./engine/scripts/run-verify.sh
# cwd: /home/eddie/wyrd/wyrd-pdca
# PDCA_WORKTREE: /home/eddie/wyrd/wyrd.pdca-wt-l1
# start: 2026-09-13T13:46:28+00:00
# duration_secs: 4.58
# exit: 0
# outcome: pass
# ---- combined stdout+stderr (verbatim) ----
run-verify.sh: GREEN — cargo test -p wyrd-custodian --test gc_ledger_walk (fix applied)

running 17 tests
.................
test result: ok. 17 passed; 0 failed; 0 ignored; 0 measured; 0 filtered out; finished in 0.68s
run-verify.sh: RED — cargo test -p wyrd-custodian --test gc_ledger_walk (production reverted, test kept)

running 17 tests
an_unreadable_mark_is_never_reclaimed_on_swept_or_rewritten --- FAILED
. 2/17
a_pass_that_reclaimed_is_changed_even_when_its_sweep_loses --- FAILED
a_reclaim_retires_only_the_mark_it_judged --- FAILED
a_sweep_loses_to_a_mark_refreshed_after_the_pass_read_it --- FAILED
a_server_the_fleet_names_twice_is_still_one_server --- FAILED
d3_a_mark_whose_server_is_not_in_the_fleet_is_never_swept --- FAILED
a_gc_pass_survives_an_orphan_ledger_past_the_cap --- FAILED
restore_marks_in_bounded_batches_and_never_overwrites_a_mark_written_meanwhile --- FAILED
.. 11/17
d1_a_fragment_less_mark_aged_exactly_d_is_swept --- FAILED
restore_sees_every_mark_whatever_its_page_and_never_restamps_one --- FAILED
a_pass_never_moves_a_cursor_another_pass_moved --- FAILED
an_unread_mark_on_another_page_outranks_an_expired_pending_lease --- FAILED
the_actionable_tail_is_reached_behind_a_retention_safe_head --- FAILED
one_pass_receives_exactly_the_budget_and_the_ledger_drains_in_ceil_p_over_b_passes --- FAILED

failures:

---- an_unreadable_mark_is_never_reclaimed_on_swept_or_rewritten stdout ----

thread 'an_unreadable_mark_is_never_reclaimed_on_swept_or_rewritten' (2313883) panicked at crates/custodian/tests/gc_ledger_walk.rs:1137:5:
a fragment under a mark GC cannot read is kept
note: run with `RUST_BACKTRACE=1` environment variable to display a backtrace

---- a_pass_that_reclaimed_is_changed_even_when_its_sweep_loses stdout ----

thread 'a_pass_that_reclaimed_is_changed_even_when_its_sweep_loses' (2313878) panicked at crates/custodian/tests/gc_ledger_walk.rs:1022:5:
the sweep's delete met the refresh

---- a_reclaim_retires_only_the_mark_it_judged stdout ----

thread 'a_reclaim_retires_only_the_mark_it_judged' (2313879) panicked at crates/custodian/tests/gc_ledger_walk.rs:1060:5:
assertion `left == right` failed: the refreshed mark is not the one the pass judged, so it is not retired
  left: None
 right: Some(b"10000001")

---- a_sweep_loses_to_a_mark_refreshed_after_the_pass_read_it stdout ----

thread 'a_sweep_loses_to_a_mark_refreshed_after_the_pass_read_it' (2313881) panicked at crates/custodian/tests/gc_ledger_walk.rs:982:5:
the untouched mark is swept

---- a_server_the_fleet_names_twice_is_still_one_server stdout ----

thread 'a_server_the_fleet_names_twice_is_still_one_server' (2313880) panicked at crates/custodian/tests/gc_ledger_walk.rs:943:5:
the fragment-less mark is swept

---- d3_a_mark_whose_server_is_not_in_the_fleet_is_never_swept stdout ----

thread 'd3_a_mark_whose_server_is_not_in_the_fleet_is_never_swept' (2313886) panicked at crates/custodian/tests/gc_ledger_walk.rs:708:5:
the skipped mark is named on the audit seam, under its server: 

---- a_gc_pass_survives_an_orphan_ledger_past_the_cap stdout ----

thread 'a_gc_pass_survives_an_orphan_ledger_past_the_cap' (2313876) panicked at crates/custodian/tests/gc_ledger_walk.rs:468:5:
a GC pass over an orphan ledger of 3007 marks — past the store's cap of 1000 — must succeed and reclaim, not fail on the ledger's size: Err(Store(ScanCapExceeded { cap: 1000, prefix: [111, 114, 112, 104, 97, 110, 58] }))

---- restore_marks_in_bounded_batches_and_never_overwrites_a_mark_written_meanwhile stdout ----

thread 'restore_marks_in_bounded_batches_and_never_overwrites_a_mark_written_meanwhile' (2313890) panicked at crates/custodian/tests/gc_ledger_walk.rs:1179:5:
assertion `left == right` failed: a mark written after the pass looked is never overwritten
  left: Some(b"10000000")
 right: Some(b"77")

---- d1_a_fragment_less_mark_aged_exactly_d_is_swept stdout ----

thread 'd1_a_fragment_less_mark_aged_exactly_d_is_swept' (2313884) panicked at crates/custodian/tests/gc_ledger_walk.rs:640:5:
a mark whose position this pass listed empty, aged exactly D, is swept

---- restore_sees_every_mark_whatever_its_page_and_never_restamps_one stdout ----

thread 'restore_sees_every_mark_whatever_its_page_and_never_restamps_one' (2313891) panicked at crates/custodian/tests/gc_ledger_walk.rs:819:10:
the post-restore pass must survive an orphan ledger past the cap: ScanCapExceeded { cap: 1000, prefix: [111, 114, 112, 104, 97, 110, 58] }

---- a_pass_never_moves_a_cursor_another_pass_moved stdout ----

thread 'a_pass_never_moves_a_cursor_another_pass_moved' (2313877) panicked at crates/custodian/tests/gc_ledger_walk.rs:1089:5:
a pass over a ledger larger than one window must succeed: Err(Store(ScanCapExceeded { cap: 1000, prefix: [111, 114, 112, 104, 97, 110, 58] }))

---- an_unread_mark_on_another_page_outranks_an_expired_pending_lease stdout ----

thread 'an_unread_mark_on_another_page_outranks_an_expired_pending_lease' (2313882) panicked at crates/custodian/tests/gc_ledger_walk.rs:881:9:
pass 1: Err(Store(ScanCapExceeded { cap: 1000, prefix: [111, 114, 112, 104, 97, 110, 58] }))

---- the_actionable_tail_is_reached_behind_a_retention_safe_head stdout ----

thread 'the_actionable_tail_is_reached_behind_a_retention_safe_head' (2313892) panicked at crates/custodian/tests/gc_ledger_walk.rs:580:9:
pass 1: Err(Store(ScanCapExceeded { cap: 1000, prefix: [111, 114, 112, 104, 97, 110, 58] }))

---- one_pass_receives_exactly_the_budget_and_the_ledger_drains_in_ceil_p_over_b_passes stdout ----

thread 'one_pass_receives_exactly_the_budget_and_the_ledger_drains_in_ceil_p_over_b_passes' (2313889) panicked at crates/custodian/tests/gc_ledger_walk.rs:501:9:
pass 1: Err(Store(ScanCapExceeded { cap: 1000, prefix: [111, 114, 112, 104, 97, 110, 58] }))


failures:
    a_gc_pass_survives_an_orphan_ledger_past_the_cap
    a_pass_never_moves_a_cursor_another_pass_moved
    a_pass_that_reclaimed_is_changed_even_when_its_sweep_loses
    a_reclaim_retires_only_the_mark_it_judged
    a_server_the_fleet_names_twice_is_still_one_server
    a_sweep_loses_to_a_mark_refreshed_after_the_pass_read_it
    an_unread_mark_on_another_page_outranks_an_expired_pending_lease
    an_unreadable_mark_is_never_reclaimed_on_swept_or_rewritten
    d1_a_fragment_less_mark_aged_exactly_d_is_swept
    d3_a_mark_whose_server_is_not_in_the_fleet_is_never_swept
    one_pass_receives_exactly_the_budget_and_the_ledger_drains_in_ceil_p_over_b_passes
    restore_marks_in_bounded_batches_and_never_overwrites_a_mark_written_meanwhile
    restore_sees_every_mark_whatever_its_page_and_never_restamps_one
    the_actionable_tail_is_reached_behind_a_retention_safe_head

test result: FAILED. 3 passed; 14 failed; 0 ignored; 0 measured; 0 filtered out; finished in 0.22s

error: test failed, to rerun pass `-p wyrd-custodian --test gc_ledger_walk`
run-verify.sh: PASS — red without the fix, green with it (17 test(s) ran red).
