# gate: C4-diff-cov — diff coverage: changed lines executed by the patch's tests
# cmd: ./engine/scripts/run-diff-cov.sh
# cwd: /home/eddie/wyrd/wyrd-pdca
# PDCA_WORKTREE: /home/eddie/wyrd/wyrd.pdca-wt-l1
# start: 2026-08-18T13:40:17+00:00
# duration_secs: 2.73
# exit: 0
# outcome: pass
# ---- combined stdout+stderr (verbatim) ----
run-diff-cov.sh: MEASURE — cargo llvm-cov test -p wyrd-core --test multipart_retire_obligation (fix applied)
info: cargo-llvm-cov currently setting cfg(coverage); you can opt-out it by passing --no-cfg-coverage
   Compiling wyrd-traits v0.0.0 (/home/eddie/wyrd/wyrd-cov-l1/crates/traits)
   Compiling wyrd-chunk-format v0.0.0 (/home/eddie/wyrd/wyrd-cov-l1/crates/chunk-format)
   Compiling wyrd-proto v0.0.0 (/home/eddie/wyrd/wyrd-cov-l1/crates/proto)
   Compiling wyrd-testkit v0.0.0 (/home/eddie/wyrd/wyrd-cov-l1/crates/testkit)
   Compiling wyrd-metadata-redb v0.0.0 (/home/eddie/wyrd/wyrd-cov-l1/crates/metadata-redb)
   Compiling wyrd-core v0.0.0 (/home/eddie/wyrd/wyrd-cov-l1/crates/core)
   Compiling wyrd-chunkstore-fs v0.0.0 (/home/eddie/wyrd/wyrd-cov-l1/crates/chunkstore-fs)
   Compiling wyrd-chunkstore-grpc v0.0.0 (/home/eddie/wyrd/wyrd-cov-l1/crates/chunkstore-grpc)
    Finished `test` profile [unoptimized + debuginfo] target(s) in 1.65s
     Running tests/multipart_retire_obligation.rs (target/llvm-cov-target/debug/deps/multipart_retire_obligation-048ea0e5a8f73f17)

running 27 tests
test a_component_spelled_outside_its_grammar_is_rejected ... ok
test a_foreign_spelling_of_an_accepted_payload_is_rejected ... ok
test a_noncanonical_part_number_set_is_rejected ... ok
test a_key_that_names_no_obligation_is_rejected ... ok
test a_placement_length_mismatch_still_decodes ... ok
test a_component_under_the_wrong_mode_is_rejected ... ok
test a_segment_group_epoch_other_than_the_tokens_is_rejected ... ok
test a_generation_disagreeing_with_its_token_is_rejected ... ok
test a_session_wide_component_under_a_per_part_token_is_rejected ... ok
test a_generation_naming_two_maps_is_rejected ... ok
test an_unsupported_chunk_scheme_is_rejected ... ok
test bytes_chunks_under_a_per_part_token_decodes ... ok
test bytes_generation_with_segments_decodes ... ok
test an_obligation_owing_nothing_is_rejected ... ok
test bytes_generation_with_a_flat_map_decodes ... ok
test bytes_session_and_all_parts_decodes ... ok
test an_unknown_or_omitted_field_is_rejected ... ok
test bytes_parts_alone_decodes ... ok
test bytes_session_alone_decodes ... ok
test a_segment_groups_nonce_and_a_generations_epoch_are_unchecked ... ok
test bytes_session_and_parts_decodes ... ok
test part_number_set_minting_is_canonical_and_never_empty ... ok
test records_parts_and_seg_decodes ... ok
test chunks_under_a_session_wide_token_is_rejected ... ok
test records_seg_decodes ... ok
test records_parts_decodes ... ok
test the_all_parts_wildcard_outside_a_session_teardown_is_rejected ... ok

test result: ok. 27 passed; 0 failed; 0 ignored; 0 measured; 0 filtered out; finished in 0.00s
run-diff-cov.sh: NOTE — 251 of 1002 changed production lines carried a coverage
                 region; the other 751 are not scored either way. Most are simply not
                 executable (comments, `use`, declarations, bare delimiters). But code
                 compiled out by a #[cfg(...)] your feature selection does not enable looks
                 identical here, and this gate cannot tell the two apart (#222).
                 The largest unscored spans, so you can tell at a glance which it is:
run-diff-cov.sh:   UNSCORED crates/core/src/multipart.rs:2722-2911 (190 lines)
run-diff-cov.sh:   UNSCORED crates/core/src/multipart.rs:305-435 (131 lines)
run-diff-cov.sh:   UNSCORED crates/core/src/multipart.rs:2602-2653 (52 lines)
run-diff-cov.sh:   UNSCORED crates/core/src/multipart.rs:2405-2445 (41 lines)
run-diff-cov.sh:   UNSCORED crates/core/src/multipart.rs:3000-3039 (40 lines)
run-diff-cov.sh:   UNSCORED crates/core/src/multipart.rs:2506-2536 (31 lines)
run-diff-cov.sh:   … and 74 further span(s), none larger; all of them are in coverage/diff-cov.json
run-diff-cov.sh: MISS crates/core/src/multipart.rs:555
run-diff-cov.sh: MISS crates/core/src/multipart.rs:556
run-diff-cov.sh: MISS crates/core/src/multipart.rs:558
run-diff-cov.sh: MISS crates/core/src/multipart.rs:559
run-diff-cov.sh: MISS crates/core/src/multipart.rs:563
run-diff-cov.sh: MISS crates/core/src/multipart.rs:564
run-diff-cov.sh: MISS crates/core/src/multipart.rs:566
run-diff-cov.sh: MISS crates/core/src/multipart.rs:567
run-diff-cov.sh: MISS crates/core/src/multipart.rs:573
run-diff-cov.sh: MISS crates/core/src/multipart.rs:574
run-diff-cov.sh: MISS crates/core/src/multipart.rs:575
run-diff-cov.sh: MISS crates/core/src/multipart.rs:576
run-diff-cov.sh: MISS crates/core/src/multipart.rs:578
run-diff-cov.sh: MISS crates/core/src/multipart.rs:580
run-diff-cov.sh: MISS crates/core/src/multipart.rs:581
run-diff-cov.sh: MISS crates/core/src/multipart.rs:586
run-diff-cov.sh: MISS crates/core/src/multipart.rs:587
run-diff-cov.sh: MISS crates/core/src/multipart.rs:588
run-diff-cov.sh: MISS crates/core/src/multipart.rs:589
run-diff-cov.sh: MISS crates/core/src/multipart.rs:592
run-diff-cov.sh: MISS crates/core/src/multipart.rs:593
run-diff-cov.sh: MISS crates/core/src/multipart.rs:595
run-diff-cov.sh: MISS crates/core/src/multipart.rs:599
run-diff-cov.sh: MISS crates/core/src/multipart.rs:600
run-diff-cov.sh: MISS crates/core/src/multipart.rs:601
run-diff-cov.sh: MISS crates/core/src/multipart.rs:602
run-diff-cov.sh: MISS crates/core/src/multipart.rs:603
run-diff-cov.sh: MISS crates/core/src/multipart.rs:604
run-diff-cov.sh: MISS crates/core/src/multipart.rs:608
run-diff-cov.sh: MISS crates/core/src/multipart.rs:609
run-diff-cov.sh: MISS crates/core/src/multipart.rs:614
run-diff-cov.sh: MISS crates/core/src/multipart.rs:615
run-diff-cov.sh: MISS crates/core/src/multipart.rs:616
run-diff-cov.sh: MISS crates/core/src/multipart.rs:617
METRIC diff_cov=86.5 covered=217 instrumentable=251 unscored=751
run-diff-cov.sh: PASS — the patch's tests execute 86.5% of its 251 instrumentable changed
                 lines (floor 80%, 27 test(s) ran).
PDCA-EVIDENCE: diff coverage 86.5% — 217 of 251 instrumentable changed lines executed (floor 80%); 251 of 1002 changed lines were instrumentable
