# gate: C4-verify — per-fix red->green: this patch's test red pre-fix, green post-fix
# cmd: ./engine/scripts/run-verify.sh
# cwd: /home/eddie/wyrd/wyrd-pdca
# PDCA_WORKTREE: /home/eddie/wyrd/wyrd.pdca-wt-l1
# start: 2026-08-18T13:40:14+00:00
# duration_secs: 3.33
# exit: 77
# outcome: unverifiable
# ---- combined stdout+stderr (verbatim) ----
run-verify.sh: GREEN — cargo test -p wyrd-core --test multipart_retire_obligation (fix applied)

running 27 tests
...........................
test result: ok. 27 passed; 0 failed; 0 ignored; 0 measured; 0 filtered out; finished in 0.00s
run-verify.sh: RED — cargo test -p wyrd-core --test multipart_retire_obligation (production reverted, test kept)
error[E0432]: unresolved imports `wyrd_core::multipart::decode_retire_obligation`, `wyrd_core::multipart::PartNumberSet`, `wyrd_core::multipart::PartScope`, `wyrd_core::multipart::RetirePayload`, `wyrd_core::multipart::RetiredMap`
  --> crates/core/tests/multipart_retire_obligation.rs:61:5
   |
61 |     decode_retire_obligation, retire_key, AttemptId, PartNumber, PartNumberSet, PartScope,
   |     ^^^^^^^^^^^^^^^^^^^^^^^^                                     ^^^^^^^^^^^^^  ^^^^^^^^^ no `PartScope` in `multipart`
   |     |                                                            |
   |     |                                                            no `PartNumberSet` in `multipart`
   |     no `decode_retire_obligation` in `multipart`
62 |     RecordError, RetireMode, RetirePayload, RetireToken, RetiredMap, UploadId, MAX_PART_NUMBER,
   |                              ^^^^^^^^^^^^^               ^^^^^^^^^^ no `RetiredMap` in `multipart`
   |                              |
   |                              no `RetirePayload` in `multipart`
   |
help: a similar name exists in the module
   |
61 -     decode_retire_obligation, retire_key, AttemptId, PartNumber, PartNumberSet, PartScope,
61 +     decode_retire_obligation, retire_key, AttemptId, PartNumber, PartNumber, PartScope,
   |

error[E0599]: no variant named `RetireObligationOwesNothing` found for enum `RecordError`
   --> crates/core/tests/multipart_retire_obligation.rs:397:49
    |
397 |     let owes_nothing = |component| RecordError::RetireObligationOwesNothing { component };
    |                                                 ^^^^^^^^^^^^^^^^^^^^^^^^^^^ variant not found in `RecordError`

error[E0599]: no variant named `RetireModeMismatch` found for enum `RecordError`
   --> crates/core/tests/multipart_retire_obligation.rs:419:57
    |
419 |     let wrong_mode = |key_mode, component| RecordError::RetireModeMismatch {
    |                                                         ^^^^^^^^^^^^^^^^^^ variant not found in `RecordError`

error[E0599]: no variant, associated function, or constant named `RetireAllPartsWithoutSession` found for enum `RecordError` in the current scope
   --> crates/core/tests/multipart_retire_obligation.rs:456:22
    |
456 |         RecordError::RetireAllPartsWithoutSession,
    |                      ^^^^^^^^^^^^^^^^^^^^^^^^^^^^ variant, associated function, or constant not found in `RecordError`

error[E0599]: no variant named `RetireTokenSuffixMismatch` found for enum `RecordError`
   --> crates/core/tests/multipart_retire_obligation.rs:468:52
    |
468 |     let suffix_mismatch = |component| RecordError::RetireTokenSuffixMismatch {
    |                                                    ^^^^^^^^^^^^^^^^^^^^^^^^^ variant not found in `RecordError`

error[E0599]: no variant named `RetireTokenSuffixMismatch` found for enum `RecordError`
   --> crates/core/tests/multipart_retire_obligation.rs:491:22
    |
491 |         RecordError::RetireTokenSuffixMismatch {
    |                      ^^^^^^^^^^^^^^^^^^^^^^^^^ variant not found in `RecordError`

error[E0599]: no variant named `RetireGenerationIdentityMismatch` found for enum `RecordError`
   --> crates/core/tests/multipart_retire_obligation.rs:505:66
    |
505 |     let mismatch = |payload_inode, payload_version| RecordError::RetireGenerationIdentityMismatch {
    |                                                                  ^^^^^^^^^^^^^^^^^^^^^^^^^^^^^^^^ variant not found in `RecordError`

error[E0599]: no variant named `RetireTokenScopeMismatch` found for enum `RecordError`
   --> crates/core/tests/multipart_retire_obligation.rs:524:22
    |
524 |         RecordError::RetireTokenScopeMismatch {
    |                      ^^^^^^^^^^^^^^^^^^^^^^^^ variant not found in `RecordError`

error[E0599]: no variant named `RetireTokenScopeMismatch` found for enum `RecordError`
   --> crates/core/tests/multipart_retire_obligation.rs:532:22
    |
532 |         RecordError::RetireTokenScopeMismatch {
    |                      ^^^^^^^^^^^^^^^^^^^^^^^^ variant not found in `RecordError`

error[E0599]: no variant, associated function, or constant named `RetireGenerationTwoMaps` found for enum `RecordError` in the current scope
   --> crates/core/tests/multipart_retire_obligation.rs:553:22
    |
553 |         RecordError::RetireGenerationTwoMaps,
    |                      ^^^^^^^^^^^^^^^^^^^^^^^ variant, associated function, or constant not found in `RecordError`

error[E0599]: no variant named `RetireSegmentEpochMismatch` found for enum `RecordError`
   --> crates/core/tests/multipart_retire_obligation.rs:569:26
    |
569 |             RecordError::RetireSegmentEpochMismatch {
    |                          ^^^^^^^^^^^^^^^^^^^^^^^^^^ variant not found in `RecordError`

error[E0599]: no variant named `PartNumberRunsNotCoalesced` found for enum `RecordError`
   --> crates/core/tests/multipart_retire_obligation.rs:642:40
    |
642 |         |lo, previous_hi| RecordError::PartNumberRunsNotCoalesced { lo, previous_hi };
    |                                        ^^^^^^^^^^^^^^^^^^^^^^^^^^ variant not found in `RecordError`

error[E0599]: no variant named `PartNumberRunReversed` found for enum `RecordError`
   --> crates/core/tests/multipart_retire_obligation.rs:651:22
    |
651 |         RecordError::PartNumberRunReversed { lo: 4, hi: 2 },
    |                      ^^^^^^^^^^^^^^^^^^^^^ variant not found in `RecordError`

Some errors have detailed explanations: E0432, E0599.
For more information about an error, try `rustc --explain E0432`.
error: could not compile `wyrd-core` (test "multipart_retire_obligation") due to 13 previous errors
run-verify.sh: UNVERIFIABLE — the RED leg's cargo run failed (status 101) WITHOUT
               running a test, so no RED was established. This is NOT 'red without the
               fix' — the discriminator never executed. The usual cause is that it does
               not COMPILE against the reverted base: it calls production API this patch
               adds, so reverting the fix removes the symbol it needs. Split the test so
               it exercises the behaviour through pre-existing API, or record at sign-off
               why this slice has no isolable red (the cargo output is above).
