# gate C4-verify — attempt 1/1: pass (exit 0)
# cmd: ./engine/scripts/run-verify.sh
# cwd: /home/eddie/wyrd/wyrd-pdca
# PDCA_WORKTREE: /home/eddie/wyrd/wyrd.pdca-wt-l0
# started: 2026-08-07T13:42:45+02:00   duration: 2s

run-verify.sh: GREEN — cargo test -p wyrd-custodian --test segmented_map_backfill (fix applied)

running 9 tests
.........
test result: ok. 9 passed; 0 failed; 0 ignored; 0 measured; 0 filtered out; finished in 0.00s
run-verify.sh: RED — cargo test -p wyrd-custodian --test segmented_map_backfill (production reverted, test kept)

running 9 tests
. 1/9
an_unreadable_committed_object_is_named_and_the_walk_continues --- FAILED
a_segmented_record_is_declined_not_mutated_and_the_pass_does_not_certify --- FAILED
one_resolving_reading_of_the_namespace_per_pass --- FAILED
a_row_under_a_key_that_names_no_object_is_named_and_never_mutated --- FAILED
a_lost_cas_is_named_under_the_stores_own_key_and_keeps_its_population --- FAILED
a_segmented_object_no_longer_ends_the_pass_and_the_flat_work_still_happens --- FAILED
a_record_is_read_written_and_named_under_the_key_the_store_gave_it --- FAILED
a_pass_never_writes_to_a_generation_it_did_not_scan --- FAILED

failures:

---- an_unreadable_committed_object_is_named_and_the_walk_continues stdout ----

thread 'an_unreadable_committed_object_is_named_and_the_walk_continues' (789898) panicked at crates/custodian/tests/segmented_map_backfill.rs:307:27:
one damaged object must not end the walk: SegmentedMapUnsupported { operation: "backfill::reconcile" }

---- a_segmented_record_is_declined_not_mutated_and_the_pass_does_not_certify stdout ----

thread 'a_segmented_record_is_declined_not_mutated_and_the_pass_does_not_certify' (789897) panicked at crates/custodian/tests/segmented_map_backfill.rs:270:5:
a decline writes NOTHING AT ALL — the `seg:` record and the root stay byte-identical — states why it stopped, names the record, is counted, leaves its empty placements ON the population, and never certifies a drain it did not complete: 

---- one_resolving_reading_of_the_namespace_per_pass stdout ----

thread 'one_resolving_reading_of_the_namespace_per_pass' (789899) panicked at crates/custodian/tests/segmented_map_backfill.rs:425:27:
must not error: SegmentedMapUnsupported { operation: "backfill::reconcile" }
note: run with `RUST_BACKTRACE=1` environment variable to display a backtrace

---- a_row_under_a_key_that_names_no_object_is_named_and_never_mutated stdout ----

thread 'a_row_under_a_key_that_names_no_object_is_named_and_never_mutated' (789895) panicked at crates/custodian/tests/segmented_map_backfill.rs:505:5:
a row under a key that names no object is NAMED, counted, and left byte-identical, the accountable record beyond them is still filled, and the pass certifies nothing: {"timestamp":"2026-08-07T11:42:47.305257Z","level":"INFO","fields":{"monotonic_counter.backfill_conflict":1},"target":"wyrd_custodian::backfill"}
{"timestamp":"2026-08-07T11:42:47.305300Z","level":"INFO","fields":{"message":"backfill lost the version-conditional commit; retried on a later pass","action":"conflict","inode":7},"target":"wyrd.custodian.backfill.audit"}
{"timestamp":"2026-08-07T11:42:47.305337Z","level":"INFO","fields":{"monotonic_counter.backfill_chunks_filled":1},"target":"wyrd_custodian::backfill"}
{"timestamp":"2026-08-07T11:42:47.305342Z","level":"INFO","fields":{"message":"backfill materialized the full-length identity placement for an empty-placement committed chunk","action":"backfill","inode":8,"filled":1},"target":"wyrd.custodian.backfill.audit"}
{"timestamp":"2026-08-07T11:42:47.305365Z","level":"INFO","fields":{"gauge.backfill_placement_remaining":2},"target":"wyrd_custodian::backfill"}


---- a_lost_cas_is_named_under_the_stores_own_key_and_keeps_its_population stdout ----

thread 'a_lost_cas_is_named_under_the_stores_own_key_and_keeps_its_population' (789892) panicked at crates/custodian/tests/segmented_map_backfill.rs:471:5:
a lost race converges nothing, never clobbers the winner, names the record under the store's own key, and keeps the empties it could not settle ON the population: {"timestamp":"2026-08-07T11:42:47.305367Z","level":"INFO","fields":{"monotonic_counter.backfill_conflict":1},"target":"wyrd_custodian::backfill"}
{"timestamp":"2026-08-07T11:42:47.305383Z","level":"INFO","fields":{"message":"backfill lost the version-conditional commit; retried on a later pass","action":"conflict","inode":5},"target":"wyrd.custodian.backfill.audit"}
{"timestamp":"2026-08-07T11:42:47.305398Z","level":"INFO","fields":{"gauge.backfill_placement_remaining":1},"target":"wyrd_custodian::backfill"}


---- a_segmented_object_no_longer_ends_the_pass_and_the_flat_work_still_happens stdout ----

thread 'a_segmented_object_no_longer_ends_the_pass_and_the_flat_work_still_happens' (789896) panicked at crates/custodian/tests/segmented_map_backfill.rs:249:27:
a segmented object must not end the pass: SegmentedMapUnsupported { operation: "backfill::reconcile" }

---- a_record_is_read_written_and_named_under_the_key_the_store_gave_it stdout ----

thread 'a_record_is_read_written_and_named_under_the_key_the_store_gave_it' (789894) panicked at crates/custodian/tests/segmented_map_backfill.rs:403:5:
the record no work was owed on is byte-unchanged, and the padded key is either filled and named under ITSELF or left owed — never certified away: {"timestamp":"2026-08-07T11:42:47.305357Z","level":"INFO","fields":{"monotonic_counter.backfill_conflict":1},"target":"wyrd_custodian::backfill"}
{"timestamp":"2026-08-07T11:42:47.305374Z","level":"INFO","fields":{"message":"backfill lost the version-conditional commit; retried on a later pass","action":"conflict","inode":7},"target":"wyrd.custodian.backfill.audit"}
{"timestamp":"2026-08-07T11:42:47.305400Z","level":"INFO","fields":{"gauge.backfill_placement_remaining":1},"target":"wyrd_custodian::backfill"}


---- a_pass_never_writes_to_a_generation_it_did_not_scan stdout ----

thread 'a_pass_never_writes_to_a_generation_it_did_not_scan' (789893) panicked at crates/custodian/tests/segmented_map_backfill.rs:360:31:
an object that changed under the scan must not end the pass: SegmentedMapUnsupported { operation: "backfill::reconcile" }


failures:
    a_lost_cas_is_named_under_the_stores_own_key_and_keeps_its_population
    a_pass_never_writes_to_a_generation_it_did_not_scan
    a_record_is_read_written_and_named_under_the_key_the_store_gave_it
    a_row_under_a_key_that_names_no_object_is_named_and_never_mutated
    a_segmented_object_no_longer_ends_the_pass_and_the_flat_work_still_happens
    a_segmented_record_is_declined_not_mutated_and_the_pass_does_not_certify
    an_unreadable_committed_object_is_named_and_the_walk_continues
    one_resolving_reading_of_the_namespace_per_pass

test result: FAILED. 1 passed; 8 failed; 0 ignored; 0 measured; 0 filtered out; finished in 0.00s

error: test failed, to rerun pass `-p wyrd-custodian --test segmented_map_backfill`
run-verify.sh: PASS — red without the fix, green with it (9 test(s) ran red).
