# gate: C4-verify — per-fix red->green: this patch's test red pre-fix, green post-fix
# cmd: ./engine/scripts/run-verify.sh
# cwd: /home/eddie/wyrd/wyrd-pdca
# PDCA_WORKTREE: /home/eddie/wyrd/wyrd.pdca-wt
# start: 2026-09-21T18:40:19+00:00
# duration_secs: 1.98
# exit: 0
# outcome: pass
# ---- combined stdout+stderr (verbatim) ----
run-verify.sh: GREEN — cargo test -p wyrd-custodian --test staged_repair (fix applied)

running 26 tests
..........................
test result: ok. 26 passed; 0 failed; 0 ignored; 0 measured; 0 filtered out; finished in 0.04s
run-verify.sh: RED — cargo test -p wyrd-custodian --test staged_repair (production reverted, test kept)

running 26 tests
. 1/26
a_chunk_two_parts_name_is_repaired_against_the_first --- FAILED
a_write_the_server_cannot_certify_adopts_nothing --- FAILED
an_open_uploads_intact_chunk_drains_its_obligation --- FAILED
a_drain_recorded_before_the_adoption_makes_it_lose --- FAILED
a_slow_but_legal_write_never_stops_a_multi_fragment_move --- FAILED
a_write_refused_past_its_deadline_adopts_nothing --- FAILED
an_open_uploads_committed_part_is_rebuilt_and_adopted --- FAILED
no_write_is_authorized_on_a_premark_w_repoint_old --- FAILED
an_unreadable_vacated_mark_withholds_the_move --- FAILED
a_ruled_out_position_rules_out_only_itself --- FAILED
gc_reclaiming_the_destination_before_the_adoption_makes_it_lose --- FAILED
an_unreadable_session_withholds_the_move --- FAILED
a_session_fenced_between_the_write_and_the_adoption_strands_nothing --- FAILED
a_fragment_lost_from_a_live_server_is_rebuilt_in_place --- FAILED
. 16/26
a_session_fenced_before_the_premark_writes_nothing --- FAILED
a_server_with_any_desired_state_record_is_never_chosen --- FAILED
a_degraded_chunk_with_no_usable_destination_is_kept --- FAILED
a_moves_writes_are_sent_together --- FAILED
a_part_record_rewritten_between_the_write_and_the_adoption_strands_nothing --- FAILED
a_chunk_below_k_only_behind_an_outage_is_not_data_loss --- FAILED
the_write_deadline_runs_from_the_premark_not_the_pass_start --- FAILED
the_premark_is_durable_when_the_write_arrives --- FAILED
a_destinations_existing_mark_is_restamped_fresh --- FAILED
.
failures:

---- a_chunk_two_parts_name_is_repaired_against_the_first stdout ----

thread 'a_chunk_two_parts_name_is_repaired_against_the_first' (120193) panicked at crates/custodian/tests/staged_repair.rs:2069:5:
assertion `left == right` failed: one pass must repair the chunk
  left: Blocked
 right: Changed
note: run with `RUST_BACKTRACE=1` environment variable to display a backtrace

---- a_write_the_server_cannot_certify_adopts_nothing stdout ----

thread 'a_write_the_server_cannot_certify_adopts_nothing' (120206) panicked at crates/custodian/tests/staged_repair.rs:1312:5:
the unverified write's bytes may have landed — here they did

---- an_open_uploads_intact_chunk_drains_its_obligation stdout ----

thread 'an_open_uploads_intact_chunk_drains_its_obligation' (120208) panicked at crates/custodian/tests/staged_repair.rs:1990:5:
assertion `left == right` failed
  left: Blocked
 right: Satisfied

---- a_drain_recorded_before_the_adoption_makes_it_lose stdout ----

thread 'a_drain_recorded_before_the_adoption_makes_it_lose' (120196) panicked at crates/custodian/tests/staged_repair.rs:1774:5:
the drain was recorded

---- a_slow_but_legal_write_never_stops_a_multi_fragment_move stdout ----

thread 'a_slow_but_legal_write_never_stops_a_multi_fragment_move' (120204) panicked at crates/custodian/tests/staged_repair.rs:1487:5:
two passes must rebuild and adopt both fragments, so the obligation drains: [Blocked, Blocked], writes []

---- a_write_refused_past_its_deadline_adopts_nothing stdout ----

thread 'a_write_refused_past_its_deadline_adopts_nothing' (120205) panicked at crates/custodian/tests/staged_repair.rs:1274:5:
assertion `left == right` failed: the write must reach the D server, which refuses it
  left: 0
 right: 1

---- an_open_uploads_committed_part_is_rebuilt_and_adopted stdout ----

thread 'an_open_uploads_committed_part_is_rebuilt_and_adopted' (120207) panicked at crates/custodian/tests/staged_repair.rs:868:5:
assertion `left == right` failed: one pass must rebuild and adopt the lost fragment
  left: Blocked
 right: Changed

---- no_write_is_authorized_on_a_premark_w_repoint_old stdout ----

thread 'no_write_is_authorized_on_a_premark_w_repoint_old' (120212) panicked at crates/custodian/tests/staged_repair.rs:1363:13:
the stale pre-mark stands: None

---- an_unreadable_vacated_mark_withholds_the_move stdout ----

thread 'an_unreadable_vacated_mark_withholds_the_move' (120210) panicked at crates/custodian/tests/staged_repair.rs:1412:5:
the unreadable mark must be named on the audit seam

---- a_ruled_out_position_rules_out_only_itself stdout ----

thread 'a_ruled_out_position_rules_out_only_itself' (120200) panicked at crates/custodian/tests/staged_repair.rs:1178:9:
assertion `left == right` failed: reclaiming: one pass must repair both lost fragments
  left: Blocked
 right: Changed

---- gc_reclaiming_the_destination_before_the_adoption_makes_it_lose stdout ----

thread 'gc_reclaiming_the_destination_before_the_adoption_makes_it_lose' (120211) panicked at crates/custodian/tests/staged_repair.rs:1661:10:
GC never reclaimed the destination between the write and the adoption

---- an_unreadable_session_withholds_the_move stdout ----

thread 'an_unreadable_session_withholds_the_move' (120209) panicked at crates/custodian/tests/staged_repair.rs:1706:5:
assertion failed: named_on_audit_seam(&String::from_utf8(mpu_key(&fx.upload)).unwrap())

---- a_session_fenced_between_the_write_and_the_adoption_strands_nothing stdout ----

thread 'a_session_fenced_between_the_write_and_the_adoption_strands_nothing' (120203) panicked at crates/custodian/tests/staged_repair.rs:954:5:
assertion `left == right` failed: the fence never landed between the write and the adoption, so the race was not run
  left: None
 right: Some(Committed)

---- a_fragment_lost_from_a_live_server_is_rebuilt_in_place stdout ----

thread 'a_fragment_lost_from_a_live_server_is_rebuilt_in_place' (120197) panicked at crates/custodian/tests/staged_repair.rs:2101:5:
assertion `left == right` failed
  left: Blocked
 right: Changed

---- a_session_fenced_before_the_premark_writes_nothing stdout ----

thread 'a_session_fenced_before_the_premark_writes_nothing' (120202) panicked at crates/custodian/tests/staged_repair.rs:1054:5:
the aborted move must say why on the audit seam

---- a_server_with_any_desired_state_record_is_never_chosen stdout ----

thread 'a_server_with_any_desired_state_record_is_never_chosen' (120201) panicked at crates/custodian/tests/staged_repair.rs:1739:9:
assertion `left == right` failed: maintenance: one pass must repair the chunk
  left: Blocked
 right: Changed

---- a_degraded_chunk_with_no_usable_destination_is_kept stdout ----

thread 'a_degraded_chunk_with_no_usable_destination_is_kept' (120194) panicked at crates/custodian/tests/staged_repair.rs:1865:5:
assertion `left == right` failed: blocked for want of a destination, as a committed chunk with no free domain is
  left: Blocked
 right: Satisfied

---- a_moves_writes_are_sent_together stdout ----

thread 'a_moves_writes_are_sent_together' (120198) panicked at crates/custodian/tests/staged_repair.rs:1571:5:
assertion `left == right` failed: one pass must rebuild and adopt both fragments: writes arrived at []
  left: [Blocked, Blocked]
 right: [Changed]

---- a_part_record_rewritten_between_the_write_and_the_adoption_strands_nothing stdout ----

thread 'a_part_record_rewritten_between_the_write_and_the_adoption_strands_nothing' (120199) panicked at crates/custodian/tests/staged_repair.rs:1009:5:
assertion `left == right` failed: the part record was never rewritten between the write and the adoption
  left: None
 right: Some(Committed)

---- a_chunk_below_k_only_behind_an_outage_is_not_data_loss stdout ----

thread 'a_chunk_below_k_only_behind_an_outage_is_not_data_loss' (120190) panicked at crates/custodian/tests/staged_repair.rs:2021:9:
assertion `left == right` failed: unreachable true: not a hole in the pass, as for a committed chunk
  left: Blocked
 right: Satisfied

---- the_write_deadline_runs_from_the_premark_not_the_pass_start stdout ----

thread 'the_write_deadline_runs_from_the_premark_not_the_pass_start' (120214) panicked at crates/custodian/tests/staged_repair.rs:1238:5:
assertion `left == right` failed: the write must carry the deadline the pre-mark's own stamp fixes
  left: []
 right: [(2, FragmentId { chunk: 33096, index: 2 }, Some(16000))]

---- the_premark_is_durable_when_the_write_arrives stdout ----

thread 'the_premark_is_durable_when_the_write_arrives' (120213) panicked at crates/custodian/tests/staged_repair.rs:1079:5:
assertion `left == right` failed: exactly one write must reach the destination
  left: 0
 right: 1

---- a_destinations_existing_mark_is_restamped_fresh stdout ----

thread 'a_destinations_existing_mark_is_restamped_fresh' (120195) panicked at crates/custodian/tests/staged_repair.rs:1125:9:
assertion `left == right` failed: another event: exactly one write must arrive
  left: 0
 right: 1


failures:
    a_chunk_below_k_only_behind_an_outage_is_not_data_loss
    a_chunk_two_parts_name_is_repaired_against_the_first
    a_degraded_chunk_with_no_usable_destination_is_kept
    a_destinations_existing_mark_is_restamped_fresh
    a_drain_recorded_before_the_adoption_makes_it_lose
    a_fragment_lost_from_a_live_server_is_rebuilt_in_place
    a_moves_writes_are_sent_together
    a_part_record_rewritten_between_the_write_and_the_adoption_strands_nothing
    a_ruled_out_position_rules_out_only_itself
    a_server_with_any_desired_state_record_is_never_chosen
    a_session_fenced_before_the_premark_writes_nothing
    a_session_fenced_between_the_write_and_the_adoption_strands_nothing
    a_slow_but_legal_write_never_stops_a_multi_fragment_move
    a_write_refused_past_its_deadline_adopts_nothing
    a_write_the_server_cannot_certify_adopts_nothing
    an_open_uploads_committed_part_is_rebuilt_and_adopted
    an_open_uploads_intact_chunk_drains_its_obligation
    an_unreadable_session_withholds_the_move
    an_unreadable_vacated_mark_withholds_the_move
    gc_reclaiming_the_destination_before_the_adoption_makes_it_lose
    no_write_is_authorized_on_a_premark_w_repoint_old
    the_premark_is_durable_when_the_write_arrives
    the_write_deadline_runs_from_the_premark_not_the_pass_start

test result: FAILED. 3 passed; 23 failed; 0 ignored; 0 measured; 0 filtered out; finished in 0.05s

error: test failed, to rerun pass `-p wyrd-custodian --test staged_repair`
run-verify.sh: PASS — red without the fix, green with it (26 test(s) ran red).
