# gate C4-verify — attempt 1/1: pass (exit 0)
# cmd: ./engine/scripts/run-verify.sh
# cwd: /home/eddie/wyrd/wyrd-pdca
# PDCA_WORKTREE: /home/eddie/wyrd/wyrd.pdca-wt-l0
# started: 2026-08-08T00:06:16+02:00   duration: 2s

run-verify.sh: GREEN — cargo test -p wyrd-custodian --test segmented_map_reconstruction (fix applied)

running 6 tests
......
test result: ok. 6 passed; 0 failed; 0 ignored; 0 measured; 0 filtered out; finished in 0.04s
run-verify.sh: RED — cargo test -p wyrd-custodian --test segmented_map_reconstruction (production reverted, test kept)

running 6 tests
a_store_fault_under_the_resolver_ends_the_pass_after_the_name_is_out --- FAILED
. 2/6
an_obligation_inside_a_segmented_object_is_refused_never_discarded --- FAILED
an_unreadable_object_is_named_and_the_pass_drains_nothing --- FAILED
the_committed_namespace_is_read_once_per_pass --- FAILED
a_healthy_segmented_object_neither_ends_the_pass_nor_blocks_it --- FAILED

failures:

---- a_store_fault_under_the_resolver_ends_the_pass_after_the_name_is_out stdout ----

thread 'a_store_fault_under_the_resolver_ends_the_pass_after_the_name_is_out' (3043962) panicked at crates/custodian/tests/segmented_map_reconstruction.rs:685:5:
the injected fault is what came back, not another failure: reconciliation store access: expected ident at line 1 column 2
note: run with `RUST_BACKTRACE=1` environment variable to display a backtrace

---- an_obligation_inside_a_segmented_object_is_refused_never_discarded stdout ----

thread 'an_obligation_inside_a_segmented_object_is_refused_never_discarded' (3043964) panicked at crates/custodian/tests/segmented_map_reconstruction.rs:515:17:
a refusal is a refusal, not an abort of the whole pass: Store(SegmentedMapUnsupported { operation: "reconstruction::find_chunk" })

---- an_unreadable_object_is_named_and_the_pass_drains_nothing stdout ----

thread 'an_unreadable_object_is_named_and_the_pass_drains_nothing' (3043965) panicked at crates/custodian/tests/segmented_map_reconstruction.rs:572:17:
an unreadable record is one object's fault, not the store's: Store(SegmentedMapUnsupported { operation: "reconstruction::find_chunk" })

---- the_committed_namespace_is_read_once_per_pass stdout ----

thread 'the_committed_namespace_is_read_once_per_pass' (3043966) panicked at crates/custodian/tests/segmented_map_reconstruction.rs:628:17:
the pass completes over a store with a segmented object: Store(SegmentedMapUnsupported { operation: "reconstruction::find_chunk" })

---- a_healthy_segmented_object_neither_ends_the_pass_nor_blocks_it stdout ----

thread 'a_healthy_segmented_object_neither_ends_the_pass_nor_blocks_it' (3043961) panicked at crates/custodian/tests/segmented_map_reconstruction.rs:474:17:
one multipart object must not stop repair for the whole store: Store(SegmentedMapUnsupported { operation: "reconstruction::find_chunk" })


failures:
    a_healthy_segmented_object_neither_ends_the_pass_nor_blocks_it
    a_store_fault_under_the_resolver_ends_the_pass_after_the_name_is_out
    an_obligation_inside_a_segmented_object_is_refused_never_discarded
    an_unreadable_object_is_named_and_the_pass_drains_nothing
    the_committed_namespace_is_read_once_per_pass

test result: FAILED. 1 passed; 5 failed; 0 ignored; 0 measured; 0 filtered out; finished in 0.04s

error: test failed, to rerun pass `-p wyrd-custodian --test segmented_map_reconstruction`
run-verify.sh: PASS — red without the fix, green with it (6 test(s) ran red).
