# gate C4-verify — attempt 1/1: pass (exit 0)
# cmd: ./engine/scripts/run-verify.sh
# cwd: /home/eddie/wyrd/wyrd-pdca
# PDCA_WORKTREE: /home/eddie/wyrd/wyrd.pdca-wt-l0
# started: 2026-08-02T23:02:45+02:00   duration: 2s

run-verify.sh: GREEN — cargo test -p wyrd-custodian --test segmented_map_restore (fix applied)

running 4 tests
....
test result: ok. 4 passed; 0 failed; 0 ignored; 0 measured; 0 filtered out; finished in 0.00s
run-verify.sh: RED — cargo test -p wyrd-custodian --test segmented_map_restore (production reverted, test kept)

running 4 tests
a_drain_over_an_incomplete_reference_set_names_the_blocking_record --- FAILED
a_segmented_object_no_longer_stops_the_post_restore_pass --- FAILED
an_unreadable_object_is_contained_and_the_run_is_not_certified --- FAILED
an_unreadable_object_does_not_starve_the_objects_the_pass_could_read --- FAILED

failures:

---- a_drain_over_an_incomplete_reference_set_names_the_blocking_record stdout ----

thread 'a_drain_over_an_incomplete_reference_set_names_the_blocking_record' (2313561) panicked at crates/custodian/tests/segmented_map_restore.rs:231:5:
the blocker must be reported on wyrd.custodian.drain.audit so a collector can select on it. got: 
note: run with `RUST_BACKTRACE=1` environment variable to display a backtrace

---- a_segmented_object_no_longer_stops_the_post_restore_pass stdout ----

thread 'a_segmented_object_no_longer_stops_the_post_restore_pass' (2313562) panicked at crates/custodian/tests/segmented_map_restore.rs:408:10:
one segmented object must not turn the whole post-restore pass into an error: SegmentedMapUnsupported { operation: "restore::committed_chunks" }

---- an_unreadable_object_is_contained_and_the_run_is_not_certified stdout ----

thread 'an_unreadable_object_is_contained_and_the_run_is_not_certified' (2313564) panicked at crates/custodian/tests/segmented_map_restore.rs:487:10:
one unreadable object is contained, not an error that blanks the whole report: SegmentedMapUnsupported { operation: "restore::committed_chunks" }

---- an_unreadable_object_does_not_starve_the_objects_the_pass_could_read stdout ----

thread 'an_unreadable_object_does_not_starve_the_objects_the_pass_could_read' (2313563) panicked at crates/custodian/tests/segmented_map_restore.rs:560:10:
one unreadable object must not end the walk over the ones that are readable: SegmentedMapUnsupported { operation: "restore::committed_chunks" }


failures:
    a_drain_over_an_incomplete_reference_set_names_the_blocking_record
    a_segmented_object_no_longer_stops_the_post_restore_pass
    an_unreadable_object_does_not_starve_the_objects_the_pass_could_read
    an_unreadable_object_is_contained_and_the_run_is_not_certified

test result: FAILED. 0 passed; 4 failed; 0 ignored; 0 measured; 0 filtered out; finished in 0.00s

error: test failed, to rerun pass `-p wyrd-custodian --test segmented_map_restore`
run-verify.sh: PASS — red without the fix, green with it.
