# gate C4-verify — attempt 1/1: unverifiable (exit 77)
# cmd: ./engine/scripts/run-verify.sh
# cwd: /home/eddie/wyrd/wyrd-pdca
# PDCA_WORKTREE: /home/eddie/wyrd/wyrd.pdca-wt-l0
# started: 2026-08-10T19:08:01+02:00   duration: 2s

run-verify.sh: GREEN — cargo test -p wyrd-core --test multipart_budget_admission (fix applied)

running 17 tests
.................
test result: ok. 17 passed; 0 failed; 0 ignored; 0 measured; 0 filtered out; finished in 0.00s
run-verify.sh: RED — cargo test -p wyrd-core --test multipart_budget_admission (production reverted, test kept)
error[E0432]: unresolved imports `wyrd_core::multipart::decode_admission_record`, `wyrd_core::multipart::AdmissionRecord`
  --> crates/core/tests/multipart_budget_admission.rs:37:28
   |
37 | use wyrd_core::multipart::{decode_admission_record, AdmissionRecord, RecordError};
   |                            ^^^^^^^^^^^^^^^^^^^^^^^  ^^^^^^^^^^^^^^^ no `AdmissionRecord` in `multipart`
   |                            |
   |                            no `decode_admission_record` in `multipart`

error[E0599]: no variant named `MaxSessionsNotDerived` found for enum `RecordError`
   --> crates/core/tests/multipart_budget_admission.rs:175:26
    |
175 |         Err(RecordError::MaxSessionsNotDerived {
    |                          ^^^^^^^^^^^^^^^^^^^^^ variant not found in `RecordError`

error[E0599]: no variant, associated function, or constant named `MaxPartChunksZero` found for enum `RecordError` in the current scope
   --> crates/core/tests/multipart_budget_admission.rs:193:54
    |
193 |     assert_eq!(decode_both(&bytes), Err(RecordError::MaxPartChunksZero));
    |                                                      ^^^^^^^^^^^^^^^^^ variant, associated function, or constant not found in `RecordError`

error[E0599]: no variant, associated function, or constant named `MaxInflightPartsZero` found for enum `RecordError` in the current scope
   --> crates/core/tests/multipart_budget_admission.rs:207:54
    |
207 |     assert_eq!(decode_both(&bytes), Err(RecordError::MaxInflightPartsZero));
    |                                                      ^^^^^^^^^^^^^^^^^^^^ variant, associated function, or constant not found in `RecordError`

error[E0599]: no variant named `MaxPartsPerSessionUnaddressable` found for enum `RecordError`
   --> crates/core/tests/multipart_budget_admission.rs:218:26
    |
218 |         Err(RecordError::MaxPartsPerSessionUnaddressable {
    |                          ^^^^^^^^^^^^^^^^^^^^^^^^^^^^^^^ variant not found in `RecordError`

error[E0599]: no variant named `InflightPartsExceedSessionParts` found for enum `RecordError`
   --> crates/core/tests/multipart_budget_admission.rs:235:26
    |
235 |         Err(RecordError::InflightPartsExceedSessionParts {
    |                          ^^^^^^^^^^^^^^^^^^^^^^^^^^^^^^^ variant not found in `RecordError`

error[E0599]: no variant named `OwnedStagingRangeUnscannable` found for enum `RecordError`
   --> crates/core/tests/multipart_budget_admission.rs:250:26
    |
250 |         Err(RecordError::OwnedStagingRangeUnscannable {
    |                          ^^^^^^^^^^^^^^^^^^^^^^^^^^^^ variant not found in `RecordError`

error[E0599]: no variant named `StagedChunksBelowPartChunks` found for enum `RecordError`
   --> crates/core/tests/multipart_budget_admission.rs:269:26
    |
269 |         Err(RecordError::StagedChunksBelowPartChunks {
    |                          ^^^^^^^^^^^^^^^^^^^^^^^^^^^ variant not found in `RecordError`

error[E0599]: no variant named `ReferenceBudgetBelowFootprint` found for enum `RecordError`
   --> crates/core/tests/multipart_budget_admission.rs:288:26
    |
288 |         Err(RecordError::ReferenceBudgetBelowFootprint { w_ref: 1, u_ref: 2 })
    |                          ^^^^^^^^^^^^^^^^^^^^^^^^^^^^^ variant not found in `RecordError`

error[E0599]: no variant named `MaxSessionsNotDerived` found for enum `RecordError`
   --> crates/core/tests/multipart_budget_admission.rs:299:26
    |
299 |         Err(RecordError::MaxSessionsNotDerived {
    |                          ^^^^^^^^^^^^^^^^^^^^^ variant not found in `RecordError`

error[E0599]: no variant named `OwnedStagingRangeUnscannable` found for enum `RecordError`
   --> crates/core/tests/multipart_budget_admission.rs:401:26
    |
401 |         Err(RecordError::OwnedStagingRangeUnscannable {
    |                          ^^^^^^^^^^^^^^^^^^^^^^^^^^^^ variant not found in `RecordError`

error[E0599]: no variant named `MalformedRecordValue` found for enum `RecordError`
   --> crates/core/tests/multipart_budget_admission.rs:418:26
    |
418 |         Err(RecordError::MalformedRecordValue {
    |                          ^^^^^^^^^^^^^^^^^^^^ variant not found in `RecordError`

Some errors have detailed explanations: E0432, E0599.
For more information about an error, try `rustc --explain E0432`.
error: could not compile `wyrd-core` (test "multipart_budget_admission") due to 12 previous errors
run-verify.sh: UNVERIFIABLE — the RED leg's cargo run failed (status 101) WITHOUT
               running a test, so no RED was established. This is NOT 'red without the
               fix' — the discriminator never executed. The usual cause is that it does
               not COMPILE against the reverted base: it calls production API this patch
               adds, so reverting the fix removes the symbol it needs. Split the test so
               it exercises the behaviour through pre-existing API, or record at sign-off
               why this slice has no isolable red (the cargo output is above).
