# gate: C4-diff-cov — diff coverage: changed lines executed by the patch's tests
# cmd: ./engine/scripts/run-diff-cov.sh
# cwd: /home/eddie/wyrd/wyrd-pdca
# PDCA_WORKTREE: /home/eddie/wyrd/wyrd.pdca-wt-l0
# start: 2026-10-02T23:24:55+00:00
# duration_secs: 2.18
# exit: 1
# outcome: fail
# ---- combined stdout+stderr (verbatim) ----
run-diff-cov.sh: MEASURE — cargo llvm-cov test -p xtask --test dist_two_binary_layout (fix applied)
info: cargo-llvm-cov currently setting cfg(coverage); you can opt-out it by passing --no-cfg-coverage
   Compiling wyrd-chunk-format v0.0.0 (/home/eddie/wyrd/wyrd-cov-l0/crates/chunk-format)
   Compiling xtask v0.0.0 (/home/eddie/wyrd/wyrd-cov-l0/xtask)
    Finished `test` profile [unoptimized + debuginfo] target(s) in 1.05s
     Running tests/dist_two_binary_layout.rs (target/llvm-cov-target/debug/deps/dist_two_binary_layout-740e3573b21e4960)

running 2 tests
test the_readme_keeps_the_roles_binary_apart_from_the_validator ... ok
test every_pipeline_stage_ships_the_expected_binaries ... ok

test result: ok. 2 passed; 0 failed; 0 ignored; 0 measured; 0 filtered out; finished in 0.00s
run-diff-cov.sh: NOTE — 74 of 137 changed production lines carried a coverage
                 region; the other 63 are not scored either way. Most are simply not
                 executable (comments, `use`, declarations, bare delimiters). But code
                 compiled out by a #[cfg(...)] your feature selection does not enable looks
                 identical here, and this gate cannot tell the two apart (#222).
                 The largest unscored spans, so you can tell at a glance which it is:
run-diff-cov.sh:   UNSCORED xtask/src/dist.rs:266-286 (21 lines)
run-diff-cov.sh:   UNSCORED xtask/src/dist.rs:13-19 (7 lines)
run-diff-cov.sh:   UNSCORED xtask/src/dist.rs:301-305 (5 lines)
run-diff-cov.sh:   UNSCORED xtask/src/dist.rs:5-9 (5 lines)
run-diff-cov.sh:   UNSCORED xtask/src/dist.rs:324-327 (4 lines)
run-diff-cov.sh:   UNSCORED xtask/src/dist.rs:589-592 (4 lines)
run-diff-cov.sh:   … and 10 further span(s), none larger; all of them are in coverage/diff-cov.json
run-diff-cov.sh: MISS xtask/src/dist.rs:287
run-diff-cov.sh: MISS xtask/src/dist.rs:288
run-diff-cov.sh: MISS xtask/src/dist.rs:289
run-diff-cov.sh: MISS xtask/src/dist.rs:290
run-diff-cov.sh: MISS xtask/src/dist.rs:291
run-diff-cov.sh: MISS xtask/src/dist.rs:292
run-diff-cov.sh: MISS xtask/src/dist.rs:293
run-diff-cov.sh: MISS xtask/src/dist.rs:294
run-diff-cov.sh: MISS xtask/src/dist.rs:295
run-diff-cov.sh: MISS xtask/src/dist.rs:296
run-diff-cov.sh: MISS xtask/src/dist.rs:297
run-diff-cov.sh: MISS xtask/src/dist.rs:298
run-diff-cov.sh: MISS xtask/src/dist.rs:300
run-diff-cov.sh: MISS xtask/src/dist.rs:306
run-diff-cov.sh: MISS xtask/src/dist.rs:307
run-diff-cov.sh: MISS xtask/src/dist.rs:308
run-diff-cov.sh: MISS xtask/src/dist.rs:312
run-diff-cov.sh: MISS xtask/src/dist.rs:313
run-diff-cov.sh: MISS xtask/src/dist.rs:314
run-diff-cov.sh: MISS xtask/src/dist.rs:315
run-diff-cov.sh: MISS xtask/src/dist.rs:316
run-diff-cov.sh: MISS xtask/src/dist.rs:317
run-diff-cov.sh: MISS xtask/src/dist.rs:318
run-diff-cov.sh: MISS xtask/src/dist.rs:319
run-diff-cov.sh: MISS xtask/src/dist.rs:320
run-diff-cov.sh: MISS xtask/src/dist.rs:321
run-diff-cov.sh: MISS xtask/src/dist.rs:322
run-diff-cov.sh: MISS xtask/src/dist.rs:323
run-diff-cov.sh: MISS xtask/src/dist.rs:328
run-diff-cov.sh: MISS xtask/src/dist.rs:329
run-diff-cov.sh: MISS xtask/src/dist.rs:330
run-diff-cov.sh: MISS xtask/src/dist.rs:331
run-diff-cov.sh: MISS xtask/src/dist.rs:332
run-diff-cov.sh: MISS xtask/src/dist.rs:335
run-diff-cov.sh: MISS xtask/src/dist.rs:336
run-diff-cov.sh: MISS xtask/src/dist.rs:337
run-diff-cov.sh: MISS xtask/src/dist.rs:338
run-diff-cov.sh: MISS xtask/src/dist.rs:339
run-diff-cov.sh: MISS xtask/src/dist.rs:340
run-diff-cov.sh: MISS xtask/src/dist.rs:341
run-diff-cov.sh: MISS xtask/src/dist.rs:342
run-diff-cov.sh: MISS xtask/src/dist.rs:343
run-diff-cov.sh: MISS xtask/src/dist.rs:344
run-diff-cov.sh: MISS xtask/src/dist.rs:345
run-diff-cov.sh: MISS xtask/src/dist.rs:347
run-diff-cov.sh: MISS xtask/src/dist.rs:348
run-diff-cov.sh: MISS xtask/src/dist.rs:504
run-diff-cov.sh: MISS xtask/src/dist.rs:505
run-diff-cov.sh: MISS xtask/src/dist.rs:509
run-diff-cov.sh: MISS xtask/src/dist.rs:513
run-diff-cov.sh: MISS xtask/src/dist.rs:585
run-diff-cov.sh: MISS xtask/src/dist.rs:587
run-diff-cov.sh: MISS xtask/src/dist.rs:588
run-diff-cov.sh: MISS xtask/src/dist.rs:593
run-diff-cov.sh: MISS xtask/src/dist.rs:594
run-diff-cov.sh: MISS xtask/src/dist.rs:595
run-diff-cov.sh: MISS xtask/src/dist.rs:596
run-diff-cov.sh: MISS xtask/src/dist.rs:597
run-diff-cov.sh: MISS xtask/src/dist.rs:598
run-diff-cov.sh: MISS xtask/src/dist.rs:599
run-diff-cov.sh: MISS xtask/src/dist.rs:600
run-diff-cov.sh: MISS xtask/src/dist.rs:601
run-diff-cov.sh: MISS xtask/src/dist.rs:602
run-diff-cov.sh: MISS xtask/src/dist.rs:603
run-diff-cov.sh: MISS xtask/src/dist.rs:604
run-diff-cov.sh: MISS xtask/src/dist.rs:605
run-diff-cov.sh: MISS xtask/src/dist.rs:606
run-diff-cov.sh: MISS xtask/src/dist.rs:607
run-diff-cov.sh: MISS xtask/src/dist.rs:608
run-diff-cov.sh: MISS xtask/src/dist.rs:609
run-diff-cov.sh: MISS xtask/src/dist.rs:622
run-diff-cov.sh: MISS xtask/src/dist.rs:656
run-diff-cov.sh: MISS xtask/src/dist.rs:714
run-diff-cov.sh: MISS xtask/src/dist.rs:715
METRIC diff_cov=0.0 covered=0 instrumentable=74 unscored=63
run-diff-cov.sh: C4-diff-cov: uncovered changed lines in crate xtask — 74 of 74 not executed by the patch tests (100.0% uncovered)
run-diff-cov.sh: FAIL — the patch's tests execute 0.0% of its instrumentable changed
                 lines, below the 80% floor. Each MISS above is a REACH gap: the
                 line never ran. (A line that DID run may still be unasserted — that is
                 C5-mutants' question, not this row's.)
PDCA-EVIDENCE: diff coverage 0.0% — 0 of 74 instrumentable changed lines executed (below the 80% floor); 74 of 137 changed lines were instrumentable
