# gate: C4-verify — per-fix red->green: this patch's test red pre-fix, green post-fix
# cmd: ./engine/scripts/run-verify.sh
# cwd: /home/eddie/wyrd/wyrd-pdca
# PDCA_WORKTREE: /home/eddie/wyrd/wyrd.pdca-wt-l0
# start: 2026-10-02T23:24:53+00:00
# duration_secs: 2.33
# exit: 0
# outcome: pass
# ---- combined stdout+stderr (verbatim) ----
run-verify.sh: GREEN — cargo test -p xtask --test dist_two_binary_layout (fix applied)

running 2 tests
..
test result: ok. 2 passed; 0 failed; 0 ignored; 0 measured; 0 filtered out; finished in 0.00s
run-verify.sh: RED — cargo test -p xtask --test dist_two_binary_layout (production reverted, test kept)

running 2 tests
the_readme_keeps_the_roles_binary_apart_from_the_validator --- FAILED
every_pipeline_stage_ships_the_expected_binaries --- FAILED

failures:

---- the_readme_keeps_the_roles_binary_apart_from_the_validator stdout ----

thread 'the_readme_keeps_the_roles_binary_apart_from_the_validator' (991811) panicked at xtask/tests/dist_two_binary_layout.rs:267:5:
deploy/dist/README.md must introduce `wyrd-validate` as the blackbox validation tool
note: run with `RUST_BACKTRACE=1` environment variable to display a backtrace

---- every_pipeline_stage_ships_the_expected_binaries stdout ----

thread 'every_pipeline_stage_ships_the_expected_binaries' (991810) panicked at xtask/tests/dist_two_binary_layout.rs:249:5:
the distribution pipeline disagrees with the shipped binary set [("/usr/local/bin/wyrd", "bin/wyrd"), ("/usr/local/bin/wyrd-validate", "bin/wyrd-validate")]:
  deploy/docker/wyrd/Dockerfile: the `RUN cargo build` line does not build `--bin wyrd-validate`
  deploy/docker/wyrd/Dockerfile: no `COPY --from=build /src/target/release/wyrd-validate /usr/local/bin/wyrd-validate` into the runtime stage
  deploy/dist/install.sh: the install path lacks `install -m 0755 "$HERE/bin/wyrd-validate" "$BINDIR/wyrd-validate"`
  deploy/dist/install.sh: the --uninstall path lacks `rm -f "$BINDIR/wyrd-validate"`
  .github/workflows/release.yml: the smoke step never runs `/usr/local/bin/wyrd-validate`
  .github/workflows/release.yml: the smoke step lacks `test ! -e /usr/local/bin/wyrd-validate` after --uninstall
  deploy/dist/README.md: the binaries table has no row for `bin/wyrd`
  deploy/dist/README.md: the binaries table has no row for `bin/wyrd-validate`
  deploy/dist/README.md: the install section does not name `<prefix>/bin/wyrd-validate`


failures:
    every_pipeline_stage_ships_the_expected_binaries
    the_readme_keeps_the_roles_binary_apart_from_the_validator

test result: FAILED. 0 passed; 2 failed; 0 ignored; 0 measured; 0 filtered out; finished in 0.00s

error: test failed, to rerun pass `-p xtask --test dist_two_binary_layout`
run-verify.sh: PASS — red without the fix, green with it (2 test(s) ran red).
