# gate: C4-diff-cov — diff coverage: changed lines executed by the patch's tests
# cmd: ./engine/scripts/run-diff-cov.sh
# cwd: /home/eddie/wyrd/wyrd-pdca
# PDCA_WORKTREE: /home/eddie/wyrd/wyrd.pdca-wt-l0
# start: 2026-08-18T00:51:53+00:00
# duration_secs: 2.78
# exit: 0
# outcome: pass
# ---- combined stdout+stderr (verbatim) ----
run-diff-cov.sh: MEASURE — cargo llvm-cov test -p wyrd-core --test multipart_retire_obligation (fix applied)
info: cargo-llvm-cov currently setting cfg(coverage); you can opt-out it by passing --no-cfg-coverage
   Compiling wyrd-traits v0.0.0 (/home/eddie/wyrd/wyrd-cov-l0/crates/traits)
   Compiling wyrd-chunk-format v0.0.0 (/home/eddie/wyrd/wyrd-cov-l0/crates/chunk-format)
   Compiling wyrd-proto v0.0.0 (/home/eddie/wyrd/wyrd-cov-l0/crates/proto)
   Compiling wyrd-testkit v0.0.0 (/home/eddie/wyrd/wyrd-cov-l0/crates/testkit)
   Compiling wyrd-metadata-redb v0.0.0 (/home/eddie/wyrd/wyrd-cov-l0/crates/metadata-redb)
   Compiling wyrd-core v0.0.0 (/home/eddie/wyrd/wyrd-cov-l0/crates/core)
   Compiling wyrd-chunkstore-fs v0.0.0 (/home/eddie/wyrd/wyrd-cov-l0/crates/chunkstore-fs)
   Compiling wyrd-chunkstore-grpc v0.0.0 (/home/eddie/wyrd/wyrd-cov-l0/crates/chunkstore-grpc)
    Finished `test` profile [unoptimized + debuginfo] target(s) in 1.66s
     Running tests/multipart_retire_obligation.rs (target/llvm-cov-target/debug/deps/multipart_retire_obligation-048ea0e5a8f73f17)

running 26 tests
test a_component_spelled_outside_its_grammar_is_rejected ... ok
test a_component_under_the_wrong_mode_is_rejected ... ok
test an_obligation_owing_nothing_is_rejected ... ok
test a_session_wide_component_under_a_per_part_token_is_rejected ... ok
test a_segment_group_epoch_other_than_the_tokens_is_rejected ... ok
test bytes_chunks_under_a_per_part_token_decodes ... ok
test an_unsupported_chunk_scheme_is_rejected ... ok
test a_generation_disagreeing_with_its_token_is_rejected ... ok
test bytes_generation_with_a_flat_map_decodes ... ok
test a_foreign_spelling_of_an_accepted_payload_is_rejected ... ok
test part_number_set_minting_is_canonical ... ok
test bytes_session_and_all_parts_decodes ... ok
test records_parts_and_seg_decodes ... ok
test records_parts_decodes ... ok
test an_unknown_or_omitted_field_is_rejected ... ok
test a_placement_length_mismatch_still_decodes ... ok
test chunks_under_a_session_wide_token_is_rejected ... ok
test bytes_generation_with_segments_decodes ... ok
test a_key_that_names_no_obligation_is_rejected ... ok
test the_all_parts_wildcard_outside_a_session_teardown_is_rejected ... ok
test bytes_session_and_parts_decodes ... ok
test records_seg_decodes ... ok
test bytes_session_alone_decodes ... ok
test a_noncanonical_part_number_set_is_rejected ... ok
test bytes_parts_alone_decodes ... ok
test a_segment_groups_nonce_and_a_generations_epoch_are_unchecked ... ok

test result: ok. 26 passed; 0 failed; 0 ignored; 0 measured; 0 filtered out; finished in 0.00s
run-diff-cov.sh: NOTE — 246 of 923 changed production lines carried a coverage
                 region; the other 677 are not scored either way. Most are simply not
                 executable (comments, `use`, declarations, bare delimiters). But code
                 compiled out by a #[cfg(...)] your feature selection does not enable looks
                 identical here, and this gate cannot tell the two apart (#222).
                 The largest unscored spans, so you can tell at a glance which it is:
run-diff-cov.sh:   UNSCORED crates/core/src/multipart.rs:2638-2827 (190 lines)
run-diff-cov.sh:   UNSCORED crates/core/src/multipart.rs:305-415 (111 lines)
run-diff-cov.sh:   UNSCORED crates/core/src/multipart.rs:2924-2963 (40 lines)
run-diff-cov.sh:   UNSCORED crates/core/src/multipart.rs:2566-2603 (38 lines)
run-diff-cov.sh:   UNSCORED crates/core/src/multipart.rs:2380-2413 (34 lines)
run-diff-cov.sh:   UNSCORED crates/core/src/multipart.rs:2470-2500 (31 lines)
run-diff-cov.sh:   … and 70 further span(s), none larger; all of them are in coverage/diff-cov.json
run-diff-cov.sh: MISS crates/core/src/multipart.rs:535
run-diff-cov.sh: MISS crates/core/src/multipart.rs:536
run-diff-cov.sh: MISS crates/core/src/multipart.rs:538
run-diff-cov.sh: MISS crates/core/src/multipart.rs:539
run-diff-cov.sh: MISS crates/core/src/multipart.rs:543
run-diff-cov.sh: MISS crates/core/src/multipart.rs:544
run-diff-cov.sh: MISS crates/core/src/multipart.rs:546
run-diff-cov.sh: MISS crates/core/src/multipart.rs:547
run-diff-cov.sh: MISS crates/core/src/multipart.rs:553
run-diff-cov.sh: MISS crates/core/src/multipart.rs:554
run-diff-cov.sh: MISS crates/core/src/multipart.rs:555
run-diff-cov.sh: MISS crates/core/src/multipart.rs:556
run-diff-cov.sh: MISS crates/core/src/multipart.rs:558
run-diff-cov.sh: MISS crates/core/src/multipart.rs:560
run-diff-cov.sh: MISS crates/core/src/multipart.rs:561
run-diff-cov.sh: MISS crates/core/src/multipart.rs:566
run-diff-cov.sh: MISS crates/core/src/multipart.rs:567
run-diff-cov.sh: MISS crates/core/src/multipart.rs:568
run-diff-cov.sh: MISS crates/core/src/multipart.rs:569
run-diff-cov.sh: MISS crates/core/src/multipart.rs:572
run-diff-cov.sh: MISS crates/core/src/multipart.rs:573
run-diff-cov.sh: MISS crates/core/src/multipart.rs:575
run-diff-cov.sh: MISS crates/core/src/multipart.rs:579
run-diff-cov.sh: MISS crates/core/src/multipart.rs:580
run-diff-cov.sh: MISS crates/core/src/multipart.rs:581
run-diff-cov.sh: MISS crates/core/src/multipart.rs:582
run-diff-cov.sh: MISS crates/core/src/multipart.rs:583
run-diff-cov.sh: MISS crates/core/src/multipart.rs:584
run-diff-cov.sh: MISS crates/core/src/multipart.rs:589
run-diff-cov.sh: MISS crates/core/src/multipart.rs:590
run-diff-cov.sh: MISS crates/core/src/multipart.rs:591
run-diff-cov.sh: MISS crates/core/src/multipart.rs:592
METRIC diff_cov=87.0 covered=214 instrumentable=246 unscored=677
run-diff-cov.sh: PASS — the patch's tests execute 87.0% of its 246 instrumentable changed
                 lines (floor 80%, 26 test(s) ran).
PDCA-EVIDENCE: diff coverage 87.0% — 214 of 246 instrumentable changed lines executed (floor 80%); 246 of 923 changed lines were instrumentable
