# gate C5-mutants — attempt 1/1: fail (exit 2)
# cmd: scripts/mutants-in-diff
# cwd: /home/eddie/wyrd/wyrd-pdca
# PDCA_WORKTREE: /home/eddie/wyrd/wyrd.pdca-wt-l0
# started: 2026-08-06T03:04:45+02:00   duration: 72s

Found 66 mutants to test
ok       Unmutated baseline in 10s build + 0s test
 INFO Auto-set test timeout to 20s
MISSED   crates/custodian/src/backfill.rs:97:25: replace += with *= in reconcile in 0s build + 0s test
MISSED   crates/custodian/src/backfill.rs:114:29: replace += with *= in reconcile in 0s build + 0s test
MISSED   crates/custodian/src/backfill.rs:153:23: replace += with *= in reconcile in 1s build + 0s test
MISSED   crates/custodian/src/backfill.rs:216:27: replace += with *= in reconcile in 0s build + 0s test
MISSED   crates/custodian/src/backfill.rs:260:26: replace += with -= in live_empty_placements in 1s build + 0s test
MISSED   crates/custodian/src/backfill.rs:260:26: replace += with *= in live_empty_placements in 0s build + 0s test
MISSED   crates/custodian/src/rebalance.rs:210:25: replace += with *= in plan_evacuations in 1s build + 0s test
MISSED   crates/custodian/src/rebalance.rs:227:29: replace += with *= in plan_evacuations in 1s build + 0s test
MISSED   crates/custodian/src/reconstruction.rs:425:17: replace match guard index.unreadable == 0 with false in assess in 1s build + 0s test
MISSED   crates/custodian/src/reconstruction.rs:808:28: replace += with *= in locate_queued_chunks in 1s build + 0s test
MISSED   crates/custodian/src/reconstruction.rs:827:32: replace += with *= in locate_queued_chunks in 1s build + 0s test
66 mutants tested in 72s: 11 missed, 26 caught, 29 unviable
