# gate T4-batch-review — attempt 1/1: fail (exit 1)
# cmd: scripts/review-branch --bundle
# cwd: /home/eddie/wyrd/wyrd-pdca
# PDCA_WORKTREE: /home/eddie/wyrd/wyrd.pdca-wt-l0
# started: 2026-08-06T03:03:34+02:00   duration: 71s

review-branch: pass 1: exit -15 — bed a store fault: {err}");
+    }
+
+    // Pinned decision 6: attribution is emitted where the object is READ, before the work — so a
+    // later transient fault cannot cost the operator the name of the record to repair.
+    assert_named(&audit.contents(), None, "inode:2");
+}

--- END DIFF ---
review-branch: pass 2: exit -15 — bed a store fault: {err}");
+    }
+
+    // Pinned decision 6: attribution is emitted where the object is READ, before the work — so a
+    // later transient fault cannot cost the operator the name of the record to repair.
+    assert_named(&audit.contents(), None, "inode:2");
+}

--- END DIFF ---
review-branch: pass 3: exit -15 — bed a store fault: {err}");
+    }
+
+    // Pinned decision 6: attribution is emitted where the object is READ, before the work — so a
+    // later transient fault cannot cost the operator the name of the record to repair.
+    assert_named(&audit.contents(), None, "inode:2");
+}

--- END DIFF ---
review-branch: retrying 3 pass(es) once
review-branch: 5 blocking, 0 recorded-rejected, 0 noise-dropped -> /home/eddie/wyrd/wyrd-pdca/results/issue_681/review-batch.md || BLOCKING: crates/custodian/src/backfill.rs:94 [BUG] Removing inode-key validation lets any decodable record under a malformed key such as `inode:not-an-id` be treated as an inode and mutated, rather than surfacing the structural key corruption. ;; crates/custodian/src/rebalance.rs:207 [BUG] The scan no longer validates the `inode:` suffix, so rebalance can evacuate and rewrite a decodable record stored under a structurally invalid inode key. ;; crates/custodian/src/reconstruction.rs:805 [BUG] The new index accepts malformed `inode:` keys as repairable sites, allowing reconstruction to repoint such a record and discharge its repair obligation instead of reporting the invalid metadata key. ;; crates/custodian/src/backfill.rs:139 [BUG] The single-walk gauge skips malformed chunks entirely, so a malformed chunk with an empty placement is no longer counted in `backfill_placement_remaining` as it was by the removed population scan. ;; crates/custodian/src/backfill.rs:251 [BUG] After a lost CAS, a live segmented generation with empty placements is counted but does not increment `refused`, allowing the pass to certify `Satisfied` despite encountering fill work it cannot perform.
