# gate: C4-diff-cov — diff coverage: changed lines executed by the patch's tests
# cmd: ./engine/scripts/run-diff-cov.sh
# cwd: /home/eddie/wyrd/wyrd-pdca
# PDCA_WORKTREE: /home/eddie/wyrd/wyrd.pdca-wt-l1
# start: 2026-08-17T21:35:57+00:00
# duration_secs: 4.99
# exit: 0
# outcome: pass
# ---- combined stdout+stderr (verbatim) ----
run-diff-cov.sh: MEASURE — cargo llvm-cov test -p wyrd-validate --test cli_surface (fix applied)
info: cargo-llvm-cov currently setting cfg(coverage); you can opt-out it by passing --no-cfg-coverage
   Compiling wyrd-validate v0.0.0 (/home/eddie/wyrd/wyrd-cov-l1/crates/validate)
    Finished `test` profile [unoptimized + debuginfo] target(s) in 0.37s
     Running tests/cli_surface.rs (target/llvm-cov-target/debug/deps/cli_surface-c8fbe6c68d719f67)

running 10 tests
test resolve_credentials_refuses_over_the_injected_lookup_when_neither_pair_is_present ... ok
test resolve_credentials_prefers_aws_over_wyrd_over_the_injected_lookup ... ok
test resolve_credentials_falls_back_to_wyrd_over_the_injected_lookup ... ok
test all_ten_flags_exit_zero_and_each_is_echoed_with_its_given_value ... ok
test neither_present_exits_nonzero_naming_what_to_set ... ok
test aws_credentials_present_resolve_to_the_aws_id_and_source ... ok
test both_present_aws_wins ... ok
test wyrd_fallback_credentials_resolve_when_aws_is_absent ... ok
test an_unrecognised_flag_exits_nonzero_naming_it ... ok
test a_missing_required_flag_exits_nonzero_naming_it_on_stderr ... ok

test result: ok. 10 passed; 0 failed; 0 ignored; 0 measured; 0 filtered out; finished in 0.01s
run-diff-cov.sh: MEASURE — cargo llvm-cov test -p xtask --test blackbox_dependency_guard (fix applied)
info: cargo-llvm-cov currently setting cfg(coverage); you can opt-out it by passing --no-cfg-coverage
   Compiling proc-macro2 v1.0.106
   Compiling quote v1.0.46
   Compiling memchr v2.8.2
   Compiling wyrd-chunk-format v0.0.0 (/home/eddie/wyrd/wyrd-cov-l1/crates/chunk-format)
   Compiling serde_json v1.0.151
   Compiling syn v3.0.0
   Compiling serde_derive v1.0.229
   Compiling serde v1.0.229
   Compiling xtask v0.0.0 (/home/eddie/wyrd/wyrd-cov-l1/xtask)
    Finished `test` profile [unoptimized + debuginfo] target(s) in 2.98s
     Running tests/blackbox_dependency_guard.rs (target/llvm-cov-target/debug/deps/blackbox_dependency_guard-2f9a81bf1fdb8637)

running 9 tests
test a_document_with_no_resolve_section_is_err ... ok
test a_normal_wyrd_dependency_is_exactly_one_violation_naming_it ... ok
test a_package_present_but_absent_from_the_resolve_graph_is_err ... ok
test a_package_absent_from_packages_is_err ... ok
test an_unparsable_document_is_err ... ok
test the_same_edge_marked_dev_is_no_violation ... ok
test an_optional_off_by_default_normal_edge_is_still_the_violation ... ok
test the_blackbox_guard_is_registered_in_hygiene_guards ... ok
test scan_is_green_over_the_real_workspace_metadata ... ok

test result: ok. 9 passed; 0 failed; 0 ignored; 0 measured; 0 filtered out; finished in 0.31s
run-diff-cov.sh: NOTE — 242 of 547 changed production lines carried a coverage
                 region; the other 305 are not scored either way. Most are simply not
                 executable (comments, `use`, declarations, bare delimiters). But code
                 compiled out by a #[cfg(...)] your feature selection does not enable looks
                 identical here, and this gate cannot tell the two apart (#222).
                 The largest unscored spans, so you can tell at a glance which it is:
run-diff-cov.sh:   UNSCORED crates/validate/src/lib.rs:1-61 (61 lines)
run-diff-cov.sh:   UNSCORED xtask/src/repo_guard.rs:590-615 (26 lines)
run-diff-cov.sh:   UNSCORED crates/validate/src/lib.rs:91-114 (24 lines)
run-diff-cov.sh:   UNSCORED crates/validate/src/lib.rs:207-229 (23 lines)
run-diff-cov.sh:   UNSCORED xtask/src/repo_guard.rs:807-829 (23 lines)
run-diff-cov.sh:   UNSCORED crates/validate/src/lib.rs:156-174 (19 lines)
run-diff-cov.sh:   … and 41 further span(s), none larger; all of them are in coverage/diff-cov.json
run-diff-cov.sh: MISS crates/validate/src/lib.rs:67
run-diff-cov.sh: MISS crates/validate/src/lib.rs:68
run-diff-cov.sh: MISS crates/validate/src/lib.rs:69
run-diff-cov.sh: MISS crates/validate/src/lib.rs:70
run-diff-cov.sh: MISS crates/validate/src/lib.rs:71
run-diff-cov.sh: MISS xtask/src/main.rs:1563
run-diff-cov.sh: MISS xtask/src/main.rs:1564
run-diff-cov.sh: MISS xtask/src/repo_guard.rs:685
run-diff-cov.sh: MISS xtask/src/repo_guard.rs:688
run-diff-cov.sh: MISS xtask/src/repo_guard.rs:692
run-diff-cov.sh: MISS xtask/src/repo_guard.rs:717
run-diff-cov.sh: MISS xtask/src/repo_guard.rs:731
run-diff-cov.sh: MISS xtask/src/repo_guard.rs:779
run-diff-cov.sh: MISS xtask/src/repo_guard.rs:780
run-diff-cov.sh: MISS xtask/src/repo_guard.rs:781
run-diff-cov.sh: MISS xtask/src/repo_guard.rs:782
run-diff-cov.sh: MISS xtask/src/repo_guard.rs:783
run-diff-cov.sh: MISS xtask/src/repo_guard.rs:790
run-diff-cov.sh: MISS xtask/src/repo_guard.rs:799
run-diff-cov.sh: MISS xtask/src/repo_guard.rs:800
run-diff-cov.sh: MISS xtask/src/repo_guard.rs:801
run-diff-cov.sh: MISS xtask/src/repo_guard.rs:802
run-diff-cov.sh: MISS xtask/src/repo_guard.rs:803
run-diff-cov.sh: MISS xtask/src/repo_guard.rs:804
METRIC diff_cov=90.1 covered=218 instrumentable=242 unscored=305
run-diff-cov.sh: PASS — the patch's tests execute 90.1% of its 242 instrumentable changed
                 lines (floor 80%, 19 test(s) ran).
PDCA-EVIDENCE: diff coverage 90.1% — 218 of 242 instrumentable changed lines executed (floor 80%); 242 of 547 changed lines were instrumentable
