# gate C4-verify — attempt 1/1: pass (exit 0)
# cmd: ./engine/scripts/run-verify.sh
# cwd: /home/eddie/wyrd/wyrd-pdca
# PDCA_WORKTREE: /home/eddie/wyrd/wyrd.pdca-wt-l1
# started: 2026-08-08T03:21:07+02:00   duration: 2s

run-verify.sh: GREEN — cargo test -p wyrd-custodian --test segmented_map_rebalance (fix applied)

running 5 tests
.....
test result: ok. 5 passed; 0 failed; 0 ignored; 0 measured; 0 filtered out; finished in 0.00s
run-verify.sh: RED — cargo test -p wyrd-custodian --test segmented_map_rebalance (production reverted, test kept)

running 5 tests
an_owed_segmented_evacuation_is_refused_once_and_mutates_nothing --- FAILED
a_healthy_segmented_object_owing_nothing_still_certifies_the_drain --- FAILED
an_unreadable_committed_object_is_named_and_the_walk_continues --- FAILED
a_segmented_object_no_longer_ends_the_pass_and_the_flat_work_still_happens --- FAILED
a_store_fault_under_the_resolve_still_ends_the_pass --- FAILED

failures:

---- an_owed_segmented_evacuation_is_refused_once_and_mutates_nothing stdout ----

thread 'an_owed_segmented_evacuation_is_refused_once_and_mutates_nothing' (217165) panicked at crates/custodian/tests/segmented_map_rebalance.rs:155:33:
the pass must COMPLETE and answer: reconciliation store access: rebalance::plan_evacuations met a segmented chunk map, which this build cannot yet resolve
note: run with `RUST_BACKTRACE=1` environment variable to display a backtrace

---- a_healthy_segmented_object_owing_nothing_still_certifies_the_drain stdout ----

thread 'a_healthy_segmented_object_owing_nothing_still_certifies_the_drain' (217162) panicked at crates/custodian/tests/segmented_map_rebalance.rs:155:33:
the pass must COMPLETE and answer: reconciliation store access: rebalance::plan_evacuations met a segmented chunk map, which this build cannot yet resolve

---- an_unreadable_committed_object_is_named_and_the_walk_continues stdout ----

thread 'an_unreadable_committed_object_is_named_and_the_walk_continues' (217166) panicked at crates/custodian/tests/segmented_map_rebalance.rs:155:33:
the pass must COMPLETE and answer: reconciliation store access: rebalance::plan_evacuations met a segmented chunk map, which this build cannot yet resolve

---- a_segmented_object_no_longer_ends_the_pass_and_the_flat_work_still_happens stdout ----

thread 'a_segmented_object_no_longer_ends_the_pass_and_the_flat_work_still_happens' (217163) panicked at crates/custodian/tests/segmented_map_rebalance.rs:155:33:
the pass must COMPLETE and answer: reconciliation store access: rebalance::plan_evacuations met a segmented chunk map, which this build cannot yet resolve

---- a_store_fault_under_the_resolve_still_ends_the_pass stdout ----

thread 'a_store_fault_under_the_resolve_still_ends_the_pass' (217164) panicked at crates/custodian/tests/segmented_map_rebalance.rs:412:5:
not the injected store fault: reconciliation store access: rebalance::plan_evacuations met a segmented chunk map, which this build cannot yet resolve


failures:
    a_healthy_segmented_object_owing_nothing_still_certifies_the_drain
    a_segmented_object_no_longer_ends_the_pass_and_the_flat_work_still_happens
    a_store_fault_under_the_resolve_still_ends_the_pass
    an_owed_segmented_evacuation_is_refused_once_and_mutates_nothing
    an_unreadable_committed_object_is_named_and_the_walk_continues

test result: FAILED. 0 passed; 5 failed; 0 ignored; 0 measured; 0 filtered out; finished in 0.00s

error: test failed, to rerun pass `-p wyrd-custodian --test segmented_map_rebalance`
run-verify.sh: PASS — red without the fix, green with it (5 test(s) ran red).
