# gate: C4-verify — per-fix red->green: this patch's test red pre-fix, green post-fix
# cmd: ./engine/scripts/run-verify.sh
# cwd: /home/eddie/wyrd/wyrd-pdca
# PDCA_WORKTREE: /home/eddie/wyrd/wyrd.pdca-wt
# start: 2026-09-15T20:08:59+00:00
# duration_secs: 3.18
# exit: 0
# outcome: pass
# ---- combined stdout+stderr (verbatim) ----
run-verify.sh: GREEN — cargo test -p wyrd-custodian --test staged_protection (fix applied)

running 11 tests
...........
test result: ok. 11 passed; 0 failed; 0 ignored; 0 measured; 0 filtered out; finished in 0.00s
run-verify.sh: RED — cargo test -p wyrd-custodian --test staged_protection (production reverted, test kept)

running 11 tests
e2_a_part_placement_of_the_wrong_length_holds_its_chunk_in_both_passes --- FAILED
e1_an_mpu_key_naming_no_upload_blocks_gc_and_restore --- FAILED
c2_a_publication_landing_mid_build_never_leaves_the_chunk_in_neither_class --- FAILED
e1_a_part_value_that_will_not_decode_blocks_gc_and_restore --- FAILED
e1_an_sidx_key_naming_no_chunk_blocks_gc_and_restore --- FAILED
c1_a_part_commit_landing_mid_build_never_leaves_the_chunk_in_neither_class --- FAILED
b_restore_marks_no_staged_fragment_and_gc_keeps_them_all_afterwards --- FAILED
e2_an_undecodable_owned_value_under_a_key_naming_its_chunk_holds_it_in_both_passes --- FAILED
e2_an_owned_placement_of_the_wrong_length_holds_its_chunk_in_both_passes --- FAILED
a_gc_keeps_committed_part_and_owned_entry_fragments_marked_past_grace --- FAILED
d_the_staged_build_reads_part_and_sidx_through_per_session_ranges_only --- FAILED

failures:

---- e2_a_part_placement_of_the_wrong_length_holds_its_chunk_in_both_passes stdout ----

thread 'e2_a_part_placement_of_the_wrong_length_holds_its_chunk_in_both_passes' (1197061) panicked at crates/custodian/tests/staged_protection.rs:1099:9:
the post-restore pass marked FragmentId { chunk: 229, index: 0 } on server 0 though part:e5e5e5e5e5e5e5e5e5e5e5e5e5e5e5e5:000001 names its chunk — a record it cannot trust must hold every fragment of that chunk

---- e1_an_mpu_key_naming_no_upload_blocks_gc_and_restore stdout ----

thread 'e1_an_mpu_key_naming_no_upload_blocks_gc_and_restore' (1197059) panicked at crates/custodian/tests/staged_protection.rs:997:5:
the post-restore pass marked a fragment while the staged record mpu:not-an-upload-id was unreadable — it may be one of the chunks that record protects: RestoreReport { stranded_marked: 1, already_marked: 0, pending_skipped: 0, pending_unreadable: [], displaced_kept: 0, dangling: [], misplaced: [], under_replicated: [], unresolvable: [] }
note: run with `RUST_BACKTRACE=1` environment variable to display a backtrace

---- c2_a_publication_landing_mid_build_never_leaves_the_chunk_in_neither_class stdout ----

thread 'c2_a_publication_landing_mid_build_never_leaves_the_chunk_in_neither_class' (1197056) panicked at crates/custodian/tests/staged_protection.rs:830:5:
a publication landing right after the build's first read of its two classes left the chunk in neither, and GC reclaimed a live upload's bytes (the handoff landed after reading Some("inode:"))

---- e1_a_part_value_that_will_not_decode_blocks_gc_and_restore stdout ----

thread 'e1_a_part_value_that_will_not_decode_blocks_gc_and_restore' (1197058) panicked at crates/custodian/tests/staged_protection.rs:997:5:
the post-restore pass marked a fragment while the staged record part:e1e1e1e1e1e1e1e1e1e1e1e1e1e1e1e1:000001 was unreadable — it may be one of the chunks that record protects: RestoreReport { stranded_marked: 1, already_marked: 0, pending_skipped: 0, pending_unreadable: [], displaced_kept: 0, dangling: [], misplaced: [], under_replicated: [], unresolvable: [] }

---- e1_an_sidx_key_naming_no_chunk_blocks_gc_and_restore stdout ----

thread 'e1_an_sidx_key_naming_no_chunk_blocks_gc_and_restore' (1197060) panicked at crates/custodian/tests/staged_protection.rs:997:5:
the post-restore pass marked a fragment while the staged record sidx:e2e2e2e2e2e2e2e2e2e2e2e2e2e2e2e2:000001:not-a-chunk was unreadable — it may be one of the chunks that record protects: RestoreReport { stranded_marked: 1, already_marked: 0, pending_skipped: 0, pending_unreadable: [], displaced_kept: 0, dangling: [], misplaced: [], under_replicated: [], unresolvable: [] }

---- c1_a_part_commit_landing_mid_build_never_leaves_the_chunk_in_neither_class stdout ----

thread 'c1_a_part_commit_landing_mid_build_never_leaves_the_chunk_in_neither_class' (1197055) panicked at crates/custodian/tests/staged_protection.rs:830:5:
a part commit landing right after the build's first read of its two classes left the chunk in neither, and GC reclaimed a live upload's bytes (the handoff landed after reading None)

---- b_restore_marks_no_staged_fragment_and_gc_keeps_them_all_afterwards stdout ----

thread 'b_restore_marks_no_staged_fragment_and_gc_keeps_them_all_afterwards' (1197054) panicked at crates/custodian/tests/staged_protection.rs:770:9:
the post-restore pass marked FragmentId { chunk: 161, index: 0 } on server 0 stranded, though the Open session's part names it — the next GC pass past grace deletes it

---- e2_an_undecodable_owned_value_under_a_key_naming_its_chunk_holds_it_in_both_passes stdout ----

thread 'e2_an_undecodable_owned_value_under_a_key_naming_its_chunk_holds_it_in_both_passes' (1197063) panicked at crates/custodian/tests/staged_protection.rs:1099:9:
the post-restore pass marked FragmentId { chunk: 229, index: 0 } on server 0 though sidx:e7e7e7e7e7e7e7e7e7e7e7e7e7e7e7e7:000001:229 names its chunk — a record it cannot trust must hold every fragment of that chunk

---- e2_an_owned_placement_of_the_wrong_length_holds_its_chunk_in_both_passes stdout ----

thread 'e2_an_owned_placement_of_the_wrong_length_holds_its_chunk_in_both_passes' (1197062) panicked at crates/custodian/tests/staged_protection.rs:1099:9:
the post-restore pass marked FragmentId { chunk: 229, index: 0 } on server 0 though sidx:e6e6e6e6e6e6e6e6e6e6e6e6e6e6e6e6:000001:229 names its chunk — a record it cannot trust must hold every fragment of that chunk

---- a_gc_keeps_committed_part_and_owned_entry_fragments_marked_past_grace stdout ----

thread 'a_gc_keeps_committed_part_and_owned_entry_fragments_marked_past_grace' (1197053) panicked at crates/custodian/tests/staged_protection.rs:742:9:
GC reclaimed FragmentId { chunk: 161, index: 0 } on server 0, which the Open session's part names — its `orphan:` mark is past grace, and only the staged class stands between it and a reclaim

---- d_the_staged_build_reads_part_and_sidx_through_per_session_ranges_only stdout ----

thread 'd_the_staged_build_reads_part_and_sidx_through_per_session_ranges_only' (1197057) panicked at crates/custodian/tests/staged_protection.rs:959:9:
FragmentId { chunk: 53249, index: 0 } on server 0 was reclaimed — a staged record of one of 5 sessions names it


failures:
    a_gc_keeps_committed_part_and_owned_entry_fragments_marked_past_grace
    b_restore_marks_no_staged_fragment_and_gc_keeps_them_all_afterwards
    c1_a_part_commit_landing_mid_build_never_leaves_the_chunk_in_neither_class
    c2_a_publication_landing_mid_build_never_leaves_the_chunk_in_neither_class
    d_the_staged_build_reads_part_and_sidx_through_per_session_ranges_only
    e1_a_part_value_that_will_not_decode_blocks_gc_and_restore
    e1_an_mpu_key_naming_no_upload_blocks_gc_and_restore
    e1_an_sidx_key_naming_no_chunk_blocks_gc_and_restore
    e2_a_part_placement_of_the_wrong_length_holds_its_chunk_in_both_passes
    e2_an_owned_placement_of_the_wrong_length_holds_its_chunk_in_both_passes
    e2_an_undecodable_owned_value_under_a_key_naming_its_chunk_holds_it_in_both_passes

test result: FAILED. 0 passed; 11 failed; 0 ignored; 0 measured; 0 filtered out; finished in 0.00s

error: test failed, to rerun pass `-p wyrd-custodian --test staged_protection`
run-verify.sh: PASS — red without the fix, green with it (11 test(s) ran red).
