# gate C4-verify — attempt 1/1: pass (exit 0)
# cmd: ./engine/scripts/run-verify.sh
# cwd: /home/eddie/wyrd/wyrd-pdca
# PDCA_WORKTREE: /home/eddie/wyrd/wyrd.pdca-wt-l1
# started: 2026-08-04T03:18:28+02:00   duration: 22s

run-verify.sh: GREEN — cargo test -p wyrd-server --test gateway_recover_totality (fix applied)

running 7 tests
.......
test result: ok. 7 passed; 0 failed; 0 ignored; 0 measured; 0 filtered out; finished in 0.11s
run-verify.sh: RED — cargo test -p wyrd-server --test gateway_recover_totality (production reverted, test kept)

running 7 tests
an_exhausted_inode_space_fails_the_next_put_closed_rather_than_wrapping_the_allocator --- FAILED
recover_is_total_over_a_damaged_next_inode_counter_and_leaves_it_for_repair --- FAILED
a_re_minted_inode_id_would_overwrite_the_live_objects_fragments_on_the_cluster_path --- FAILED
recover_is_total_over_a_store_whose_scan_refuses_and_pages_the_whole_namespace --- FAILED
recover_is_total_over_damaged_inode_records_and_attributes_each --- FAILED
an_inode_record_committed_behind_the_walk_cursor_is_never_re_minted --- FAILED
recovery_reaches_a_result_over_a_permanently_conflicting_counter --- FAILED

failures:

---- an_exhausted_inode_space_fails_the_next_put_closed_rather_than_wrapping_the_allocator stdout ----

thread 'an_exhausted_inode_space_fails_the_next_put_closed_rather_than_wrapping_the_allocator' (1587142) panicked at crates/server/tests/gateway_recover_totality.rs:898:17:
recover() must be Ok(()) over the damaged ceiling record (criterion 1): Error("expected ident", line: 1, column: 2)
note: run with `RUST_BACKTRACE=1` environment variable to display a backtrace

---- recover_is_total_over_a_damaged_next_inode_counter_and_leaves_it_for_repair stdout ----

thread 'recover_is_total_over_a_damaged_next_inode_counter_and_leaves_it_for_repair' (1587144) panicked at crates/server/tests/gateway_recover_totality.rs:586:17:
recover() must be Ok(()) over a damaged `meta:next_inode`: the allocator is one record, and a recovery that refuses over it costs every healthy object its availability just as surely as a damaged inode record does (issue #652): Utf8Error { valid_up_to: 0, error_len: Some(1) }

---- a_re_minted_inode_id_would_overwrite_the_live_objects_fragments_on_the_cluster_path stdout ----

thread 'a_re_minted_inode_id_would_overwrite_the_live_objects_fragments_on_the_cluster_path' (1587141) panicked at crates/server/tests/gateway_recover_totality.rs:1138:32:
assertion `left == right` failed: the peer's object must read back byte-identically
  left: [97, 32, 100, 105, 102, 102, 101, 114, 101, 110, 116, 32, 111, 98, 106, 101, 99, 116, 32, 101, 110, 116, 105, 114, 101, 108, 121, 44, 32, 119, 114, 105, 116, 116, 101, 110, 32, 109, 117, 99, 104, 32, 108]
 right: [116, 104, 101, 32, 112, 101, 101, 114, 32, 111, 98, 106, 101, 99, 116, 39, 115, 32, 98, 121, 116, 101, 115, 44, 32, 119, 104, 105, 99, 104, 32, 109, 117, 115, 116, 32, 115, 117, 114, 118, 105, 118, 101]

---- recover_is_total_over_a_store_whose_scan_refuses_and_pages_the_whole_namespace stdout ----

thread 'recover_is_total_over_a_store_whose_scan_refuses_and_pages_the_whole_namespace' (1587145) panicked at crates/server/tests/gateway_recover_totality.rs:735:41:
recover() must be Ok(()) even though scan() refuses on every call (issue #652 criterion 2): the walk must read its namespaces in bounded pages via scan_page: ScanCapExceeded { cap: 1048576, prefix: [105, 110, 111, 100, 101, 58] }

---- recover_is_total_over_damaged_inode_records_and_attributes_each stdout ----

thread 'recover_is_total_over_damaged_inode_records_and_attributes_each' (1587146) panicked at crates/server/tests/gateway_recover_totality.rs:476:17:
recover() must be Ok(()) over a store holding records it cannot read — an Err here costs every healthy object its availability (issue #652 criterion 1): Error("missing field `size`", line: 1, column: 2)

---- an_inode_record_committed_behind_the_walk_cursor_is_never_re_minted stdout ----

thread 'an_inode_record_committed_behind_the_walk_cursor_is_never_re_minted' (1587143) panicked at crates/server/tests/gateway_recover_totality.rs:1042:22:
every new-key PUT after recovery must commit: an id a live `inode:` record already holds must be stepped past, never handed out (issue #652): Conflict

---- recovery_reaches_a_result_over_a_permanently_conflicting_counter stdout ----

thread 'recovery_reaches_a_result_over_a_permanently_conflicting_counter' (1587147) panicked at crates/server/tests/gateway_recover_totality.rs:834:9:
Gateway::recover() must reach a result within 15s over a counter whose compare-and-set always loses: an unbounded retry leaves the gateway starting forever, which costs every healthy object its availability exactly as a refusal does (issue #652). Conflicts served so far: 4009279


failures:
    a_re_minted_inode_id_would_overwrite_the_live_objects_fragments_on_the_cluster_path
    an_exhausted_inode_space_fails_the_next_put_closed_rather_than_wrapping_the_allocator
    an_inode_record_committed_behind_the_walk_cursor_is_never_re_minted
    recover_is_total_over_a_damaged_next_inode_counter_and_leaves_it_for_repair
    recover_is_total_over_a_store_whose_scan_refuses_and_pages_the_whole_namespace
    recover_is_total_over_damaged_inode_records_and_attributes_each
    recovery_reaches_a_result_over_a_permanently_conflicting_counter

test result: FAILED. 0 passed; 7 failed; 0 ignored; 0 measured; 0 filtered out; finished in 15.06s

error: test failed, to rerun pass `-p wyrd-server --test gateway_recover_totality`
run-verify.sh: PASS — red without the fix, green with it.
