# gate: C4-verify — per-fix red->green: this patch's test red pre-fix, green post-fix
# cmd: ./engine/scripts/run-verify.sh
# cwd: /home/eddie/wyrd/wyrd-pdca
# PDCA_WORKTREE: /home/eddie/wyrd/wyrd.pdca-wt-l0
# start: 2026-10-02T19:27:52+00:00
# duration_secs: 9.87
# exit: 0
# outcome: pass
# ---- combined stdout+stderr (verbatim) ----
run-verify.sh: GREEN — cargo test -p wyrd-custodian --test restore_fence_generation (fix applied)

running 11 tests
...........
test result: ok. 11 passed; 0 failed; 0 ignored; 0 measured; 0 filtered out; finished in 0.00s
run-verify.sh: RED — cargo test -p wyrd-custodian --test restore_fence_generation (production reverted, test kept)

running 11 tests
a_torn_or_exhausted_generation_record_stops_the_pass_before_any_write --- FAILED
a_restored_complete_is_replaced_before_any_mark_or_fence --- FAILED
an_unsettled_opening_write_runs_no_mark_and_no_fence --- FAILED
the_generation_record_is_durable_and_names_the_pass_that_wrote_it --- FAILED
a_failed_mark_or_fence_commit_never_completes_the_generation --- FAILED
a_late_completion_never_masks_a_newer_pass --- FAILED
a_session_that_needs_a_human_leaves_the_generation_not_complete --- FAILED
only_a_session_finding_withholds_completion --- FAILED
an_unknown_completing_write_is_true_or_finished_by_the_next_pass --- FAILED
residue_survives_an_interrupted_pass --- FAILED
residue_survives_a_re_fence_and_only_both_repairs_complete_the_generation --- FAILED

failures:

---- a_torn_or_exhausted_generation_record_stops_the_pass_before_any_write stdout ----

thread 'a_torn_or_exhausted_generation_record_stops_the_pass_before_any_write' (3296206) panicked at crates/custodian/tests/restore_fence_generation.rs:913:9:
b"not json": Some(RestoreReport { stranded_marked: 1, already_marked: 0, pending_skipped: 0, staged_skipped: 0, pending_unreadable: [], staged_untrusted: [], displaced_kept: 0, dangling: [], misplaced: [], under_replicated: [], unresolvable: [], sessions_fenced: 1, sessions_unsettled: [], segments_unaccounted: [] })

---- a_restored_complete_is_replaced_before_any_mark_or_fence stdout ----

thread 'a_restored_complete_is_replaced_before_any_mark_or_fence' (3296204) panicked at crates/custodian/tests/restore_fence_generation.rs:509:5:
assertion `left == right` failed: the first commit opens the generation
  left: [[111, 114, 112, 104, 97, 110, 58, 48, 58, 57, 48, 58, 48]]
 right: [[109, 112, 117, 102, 101, 110, 99, 101]]

---- an_unsettled_opening_write_runs_no_mark_and_no_fence stdout ----

thread 'an_unsettled_opening_write_runs_no_mark_and_no_fence' (3296208) panicked at crates/custodian/tests/restore_fence_generation.rs:814:27:
must fail: RestoreReport { stranded_marked: 1, already_marked: 0, pending_skipped: 0, staged_skipped: 0, pending_unreadable: [], staged_untrusted: [], displaced_kept: 0, dangling: [], misplaced: [], under_replicated: [], unresolvable: [], sessions_fenced: 1, sessions_unsettled: [], segments_unaccounted: [] }

---- the_generation_record_is_durable_and_names_the_pass_that_wrote_it stdout ----

thread 'the_generation_record_is_durable_and_names_the_pass_that_wrote_it' (3296212) panicked at crates/custodian/tests/restore_fence_generation.rs:474:5:
assertion `left == right` failed: (ii) during the pass
  left: Some(None)
 right: Some(Some(b"{\"generation\":1,\"complete\":false}"))

---- a_failed_mark_or_fence_commit_never_completes_the_generation stdout ----

thread 'a_failed_mark_or_fence_commit_never_completes_the_generation' (3296202) panicked at crates/custodian/tests/restore_fence_generation.rs:787:13:
assertion `left == right` failed: fence Refused
  left: Some(b"{\"generation\":3,\"complete\":true}")
 right: Some(b"{\"generation\":4,\"complete\":false}")
note: run with `RUST_BACKTRACE=1` environment variable to display a backtrace

---- a_late_completion_never_masks_a_newer_pass stdout ----

thread 'a_late_completion_never_masks_a_newer_pass' (3296203) panicked at crates/custodian/tests/restore_fence_generation.rs:878:5:
Some(RestoreReport { stranded_marked: 0, already_marked: 0, pending_skipped: 0, staged_skipped: 0, pending_unreadable: [], staged_untrusted: [], displaced_kept: 0, dangling: [], misplaced: [], under_replicated: [], unresolvable: [], sessions_fenced: 1, sessions_unsettled: [], segments_unaccounted: [] })

---- a_session_that_needs_a_human_leaves_the_generation_not_complete stdout ----

thread 'a_session_that_needs_a_human_leaves_the_generation_not_complete' (3296205) panicked at crates/custodian/tests/restore_fence_generation.rs:550:9:
assertion `left == right` failed: H(i): RestoreReport { stranded_marked: 0, already_marked: 0, pending_skipped: 0, staged_skipped: 0, pending_unreadable: [], staged_untrusted: [], displaced_kept: 0, dangling: [], misplaced: [], under_replicated: [], unresolvable: [], sessions_fenced: 1, sessions_unsettled: [UnsettledSession { session: "mpu:c1c1c1c1c1c1c1c1c1c1c1c1c1c1c1c1", cause: ValueUndecodable { fault: "malformed mpu: record value: missing field `segment_nonce` at line 1 column 221" } }], segments_unaccounted: [] }
  left: None
 right: Some(b"{\"generation\":1,\"complete\":false}")

---- only_a_session_finding_withholds_completion stdout ----

thread 'only_a_session_finding_withholds_completion' (3296209) panicked at crates/custodian/tests/restore_fence_generation.rs:610:9:
assertion `left == right` failed: dangling: RestoreReport { stranded_marked: 0, already_marked: 0, pending_skipped: 0, staged_skipped: 0, pending_unreadable: [], staged_untrusted: [], displaced_kept: 0, dangling: [2497], misplaced: [], under_replicated: [], unresolvable: [], sessions_fenced: 1, sessions_unsettled: [], segments_unaccounted: [] }
  left: None
 right: Some(b"{\"generation\":1,\"complete\":true}")

---- an_unknown_completing_write_is_true_or_finished_by_the_next_pass stdout ----

thread 'an_unknown_completing_write_is_true_or_finished_by_the_next_pass' (3296207) panicked at crates/custodian/tests/restore_fence_generation.rs:851:27:
must fail: RestoreReport { stranded_marked: 0, already_marked: 0, pending_skipped: 0, staged_skipped: 0, pending_unreadable: [], staged_untrusted: [], displaced_kept: 0, dangling: [], misplaced: [], under_replicated: [], unresolvable: [], sessions_fenced: 1, sessions_unsettled: [], segments_unaccounted: [] }

---- residue_survives_an_interrupted_pass stdout ----

thread 'residue_survives_an_interrupted_pass' (3296211) panicked at crates/custodian/tests/restore_fence_generation.rs:723:5:
assertion `left == right` failed: (a)
  left: None
 right: Some(b"{\"generation\":1,\"complete\":false}")

---- residue_survives_a_re_fence_and_only_both_repairs_complete_the_generation stdout ----

thread 'residue_survives_a_re_fence_and_only_both_repairs_complete_the_generation' (3296210) panicked at crates/custodian/tests/restore_fence_generation.rs:640:5:
assertion `left == right` failed: M: RestoreReport { stranded_marked: 0, already_marked: 0, pending_skipped: 0, staged_skipped: 0, pending_unreadable: [], staged_untrusted: [], displaced_kept: 0, dangling: [], misplaced: [], under_replicated: [], unresolvable: [], sessions_fenced: 2, sessions_unsettled: [UnsettledSession { session: "mpu:f1f1f1f1f1f1f1f1f1f1f1f1f1f1f1f1", cause: ValueUndecodable { fault: "malformed mpu: record value: missing field `segment_nonce` at line 1 column 221" } }], segments_unaccounted: [UnaccountedSegments { session: "mpu:f2f2f2f2f2f2f2f2f2f2f2f2f2f2f2f2", record: "seg:2f2f2f2f2f2f2f2f2f2f2f2f2f2f2f2f:3:000001", fault: ChunkInNoPart { chunk: 3375 } }] }
  left: None
 right: Some(b"{\"generation\":1,\"complete\":false}")


failures:
    a_failed_mark_or_fence_commit_never_completes_the_generation
    a_late_completion_never_masks_a_newer_pass
    a_restored_complete_is_replaced_before_any_mark_or_fence
    a_session_that_needs_a_human_leaves_the_generation_not_complete
    a_torn_or_exhausted_generation_record_stops_the_pass_before_any_write
    an_unknown_completing_write_is_true_or_finished_by_the_next_pass
    an_unsettled_opening_write_runs_no_mark_and_no_fence
    only_a_session_finding_withholds_completion
    residue_survives_a_re_fence_and_only_both_repairs_complete_the_generation
    residue_survives_an_interrupted_pass
    the_generation_record_is_durable_and_names_the_pass_that_wrote_it

test result: FAILED. 0 passed; 11 failed; 0 ignored; 0 measured; 0 filtered out; finished in 0.00s

error: test failed, to rerun pass `-p wyrd-custodian --test restore_fence_generation`
run-verify.sh: PASS — red without the fix, green with it (11 test(s) ran red).
