# gate: C4-verify — per-fix red->green: this patch's test red pre-fix, green post-fix
# cmd: ./engine/scripts/run-verify.sh
# cwd: /home/eddie/wyrd/wyrd-pdca
# PDCA_WORKTREE: /home/eddie/wyrd/wyrd.pdca-wt-l0
# start: 2026-09-19T20:43:24+00:00
# duration_secs: 7.39
# exit: 0
# outcome: pass
# ---- combined stdout+stderr (verbatim) ----
run-verify.sh: GREEN — cargo test -p wyrd-custodian --test gc_mark_sweep (fix applied)

running 16 tests
................
test result: ok. 16 passed; 0 failed; 0 ignored; 0 measured; 0 filtered out; finished in 2.21s
run-verify.sh: RED — cargo test -p wyrd-custodian --test gc_mark_sweep (production reverted, test kept)

running 16 tests
d3_a_delete_that_loses_to_an_unchanged_mark_leaves_it_for_the_next_pass --- FAILED
b5_a_fleet_naming_one_server_twice_never_unlists_a_listed_position --- FAILED
b2_a_mark_on_a_d_server_outside_the_fleet_survives --- FAILED
d2_a_fault_inside_the_retry_claims_exactly_what_landed --- FAILED
b1_a_mark_aged_one_millisecond_short_of_d_survives --- FAILED
a_a_fragment_less_mark_aged_exactly_d_is_swept_audited_and_counted --- FAILED
b3_a_listed_position_is_the_reclaims_not_the_sweeps --- FAILED
b7_each_shape_is_swept_on_its_stamp_and_a_fourth_is_never_swept --- FAILED
d1_a_mark_restamped_after_the_read_survives_unclaimed --- FAILED
b6_a_referenced_position_is_never_swept --- FAILED
d1_a_pass_whose_only_sweep_lost_to_a_restamp_is_not_satisfied --- FAILED
b6_an_incomplete_reference_set_sweeps_nothing --- FAILED
b4_a_listing_from_an_earlier_pass_never_licenses_a_sweep --- FAILED
d2_a_fault_across_a_batch_boundary_claims_exactly_what_landed --- FAILED
e_a_differently_spelled_key_never_costs_a_mark --- FAILED
d3_a_mark_rewritten_then_deleted_under_the_pass_is_claimed_neither_swept_nor_kept --- FAILED

failures:

---- d3_a_delete_that_loses_to_an_unchanged_mark_leaves_it_for_the_next_pass stdout ----

thread 'd3_a_delete_that_loses_to_an_unchanged_mark_leaves_it_for_the_next_pass' (3344280) panicked at crates/custodian/tests/gc_mark_sweep.rs:1444:5:
assertion `left == right` failed: leg D(iii): a delete that lost to a held key keeps the mark, claims nothing, and does not certify. got: 
  left: (Satisfied, Some(b"1000000"), 0)
 right: (Partial, Some(b"1000000"), 0)

---- b5_a_fleet_naming_one_server_twice_never_unlists_a_listed_position stdout ----

thread 'b5_a_fleet_naming_one_server_twice_never_unlists_a_listed_position' (3344272) panicked at crates/custodian/tests/gc_mark_sweep.rs:627:5:
leg B(v): the control — a fragment-less mark aged exactly D — was not swept, so this pass swept nothing and the leg proves nothing

---- b2_a_mark_on_a_d_server_outside_the_fleet_survives stdout ----

thread 'b2_a_mark_on_a_d_server_outside_the_fleet_survives' (3344269) panicked at crates/custodian/tests/gc_mark_sweep.rs:782:5:
assertion `left == right` failed: leg B(ii): the mark must be kept because its D server is not in the fleet. got: 
  left: []
 right: ["server-not-in-fleet"]

---- d2_a_fault_inside_the_retry_claims_exactly_what_landed stdout ----

thread 'd2_a_fault_inside_the_retry_claims_exactly_what_landed' (3344279) panicked at crates/custodian/tests/gc_mark_sweep.rs:1333:5:
leg D(ii), retry: the failed commit must end the pass with its fault

---- b1_a_mark_aged_one_millisecond_short_of_d_survives stdout ----

thread 'b1_a_mark_aged_one_millisecond_short_of_d_survives' (3344268) panicked at crates/custodian/tests/gc_mark_sweep.rs:749:5:
assertion `left == right` failed: leg B(i): the young mark must be kept on its late-write deadline. got: 
  left: []
 right: ["within-late-write-deadline"]
note: run with `RUST_BACKTRACE=1` environment variable to display a backtrace

---- a_a_fragment_less_mark_aged_exactly_d_is_swept_audited_and_counted stdout ----

thread 'a_a_fragment_less_mark_aged_exactly_d_is_swept_audited_and_counted' (3344267) panicked at crates/custodian/tests/gc_mark_sweep.rs:665:5:
leg A: a mark with no fragment beneath it, aged exactly D, whose position this pass's own listing showed empty, must be swept — it survived. On main GC visits a mark only through a listed fragment, so this mark is never visited and never deleted

---- b3_a_listed_position_is_the_reclaims_not_the_sweeps stdout ----

thread 'b3_a_listed_position_is_the_reclaims_not_the_sweeps' (3344270) panicked at crates/custodian/tests/gc_mark_sweep.rs:627:5:
leg B(iii): the control — a fragment-less mark aged exactly D — was not swept, so this pass swept nothing and the leg proves nothing

---- b7_each_shape_is_swept_on_its_stamp_and_a_fourth_is_never_swept stdout ----

thread 'b7_each_shape_is_swept_on_its_stamp_and_a_fourth_is_never_swept' (3344275) panicked at crates/custodian/tests/gc_mark_sweep.rs:1062:9:
leg B(vii): "1000000", aged exactly D, is one of 0016's three shapes and must be swept on its stamp. got: {"timestamp":"2026-09-19T20:43:31.803802Z","level":"WARN","fields":{"monotonic_counter.gc_unreadable_orphan_marks":1},"target":"wyrd_custodian::gc"}
{"timestamp":"2026-09-19T20:43:31.803831Z","level":"WARN","fields":{"message":"gc could not read an orphan-ledger mark's value as any mark shape; it still counts as a mark, so its fragment is kept and the mark left in place — operator signal","action":"unreadable-orphan-mark","mark":"orphan:1:224:0","fault":"malformed orphan: record value: expected ident at line 1 column 2"},"target":"wyrd.custodian.gc.audit"}
{"timestamp":"2026-09-19T20:43:31.803847Z","level":"WARN","fields":{"monotonic_counter.gc_unreadable_orphan_marks":1},"target":"wyrd_custodian::gc"}
{"timestamp":"2026-09-19T20:43:31.803852Z","level":"WARN","fields":{"message":"gc could not read an orphan-ledger mark's value as any mark shape; it still counts as a mark, so its fragment is kept and the mark left in place — operator signal","action":"unreadable-orphan-mark","mark":"orphan:1:225:0","fault":"orphan: record value decodes but is not this codec's spelling of it: a CAS on its re-encoded bytes could never match the store"},"target":"wyrd.custodian.gc.audit"}
{"timestamp":"2026-09-19T20:43:31.803865Z","level":"WARN","fields":{"monotonic_counter.gc_unreadable_orphan_marks":1},"target":"wyrd_custodian::gc"}
{"timestamp":"2026-09-19T20:43:31.803869Z","level":"WARN","fields":{"message":"gc could not read an orphan-ledger mark's value as any mark shape; it still counts as a mark, so its fragment is kept and the mark left in place — operator signal","action":"unreadable-orphan-mark","mark":"orphan:1:226:0","fault":"orphan: record value decodes but is not this codec's spelling of it: a CAS on its re-encoded bytes could never match the store"},"target":"wyrd.custodian.gc.audit"}
{"timestamp":"2026-09-19T20:43:31.803889Z","level":"WARN","fields":{"monotonic_counter.gc_unreadable_orphan_marks":1},"target":"wyrd_custodian::gc"}
{"timestamp":"2026-09-19T20:43:31.803897Z","level":"WARN","fields":{"message":"gc could not read an orphan-ledger mark's value as any mark shape; it still counts as a mark, so its fragment is kept and the mark left in place — operator signal","action":"unreadable-orphan-mark","mark":"orphan:1:227:0","fault":"orphan: record value decodes but is not this codec's spelling of it: a CAS on its re-encoded bytes could never match the store"},"target":"wyrd.custodian.gc.audit"}
{"timestamp":"2026-09-19T20:43:31.803917Z","level":"WARN","fields":{"monotonic_counter.gc_unreadable_orphan_marks":1},"target":"wyrd_custodian::gc"}
{"timestamp":"2026-09-19T20:43:31.803925Z","level":"WARN","fields":{"message":"gc could not read an orphan-ledger mark's value as any mark shape; it still counts as a mark, so its fragment is kept and the mark left in place — operator signal","action":"unreadable-orphan-mark","mark":"orphan:1:228:0","fault":"orphan: record value decodes but is not this codec's spelling of it: a CAS on its re-encoded bytes could never match the store"},"target":"wyrd.custodian.gc.audit"}


---- d1_a_mark_restamped_after_the_read_survives_unclaimed stdout ----

thread 'd1_a_mark_restamped_after_the_read_survives_unclaimed' (3344276) panicked at crates/custodian/tests/gc_mark_sweep.rs:1140:5:
fixture: the re-stamp must land between the pass's read and its delete — the pass never tried to delete the mark

---- b6_a_referenced_position_is_never_swept stdout ----

thread 'b6_a_referenced_position_is_never_swept' (3344273) panicked at crates/custodian/tests/gc_mark_sweep.rs:1004:5:
assertion `left == right` failed: leg B(vi): the mark must be kept by the reference set. got: 
  left: []
 right: ["referenced"]

---- d1_a_pass_whose_only_sweep_lost_to_a_restamp_is_not_satisfied stdout ----

thread 'd1_a_pass_whose_only_sweep_lost_to_a_restamp_is_not_satisfied' (3344277) panicked at crates/custodian/tests/gc_mark_sweep.rs:1196:5:
assertion `left == right` failed: leg D(i): a pass whose only sweep lost to a re-stamp keeps the new mark, claims nothing, and does not certify. got: 
  left: (Satisfied, Some(b"1000000"), 0)
 right: (Partial, Some(b"1041000"), 0)

---- b6_an_incomplete_reference_set_sweeps_nothing stdout ----

thread 'b6_an_incomplete_reference_set_sweeps_nothing' (3344274) panicked at crates/custodian/tests/gc_mark_sweep.rs:956:5:
assertion `left == right` failed: leg B(vi): an incomplete set sweeps nothing, and names why the mark was kept. got: {"timestamp":"2026-09-19T20:43:31.803905Z","level":"WARN","fields":{"monotonic_counter.gc_unresolvable_records":1},"target":"wyrd_custodian::gc"}
{"timestamp":"2026-09-19T20:43:31.803967Z","level":"WARN","fields":{"message":"gc could not read a committed object's chunk map; its reference set is incomplete, so gc reclaims NOTHING and certifies NOTHING until this record is repaired — operator signal","action":"unresolvable-chunk-map","inode":"inode:9","fault":"expected ident at line 1 column 2"},"target":"wyrd.custodian.gc.audit"}

  left: (0, [])
 right: (0, ["incomplete-reference-set"])

---- b4_a_listing_from_an_earlier_pass_never_licenses_a_sweep stdout ----

thread 'b4_a_listing_from_an_earlier_pass_never_licenses_a_sweep' (3344271) panicked at crates/custodian/tests/gc_mark_sweep.rs:627:5:
leg B(iv): the control — a fragment-less mark aged exactly D — was not swept, so this pass swept nothing and the leg proves nothing

---- d2_a_fault_across_a_batch_boundary_claims_exactly_what_landed stdout ----

thread 'd2_a_fault_across_a_batch_boundary_claims_exactly_what_landed' (3344278) panicked at crates/custodian/tests/gc_mark_sweep.rs:1250:5:
leg D(ii): the failed commit must end the pass with its fault: Ok(())

---- e_a_differently_spelled_key_never_costs_a_mark stdout ----

thread 'e_a_differently_spelled_key_never_costs_a_mark' (3344282) panicked at crates/custodian/tests/gc_mark_sweep.rs:627:5:
leg E: the control — a fragment-less mark aged exactly D — was not swept, so this pass swept nothing and the leg proves nothing

---- d3_a_mark_rewritten_then_deleted_under_the_pass_is_claimed_neither_swept_nor_kept stdout ----

thread 'd3_a_mark_rewritten_then_deleted_under_the_pass_is_claimed_neither_swept_nor_kept' (3344281) panicked at crates/custodian/tests/gc_mark_sweep.rs:1381:5:
fixture: the writer must land between the pass's read and its delete — the pass never tried to delete the mark


failures:
    a_a_fragment_less_mark_aged_exactly_d_is_swept_audited_and_counted
    b1_a_mark_aged_one_millisecond_short_of_d_survives
    b2_a_mark_on_a_d_server_outside_the_fleet_survives
    b3_a_listed_position_is_the_reclaims_not_the_sweeps
    b4_a_listing_from_an_earlier_pass_never_licenses_a_sweep
    b5_a_fleet_naming_one_server_twice_never_unlists_a_listed_position
    b6_a_referenced_position_is_never_swept
    b6_an_incomplete_reference_set_sweeps_nothing
    b7_each_shape_is_swept_on_its_stamp_and_a_fourth_is_never_swept
    d1_a_mark_restamped_after_the_read_survives_unclaimed
    d1_a_pass_whose_only_sweep_lost_to_a_restamp_is_not_satisfied
    d2_a_fault_across_a_batch_boundary_claims_exactly_what_landed
    d2_a_fault_inside_the_retry_claims_exactly_what_landed
    d3_a_delete_that_loses_to_an_unchanged_mark_leaves_it_for_the_next_pass
    d3_a_mark_rewritten_then_deleted_under_the_pass_is_claimed_neither_swept_nor_kept
    e_a_differently_spelled_key_never_costs_a_mark

test result: FAILED. 0 passed; 16 failed; 0 ignored; 0 measured; 0 filtered out; finished in 0.02s

error: test failed, to rerun pass `-p wyrd-custodian --test gc_mark_sweep`
run-verify.sh: PASS — red without the fix, green with it (16 test(s) ran red).
