# gate: C4-verify — per-fix red->green: this patch's test red pre-fix, green post-fix
# cmd: ./engine/scripts/run-verify.sh
# cwd: /home/eddie/wyrd/wyrd-pdca
# PDCA_WORKTREE: /home/eddie/wyrd/wyrd.pdca-wt-l0
# start: 2026-10-02T17:14:36+00:00
# duration_secs: 4.73
# exit: 0
# outcome: pass
# ---- combined stdout+stderr (verbatim) ----
run-verify.sh: GREEN — cargo test -p wyrd-custodian --test restore_completing_fence (fix applied)

running 7 tests
.......
test result: ok. 7 passed; 0 failed; 0 ignored; 0 measured; 0 filtered out; finished in 0.24s
run-verify.sh: RED — cargo test -p wyrd-custodian --test restore_completing_fence (production reverted, test kept)

running 7 tests
what_cannot_be_fenced_cleanly_is_never_passed_off_as_done --- FAILED
a_failed_completing_fence_commit_leaves_none_of_its_writes --- FAILED
a_completing_session_is_fenced_with_its_segments_deleter --- FAILED
a_completing_fence_fault_never_hides_the_pass_verdicts --- FAILED
neither_obligation_overwrites_one_already_there --- FAILED
a_second_pass_is_idempotent_and_still_names_what_needs_a_human --- FAILED
a_sparse_completing_session_is_fenced_inside_the_value_ceiling --- FAILED

failures:

---- what_cannot_be_fenced_cleanly_is_never_passed_off_as_done stdout ----

thread 'what_cannot_be_fenced_cleanly_is_never_passed_off_as_done' (2230015) panicked at crates/custodian/tests/restore_completing_fence.rs:296:5:
assertion `left == right` failed: d1d1d1d1d1d1d1d1d1d1d1d1d1d1d1d1: RestoreReport { stranded_marked: 0, already_marked: 0, pending_skipped: 0, staged_skipped: 0, pending_unreadable: [], staged_untrusted: [], displaced_kept: 0, dangling: [], misplaced: [], under_replicated: [], unresolvable: [], sessions_fenced: 1, sessions_unsettled: [UnsettledSession { session: "mpu:d1d1d1d1d1d1d1d1d1d1d1d1d1d1d1d1", cause: Completing }] }
  left: Some(b"{\"parent\":42,\"object\":\"o\",\"created_at_millis\":100,\"clock_source\":\"wall\",\"segment_nonce\":\"1d1d1d1d1d1d1d1d1d1d1d1d1d1d1d1d\",\"epoch\":3,\"attempts\":1,\"state\":{\"kind\":\"Completing\",\"fenced_at_millis\":900,\"segments_written\":2,\"publish_target\":{\"parent\":42,\"name\":\"o\",\"epoch\":3}}}")
 right: Some(b"{\"parent\":42,\"object\":\"o\",\"created_at_millis\":100,\"clock_source\":\"wall\",\"segment_nonce\":\"1d1d1d1d1d1d1d1d1d1d1d1d1d1d1d1d\",\"epoch\":4,\"attempts\":1,\"state\":{\"kind\":\"Aborting\"}}")

---- a_failed_completing_fence_commit_leaves_none_of_its_writes stdout ----

thread 'a_failed_completing_fence_commit_leaves_none_of_its_writes' (2230011) panicked at crates/custodian/tests/restore_completing_fence.rs:420:49:
must fail: RestoreReport { stranded_marked: 0, already_marked: 0, pending_skipped: 0, staged_skipped: 0, pending_unreadable: [], staged_untrusted: [], displaced_kept: 0, dangling: [], misplaced: [], under_replicated: [], unresolvable: [], sessions_fenced: 0, sessions_unsettled: [UnsettledSession { session: "mpu:b0b0b0b0b0b0b0b0b0b0b0b0b0b0b0b0", cause: Completing }] }
note: run with `RUST_BACKTRACE=1` environment variable to display a backtrace

---- a_completing_session_is_fenced_with_its_segments_deleter stdout ----

thread 'a_completing_session_is_fenced_with_its_segments_deleter' (2230010) panicked at crates/custodian/tests/restore_completing_fence.rs:296:5:
assertion `left == right` failed: a1a1a1a1a1a1a1a1a1a1a1a1a1a1a1a1: RestoreReport { stranded_marked: 0, already_marked: 0, pending_skipped: 0, staged_skipped: 0, pending_unreadable: [], staged_untrusted: [], displaced_kept: 0, dangling: [], misplaced: [], under_replicated: [], unresolvable: [], sessions_fenced: 0, sessions_unsettled: [UnsettledSession { session: "mpu:a1a1a1a1a1a1a1a1a1a1a1a1a1a1a1a1", cause: Completing }, UnsettledSession { session: "mpu:a2a2a2a2a2a2a2a2a2a2a2a2a2a2a2a2", cause: Completing }] }
  left: Some(b"{\"parent\":42,\"object\":\"o\",\"created_at_millis\":100,\"clock_source\":\"wall\",\"segment_nonce\":\"1a1a1a1a1a1a1a1a1a1a1a1a1a1a1a1a\",\"epoch\":3,\"attempts\":1,\"state\":{\"kind\":\"Completing\",\"fenced_at_millis\":900,\"segments_written\":2,\"publish_target\":{\"parent\":42,\"name\":\"o\",\"epoch\":3}}}")
 right: Some(b"{\"parent\":42,\"object\":\"o\",\"created_at_millis\":100,\"clock_source\":\"wall\",\"segment_nonce\":\"1a1a1a1a1a1a1a1a1a1a1a1a1a1a1a1a\",\"epoch\":4,\"attempts\":1,\"state\":{\"kind\":\"Aborting\"}}")

---- a_completing_fence_fault_never_hides_the_pass_verdicts stdout ----

thread 'a_completing_fence_fault_never_hides_the_pass_verdicts' (2230009) panicked at crates/custodian/tests/restore_completing_fence.rs:711:5:
Some(RestoreReport { stranded_marked: 0, already_marked: 0, pending_skipped: 0, staged_skipped: 0, pending_unreadable: [], staged_untrusted: [], displaced_kept: 0, dangling: [2497], misplaced: [], under_replicated: [2498], unresolvable: [], sessions_fenced: 0, sessions_unsettled: [UnsettledSession { session: "mpu:9c9c9c9c9c9c9c9c9c9c9c9c9c9c9c9c", cause: Completing }] })

---- neither_obligation_overwrites_one_already_there stdout ----

thread 'neither_obligation_overwrites_one_already_there' (2230014) panicked at crates/custodian/tests/restore_completing_fence.rs:465:9:
RestoreReport { stranded_marked: 0, already_marked: 0, pending_skipped: 0, staged_skipped: 0, pending_unreadable: [], staged_untrusted: [], displaced_kept: 0, dangling: [], misplaced: [], under_replicated: [], unresolvable: [], sessions_fenced: 1, sessions_unsettled: [UnsettledSession { session: "mpu:c1c1c1c1c1c1c1c1c1c1c1c1c1c1c1c1", cause: Completing }, UnsettledSession { session: "mpu:c2c2c2c2c2c2c2c2c2c2c2c2c2c2c2c2", cause: Completing }, UnsettledSession { session: "mpu:c4c4c4c4c4c4c4c4c4c4c4c4c4c4c4c4", cause: Completing }] }

---- a_second_pass_is_idempotent_and_still_names_what_needs_a_human stdout ----

thread 'a_second_pass_is_idempotent_and_still_names_what_needs_a_human' (2230012) panicked at crates/custodian/tests/restore_completing_fence.rs:296:5:
assertion `left == right` failed: f2f2f2f2f2f2f2f2f2f2f2f2f2f2f2f2: RestoreReport { stranded_marked: 0, already_marked: 0, pending_skipped: 0, staged_skipped: 0, pending_unreadable: [], staged_untrusted: [], displaced_kept: 0, dangling: [], misplaced: [], under_replicated: [], unresolvable: [], sessions_fenced: 1, sessions_unsettled: [UnsettledSession { session: "mpu:f2f2f2f2f2f2f2f2f2f2f2f2f2f2f2f2", cause: Completing }, UnsettledSession { session: "mpu:f4f4f4f4f4f4f4f4f4f4f4f4f4f4f4f4", cause: Completing }, UnsettledSession { session: "mpu:f5f5f5f5f5f5f5f5f5f5f5f5f5f5f5f5", cause: Completing }, UnsettledSession { session: "mpu:f6f6f6f6f6f6f6f6f6f6f6f6f6f6f6f6", cause: Completing }, UnsettledSession { session: "mpu:f7f7f7f7f7f7f7f7f7f7f7f7f7f7f7f7", cause: Completing }] }
  left: Some(b"{\"parent\":42,\"object\":\"o\",\"created_at_millis\":100,\"clock_source\":\"wall\",\"segment_nonce\":\"2f2f2f2f2f2f2f2f2f2f2f2f2f2f2f2f\",\"epoch\":3,\"attempts\":1,\"state\":{\"kind\":\"Completing\",\"fenced_at_millis\":900,\"segments_written\":2,\"publish_target\":{\"parent\":42,\"name\":\"o\",\"epoch\":3}}}")
 right: Some(b"{\"parent\":42,\"object\":\"o\",\"created_at_millis\":100,\"clock_source\":\"wall\",\"segment_nonce\":\"2f2f2f2f2f2f2f2f2f2f2f2f2f2f2f2f\",\"epoch\":4,\"attempts\":1,\"state\":{\"kind\":\"Aborting\"}}")

---- a_sparse_completing_session_is_fenced_inside_the_value_ceiling stdout ----

thread 'a_sparse_completing_session_is_fenced_inside_the_value_ceiling' (2230013) panicked at crates/custodian/tests/restore_completing_fence.rs:296:5:
assertion `left == right` failed: e1e1e1e1e1e1e1e1e1e1e1e1e1e1e1e1: RestoreReport { stranded_marked: 0, already_marked: 0, pending_skipped: 0, staged_skipped: 0, pending_unreadable: [], staged_untrusted: [], displaced_kept: 0, dangling: [], misplaced: [], under_replicated: [], unresolvable: [], sessions_fenced: 1, sessions_unsettled: [UnsettledSession { session: "mpu:e1e1e1e1e1e1e1e1e1e1e1e1e1e1e1e1", cause: Completing }] }
  left: Some(b"{\"parent\":42,\"object\":\"o\",\"created_at_millis\":100,\"clock_source\":\"wall\",\"segment_nonce\":\"1e1e1e1e1e1e1e1e1e1e1e1e1e1e1e1e\",\"epoch\":3,\"attempts\":1,\"state\":{\"kind\":\"Completing\",\"fenced_at_millis\":900,\"segments_written\":2,\"publish_target\":{\"parent\":42,\"name\":\"o\",\"epoch\":3}}}")
 right: Some(b"{\"parent\":42,\"object\":\"o\",\"created_at_millis\":100,\"clock_source\":\"wall\",\"segment_nonce\":\"1e1e1e1e1e1e1e1e1e1e1e1e1e1e1e1e\",\"epoch\":4,\"attempts\":1,\"state\":{\"kind\":\"Aborting\"}}")


failures:
    a_completing_fence_fault_never_hides_the_pass_verdicts
    a_completing_session_is_fenced_with_its_segments_deleter
    a_failed_completing_fence_commit_leaves_none_of_its_writes
    a_second_pass_is_idempotent_and_still_names_what_needs_a_human
    a_sparse_completing_session_is_fenced_inside_the_value_ceiling
    neither_obligation_overwrites_one_already_there
    what_cannot_be_fenced_cleanly_is_never_passed_off_as_done

test result: FAILED. 0 passed; 7 failed; 0 ignored; 0 measured; 0 filtered out; finished in 0.14s

error: test failed, to rerun pass `-p wyrd-custodian --test restore_completing_fence`
run-verify.sh: PASS — red without the fix, green with it (7 test(s) ran red).
