# gate: C4-verify — per-fix red->green: this patch's test red pre-fix, green post-fix
# cmd: ./engine/scripts/run-verify.sh
# cwd: /home/eddie/wyrd/wyrd-pdca
# PDCA_WORKTREE: /home/eddie/wyrd/wyrd.pdca-wt-l1
# start: 2026-09-30T19:00:42+00:00
# duration_secs: 4.48
# exit: 0
# outcome: pass
# ---- combined stdout+stderr (verbatim) ----
run-verify.sh: GREEN — cargo test -p wyrd-custodian --test restore_staged_report (fix applied)

running 2 tests
..
test result: ok. 2 passed; 0 failed; 0 ignored; 0 measured; 0 filtered out; finished in 0.00s
run-verify.sh: RED — cargo test -p wyrd-custodian --test restore_staged_report (production reverted, test kept)

running 2 tests
an_untrusted_staged_record_is_named_needs_no_human_and_is_not_a_clean_bill --- FAILED
staged_skips_are_counted_once_by_the_first_protection_that_keeps_them --- FAILED

failures:

---- an_untrusted_staged_record_is_named_needs_no_human_and_is_not_a_clean_bill stdout ----

thread 'an_untrusted_staged_record_is_named_needs_no_human_and_is_not_a_clean_bill' (4117861) panicked at crates/custodian/tests/restore_staged_report.rs:561:28:
no untrusted staged record named: RestoreReport { stranded_marked: 0, already_marked: 0, pending_skipped: 0, pending_unreadable: [], displaced_kept: 0, dangling: [], misplaced: [], under_replicated: [], unresolvable: [] }
note: run with `RUST_BACKTRACE=1` environment variable to display a backtrace

---- staged_skips_are_counted_once_by_the_first_protection_that_keeps_them stdout ----

thread 'staged_skips_are_counted_once_by_the_first_protection_that_keeps_them' (4117862) panicked at crates/custodian/tests/restore_staged_report.rs:471:9:
assertion `left == right` failed: staged_skipped: each staged-first fragment once, not the committed one: RestoreReport { stranded_marked: 1, already_marked: 0, pending_skipped: 0, pending_unreadable: [], displaced_kept: 0, dangling: [], misplaced: [], under_replicated: [228], unresolvable: [] }
  left: None
 right: Some("4")


failures:
    an_untrusted_staged_record_is_named_needs_no_human_and_is_not_a_clean_bill
    staged_skips_are_counted_once_by_the_first_protection_that_keeps_them

test result: FAILED. 0 passed; 2 failed; 0 ignored; 0 measured; 0 filtered out; finished in 0.00s

error: test failed, to rerun pass `-p wyrd-custodian --test restore_staged_report`
run-verify.sh: PASS — red without the fix, green with it (2 test(s) ran red).
