# gate C4-verify — attempt 1/1: pass (exit 0)
# cmd: ./engine/scripts/run-verify.sh
# cwd: /home/eddie/wyrd/wyrd-pdca
# PDCA_WORKTREE: /home/eddie/wyrd/wyrd.pdca-wt-l1
# started: 2026-08-05T21:19:16+02:00   duration: 10s

run-verify.sh: GREEN — cargo test -p wyrd-custodian --test segmented_map_passes (fix applied)

running 5 tests
.....
test result: ok. 5 passed; 0 failed; 0 ignored; 0 measured; 0 filtered out; finished in 0.05s
run-verify.sh: RED — cargo test -p wyrd-custodian --test segmented_map_passes (production reverted, test kept)

running 5 tests
a_store_fault_under_the_resolve_still_ends_every_pass --- FAILED
a_repair_obligation_for_a_segmented_chunk_is_refused_not_drained --- FAILED
reconstruction_reads_the_namespace_once_per_pass_not_once_per_obligation --- FAILED
an_unreadable_object_is_named_the_walk_continues_and_no_pass_certifies --- FAILED
a_segmented_object_no_longer_ends_any_of_the_three_passes --- FAILED

failures:

---- a_store_fault_under_the_resolve_still_ends_every_pass stdout ----

thread 'a_store_fault_under_the_resolve_still_ends_every_pass' (287699) panicked at crates/custodian/tests/segmented_map_passes.rs:876:5:
the store's own fault propagates, not a chunk-map verdict: reconciliation store access: reconstruction::find_chunk met a segmented chunk map, which this build cannot yet resolve

---- a_repair_obligation_for_a_segmented_chunk_is_refused_not_drained stdout ----

thread 'a_repair_obligation_for_a_segmented_chunk_is_refused_not_drained' (287697) panicked at crates/custodian/tests/segmented_map_passes.rs:665:6:
a queued obligation on a segmented object must not end the pass: Store(SegmentedMapUnsupported { operation: "reconstruction::find_chunk" })
note: run with `RUST_BACKTRACE=1` environment variable to display a backtrace

---- reconstruction_reads_the_namespace_once_per_pass_not_once_per_obligation stdout ----

thread 'reconstruction_reads_the_namespace_once_per_pass_not_once_per_obligation' (287701) panicked at crates/custodian/tests/segmented_map_passes.rs:973:5:
assertion `left == right` failed: ONE reading of the committed namespace per pass, independent of the Q = 3 obligations it carried
  left: 3
 right: 1

---- an_unreadable_object_is_named_the_walk_continues_and_no_pass_certifies stdout ----

thread 'an_unreadable_object_is_named_the_walk_continues_and_no_pass_certifies' (287700) panicked at crates/custodian/tests/segmented_map_passes.rs:761:6:
one unreadable record must not end the reconstruction pass: Store(Error("expected ident", line: 1, column: 2))

---- a_segmented_object_no_longer_ends_any_of_the_three_passes stdout ----

thread 'a_segmented_object_no_longer_ends_any_of_the_three_passes' (287698) panicked at crates/custodian/tests/segmented_map_passes.rs:583:6:
one segmented object must not turn reconstruction or rebalance into an error: Store(SegmentedMapUnsupported { operation: "rebalance::plan_evacuations" })


failures:
    a_repair_obligation_for_a_segmented_chunk_is_refused_not_drained
    a_segmented_object_no_longer_ends_any_of_the_three_passes
    a_store_fault_under_the_resolve_still_ends_every_pass
    an_unreadable_object_is_named_the_walk_continues_and_no_pass_certifies
    reconstruction_reads_the_namespace_once_per_pass_not_once_per_obligation

test result: FAILED. 0 passed; 5 failed; 0 ignored; 0 measured; 0 filtered out; finished in 0.05s

error: test failed, to rerun pass `-p wyrd-custodian --test segmented_map_passes`
run-verify.sh: PASS — red without the fix, green with it (5 test(s) ran red).
