# gate C4-verify — attempt 1/1: unverifiable (exit 77)
# cmd: ./engine/scripts/run-verify.sh
# cwd: /home/eddie/wyrd/wyrd-pdca
# PDCA_WORKTREE: /home/eddie/wyrd/wyrd.pdca-wt
# started: 2026-08-11T01:27:13+02:00   duration: 2s

run-verify.sh: GREEN — cargo test -p wyrd-core --test multipart_session_records (fix applied)

running 20 tests
....................
test result: ok. 20 passed; 0 failed; 0 ignored; 0 measured; 0 filtered out; finished in 0.00s
run-verify.sh: RED — cargo test -p wyrd-core --test multipart_session_records (production reverted, test kept)
error[E0432]: unresolved imports `wyrd_core::multipart::decode_part_record`, `wyrd_core::multipart::decode_part_summary`, `wyrd_core::multipart::decode_session_record`, `wyrd_core::multipart::decode_slot_record`, `wyrd_core::multipart::Completion`, `wyrd_core::multipart::PartRecord`, `wyrd_core::multipart::PartSummary`, `wyrd_core::multipart::PublishTarget`, `wyrd_core::multipart::SessionRecord`, `wyrd_core::multipart::SessionState`, `wyrd_core::multipart::SlotRecord`
  --> crates/core/tests/multipart_session_records.rs:26:5
   |
26 |     decode_part_record, decode_part_summary, decode_session_record, decode_slot_record, Completion,
   |     ^^^^^^^^^^^^^^^^^^  ^^^^^^^^^^^^^^^^^^^  ^^^^^^^^^^^^^^^^^^^^^  ^^^^^^^^^^^^^^^^^^  ^^^^^^^^^^ no `Completion` in `multipart`
   |     |                   |                    |                      |
   |     |                   |                    |                      no `decode_slot_record` in `multipart`
   |     |                   |                    no `decode_session_record` in `multipart`
   |     |                   no `decode_part_summary` in `multipart`
   |     no `decode_part_record` in `multipart`
27 |     PartRecord, PartSummary, PublishTarget, RecordError, SessionRecord, SessionState, SlotRecord,
   |     ^^^^^^^^^^  ^^^^^^^^^^^  ^^^^^^^^^^^^^               ^^^^^^^^^^^^^  ^^^^^^^^^^^^  ^^^^^^^^^^
   |     |           |            |                           |              |
   |     |           |            |                           |              no `SessionState` in `multipart`
   |     |           |            |                           no `SessionRecord` in `multipart`
   |     |           |            no `PublishTarget` in `multipart`
   |     |           no `PartSummary` in `multipart`
   |     no `PartRecord` in `multipart`
   |
help: a similar name exists in the module
   |
26 -     decode_part_record, decode_part_summary, decode_session_record, decode_slot_record, Completion,
26 +     decode_part_record, decode_part_summary, decode_admission_record, decode_slot_record, Completion,
   |
help: a similar name exists in the module
   |
27 -     PartRecord, PartSummary, PublishTarget, RecordError, SessionRecord, SessionState, SlotRecord,
27 +     PartRecord, PartSummary, PublishTarget, RecordError, AdmissionRecord, SessionState, SlotRecord,
   |

error[E0599]: no variant named `PublishTargetKeyMismatch` found for enum `RecordError`
   --> crates/core/tests/multipart_session_records.rs:327:26
    |
327 |         Err(RecordError::PublishTargetKeyMismatch {
    |                          ^^^^^^^^^^^^^^^^^^^^^^^^ variant not found in `RecordError`

error[E0599]: no variant named `PublishTargetEpochMismatch` found for enum `RecordError`
   --> crates/core/tests/multipart_session_records.rs:345:26
    |
345 |         Err(RecordError::PublishTargetEpochMismatch {
    |                          ^^^^^^^^^^^^^^^^^^^^^^^^^^ variant not found in `RecordError`

error[E0599]: no variant named `ChunkSchemeUnsupported` found for enum `RecordError`
   --> crates/core/tests/multipart_session_records.rs:362:26
    |
362 |         Err(RecordError::ChunkSchemeUnsupported {
    |                          ^^^^^^^^^^^^^^^^^^^^^^ variant not found in `RecordError`

error[E0599]: no variant named `SlotLeaseAlreadyLapsed` found for enum `RecordError`
   --> crates/core/tests/multipart_session_records.rs:379:26
    |
379 |         Err(RecordError::SlotLeaseAlreadyLapsed {
    |                          ^^^^^^^^^^^^^^^^^^^^^^ variant not found in `RecordError`

error[E0599]: no variant named `PartLengthMismatch` found for enum `RecordError`
   --> crates/core/tests/multipart_session_records.rs:443:26
    |
443 |         Err(RecordError::PartLengthMismatch {
    |                          ^^^^^^^^^^^^^^^^^^ variant not found in `RecordError`

error[E0599]: no variant named `PartLengthOverflow` found for enum `RecordError`
   --> crates/core/tests/multipart_session_records.rs:462:26
    |
462 |         Err(RecordError::PartLengthOverflow { chunks: 2 })
    |                          ^^^^^^^^^^^^^^^^^^ variant not found in `RecordError`

Some errors have detailed explanations: E0432, E0599.
For more information about an error, try `rustc --explain E0432`.
error: could not compile `wyrd-core` (test "multipart_session_records") due to 7 previous errors
run-verify.sh: UNVERIFIABLE — the RED leg's cargo run failed (status 101) WITHOUT
               running a test, so no RED was established. This is NOT 'red without the
               fix' — the discriminator never executed. The usual cause is that it does
               not COMPILE against the reverted base: it calls production API this patch
               adds, so reverting the fix removes the symbol it needs. Split the test so
               it exercises the behaviour through pre-existing API, or record at sign-off
               why this slice has no isolable red (the cargo output is above).
