# gate: C4-verify — per-fix red->green: this patch's test red pre-fix, green post-fix
# cmd: ./engine/scripts/run-verify.sh
# cwd: /home/eddie/wyrd/wyrd-pdca
# PDCA_WORKTREE: /home/eddie/wyrd/wyrd.pdca-wt
# start: 2026-09-16T15:47:35+00:00
# duration_secs: 3.38
# exit: 0
# outcome: pass
# ---- combined stdout+stderr (verbatim) ----
run-verify.sh: GREEN — cargo test -p wyrd-custodian --test staged_protection (fix applied)

running 17 tests
.................
test result: ok. 17 passed; 0 failed; 0 ignored; 0 measured; 0 filtered out; finished in 0.00s
run-verify.sh: RED — cargo test -p wyrd-custodian --test staged_protection (production reverted, test kept)

running 17 tests
a_part_key_the_parser_rejects_withholds_both_passes --- FAILED
a_fault_reading_the_session_listing_fails_both_passes --- FAILED
a_fault_reading_a_session_part_range_fails_both_passes --- FAILED
a_fault_reading_a_session_owned_range_fails_both_passes --- FAILED
a_session_key_naming_no_upload_withholds_both_passes --- FAILED
a_publication_flipped_between_the_reads_and_drained_after_leaves_the_chunk_protected --- FAILED
a_part_with_a_wrong_length_placement_holds_its_chunk --- FAILED
a_part_commit_between_its_two_reads_leaves_the_chunk_protected --- FAILED
an_owned_key_naming_no_chunk_withholds_both_passes --- FAILED
an_owned_entry_with_a_wrong_length_placement_holds_its_chunk --- FAILED
an_undecodable_owned_value_holds_its_chunk --- FAILED
a_publication_flipped_and_drained_between_the_reads_leaves_the_chunk_protected --- FAILED
an_undecodable_part_record_withholds_both_passes --- FAILED
restore_marks_no_staged_fragment_and_gc_then_keeps_them --- FAILED
gc_keeps_every_staged_fragment_in_every_session_state --- FAILED
..
failures:

---- a_part_key_the_parser_rejects_withholds_both_passes stdout ----

thread 'a_part_key_the_parser_rejects_withholds_both_passes' (1903475) panicked at crates/custodian/tests/staged_protection.rs:1077:9:
the post-restore pass marked FragmentId { chunk: 3617, index: 0 } on server 1 while the staged record part:e2e2e2e2e2e2e2e2e2e2e2e2e2e2e2e2:2 could not be read — the fragments it owns cannot be told from strays: RestoreReport { stranded_marked: 3, already_marked: 0, pending_skipped: 0, pending_unreadable: [], displaced_kept: 0, dangling: [], misplaced: [], under_replicated: [], unresolvable: [] }

---- a_fault_reading_the_session_listing_fails_both_passes stdout ----

thread 'a_fault_reading_the_session_listing_fails_both_passes' (1903473) panicked at crates/custodian/tests/staged_protection.rs:1295:47:
a store fault under a staged read must fail the post-restore pass — a pass that goes on marks over a reading with a hole in it: RestoreReport { stranded_marked: 3, already_marked: 0, pending_skipped: 0, pending_unreadable: [], displaced_kept: 0, dangling: [], misplaced: [], under_replicated: [], unresolvable: [] }
note: run with `RUST_BACKTRACE=1` environment variable to display a backtrace

---- a_fault_reading_a_session_part_range_fails_both_passes stdout ----

thread 'a_fault_reading_a_session_part_range_fails_both_passes' (1903472) panicked at crates/custodian/tests/staged_protection.rs:1295:47:
a store fault under a staged read must fail the post-restore pass — a pass that goes on marks over a reading with a hole in it: RestoreReport { stranded_marked: 3, already_marked: 0, pending_skipped: 0, pending_unreadable: [], displaced_kept: 0, dangling: [], misplaced: [], under_replicated: [], unresolvable: [] }

---- a_fault_reading_a_session_owned_range_fails_both_passes stdout ----

thread 'a_fault_reading_a_session_owned_range_fails_both_passes' (1903471) panicked at crates/custodian/tests/staged_protection.rs:1295:47:
a store fault under a staged read must fail the post-restore pass — a pass that goes on marks over a reading with a hole in it: RestoreReport { stranded_marked: 3, already_marked: 0, pending_skipped: 0, pending_unreadable: [], displaced_kept: 0, dangling: [], misplaced: [], under_replicated: [], unresolvable: [] }

---- a_session_key_naming_no_upload_withholds_both_passes stdout ----

thread 'a_session_key_naming_no_upload_withholds_both_passes' (1903479) panicked at crates/custodian/tests/staged_protection.rs:1077:9:
the post-restore pass marked FragmentId { chunk: 3649, index: 0 } on server 1 while the staged record mpu:not-an-upload-id could not be read — the fragments it owns cannot be told from strays: RestoreReport { stranded_marked: 3, already_marked: 0, pending_skipped: 0, pending_unreadable: [], displaced_kept: 0, dangling: [], misplaced: [], under_replicated: [], unresolvable: [] }

---- a_publication_flipped_between_the_reads_and_drained_after_leaves_the_chunk_protected stdout ----

thread 'a_publication_flipped_between_the_reads_and_drained_after_leaves_the_chunk_protected' (1903478) panicked at crates/custodian/tests/staged_protection.rs:945:5:
a publication landing during GC's reads (flip after the first, drain after read 2) got the published chunk reclaimed — a reading that took the committed inodes before the part records sees it in neither class (X67, `0016:2596`)

---- a_part_with_a_wrong_length_placement_holds_its_chunk stdout ----

thread 'a_part_with_a_wrong_length_placement_holds_its_chunk' (1903476) panicked at crates/custodian/tests/staged_protection.rs:1194:9:
the post-restore pass marked FragmentId { chunk: 3882, index: 0 } on server 0 although the staged record part:f2f2f2f2f2f2f2f2f2f2f2f2f2f2f2f2:000003 names its chunk: RestoreReport { stranded_marked: 6, already_marked: 0, pending_skipped: 0, pending_unreadable: [], displaced_kept: 0, dangling: [], misplaced: [], under_replicated: [], unresolvable: [] }

---- a_part_commit_between_its_two_reads_leaves_the_chunk_protected stdout ----

thread 'a_part_commit_between_its_two_reads_leaves_the_chunk_protected' (1903474) panicked at crates/custodian/tests/staged_protection.rs:876:5:
a part commit landing between GC's reads of the owned range and the part range got the chunk reclaimed — a reading that took the destination before the source sees it in neither class (`0016:782-800`)

---- an_owned_key_naming_no_chunk_withholds_both_passes stdout ----

thread 'an_owned_key_naming_no_chunk_withholds_both_passes' (1903481) panicked at crates/custodian/tests/staged_protection.rs:1077:9:
the post-restore pass marked FragmentId { chunk: 3633, index: 0 } on server 1 while the staged record sidx:e3e3e3e3e3e3e3e3e3e3e3e3e3e3e3e3:000002:no-chunk could not be read — the fragments it owns cannot be told from strays: RestoreReport { stranded_marked: 3, already_marked: 0, pending_skipped: 0, pending_unreadable: [], displaced_kept: 0, dangling: [], misplaced: [], under_replicated: [], unresolvable: [] }

---- an_owned_entry_with_a_wrong_length_placement_holds_its_chunk stdout ----

thread 'an_owned_entry_with_a_wrong_length_placement_holds_its_chunk' (1903480) panicked at crates/custodian/tests/staged_protection.rs:1194:9:
the post-restore pass marked FragmentId { chunk: 3866, index: 0 } on server 0 although the staged record sidx:f1f1f1f1f1f1f1f1f1f1f1f1f1f1f1f1:000003:3866 names its chunk: RestoreReport { stranded_marked: 6, already_marked: 0, pending_skipped: 0, pending_unreadable: [], displaced_kept: 0, dangling: [], misplaced: [], under_replicated: [], unresolvable: [] }

---- an_undecodable_owned_value_holds_its_chunk stdout ----

thread 'an_undecodable_owned_value_holds_its_chunk' (1903482) panicked at crates/custodian/tests/staged_protection.rs:1194:9:
the post-restore pass marked FragmentId { chunk: 3898, index: 0 } on server 0 although the staged record sidx:f3f3f3f3f3f3f3f3f3f3f3f3f3f3f3f3:000003:3898 names its chunk: RestoreReport { stranded_marked: 6, already_marked: 0, pending_skipped: 0, pending_unreadable: [], displaced_kept: 0, dangling: [], misplaced: [], under_replicated: [], unresolvable: [] }

---- a_publication_flipped_and_drained_between_the_reads_leaves_the_chunk_protected stdout ----

thread 'a_publication_flipped_and_drained_between_the_reads_leaves_the_chunk_protected' (1903477) panicked at crates/custodian/tests/staged_protection.rs:945:5:
a publication landing during GC's reads (flip after the first, drain after read 1) got the published chunk reclaimed — a reading that took the committed inodes before the part records sees it in neither class (X67, `0016:2596`)

---- an_undecodable_part_record_withholds_both_passes stdout ----

thread 'an_undecodable_part_record_withholds_both_passes' (1903483) panicked at crates/custodian/tests/staged_protection.rs:1077:9:
the post-restore pass marked FragmentId { chunk: 3601, index: 0 } on server 1 while the staged record part:e1e1e1e1e1e1e1e1e1e1e1e1e1e1e1e1:000002 could not be read — the fragments it owns cannot be told from strays: RestoreReport { stranded_marked: 3, already_marked: 0, pending_skipped: 0, pending_unreadable: [], displaced_kept: 0, dangling: [], misplaced: [], under_replicated: [], unresolvable: [] }

---- restore_marks_no_staged_fragment_and_gc_then_keeps_them stdout ----

thread 'restore_marks_no_staged_fragment_and_gc_then_keeps_them' (1903486) panicked at crates/custodian/tests/staged_protection.rs:799:9:
the post-restore pass marked the committed part (`part:`) fragment FragmentId { chunk: 2832, index: 0 } of a Open session stranded — the next GC pass deletes a staged byte its record still names

---- gc_keeps_every_staged_fragment_in_every_session_state stdout ----

thread 'gc_keeps_every_staged_fragment_in_every_session_state' (1903485) panicked at crates/custodian/tests/staged_protection.rs:752:9:
GC reclaimed the committed part (`part:`) fragment FragmentId { chunk: 2576, index: 0 } of a Open session on server 0 — staged bytes with a mark past grace are protected by their record, whatever the session's state


failures:
    a_fault_reading_a_session_owned_range_fails_both_passes
    a_fault_reading_a_session_part_range_fails_both_passes
    a_fault_reading_the_session_listing_fails_both_passes
    a_part_commit_between_its_two_reads_leaves_the_chunk_protected
    a_part_key_the_parser_rejects_withholds_both_passes
    a_part_with_a_wrong_length_placement_holds_its_chunk
    a_publication_flipped_and_drained_between_the_reads_leaves_the_chunk_protected
    a_publication_flipped_between_the_reads_and_drained_after_leaves_the_chunk_protected
    a_session_key_naming_no_upload_withholds_both_passes
    an_owned_entry_with_a_wrong_length_placement_holds_its_chunk
    an_owned_key_naming_no_chunk_withholds_both_passes
    an_undecodable_owned_value_holds_its_chunk
    an_undecodable_part_record_withholds_both_passes
    gc_keeps_every_staged_fragment_in_every_session_state
    restore_marks_no_staged_fragment_and_gc_then_keeps_them

test result: FAILED. 2 passed; 15 failed; 0 ignored; 0 measured; 0 filtered out; finished in 0.00s

error: test failed, to rerun pass `-p wyrd-custodian --test staged_protection`
run-verify.sh: PASS — red without the fix, green with it (17 test(s) ran red).
