# gate: C4-verify — per-fix red->green: this patch's test red pre-fix, green post-fix
# cmd: ./engine/scripts/run-verify.sh
# cwd: /home/eddie/wyrd/wyrd-pdca
# PDCA_WORKTREE: /home/eddie/wyrd/wyrd.pdca-wt-l0
# start: 2026-10-04T02:18:21+00:00
# duration_secs: 9.06
# exit: 0
# outcome: pass
# ---- combined stdout+stderr (verbatim) ----
run-verify.sh: GREEN — cargo test -p wyrd-validate --test s3_client_upload_peers (fix applied)

running 12 tests
............
test result: ok. 12 passed; 0 failed; 0 ignored; 0 measured; 0 filtered out; finished in 3.03s
run-verify.sh: RED — cargo test -p wyrd-validate --test s3_client_upload_peers (production reverted, test kept)

running 12 tests
a_source_that_gave_its_declared_length_and_held_an_extra_byte_is_not_a_receipt --- FAILED
a_source_that_fails_after_the_acknowledgement_is_the_body_error --- FAILED
. 3/12
a_rejection_whose_body_is_on_its_way_is_the_servers_error_not_the_sources --- FAILED
a_source_that_fails_while_the_acknowledgements_body_is_on_its_way_is_the_body_error --- FAILED
a_source_that_ended_before_the_acknowledgement_is_a_receipt --- FAILED
a_final_piece_ready_once_the_client_has_read_the_acknowledgement_is_the_body_error --- FAILED
a_source_that_gave_its_whole_length_but_held_its_end_is_not_a_receipt --- FAILED
an_acknowledgement_before_the_source_is_done_is_the_body_error --- FAILED
an_acknowledgement_under_backpressure_is_the_body_error_and_releases_the_upload --- FAILED
a_final_piece_ready_while_the_acknowledgements_body_is_on_its_way_is_the_body_error --- FAILED
a_peer_that_stops_reading_and_never_answers_is_the_operation_timeout --- FAILED

failures:

---- a_source_that_gave_its_declared_length_and_held_an_extra_byte_is_not_a_receipt stdout ----

thread 'a_source_that_gave_its_declared_length_and_held_an_extra_byte_is_not_a_receipt' (2949895) panicked at crates/validate/tests/s3_client_upload_peers.rs:991:5:
an acknowledgement that arrived before the source had ended must be the body error for exactly that, `AcknowledgedEarly`: Run { outcome: Err(Body(SourceLength { declared: 10, produced: 11 })), declared: 10, elapsed: 13.496046ms, dropped_at_return: true, given_at_return: 11, ended_at_return: false, peer: Some(PeerReport { backed_up: NotWaited, parked: BeforeAnswer, answered: true, late_body_written: None, client_close: After(1.933315ms), closed: Eof { drained: 0, after: 1.947952ms } }) }
note: run with `RUST_BACKTRACE=1` environment variable to display a backtrace

---- a_source_that_fails_after_the_acknowledgement_is_the_body_error stdout ----

thread 'a_source_that_fails_after_the_acknowledgement_is_the_body_error' (2949893) panicked at crates/validate/tests/s3_client_upload_peers.rs:991:5:
an acknowledgement that arrived before the source had ended must be the body error for exactly that, `AcknowledgedEarly`: Run { outcome: Err(Body(SourceFailed { produced: 4, detail: "the source failed after the acknowledgement" })), declared: 10, elapsed: 14.287378ms, dropped_at_return: true, given_at_return: 4, ended_at_return: false, peer: Some(PeerReport { backed_up: NotWaited, parked: BeforeAnswer, answered: true, late_body_written: None, client_close: After(2.107283ms), closed: Eof { drained: 0, after: 2.119766ms } }) }

---- a_rejection_whose_body_is_on_its_way_is_the_servers_error_not_the_sources stdout ----

thread 'a_rejection_whose_body_is_on_its_way_is_the_servers_error_not_the_sources' (2949891) panicked at crates/validate/tests/s3_client_upload_peers.rs:1085:5:
assertion `left == right` failed: an early rejection must be the server's error, never a source failure that came after it: Run { outcome: Err(Body(SourceFailed { produced: 4, detail: "the source failed after the acknowledgement" })), declared: 10, elapsed: 14.122106ms, dropped_at_return: true, given_at_return: 4, ended_at_return: false, peer: Some(PeerReport { backed_up: NotWaited, parked: BeforeAnswer, answered: true, late_body_written: Some(true), client_close: After(498.772607ms), closed: Eof { drained: 0, after: 498.814246ms } }) }
  left: Err(Body(SourceFailed { produced: 4, detail: "the source failed after the acknowledgement" }))
 right: Err(Service { status: 403, code: Code("AccessDenied"), message: Some("Access Denied"), request_id: Some("early") })

---- a_source_that_fails_while_the_acknowledgements_body_is_on_its_way_is_the_body_error stdout ----

thread 'a_source_that_fails_while_the_acknowledgements_body_is_on_its_way_is_the_body_error' (2949894) panicked at crates/validate/tests/s3_client_upload_peers.rs:991:5:
an acknowledgement that arrived before the source had ended must be the body error for exactly that, `AcknowledgedEarly`: Run { outcome: Err(Body(SourceFailed { produced: 4, detail: "the source failed after the acknowledgement" })), declared: 10, elapsed: 13.668641ms, dropped_at_return: true, given_at_return: 4, ended_at_return: false, peer: Some(PeerReport { backed_up: NotWaited, parked: BeforeAnswer, answered: true, late_body_written: Some(true), client_close: After(500.401448ms), closed: Eof { drained: 0, after: 500.434611ms } }) }

---- a_source_that_ended_before_the_acknowledgement_is_a_receipt stdout ----

thread 'a_source_that_ended_before_the_acknowledgement_is_a_receipt' (2949892) panicked at crates/validate/tests/s3_client_upload_peers.rs:906:5:
the client's socket was not seen out of ESTABLISHED within 1s of the call's end: the client had not closed the connection in time. PeerReport { backed_up: NotWaited, parked: NotWaited, answered: true, late_body_written: None, client_close: Not, closed: StillOpen { drained: 0 } }; Run { outcome: Ok(PutOutcome { etag: None }), declared: 10, elapsed: 9.931134ms, dropped_at_return: true, given_at_return: 10, ended_at_return: true, peer: Some(PeerReport { backed_up: NotWaited, parked: NotWaited, answered: true, late_body_written: None, client_close: Not, closed: StillOpen { drained: 0 } }) }

---- a_final_piece_ready_once_the_client_has_read_the_acknowledgement_is_the_body_error stdout ----

thread 'a_final_piece_ready_once_the_client_has_read_the_acknowledgement_is_the_body_error' (2949887) panicked at crates/validate/tests/s3_client_upload_peers.rs:986:9:
an acknowledgement that arrived before the source had ended must be the body error carrying request id `early`, never a receipt: Run { outcome: Ok(PutOutcome { etag: None }), declared: 10, elapsed: 14.194532ms, dropped_at_return: true, given_at_return: 10, ended_at_return: true, peer: Some(PeerReport { backed_up: NotWaited, parked: BeforeAnswer, answered: true, late_body_written: None, client_close: Not, closed: StillOpen { drained: 303 } }) }

---- a_source_that_gave_its_whole_length_but_held_its_end_is_not_a_receipt stdout ----

thread 'a_source_that_gave_its_whole_length_but_held_its_end_is_not_a_receipt' (2949896) panicked at crates/validate/tests/s3_client_upload_peers.rs:986:9:
an acknowledgement that arrived before the source had ended must be the body error carrying request id `early`, never a receipt: Run { outcome: Ok(PutOutcome { etag: None }), declared: 10, elapsed: 14.105765ms, dropped_at_return: true, given_at_return: 10, ended_at_return: true, peer: Some(PeerReport { backed_up: NotWaited, parked: BeforeAnswer, answered: true, late_body_written: None, client_close: Not, closed: StillOpen { drained: 303 } }) }

---- an_acknowledgement_before_the_source_is_done_is_the_body_error stdout ----

thread 'an_acknowledgement_before_the_source_is_done_is_the_body_error' (2949897) panicked at crates/validate/tests/s3_client_upload_peers.rs:986:9:
an acknowledgement that arrived before the source had ended must be the body error carrying request id `early`, never a receipt: Run { outcome: Ok(PutOutcome { etag: None }), declared: 67108864, elapsed: 60.177068ms, dropped_at_return: false, given_at_return: 3145728, ended_at_return: false, peer: Some(PeerReport { backed_up: NotWaited, parked: NotWaited, answered: true, late_body_written: None, client_close: Not, closed: StillOpen { drained: 122973 } }) }

---- an_acknowledgement_under_backpressure_is_the_body_error_and_releases_the_upload stdout ----

thread 'an_acknowledgement_under_backpressure_is_the_body_error_and_releases_the_upload' (2949898) panicked at crates/validate/tests/s3_client_upload_peers.rs:986:9:
an acknowledgement that arrived before the source had ended must be the body error carrying request id `early`, never a receipt: Run { outcome: Ok(PutOutcome { etag: None }), declared: 536870912, elapsed: 292.477759ms, dropped_at_return: false, given_at_return: 33554432, ended_at_return: false, peer: Some(PeerReport { backed_up: Yes(2500849), parked: NotWaited, answered: true, late_body_written: None, client_close: Not, closed: StillOpen { drained: 122973 } }) }

---- a_final_piece_ready_while_the_acknowledgements_body_is_on_its_way_is_the_body_error stdout ----

thread 'a_final_piece_ready_while_the_acknowledgements_body_is_on_its_way_is_the_body_error' (2949888) panicked at crates/validate/tests/s3_client_upload_peers.rs:986:9:
an acknowledgement that arrived before the source had ended must be the body error carrying request id `early`, never a receipt: Run { outcome: Ok(PutOutcome { etag: None }), declared: 10, elapsed: 511.976622ms, dropped_at_return: true, given_at_return: 10, ended_at_return: true, peer: Some(PeerReport { backed_up: NotWaited, parked: BeforeAnswer, answered: true, late_body_written: Some(true), client_close: Not, closed: StillOpen { drained: 303 } }) }

---- a_peer_that_stops_reading_and_never_answers_is_the_operation_timeout stdout ----

thread 'a_peer_that_stops_reading_and_never_answers_is_the_operation_timeout' (2949889) panicked at crates/validate/tests/s3_client_upload_peers.rs:887:5:
the source was still alive when put_object returned: the upload outlived its call. Run { outcome: Err(Timeout { phase: Operation, limit: 3s }), declared: 536870912, elapsed: 3.000968855s, dropped_at_return: false, given_at_return: 33554432, ended_at_return: false, peer: Some(PeerReport { backed_up: NotWaited, parked: NotWaited, answered: false, late_body_written: None, client_close: After(5.439145ms), closed: Eof { drained: 2623822, after: 6.049766ms } }) }


failures:
    a_final_piece_ready_once_the_client_has_read_the_acknowledgement_is_the_body_error
    a_final_piece_ready_while_the_acknowledgements_body_is_on_its_way_is_the_body_error
    a_peer_that_stops_reading_and_never_answers_is_the_operation_timeout
    a_rejection_whose_body_is_on_its_way_is_the_servers_error_not_the_sources
    a_source_that_ended_before_the_acknowledgement_is_a_receipt
    a_source_that_fails_after_the_acknowledgement_is_the_body_error
    a_source_that_fails_while_the_acknowledgements_body_is_on_its_way_is_the_body_error
    a_source_that_gave_its_declared_length_and_held_an_extra_byte_is_not_a_receipt
    a_source_that_gave_its_whole_length_but_held_its_end_is_not_a_receipt
    an_acknowledgement_before_the_source_is_done_is_the_body_error
    an_acknowledgement_under_backpressure_is_the_body_error_and_releases_the_upload

test result: FAILED. 1 passed; 11 failed; 0 ignored; 0 measured; 0 filtered out; finished in 3.02s

error: test failed, to rerun pass `-p wyrd-validate --test s3_client_upload_peers`
run-verify.sh: PASS — red without the fix, green with it (12 test(s) ran red).
