# gate C4-verify — attempt 1/1: pass (exit 0)
# cmd: ./engine/scripts/run-verify.sh
# cwd: /home/eddie/wyrd/wyrd-pdca
# PDCA_WORKTREE: /home/eddie/wyrd/wyrd.pdca-wt-l1
# started: 2026-08-03T08:50:48+02:00   duration: 7s

run-verify.sh: GREEN — cargo test -p wyrd-server --test gateway_recover_totality (fix applied)

running 5 tests
.....
test result: ok. 5 passed; 0 failed; 0 ignored; 0 measured; 0 filtered out; finished in 0.08s
run-verify.sh: RED — cargo test -p wyrd-server --test gateway_recover_totality (production reverted, test kept)

running 5 tests
a_damaged_counter_is_reseeded_even_when_the_proven_floor_is_the_allocator_default --- FAILED
an_exhausted_inode_space_fails_the_next_put_closed_rather_than_wrapping_the_allocator --- FAILED
recover_is_total_over_a_damaged_next_inode_counter_and_reseeds_it --- FAILED
recover_is_total_over_damaged_inode_records_and_attributes_each --- FAILED
recover_is_total_over_a_store_whose_scan_refuses_and_pages_the_whole_namespace --- FAILED

failures:

---- a_damaged_counter_is_reseeded_even_when_the_proven_floor_is_the_allocator_default stdout ----

thread 'a_damaged_counter_is_reseeded_even_when_the_proven_floor_is_the_allocator_default' (3821573) panicked at crates/server/tests/gateway_recover_totality.rs:449:17:
recover() must be Ok(()) over a damaged allocator on an empty store: ParseIntError { kind: InvalidDigit }
note: run with `RUST_BACKTRACE=1` environment variable to display a backtrace

---- an_exhausted_inode_space_fails_the_next_put_closed_rather_than_wrapping_the_allocator stdout ----

thread 'an_exhausted_inode_space_fails_the_next_put_closed_rather_than_wrapping_the_allocator' (3821574) panicked at crates/server/tests/gateway_recover_totality.rs:613:17:
recover() must be Ok(()) over the damaged ceiling record (criterion 1): Error("expected ident", line: 1, column: 2)

---- recover_is_total_over_a_damaged_next_inode_counter_and_reseeds_it stdout ----

thread 'recover_is_total_over_a_damaged_next_inode_counter_and_reseeds_it' (3821575) panicked at crates/server/tests/gateway_recover_totality.rs:372:17:
recover() must be Ok(()) over a damaged `meta:next_inode`: the allocator is one record, and a recovery that refuses over it costs every healthy object its availability just as surely as a damaged inode record does (issue #652): Utf8Error { valid_up_to: 0, error_len: Some(1) }

---- recover_is_total_over_damaged_inode_records_and_attributes_each stdout ----

thread 'recover_is_total_over_damaged_inode_records_and_attributes_each' (3821577) panicked at crates/server/tests/gateway_recover_totality.rs:274:17:
recover() must be Ok(()) over a store holding records it cannot read — an Err here costs every healthy object its availability (issue #652 criterion 1): Error("expected ident", line: 1, column: 2)

---- recover_is_total_over_a_store_whose_scan_refuses_and_pages_the_whole_namespace stdout ----

thread 'recover_is_total_over_a_store_whose_scan_refuses_and_pages_the_whole_namespace' (3821576) panicked at crates/server/tests/gateway_recover_totality.rs:550:41:
recover() must be Ok(()) even though scan() refuses on every call (issue #652 criterion 2): the walk must read its namespaces in bounded pages via scan_page: ScanCapExceeded { cap: 1048576, prefix: [105, 110, 111, 100, 101, 58] }


failures:
    a_damaged_counter_is_reseeded_even_when_the_proven_floor_is_the_allocator_default
    an_exhausted_inode_space_fails_the_next_put_closed_rather_than_wrapping_the_allocator
    recover_is_total_over_a_damaged_next_inode_counter_and_reseeds_it
    recover_is_total_over_a_store_whose_scan_refuses_and_pages_the_whole_namespace
    recover_is_total_over_damaged_inode_records_and_attributes_each

test result: FAILED. 0 passed; 5 failed; 0 ignored; 0 measured; 0 filtered out; finished in 0.07s

error: test failed, to rerun pass `-p wyrd-server --test gateway_recover_totality`
run-verify.sh: PASS — red without the fix, green with it.
