# gate: C4-diff-cov — diff coverage: changed lines executed by the patch's tests
# cmd: ./engine/scripts/run-diff-cov.sh
# cwd: /home/eddie/wyrd/wyrd-pdca
# PDCA_WORKTREE: /home/eddie/wyrd/wyrd.pdca-wt-l0
# start: 2026-09-20T01:15:21+00:00
# duration_secs: 4.58
# exit: 0
# outcome: pass
# ---- combined stdout+stderr (verbatim) ----
run-diff-cov.sh: MEASURE — cargo llvm-cov test -p wyrd-custodian --test staged_drain_status (fix applied)
info: cargo-llvm-cov currently setting cfg(coverage); you can opt-out it by passing --no-cfg-coverage
   Compiling wyrd-traits v0.0.0 (/home/eddie/wyrd/wyrd-cov-l0/crates/traits)
   Compiling wyrd-chunk-format v0.0.0 (/home/eddie/wyrd/wyrd-cov-l0/crates/chunk-format)
   Compiling wyrd-telemetry v0.0.0 (/home/eddie/wyrd/wyrd-cov-l0/crates/telemetry)
   Compiling wyrd-testkit v0.0.0 (/home/eddie/wyrd/wyrd-cov-l0/crates/testkit)
   Compiling wyrd-core v0.0.0 (/home/eddie/wyrd/wyrd-cov-l0/crates/core)
   Compiling wyrd-coordination-mem v0.0.0 (/home/eddie/wyrd/wyrd-cov-l0/crates/coordination-mem)
   Compiling wyrd-chunkstore-fs v0.0.0 (/home/eddie/wyrd/wyrd-cov-l0/crates/chunkstore-fs)
   Compiling wyrd-custodian v0.0.0 (/home/eddie/wyrd/wyrd-cov-l0/crates/custodian)
    Finished `test` profile [unoptimized + debuginfo] target(s) in 2.82s
     Running tests/staged_drain_status.rs (target/llvm-cov-target/debug/deps/staged_drain_status-4732ddbf8cbacec6)

running 7 tests
test a_committed_parts_fragment_holds_the_drain ... ok
test an_in_flight_owned_fragment_holds_the_drain ... ok
test a_server_holding_none_of_the_staged_bytes_still_drains ... ok
test a_staged_record_the_query_cannot_trust_blocks_every_drain ... ok
test every_server_that_does_carry_staged_bytes_holds_its_own_drain ... ok
test a_staged_record_the_query_cannot_read_blocks_every_drain ... ok
test rebalance_leaves_staged_bytes_alone_while_the_drain_stays_pending ... ok

test result: ok. 7 passed; 0 failed; 0 ignored; 0 measured; 0 filtered out; finished in 0.00s
run-diff-cov.sh: NOTE — 22 of 161 changed production lines carried a coverage
                 region; the other 139 are not scored either way. Most are simply not
                 executable (comments, `use`, declarations, bare delimiters). But code
                 compiled out by a #[cfg(...)] your feature selection does not enable looks
                 identical here, and this gate cannot tell the two apart (#222).
                 The largest unscored spans, so you can tell at a glance which it is:
run-diff-cov.sh:   UNSCORED crates/custodian/src/desired_state.rs:183-207 (25 lines)
run-diff-cov.sh:   UNSCORED crates/custodian/src/rebalance.rs:234-252 (19 lines)
run-diff-cov.sh:   UNSCORED crates/custodian/src/desired_state.rs:292-302 (11 lines)
run-diff-cov.sh:   UNSCORED crates/custodian/src/desired_state.rs:339-349 (11 lines)
run-diff-cov.sh:   UNSCORED crates/custodian/src/desired_state.rs:353-359 (7 lines)
run-diff-cov.sh:   UNSCORED crates/custodian/src/gc.rs:875-881 (7 lines)
run-diff-cov.sh:   … and 16 further span(s), none larger; all of them are in coverage/diff-cov.json
METRIC diff_cov=100.0 covered=22 instrumentable=22 unscored=139
run-diff-cov.sh: PASS — the patch's tests execute 100.0% of its 22 instrumentable changed
                 lines (floor 80%, 7 test(s) ran).
PDCA-EVIDENCE: diff coverage 100.0% — 22 of 22 instrumentable changed lines executed (floor 80%); 22 of 161 changed lines were instrumentable
