# gate: C4-verify — per-fix red->green: this patch's test red pre-fix, green post-fix
# cmd: ./engine/scripts/run-verify.sh
# cwd: /home/eddie/wyrd/wyrd-pdca
# PDCA_WORKTREE: /home/eddie/wyrd/wyrd.pdca-wt-l0
# start: 2026-09-20T01:15:18+00:00
# duration_secs: 2.83
# exit: 0
# outcome: pass
# ---- combined stdout+stderr (verbatim) ----
run-verify.sh: GREEN — cargo test -p wyrd-custodian --test staged_drain_status (fix applied)

running 7 tests
.......
test result: ok. 7 passed; 0 failed; 0 ignored; 0 measured; 0 filtered out; finished in 0.00s
run-verify.sh: RED — cargo test -p wyrd-custodian --test staged_drain_status (production reverted, test kept)

running 7 tests
a_committed_parts_fragment_holds_the_drain --- FAILED
an_in_flight_owned_fragment_holds_the_drain --- FAILED
. 3/7
a_staged_record_the_query_cannot_trust_blocks_every_drain --- FAILED
a_staged_record_the_query_cannot_read_blocks_every_drain --- FAILED
every_server_that_does_carry_staged_bytes_holds_its_own_drain --- FAILED
rebalance_leaves_staged_bytes_alone_while_the_drain_stays_pending --- FAILED

failures:

---- a_committed_parts_fragment_holds_the_drain stdout ----

thread 'a_committed_parts_fragment_holds_the_drain' (4016617) panicked at crates/custodian/tests/staged_drain_status.rs:490:5:
assertion `left == right` failed: a drain over a server holding a committed part's staged fragment must answer `Pending` — the part is durable and unpublished, and a Complete will publish a map naming it (0016:826); got Satisfied
  left: Satisfied
 right: Pending
note: run with `RUST_BACKTRACE=1` environment variable to display a backtrace

---- an_in_flight_owned_fragment_holds_the_drain stdout ----

thread 'an_in_flight_owned_fragment_holds_the_drain' (4016621) panicked at crates/custodian/tests/staged_drain_status.rs:448:5:
assertion `left == right` failed: a drain over a server holding a live upload's in-flight (`sidx:`) fragment must answer `Pending` — `Satisfied` tells the operator to wipe bytes the part is about to commit and a Complete is about to publish a map over (0016:827); got Satisfied
  left: Satisfied
 right: Pending

---- a_staged_record_the_query_cannot_trust_blocks_every_drain stdout ----

thread 'a_staged_record_the_query_cannot_trust_blocks_every_drain' (4016620) panicked at crates/custodian/tests/staged_drain_status.rs:845:9:
assertion `left == right` failed: a staged record whose placement cannot be trusted must block server 2's drain — it cannot be trusted to *not* name that server — and the answer must attribute the stall to the chunk; got Satisfied
  left: Satisfied
 right: PendingMalformed { chunks: [3618] }

---- a_staged_record_the_query_cannot_read_blocks_every_drain stdout ----

thread 'a_staged_record_the_query_cannot_read_blocks_every_drain' (4016619) panicked at crates/custodian/tests/staged_drain_status.rs:794:9:
assertion `left == right` failed: a staged record the query cannot read must block server 2's drain too — which chunks that upload owns is exactly what could not be read — and the answer must NAME the record to repair, or the stall has no way out; got Satisfied
  left: Satisfied
 right: PendingUnresolvable { objects: ["part:e1e1e1e1e1e1e1e1e1e1e1e1e1e1e1e1:000002"] }

---- every_server_that_does_carry_staged_bytes_holds_its_own_drain stdout ----

thread 'every_server_that_does_carry_staged_bytes_holds_its_own_drain' (4016622) panicked at crates/custodian/tests/staged_drain_status.rs:568:9:
assertion `left == right` failed: server 0 carries a staged fragment of this store's one upload, so its drain must answer `Pending`; got Satisfied
  left: Satisfied
 right: Pending

---- rebalance_leaves_staged_bytes_alone_while_the_drain_stays_pending stdout ----

thread 'rebalance_leaves_staged_bytes_alone_while_the_drain_stays_pending' (4016623) panicked at crates/custodian/tests/staged_drain_status.rs:675:5:
assertion `left == right` failed: while staged fragments sit on the draining server the operator's drain query must answer `Pending`, even though the rebalance loop has nothing to move: the bytes leave when the upload publishes, aborts or is reaped, not when a pass evacuates them (0016:881); got Satisfied
  left: Satisfied
 right: Pending


failures:
    a_committed_parts_fragment_holds_the_drain
    a_staged_record_the_query_cannot_read_blocks_every_drain
    a_staged_record_the_query_cannot_trust_blocks_every_drain
    an_in_flight_owned_fragment_holds_the_drain
    every_server_that_does_carry_staged_bytes_holds_its_own_drain
    rebalance_leaves_staged_bytes_alone_while_the_drain_stays_pending

test result: FAILED. 1 passed; 6 failed; 0 ignored; 0 measured; 0 filtered out; finished in 0.00s

error: test failed, to rerun pass `-p wyrd-custodian --test staged_drain_status`
run-verify.sh: PASS — red without the fix, green with it (7 test(s) ran red).
