# gate C4-verify — attempt 1/1: unverifiable (exit 77)
# cmd: ./engine/scripts/run-verify.sh
# cwd: /home/eddie/wyrd/wyrd-pdca
# PDCA_WORKTREE: /home/eddie/wyrd/wyrd.pdca-wt
# started: 2026-08-11T04:13:25+02:00   duration: 2s

run-verify.sh: GREEN — cargo test -p wyrd-core --test multipart_session_records (fix applied)

running 27 tests
...........................
test result: ok. 27 passed; 0 failed; 0 ignored; 0 measured; 0 filtered out; finished in 0.00s
run-verify.sh: RED — cargo test -p wyrd-core --test multipart_session_records (production reverted, test kept)
error[E0432]: unresolved imports `wyrd_core::multipart::decode_part_record`, `wyrd_core::multipart::decode_part_summary`, `wyrd_core::multipart::decode_session_record`, `wyrd_core::multipart::decode_slot_record`, `wyrd_core::multipart::Completion`, `wyrd_core::multipart::PartSummary`, `wyrd_core::multipart::PublishTarget`, `wyrd_core::multipart::SessionState`
  --> crates/core/tests/multipart_session_records.rs:36:5
   |
36 |     decode_part_record, decode_part_summary, decode_session_record, decode_slot_record, Completion,
   |     ^^^^^^^^^^^^^^^^^^  ^^^^^^^^^^^^^^^^^^^  ^^^^^^^^^^^^^^^^^^^^^  ^^^^^^^^^^^^^^^^^^  ^^^^^^^^^^ no `Completion` in `multipart`
   |     |                   |                    |                      |
   |     |                   |                    |                      no `decode_slot_record` in `multipart`
   |     |                   |                    no `decode_session_record` in `multipart`
   |     |                   no `decode_part_summary` in `multipart`
   |     no `decode_part_record` in `multipart`
37 |     PartSummary, PublishTarget, RecordError, SessionState,
   |     ^^^^^^^^^^^  ^^^^^^^^^^^^^               ^^^^^^^^^^^^ no `SessionState` in `multipart`
   |     |            |
   |     |            no `PublishTarget` in `multipart`
   |     no `PartSummary` in `multipart`
   |
help: a similar name exists in the module
   |
36 -     decode_part_record, decode_part_summary, decode_session_record, decode_slot_record, Completion,
36 +     decode_part_record, decode_part_summary, decode_admission_record, decode_slot_record, Completion,
   |

error[E0599]: no variant named `PublishTargetKeyMismatch` found for enum `RecordError`
   --> crates/core/tests/multipart_session_records.rs:406:26
    |
406 |         Err(RecordError::PublishTargetKeyMismatch {
    |                          ^^^^^^^^^^^^^^^^^^^^^^^^ variant not found in `RecordError`

error[E0599]: no variant named `PublishTargetKeyMismatch` found for enum `RecordError`
   --> crates/core/tests/multipart_session_records.rs:417:26
    |
417 |         Err(RecordError::PublishTargetKeyMismatch {
    |                          ^^^^^^^^^^^^^^^^^^^^^^^^ variant not found in `RecordError`

error[E0599]: no variant named `PublishTargetEpochMismatch` found for enum `RecordError`
   --> crates/core/tests/multipart_session_records.rs:435:26
    |
435 |         Err(RecordError::PublishTargetEpochMismatch {
    |                          ^^^^^^^^^^^^^^^^^^^^^^^^^^ variant not found in `RecordError`

error[E0599]: no variant named `ChunkSchemeUnsupported` found for enum `RecordError`
   --> crates/core/tests/multipart_session_records.rs:452:26
    |
452 |         Err(RecordError::ChunkSchemeUnsupported {
    |                          ^^^^^^^^^^^^^^^^^^^^^^ variant not found in `RecordError`

error[E0599]: no variant named `SlotLeaseAlreadyLapsed` found for enum `RecordError`
   --> crates/core/tests/multipart_session_records.rs:469:26
    |
469 |         Err(RecordError::SlotLeaseAlreadyLapsed {
    |                          ^^^^^^^^^^^^^^^^^^^^^^ variant not found in `RecordError`

error[E0599]: no variant named `PartLengthMismatch` found for enum `RecordError`
   --> crates/core/tests/multipart_session_records.rs:521:26
    |
521 |         Err(RecordError::PartLengthMismatch {
    |                          ^^^^^^^^^^^^^^^^^^ variant not found in `RecordError`

error[E0599]: no variant named `PartLengthOverflow` found for enum `RecordError`
   --> crates/core/tests/multipart_session_records.rs:540:26
    |
540 |         Err(RecordError::PartLengthOverflow { chunks: 2 })
    |                          ^^^^^^^^^^^^^^^^^^ variant not found in `RecordError`

Some errors have detailed explanations: E0432, E0599.
For more information about an error, try `rustc --explain E0432`.
error: could not compile `wyrd-core` (test "multipart_session_records") due to 8 previous errors
run-verify.sh: UNVERIFIABLE — the RED leg's cargo run failed (status 101) WITHOUT
               running a test, so no RED was established. This is NOT 'red without the
               fix' — the discriminator never executed. The usual cause is that it does
               not COMPILE against the reverted base: it calls production API this patch
               adds, so reverting the fix removes the symbol it needs. Split the test so
               it exercises the behaviour through pre-existing API, or record at sign-off
               why this slice has no isolable red (the cargo output is above).
