# gate C4-verify — attempt 1/1: pass (exit 0)
# cmd: ./engine/scripts/run-verify.sh
# cwd: /home/eddie/wyrd/wyrd-pdca
# PDCA_WORKTREE: /home/eddie/wyrd/wyrd.pdca-wt-l1
# started: 2026-08-04T11:58:11+02:00   duration: 6s

run-verify.sh: GREEN — cargo test -p wyrd-server --test gateway_recover_totality (fix applied)

running 3 tests
...
test result: ok. 3 passed; 0 failed; 0 ignored; 0 measured; 0 filtered out; finished in 0.07s
run-verify.sh: RED — cargo test -p wyrd-server --test gateway_recover_totality (production reverted, test kept)

running 3 tests
recover_is_total_over_an_undecodable_inode_record --- FAILED
recover_is_total_over_a_segmented_root --- FAILED
recover_is_total_over_a_corrupt_next_inode_counter --- FAILED

failures:

---- recover_is_total_over_an_undecodable_inode_record stdout ----

thread 'recover_is_total_over_an_undecodable_inode_record' (2185581) panicked at crates/server/tests/gateway_recover_totality.rs:205:13:
recover() must return Ok(()) over a store holding one undecodable inode: record — refusing to start costs every HEALTHY object its availability over one damaged one: "expected ident at line 1 column 2"
note: run with `RUST_BACKTRACE=1` environment variable to display a backtrace

---- recover_is_total_over_a_segmented_root stdout ----

thread 'recover_is_total_over_a_segmented_root' (2185580) panicked at crates/server/tests/gateway_recover_totality.rs:273:13:
recover() must return Ok(()) over a store holding a structurally valid SEGMENTED root — a shape this walk cannot resolve chunk ids from is still a record it must contain, not a reason to refuse to start: "high_water_marks met a segmented chunk map, which this build cannot yet resolve"

---- recover_is_total_over_a_corrupt_next_inode_counter stdout ----

thread 'recover_is_total_over_a_corrupt_next_inode_counter' (2185579) panicked at crates/server/tests/gateway_recover_totality.rs:332:13:
recover() must return Ok(()) with an unreadable meta:next_inode — a counter whose bytes cannot be read must not stop the gateway from starting: "invalid digit found in string"


failures:
    recover_is_total_over_a_corrupt_next_inode_counter
    recover_is_total_over_a_segmented_root
    recover_is_total_over_an_undecodable_inode_record

test result: FAILED. 0 passed; 3 failed; 0 ignored; 0 measured; 0 filtered out; finished in 0.06s

error: test failed, to rerun pass `-p wyrd-server --test gateway_recover_totality`
run-verify.sh: PASS — red without the fix, green with it.
