# gate: C4-verify — per-fix red->green: this patch's test red pre-fix, green post-fix
# cmd: ./engine/scripts/run-verify.sh
# cwd: /home/eddie/wyrd/wyrd-pdca
# PDCA_WORKTREE: /home/eddie/wyrd/wyrd.pdca-wt-l0
# start: 2026-10-01T19:54:07+00:00
# duration_secs: 4.13
# exit: 0
# outcome: pass
# ---- combined stdout+stderr (verbatim) ----
run-verify.sh: GREEN — cargo test -p wyrd-custodian --test segmented_map_repoint (fix applied)

running 12 tests
............
test result: ok. 12 passed; 0 failed; 0 ignored; 0 measured; 0 filtered out; finished in 0.15s
run-verify.sh: RED — cargo test -p wyrd-custodian --test segmented_map_repoint (production reverted, test kept)

running 12 tests
a_flat_chunk_past_a_length_overflow_is_contained_not_left_conflicting --- FAILED
a_superseded_root_generation_makes_the_repair_lose --- FAILED
a_racing_move_of_a_sibling_chunk_in_the_same_segment_record_is_merged --- FAILED
a_segmented_objects_under_replicated_chunk_is_repaired_in_its_own_record --- FAILED
two_obligations_meeting_one_torn_record_are_one_containment --- FAILED
a_segmented_object_under_an_unparsable_key_is_contained_not_skipped --- FAILED
a_segment_record_torn_under_the_move_is_contained --- FAILED
a_flat_record_whose_version_cannot_advance_is_contained_not_wrapped --- FAILED
a_racing_move_of_the_planned_chunk_itself_is_a_conflict --- FAILED
a_store_fault_under_the_moves_own_read_ends_the_pass --- FAILED
a_segmented_object_under_a_noncanonical_key_is_contained_not_retried_forever --- FAILED
.
failures:

---- a_flat_chunk_past_a_length_overflow_is_contained_not_left_conflicting stdout ----

thread 'a_flat_chunk_past_a_length_overflow_is_contained_not_left_conflicting' (2012675) panicked at crates/custodian/tests/segmented_map_repoint.rs:819:5:
assertion `left == right` failed: {"timestamp":"2026-10-01T19:54:11.353986Z","level":"INFO","fields":{"histogram.reconstruction_queue_depth":1},"target":"wyrd_custodian::reconstruction"}
{"timestamp":"2026-10-01T19:54:11.354132Z","level":"INFO","fields":{"gauge.reconstruction_under_replicated":1},"target":"wyrd_custodian::reconstruction"}
{"timestamp":"2026-10-01T19:54:11.354384Z","level":"WARN","fields":{"gauge.reconstruction_unreachable":0},"target":"wyrd_custodian::reconstruction"}
{"timestamp":"2026-10-01T19:54:11.354392Z","level":"WARN","fields":{"gauge.reconstruction_repair_blocked":0},"target":"wyrd_custodian::reconstruction"}
{"timestamp":"2026-10-01T19:54:11.354399Z","level":"INFO","fields":{"monotonic_counter.reconstruction_repaired":1},"target":"wyrd_custodian::reconstruction"}
{"timestamp":"2026-10-01T19:54:11.354405Z","level":"INFO","fields":{"histogram.reconstruction_time_to_repair_millis":10000},"target":"wyrd_custodian::reconstruction"}
{"timestamp":"2026-10-01T19:54:11.354414Z","level":"INFO","fields":{"message":"reconstruction is rebuilding the missing shard(s) and repointing the placement record","action":"repair","chunk":"0000000000000000000000000000a200","rebuilt":1},"target":"wyrd.custodian.reconstruction.audit"}

  left: Changed
 right: Blocked
note: run with `RUST_BACKTRACE=1` environment variable to display a backtrace

---- a_superseded_root_generation_makes_the_repair_lose stdout ----

thread 'a_superseded_root_generation_makes_the_repair_lose' (2012685) panicked at crates/custodian/tests/segmented_map_repoint.rs:443:5:
fixture: the race never landed

---- a_racing_move_of_a_sibling_chunk_in_the_same_segment_record_is_merged stdout ----

thread 'a_racing_move_of_a_sibling_chunk_in_the_same_segment_record_is_merged' (2012677) panicked at crates/custodian/tests/segmented_map_repoint.rs:538:5:
assertion `left == right` failed: the repair still lands
  left: Blocked
 right: Changed

---- a_segmented_objects_under_replicated_chunk_is_repaired_in_its_own_record stdout ----

thread 'a_segmented_objects_under_replicated_chunk_is_repaired_in_its_own_record' (2012683) panicked at crates/custodian/tests/segmented_map_repoint.rs:479:5:
assertion `left == right` failed: a repair that moved a placement: {"timestamp":"2026-10-01T19:54:11.354072Z","level":"INFO","fields":{"histogram.reconstruction_queue_depth":1},"target":"wyrd_custodian::reconstruction"}
{"timestamp":"2026-10-01T19:54:11.354405Z","level":"WARN","fields":{"monotonic_counter.reconstruction_refused_records":1},"target":"wyrd_custodian::reconstruction"}
{"timestamp":"2026-10-01T19:54:11.354427Z","level":"WARN","fields":{"message":"reconstruction refused a repair for a chunk whose committed reference lives in a segmented record; nothing was written, the obligation stays queued, and the pass does not certify","action":"refused-segmented","inode":"inode:1"},"target":"wyrd.custodian.reconstruction.audit"}
{"timestamp":"2026-10-01T19:54:11.354473Z","level":"INFO","fields":{"gauge.reconstruction_under_replicated":0},"target":"wyrd_custodian::reconstruction"}
{"timestamp":"2026-10-01T19:54:11.354488Z","level":"WARN","fields":{"gauge.reconstruction_unreachable":0},"target":"wyrd_custodian::reconstruction"}
{"timestamp":"2026-10-01T19:54:11.354502Z","level":"WARN","fields":{"gauge.reconstruction_repair_blocked":0},"target":"wyrd_custodian::reconstruction"}

  left: Blocked
 right: Changed

---- two_obligations_meeting_one_torn_record_are_one_containment stdout ----

thread 'two_obligations_meeting_one_torn_record_are_one_containment' (2012686) panicked at crates/custodian/tests/segmented_map_repoint.rs:717:5:
assertion `left == right` failed: ONE name and ONE count for the object, however many obligations meet it: {"timestamp":"2026-10-01T19:54:11.354090Z","level":"INFO","fields":{"histogram.reconstruction_queue_depth":2},"target":"wyrd_custodian::reconstruction"}
{"timestamp":"2026-10-01T19:54:11.354314Z","level":"WARN","fields":{"monotonic_counter.reconstruction_refused_records":1},"target":"wyrd_custodian::reconstruction"}
{"timestamp":"2026-10-01T19:54:11.354390Z","level":"WARN","fields":{"message":"reconstruction refused a repair for a chunk whose committed reference lives in a segmented record; nothing was written, the obligation stays queued, and the pass does not certify","action":"refused-segmented","inode":"inode:1"},"target":"wyrd.custodian.reconstruction.audit"}
{"timestamp":"2026-10-01T19:54:11.354440Z","level":"INFO","fields":{"gauge.reconstruction_under_replicated":0},"target":"wyrd_custodian::reconstruction"}
{"timestamp":"2026-10-01T19:54:11.354455Z","level":"WARN","fields":{"gauge.reconstruction_unreachable":0},"target":"wyrd_custodian::reconstruction"}
{"timestamp":"2026-10-01T19:54:11.354470Z","level":"WARN","fields":{"gauge.reconstruction_repair_blocked":0},"target":"wyrd_custodian::reconstruction"}

  left: (0, 0, true)
 right: (1, 1, true)

---- a_segmented_object_under_an_unparsable_key_is_contained_not_skipped stdout ----

thread 'a_segmented_object_under_an_unparsable_key_is_contained_not_skipped' (2012682) panicked at crates/custodian/tests/segmented_map_repoint.rs:764:5:
assertion `left == right` failed: nothing drains over a reading with a hole in it
  left: [41472]
 right: [3584, 41472]

---- a_segment_record_torn_under_the_move_is_contained stdout ----

thread 'a_segment_record_torn_under_the_move_is_contained' (2012680) panicked at crates/custodian/tests/segmented_map_repoint.rs:717:5:
assertion `left == right` failed: ONE name and ONE count for the object, however many obligations meet it: {"timestamp":"2026-10-01T19:54:11.354325Z","level":"INFO","fields":{"histogram.reconstruction_queue_depth":1},"target":"wyrd_custodian::reconstruction"}
{"timestamp":"2026-10-01T19:54:11.354575Z","level":"WARN","fields":{"monotonic_counter.reconstruction_refused_records":1},"target":"wyrd_custodian::reconstruction"}
{"timestamp":"2026-10-01T19:54:11.354594Z","level":"WARN","fields":{"message":"reconstruction refused a repair for a chunk whose committed reference lives in a segmented record; nothing was written, the obligation stays queued, and the pass does not certify","action":"refused-segmented","inode":"inode:1"},"target":"wyrd.custodian.reconstruction.audit"}
{"timestamp":"2026-10-01T19:54:11.354633Z","level":"INFO","fields":{"gauge.reconstruction_under_replicated":0},"target":"wyrd_custodian::reconstruction"}
{"timestamp":"2026-10-01T19:54:11.354646Z","level":"WARN","fields":{"gauge.reconstruction_unreachable":0},"target":"wyrd_custodian::reconstruction"}
{"timestamp":"2026-10-01T19:54:11.354658Z","level":"WARN","fields":{"gauge.reconstruction_repair_blocked":0},"target":"wyrd_custodian::reconstruction"}

  left: (0, 0, true)
 right: (1, 1, true)

---- a_flat_record_whose_version_cannot_advance_is_contained_not_wrapped stdout ----

thread 'a_flat_record_whose_version_cannot_advance_is_contained_not_wrapped' (2012676) panicked at crates/custodian/src/reconstruction.rs:1157:18:
attempt to add with overflow

---- a_racing_move_of_the_planned_chunk_itself_is_a_conflict stdout ----

thread 'a_racing_move_of_the_planned_chunk_itself_is_a_conflict' (2012678) panicked at crates/custodian/tests/segmented_map_repoint.rs:459:5:
assertion `left == right` failed: a lost CAS is a retry, not a hole: the next pass re-plans onto the winner's bytes
  left: Blocked
 right: Satisfied

---- a_store_fault_under_the_moves_own_read_ends_the_pass stdout ----

thread 'a_store_fault_under_the_moves_own_read_ends_the_pass' (2012684) panicked at crates/custodian/tests/segmented_map_repoint.rs:868:5:
fixture: the fault never fired

---- a_segmented_object_under_a_noncanonical_key_is_contained_not_retried_forever stdout ----

thread 'a_segmented_object_under_a_noncanonical_key_is_contained_not_retried_forever' (2012681) panicked at crates/custodian/tests/segmented_map_repoint.rs:764:5:
assertion `left == right` failed: nothing drains over a reading with a hole in it
  left: [41472]
 right: [3584, 41472]


failures:
    a_flat_chunk_past_a_length_overflow_is_contained_not_left_conflicting
    a_flat_record_whose_version_cannot_advance_is_contained_not_wrapped
    a_racing_move_of_a_sibling_chunk_in_the_same_segment_record_is_merged
    a_racing_move_of_the_planned_chunk_itself_is_a_conflict
    a_segment_record_torn_under_the_move_is_contained
    a_segmented_object_under_a_noncanonical_key_is_contained_not_retried_forever
    a_segmented_object_under_an_unparsable_key_is_contained_not_skipped
    a_segmented_objects_under_replicated_chunk_is_repaired_in_its_own_record
    a_store_fault_under_the_moves_own_read_ends_the_pass
    a_superseded_root_generation_makes_the_repair_lose
    two_obligations_meeting_one_torn_record_are_one_containment

test result: FAILED. 1 passed; 11 failed; 0 ignored; 0 measured; 0 filtered out; finished in 0.14s

error: test failed, to rerun pass `-p wyrd-custodian --test segmented_map_repoint`
run-verify.sh: PASS — red without the fix, green with it (12 test(s) ran red).
