# gate: C4-diff-cov — diff coverage: changed lines executed by the patch's tests
# cmd: ./engine/scripts/run-diff-cov.sh
# cwd: /home/eddie/wyrd/wyrd-pdca
# PDCA_WORKTREE: /home/eddie/wyrd/wyrd.pdca-wt
# start: 2026-09-14T16:49:25+00:00
# duration_secs: 35.33
# exit: 0
# outcome: pass
# ---- combined stdout+stderr (verbatim) ----
run-diff-cov.sh: at least one changed crate ships no test in this patch — it is scored
                 against its EXISTING suite, and any co-located #[cfg(test)] lines the
                 patch adds count as covered, so that part of the figure is the generous
                 one; see the coverage boundary in this file's header.
run-diff-cov.sh: MEASURE — cargo llvm-cov test -p wyrd-custodian --test staged_protection (fix applied)
info: cargo-llvm-cov currently setting cfg(coverage); you can opt-out it by passing --no-cfg-coverage
   Compiling wyrd-traits v0.0.0 (/home/eddie/wyrd/wyrd-cov/crates/traits)
   Compiling digest v0.11.3
   Compiling wyrd-chunk-format v0.0.0 (/home/eddie/wyrd/wyrd-cov/crates/chunk-format)
   Compiling wyrd-telemetry v0.0.0 (/home/eddie/wyrd/wyrd-cov/crates/telemetry)
   Compiling sha2 v0.11.0
   Compiling wyrd-testkit v0.0.0 (/home/eddie/wyrd/wyrd-cov/crates/testkit)
   Compiling wyrd-coordination-mem v0.0.0 (/home/eddie/wyrd/wyrd-cov/crates/coordination-mem)
   Compiling wyrd-chunkstore-fs v0.0.0 (/home/eddie/wyrd/wyrd-cov/crates/chunkstore-fs)
   Compiling wyrd-core v0.0.0 (/home/eddie/wyrd/wyrd-cov/crates/core)
   Compiling wyrd-custodian v0.0.0 (/home/eddie/wyrd/wyrd-cov/crates/custodian)
    Finished `test` profile [unoptimized + debuginfo] target(s) in 3.25s
     Running tests/staged_protection.rs (target/llvm-cov-target/debug/deps/staged_protection-faa1d747fe01bbbf)

running 13 tests
test e_a_pending_byte_retirement_protects_its_fragment_by_one_keyed_read ... ok
test f4_a_reclaiming_mark_is_finished_without_a_second_grace_test ... ok
test b_restore_protects_them_through_the_same_predicate ... ok
test f3_an_adoption_cas_at_the_instant_of_the_delete_loses ... ok
test f1_an_intent_commit_that_errors_destroys_nothing ... ok
test c1_a_part_commit_between_the_builders_reads_leaves_no_gap ... ok
test containment_a_staged_chunk_with_an_untrusted_placement_is_held_whole ... ok
test a_gc_protects_both_staged_classes_with_the_evidence_present ... ok
test c2_a_publication_between_the_builders_reads_leaves_no_gap ... ok
test f2_a_mark_changed_under_the_pass_loses_only_its_own_intent ... ok
test containment_an_unreadable_staged_record_withholds_every_reclaim_and_mark ... ok
test g_all_three_value_shapes_decode_and_a_fourth_fails_closed ... ok
test d_the_staged_build_reads_per_session_ranges_never_a_global_scan ... ok

test result: ok. 13 passed; 0 failed; 0 ignored; 0 measured; 0 filtered out; finished in 0.00s
run-diff-cov.sh: MEASURE — cargo llvm-cov test -p wyrd-core (fix applied)
info: cargo-llvm-cov currently setting cfg(coverage); you can opt-out it by passing --no-cfg-coverage
   Compiling wyrd-traits v0.0.0 (/home/eddie/wyrd/wyrd-cov/crates/traits)
   Compiling wyrd-proto v0.0.0 (/home/eddie/wyrd/wyrd-cov/crates/proto)
   Compiling wyrd-testkit v0.0.0 (/home/eddie/wyrd/wyrd-cov/crates/testkit)
   Compiling wyrd-metadata-redb v0.0.0 (/home/eddie/wyrd/wyrd-cov/crates/metadata-redb)
   Compiling wyrd-core v0.0.0 (/home/eddie/wyrd/wyrd-cov/crates/core)
   Compiling wyrd-chunkstore-fs v0.0.0 (/home/eddie/wyrd/wyrd-cov/crates/chunkstore-fs)
   Compiling wyrd-chunkstore-grpc v0.0.0 (/home/eddie/wyrd/wyrd-cov/crates/chunkstore-grpc)
    Finished `test` profile [unoptimized + debuginfo] target(s) in 3.05s
     Running unittests src/lib.rs (target/llvm-cov-target/debug/deps/wyrd_core-2531403213aade45)

running 47 tests
test erasure::tests::coder_error_exposes_its_wrapped_source ... ok
test erasure::tests::reconstruct_with_m_zero_is_a_typed_error_even_with_all_k_shards_present ... ok
test erasure::tests::reconstruct_with_k_zero_is_a_typed_error_not_a_panic ... ok
test erasure::tests::supported_accepts_the_schemes_this_module_round_trips ... ok
test metadata::segmented_shape_invariants::a_decoded_root_exposes_which_shape_it_is ... ok
test metadata::segmented_shape_invariants::a_decoded_segment_record_reports_the_span_its_chunks_cover ... ok
test metadata::segmented_shape_invariants::a_group_prefix_can_never_alias_another_generations_epoch_range ... ok
test metadata::segmented_shape_invariants::a_segment_record_covering_no_bytes_is_err ... ok
test metadata::segmented_shape_invariants::a_segment_index_past_the_key_space_is_neither_a_key_nor_a_value ... ok
test metadata::segmented_shape_invariants::every_span_arithmetic_that_leaves_u64_is_refused_not_wrapped ... ok
test metadata::segmented_shape_invariants::only_canonical_epoch_spellings_address_a_segment ... ok
test metadata::segmented_shape_invariants::wrong_width_segment_index_key_is_malformed ... ok
test metadata::segmented_shape_invariants::segment_key_round_trips_over_the_whole_addressable_index_space ... ok
test metadata::segmented_shape_invariants::segment_record_chunk_lengths_not_summing_to_byte_len_is_err ... ok
test metadata::tests::full_length_placement_is_valid ... ok
test metadata::tests::a_value_matching_no_shape_is_refused ... ok
test metadata::tests::the_reclaiming_transition_keeps_the_stamp_and_the_identity ... ok
test metadata::tests::non_empty_wrong_length_placement_is_malformed ... ok
test metadata::tests::every_orphan_mark_shape_round_trips_byte_for_byte ... ok
test placement::tests::excluding_carries_retained_utilization_not_excluded ... ok
test placement::tests::excluding_drops_servers_and_their_utilization ... ok
test placement::tests::places_when_free_domains_exactly_equal_need ... ok
test placement::tests::replacement_refuses_when_no_free_domain_remains ... ok
test metadata::tests::empty_placement_is_valid_pre_m3_identity ... ok
test read::tests::read_chunk_rejects_a_stored_k_zero_scheme ... ok
test placement::tests::replacement_avoids_occupied_domains ... ok
test read::tests::read_chunk_rejects_a_stored_m_zero_scheme ... ok
test placement::tests::domain_utilization_sums_per_domain ... ok
test repair::tests::intact_shard_accepts_the_expected_fragment_and_rejects_wrong_identity ... ok
test placement::tests::places_across_n_distinct_domains ... ok
test metadata::tests::read_path_fragments_stays_liberal_for_malformed_placement ... ok
test placement::tests::refuses_when_domains_below_n ... ok
test repair::tests::replication_single_copy_fragment_is_admitted_under_scheme_none ... ok
test metadata::tests::the_value_ceiling_admits_the_boundary_and_refuses_only_past_it ... ok
test read::tests::oversized_inode_size_with_empty_chunk_map_errors_cleanly_not_panics ... ok
test metadata::tests::the_length_bound_holds_for_the_reclaiming_form ... ok
test metadata::segmented_shape_invariants::create_refuses_a_record_it_could_not_read_back ... ok
test metadata::segmented_shape_invariants::every_chunk_map_commit_refuses_a_segmented_prior_instead_of_stranding_its_segments ... ok
test metadata::segmented_shape_invariants::create_refuses_a_segmented_record_this_build_cannot_publish ... ok
test metadata::segmented_shape_invariants::a_segmented_prior_outranks_the_lease_state_it_is_committed_under ... ok
test metadata::segmented_shape_invariants::unlink_refuses_a_segmented_inode_rather_than_unbind_fragments_it_cannot_orphan ... ok
test metadata::segmented_shape_invariants::high_water_marks_is_total_over_records_it_cannot_read ... ok
test erasure::tests::fewer_than_k_shards_is_an_error ... ok
test erasure::tests::reconstruct_with_k_zero_and_nonempty_available_is_still_a_typed_error ... ok
test erasure::tests::round_trip_matrix ... ok
test erasure::tests::reconstructs_from_every_six_of_nine_for_rs_6_3 ... ok
test erasure::tests::seeded_random_data_and_subsets_round_trip ... ok

test result: ok. 47 passed; 0 failed; 0 ignored; 0 measured; 0 filtered out; finished in 1.18s

     Running tests/buffered_lease_lapse.rs (target/llvm-cov-target/debug/deps/buffered_lease_lapse-4bf065d198027fd8)

running 3 tests
test stalled_buffered_placed_create_fails_closed_when_its_lease_lapses ... ok
test stalled_buffered_create_fails_closed_when_its_lease_lapses ... ok
test buffered_create_inside_the_ttl_still_publishes ... ok

test result: ok. 3 passed; 0 failed; 0 ignored; 0 measured; 0 filtered out; finished in 0.01s

     Running tests/domain_placement.rs (target/llvm-cov-target/debug/deps/domain_placement-29254182e752024d)

running 1 test
test write_records_distinct_domain_placement_not_identity ... ok

test result: ok. 1 passed; 0 failed; 0 ignored; 0 measured; 0 filtered out; finished in 0.04s

     Running tests/fragment_identity.rs (target/llvm-cov-target/debug/deps/fragment_identity-2595711486af676a)

running 3 tests
test ec_read_rejects_a_same_scheme_type_wrong_geometry_fragment ... ok
test ec_read_rejects_a_fragment_whose_ec_tuple_disagrees_with_scheme ... ok
test ec_read_rejects_a_same_chunk_wrong_index_fragment ... ok

test result: ok. 3 passed; 0 failed; 0 ignored; 0 measured; 0 filtered out; finished in 0.04s

     Running tests/multipart_budget_admission.rs (target/llvm-cov-target/debug/deps/multipart_budget_admission-08009a2e3e962b20)

running 18 tests
test g2_zero_inflight_parts_is_refused ... ok
test g1_zero_part_chunks_is_refused_before_the_derivation ... ok
test an_unknown_field_or_unreadable_bytes_are_refused_rather_than_dropped ... ok
test g3_parts_per_session_past_the_key_space_is_refused ... ok
test g4_more_parts_in_flight_than_the_session_may_hold_is_refused ... ok
test g7_reference_budget_below_one_session_is_refused ... ok
test g5_owned_staging_range_past_scan_cap_half_is_refused ... ok
test g6_staged_ceiling_below_one_maximal_part_is_refused ... ok
test max_sessions_is_clamped_to_scan_cap_half_when_that_term_binds ... ok
test p3_part_chunks_outside_the_proposal_window_still_decodes ... ok
test p2_staged_ceiling_above_any_publishable_product_still_decodes ... ok
test g8_stored_limit_disagreeing_with_its_own_profile_is_refused ... ok
test p_arith_accept_maximal_staged_chunks_decodes ... ok
test round_trip_preserves_every_field ... ok
test p1_count_above_its_own_max_sessions_still_decodes ... ok
test p_arith_reject_maximal_record_names_the_rule_exact_arithmetic_violates ... ok
test re_encoding_a_record_this_codec_wrote_is_byte_identical ... ok
test u_ref_takes_whichever_of_its_two_arms_binds ... ok

test result: ok. 18 passed; 0 failed; 0 ignored; 0 measured; 0 filtered out; finished in 0.00s

     Running tests/multipart_keys.rs (target/llvm-cov-target/debug/deps/multipart_keys-7b86f9939e6c0a26)

running 21 tests
test a_retire_key_reports_an_unknown_mode_apart_from_a_key_that_does_not_decode ... ok
test digest_hex_is_the_exact_inverse_over_every_byte_value ... ok
test fixed_width_key_byte_order_matches_numeric_order ... ok
test a_session_range_selects_exactly_its_own_class_and_session ... ok
test every_rejection_is_a_typed_error_that_names_the_violation ... ok
test mpu_key_round_trips_and_rejects_noncanonical ... ok
test no_key_prefix_is_a_prefix_of_another ... ok
test part_key_round_trips_and_rejects_noncanonical ... ok
test psum_key_round_trips_and_rejects_noncanonical ... ok
test retire_key_rejects_a_token_of_neither_form_and_every_malformed_spelling ... ok
test pinned_format_constants_hold ... ok
test scan_mpu_does_not_reach_the_mpuctl_singleton ... ok
test sidx_is_not_reachable_from_a_pending_scan ... ok
test serde_decode_routes_through_the_validating_constructors ... ok
test retire_key_round_trips_both_token_forms_under_both_modes ... ok
test slot_key_round_trips_and_rejects_noncanonical ... ok
test the_canonical_spelling_of_every_key_is_pinned_to_the_byte ... ok
test the_identity_accessors_return_the_value_they_were_built_from ... ok
test sidx_key_round_trips_and_rejects_noncanonical ... ok
test upload_and_attempt_ids_validate_the_token_grammar ... ok
test digest_hex_rejects_every_second_spelling ... ok

test result: ok. 21 passed; 0 failed; 0 ignored; 0 measured; 0 filtered out; finished in 0.00s

     Running tests/multipart_knobs.rs (target/llvm-cov-target/debug/deps/multipart_knobs-30710ef5e7548608)

running 8 tests
test leg1_the_shipped_set_passes_every_clamp ... ok
test leg3_each_budget_takes_the_half_0016_states ... ok
test leg3_u_ref_and_the_session_limit_follow_the_formulas_under_either_arm ... ok
test leg5_the_two_retry_budgets_are_separate_and_contention_outlasts_the_room ... ok
test leg3_the_chunk_caps_are_half_a_value_over_the_measured_worst_chunk_ref ... ok
test leg5_the_backoff_is_bounded_jittered_and_grows_with_the_attempt ... ok
test leg2_each_clamp_passes_its_bound_and_names_itself_one_step_past_it ... ok
test leg4_every_capacity_fits_its_key_space_in_byte_order_at_the_cap ... ok

test result: ok. 8 passed; 0 failed; 0 ignored; 0 measured; 0 filtered out; finished in 0.00s

     Running tests/multipart_owned_staging.rs (target/llvm-cov-target/debug/deps/multipart_owned_staging-842bd5158eeb4324)

running 15 tests
test an_explicit_null_ownership_field_is_refused ... ok
test s2_an_owner_other_than_the_keys_upload_id_is_refused ... ok
test s1_staged_geometry_the_erasure_coder_refuses_is_a_typed_error ... ok
test an_owned_entry_round_trips_under_its_own_key ... ok
test s4_each_namespace_refuses_the_other_namespaces_shape ... ok
test s7_an_ordinary_pending_entry_reencodes_byte_identically ... ok
test s6_a_length_mismatched_staged_placement_decodes ... ok
test staged_scheme_is_read_through_a_closed_wire ... ok
test s9_an_owned_entry_is_minted_outside_the_crate_through_the_checked_path ... ok
test s8_an_owned_entry_reencodes_byte_identically_across_a_renewal ... ok
test s3_a_torn_value_is_refused_under_both_namespaces ... ok
test s4_the_pending_writers_refuse_to_store_an_owned_entry ... ok
test s4_a_leased_commit_refuses_over_a_misfiled_owned_entry ... ok
test s4_renew_pending_refuses_a_misfiled_owned_entry ... ok
test s5_the_lease_sweep_skips_what_it_cannot_read_and_completes_for_the_rest ... ok

test result: ok. 15 passed; 0 failed; 0 ignored; 0 measured; 0 filtered out; finished in 0.30s

     Running tests/multipart_retire_obligation.rs (target/llvm-cov-target/debug/deps/multipart_retire_obligation-5c6162a2f5d17444)

running 28 tests
test a_segment_group_epoch_other_than_the_tokens_is_rejected ... ok
test a_foreign_spelling_of_an_accepted_payload_is_rejected ... ok
test a_component_spelled_outside_its_grammar_is_rejected ... ok
test a_component_under_the_wrong_mode_is_rejected ... ok
test a_noncanonical_part_number_set_is_rejected ... ok
test a_generation_naming_both_sources_is_rejected ... ok
test a_key_that_names_no_obligation_is_rejected ... ok
test a_session_wide_component_under_a_per_part_token_is_rejected ... ok
test an_unknown_or_omitted_field_is_rejected ... ok
test an_unsupported_chunk_scheme_is_rejected ... ok
test a_generation_disagreeing_with_its_token_is_rejected ... ok
test a_segment_groups_nonce_and_a_generations_epoch_are_unchecked ... ok
test a_placement_length_mismatch_still_decodes ... ok
test bytes_session_alone_decodes ... ok
test bytes_generation_with_chunks_decodes ... ok
test bytes_chunks_under_a_per_part_token_decodes ... ok
test bytes_session_and_all_parts_decodes ... ok
test bytes_session_and_parts_decodes ... ok
test bytes_parts_alone_decodes ... ok
test records_seg_decodes ... ok
test records_parts_and_seg_decodes ... ok
test the_all_parts_wildcard_outside_a_session_teardown_is_rejected ... ok
test an_obligation_owing_nothing_is_rejected ... ok
test part_number_set_minting_is_canonical_and_never_empty ... ok
test chunks_under_a_session_wide_token_is_rejected ... ok
test records_parts_decodes ... ok
test the_mode_is_part_of_the_decoded_obligation ... ok
test bytes_generation_with_segments_decodes ... ok

test result: ok. 28 passed; 0 failed; 0 ignored; 0 measured; 0 filtered out; finished in 0.00s

     Running tests/multipart_session_records.rs (target/llvm-cov-target/debug/deps/multipart_session_records-7b323c7b909884f1)

running 34 tests
test completion_round_trips_standalone ... ok
test completing_cursor_at_key_space_boundary_still_decodes ... ok
test completing_cursor_past_key_space_is_rejected ... ok
test leg_1c_epoch_publish_target_epoch_mismatch_is_rejected ... ok
test leg_1i_slot_lease_already_lapsed_is_rejected ... ok
test leg_1j_completing_session_missing_required_field_is_rejected ... ok
test leg_1i_chunk_ref_wrong_placement_length_still_decodes ... ok
test leg_1i_chunk_scheme_unsupported_is_rejected ... ok
test leg_1c_publish_target_key_mismatch_is_rejected ... ok
test leg_1j_open_session_with_forbidden_completing_field_is_rejected ... ok
test leg_1k_part_length_mismatch_is_rejected ... ok
test leg_1m_unknown_field_in_nested_chunk_is_rejected ... ok
test leg_1m_unknown_field_in_nested_scheme_is_rejected ... ok
test noncanonical_escape_spelling_is_rejected_for_part_summary ... ok
test noncanonical_field_order_is_rejected_for_session ... ok
test noncanonical_whitespace_is_rejected_for_slot ... ok
test leg_1m_unknown_field_is_rejected ... ok
test part_summary_omitted_digest_is_rejected ... ok
test noncanonical_nested_chunk_order_is_rejected_for_part ... ok
test part_chunk_omitted_placement_is_rejected ... ok
test part_summary_round_trips ... ok
test part_round_trips ... ok
test part_with_zero_length_chunk_is_empty ... ok
test part_length_overflow_is_rejected ... ok
test publish_target_round_trips_standalone ... ok
test session_aborting_round_trips ... ok
test session_absent_content_type_re_encodes_omitted ... ok
test session_null_content_type_spelling_is_rejected ... ok
test session_state_round_trips_standalone ... ok
test session_open_round_trips ... ok
test slot_round_trips ... ok
test session_completed_round_trips ... ok
test session_with_content_type_round_trips ... ok
test session_completing_round_trips ... ok

test result: ok. 34 passed; 0 failed; 0 ignored; 0 measured; 0 filtered out; finished in 0.00s

     Running tests/multipart_state_machine.rs (target/llvm-cov-target/debug/deps/multipart_state_machine-c2525822513c43f8)

running 22 tests
test complete_fingerprint_agrees_on_an_identical_retry ... ok
test complete_fingerprint_disagrees_on_the_same_digests_under_different_numbers ... ok
test complete_fingerprint_disagrees_on_one_changed_digest ... ok
test complete_fingerprint_disagrees_on_a_strict_subset ... ok
test a_tombstone_recording_a_bare_digest_is_refused_at_decode ... ok
test complete_fingerprint_refuses_what_multipart_etag_refuses ... ok
test complete_fingerprint_is_the_oracle ... ok
test multipart_etag_of_one_part_is_the_oracle ... ok
test multipart_etag_of_a_strict_subset_differs_from_the_full_set ... ok
test multipart_etag_is_over_raw_digest_bytes_not_hex_text ... ok
test multipart_etag_parse_refuses_a_malformed_digest ... ok
test a_stored_tombstone_answers_an_identical_retry_with_the_whole_recorded_etag ... ok
test multipart_etag_of_the_winning_list_is_the_recorded_etag ... ok
test multipart_etag_refuses_a_non_ascending_duplicate_or_empty_list ... ok
test a_non_identical_complete_is_refused_by_the_tombstone ... ok
test multipart_etag_parse_accepts_the_whole_count_range ... ok
test multipart_etag_suffix_is_the_named_count ... ok
test outcome_enums_are_exhaustive ... ok
test multipart_etag_parse_refuses_a_malformed_suffix ... ok
test every_decision_3_cell_is_answered_for_an_identical_retry ... ok
test per_verb_answers_agree_with_the_dispatcher ... ok
test multipart_etag_parse_refuses_a_count_outside_the_range ... ok

test result: ok. 22 passed; 0 failed; 0 ignored; 0 measured; 0 filtered out; finished in 0.00s

     Running tests/mutation_regressions.rs (target/llvm-cov-target/debug/deps/mutation_regressions-3d847cf544cc9d7e)

running 9 tests
test sweep_reclaims_at_expiry_boundary_and_deletes ... ok
test commit_chunk_map_superseding_stamps_a_fresh_modified ... ok
test commit_chunk_map_preserves_object_metadata_across_a_repair ... ok
test a_legacy_record_without_metadata_fields_still_wins_its_cas_commits ... ok
test commit_chunk_map_bumps_version_by_one ... ok
test commit_chunk_map_superseding_leased_stamps_a_fresh_modified ... ok
test read_with_fewer_than_k_fragments_reports_insufficient ... ok
test write_new_object_releases_pending_on_commit ... ok
test write_new_object_placed_releases_pending_on_commit ... ok

test result: ok. 9 passed; 0 failed; 0 ignored; 0 measured; 0 filtered out; finished in 0.05s

     Running tests/mutation_regressions_round2.rs (target/llvm-cov-target/debug/deps/mutation_regressions_round2-ac8442ab6638eae9)

running 3 tests
test write_plan_chunk_ids_are_the_minted_ids ... ok
test write_new_object_lease_expiry_is_now_plus_ttl ... ok
test write_new_object_placed_lease_expiry_is_now_plus_ttl ... ok

test result: ok. 3 passed; 0 failed; 0 ignored; 0 measured; 0 filtered out; finished in 0.04s

     Running tests/placement_record.rs (target/llvm-cov-target/debug/deps/placement_record-6b254b53475c3725)

running 11 tests
test fragments_matrix::none_malformed_length_placement_still_resolves_liberally ... ok
test fragments_matrix::none_empty_placement_is_pure_identity ... ok
test fragments_matrix::rs_empty_placement_is_pure_identity ... ok
test fragments_matrix::rs_short_placement_mixes_record_and_identity_fallback ... ok
test fragments_matrix::rs_full_placement_resolves_from_record ... ok
test fragments_matrix::none_full_placement_resolves_from_record ... ok
test empty_placement_ec_none_resolves_via_identity_fallback ... ok
test empty_placement_rs_6_3_resolves_via_identity_fallback ... ok
test short_placement_rs_6_3_mixed_explicit_and_fallback ... ok
test moved_fragment_resolved_from_record_after_reopen ... ok
test write_records_placement_read_resolves_after_reopen ... ok

test result: ok. 11 passed; 0 failed; 0 ignored; 0 measured; 0 filtered out; finished in 0.05s

     Running tests/read_block_fault_repair.rs (target/llvm-cov-target/debug/deps/read_block_fault_repair-e0cdba8427883869)

running 2 tests
test none_scheme_block_fault_fails_the_read_but_still_enqueues_repair ... ok
test ec_read_around_block_fault_still_enqueues_repair_with_non_corruption_reason ... ok

test result: ok. 2 passed; 0 failed; 0 ignored; 0 measured; 0 filtered out; finished in 0.05s

     Running tests/read_repair.rs (target/llvm-cov-target/debug/deps/read_repair-3863059c913bcd43)

running 8 tests
test none_read_rejects_a_misplaced_but_intact_fragment ... ok
test none_read_enqueues_integrity_fault_fragment_for_repair ... ok
test unrecoverable_read_still_enqueues_the_corrupt_chunk ... ok
test ec_read_treats_a_misplaced_but_intact_fragment_as_absent ... ok
test ec_read_enqueues_integrity_fault_shard_for_repair_and_reconstructs ... ok
test a_corrupt_fragment_is_reported_with_its_index_and_its_placed_dserver ... ok
test ec_read_excludes_corrupt_fragment_and_enqueues_for_repair ... ok
test a_transient_dserver_failure_is_no_longer_silent ... ok

test result: ok. 8 passed; 0 failed; 0 ignored; 0 measured; 0 filtered out; finished in 0.05s

     Running tests/segmented_map_record.rs (target/llvm-cov-target/debug/deps/segmented_map_record-1fc8901451b10e4e)

running 16 tests
test a_segment_table_whose_tiling_leaves_u64_is_err ... ok
test a_zero_byte_segment_is_err ... ok
test duplicate_segment_index_is_err ... ok
test an_empty_segmented_map_is_err ... ok
test overlapping_segment_spans_is_err ... ok
test segment_count_mismatching_segments_len_is_err ... ok
test legacy_flat_record_round_trips_byte_identically ... ok
test non_hex_nonce_is_err ... ok
test segment_index_gap_is_err ... ok
test segmented_root_round_trips_byte_identically ... ok
test well_formed_segmented_root_decodes ... ok
test segment_table_span_disagreeing_with_size_is_err ... ok
test non_monotonic_segment_span_is_err ... ok
test legacy_flat_record_cas_still_commits_against_the_original_bytes ... ok
test segmented_root_cas_commits_against_the_stored_bytes ... ok
test segmented_root_at_max_root_segments_stays_inside_the_value_ceiling ... ok

test result: ok. 16 passed; 0 failed; 0 ignored; 0 measured; 0 filtered out; finished in 0.01s

     Running tests/segmented_map_resolution.rs (target/llvm-cov-target/debug/deps/segmented_map_resolution-bc84f42a73705ea9)

running 13 tests
test a_row_from_another_group_answered_inside_this_range_is_refused ... ok
test a_delete_met_on_the_readers_last_attempt_is_no_such_object ... ok
test a_resolve_reads_only_its_own_root_and_its_own_group_range ... ok
test a_root_over_the_segment_ceiling_is_refused_before_any_range_read ... ok
test a_segment_value_at_exactly_the_ceiling_still_resolves ... ok
test every_anomaly_on_a_generation_the_root_still_names_fails_closed ... ok
test an_object_that_cannot_resolve_fails_closed_for_itself_alone ... ok
test a_generation_retired_mid_resolve_restarts_onto_the_live_root_or_reads_as_absent ... ok
test a_generation_retired_under_every_restart_is_a_typed_refusal_that_terminates ... ok
test chunks_are_ordered_by_the_parsed_index_not_by_page_order ... ok
test an_over_ceiling_root_superseded_mid_read_restarts_onto_the_live_generation ... ok
test a_segmented_object_reads_byte_identical_to_its_flat_equivalent ... ok
test the_widest_admissible_root_still_sizes_no_page_and_reads_back_whole ... ok

test result: ok. 13 passed; 0 failed; 0 ignored; 0 measured; 0 filtered out; finished in 0.02s

     Running tests/stream_lease_lapse.rs (target/llvm-cov-target/debug/deps/stream_lease_lapse-02063fc5ae71953e)

running 5 tests
test present_but_expired_leases_refuse_at_commit_and_publish_nothing ... ok
test commit_refuses_at_exact_lease_deadline ... ok
test live_overwrite_still_commits_and_reads_back_the_new_version ... ok
test eof_window_lapse_refuses_at_commit_and_publishes_nothing ... ok
test mid_upload_lapse_aborts_the_stream_and_publishes_nothing ... ok

test result: ok. 5 passed; 0 failed; 0 ignored; 0 measured; 0 filtered out; finished in 0.01s

     Running tests/stream_lease_renewal.rs (target/llvm-cov-target/debug/deps/stream_lease_renewal-11e1583f6b5ee4ae)

running 4 tests
test renewal_at_exact_deadline_aborts_the_upload ... ok
test create_commit_refuses_at_exact_lease_deadline ... ok
test create_commit_refuses_when_lease_swept ... ok
test slow_streaming_put_renews_in_flight_leases_before_commit ... ok

test result: ok. 4 passed; 0 failed; 0 ignored; 0 measured; 0 filtered out; finished in 0.01s

     Running tests/write_fanout.rs (target/llvm-cov-target/debug/deps/write_fanout-9eef97a0dc1dfb1b)

running 2 tests
test full_fan_out_acks_every_fragment ... ok
test partial_fan_out_fails_closed ... ok

test result: ok. 2 passed; 0 failed; 0 ignored; 0 measured; 0 filtered out; finished in 0.04s
run-diff-cov.sh: cfg-gated test target (madsim) for crates/dst — passing the flag (#104).
run-diff-cov.sh: MEASURE — cargo llvm-cov test -p wyrd-dst (fix applied)
info: cargo-llvm-cov currently setting cfg(coverage); you can opt-out it by passing --no-cfg-coverage
   Compiling wyrd-traits v0.0.0 (/home/eddie/wyrd/wyrd-cov/crates/traits)
   Compiling typenum v1.20.1
   Compiling const-oid v0.10.2
   Compiling wyrd-dst v0.0.0 (/home/eddie/wyrd/wyrd-cov/crates/dst)
   Compiling wyrd-chunk-format v0.0.0 (/home/eddie/wyrd/wyrd-cov/crates/chunk-format)
   Compiling wyrd-proto v0.0.0 (/home/eddie/wyrd/wyrd-cov/crates/proto)
   Compiling wyrd-telemetry v0.0.0 (/home/eddie/wyrd/wyrd-cov/crates/telemetry)
   Compiling wyrd-testkit v0.0.0 (/home/eddie/wyrd/wyrd-cov/crates/testkit)
   Compiling wyrd-metadata-conformance v0.0.0 (/home/eddie/wyrd/wyrd-cov/crates/metadata-conformance)
   Compiling wyrd-coordination-conformance v0.0.0 (/home/eddie/wyrd/wyrd-cov/crates/coordination-conformance)
   Compiling wyrd-coordination-etcd v0.0.0 (/home/eddie/wyrd/wyrd-cov/crates/coordination-etcd)
   Compiling wyrd-metadata-redb v0.0.0 (/home/eddie/wyrd/wyrd-cov/crates/metadata-redb)
   Compiling wyrd-coordination-mem v0.0.0 (/home/eddie/wyrd/wyrd-cov/crates/coordination-mem)
   Compiling wyrd-chunkstore-fs v0.0.0 (/home/eddie/wyrd/wyrd-cov/crates/chunkstore-fs)
   Compiling hybrid-array v0.4.13
   Compiling wyrd-chunkstore-grpc v0.0.0 (/home/eddie/wyrd/wyrd-cov/crates/chunkstore-grpc)
   Compiling block-buffer v0.12.1
   Compiling crypto-common v0.2.2
   Compiling digest v0.11.3
   Compiling sha2 v0.11.0
   Compiling wyrd-core v0.0.0 (/home/eddie/wyrd/wyrd-cov/crates/core)
   Compiling wyrd-custodian v0.0.0 (/home/eddie/wyrd/wyrd-cov/crates/custodian)
    Finished `test` profile [unoptimized + debuginfo] target(s) in 6.08s
     Running unittests src/lib.rs (target/llvm-cov-target/debug/deps/wyrd_dst-2ede07c3e33065d6)

running 0 tests

test result: ok. 0 passed; 0 failed; 0 ignored; 0 measured; 0 filtered out; finished in 0.00s

     Running tests/commit_ambiguity.rs (target/llvm-cov-target/debug/deps/commit_ambiguity-e54a8530acddb86a)

running 14 tests
test the_two_undeterminable_codes_are_not_equally_bad ... ok
test assuming_an_ambiguous_blind_put_landed_leaves_a_chunk_unprotected - should panic ... ok
test treating_a_timed_out_commit_like_1021_fails_the_sweep - should panic ... ok
test assuming_an_ambiguous_commit_did_not_land_fails_the_sweep - should panic ... ok
test a_torn_apply_of_an_ambiguous_commit_is_caught - should panic ... ok
test counting_every_timed_out_commit_a_winner_fails_the_contended_sweep - should panic ... ok
test an_ambiguous_pending_ledger_put_is_settled_by_a_re_read ... ok
test committed_regression_seeds_stay_green ... ok
test a_deferred_1031_batch_that_skips_the_resolver_clobbers_the_winner - should panic ... ok
test a_timed_out_commit_may_still_land_after_the_settling_re_read ... ok
test a_stale_deferred_1031_batch_is_rejected_against_current_truth ... ok
test the_settling_re_read_covers_both_halves_of_the_ambiguity_space ... ok
test contention_under_1031_keeps_exactly_one_winner_through_the_deferral ... ok
test commit_ambiguity_invariants_hold_under_the_dst_seed_sweep ... ok

test result: ok. 14 passed; 0 failed; 0 ignored; 0 measured; 0 filtered out; finished in 0.18s

     Running tests/concurrency.rs (target/llvm-cov-target/debug/deps/concurrency-3b8356edac2c61f6)

running 5 tests
test blind_batch_lost_lock_race_is_err_never_conflict ... ok
test sim_tikv_reaches_mid_commit_interleaving_and_one_wins ... ok
test synchronous_redb_shaped_commit_never_reaches_the_interleaving - should panic ... ok
test exactly_one_concurrent_writer_wins_sim_tikv ... ok
test exactly_one_concurrent_writer_wins_redb ... ok

test result: ok. 5 passed; 0 failed; 0 ignored; 0 measured; 0 filtered out; finished in 0.65s

     Running tests/conformance.rs (target/llvm-cov-target/debug/deps/conformance-ed8a120bec62a9e1)

running 3 tests
test sim_fdb_backend_passes_shared_contract ... ok
test sim_tikv_backend_passes_shared_contract ... ok
test redb_backend_passes_shared_contract ... ok

test result: ok. 3 passed; 0 failed; 0 ignored; 0 measured; 0 filtered out; finished in 2.48s

     Running tests/coordination.rs (target/llvm-cov-target/debug/deps/coordination-2c9b09d34f641b02)

running 12 tests
test process_local_store_fails_the_cross_process_discovery_clause - should panic ... ok
test process_local_store_fails_the_mutual_exclusion_clause - should panic ... ok
test process_local_store_fails_the_single_leader_clause - should panic ... ok
test a_registration_lease_expires_deterministically ... ok
test peers_are_discovered_across_instances ... ok
test single_leader_is_exclusive_across_two_etcd_instances ... ok
test only_one_of_two_instances_leads_then_hands_off ... ok
test a_lapsed_leader_recampaigns_after_its_lease_is_lost ... ok
test a_transient_proclaim_error_keeps_the_hold_and_its_lease ... ok
test a_lock_is_mutually_exclusive_across_two_instances ... ok
test a_cancelled_campaign_leaks_no_orphan ... ok
test shared_contract_suite_on_the_etcd_simulator ... ok

test result: ok. 12 passed; 0 failed; 0 ignored; 0 measured; 0 filtered out; finished in 0.08s

     Running tests/custodian.rs (target/llvm-cov-target/debug/deps/custodian-553c1d36f86f0e19)

running 20 tests
test barrier_installed_and_registry_keeps_callsites_capturable ... ok
test gc_reclaims_only_true_orphans_q3 ... ok
test restore_two_readings_never_license_a_mark ... ok
test gc_reclaim_never_lets_a_concurrent_adoption_publish_over_deleted_bytes ... ok
test segmented_resolve_never_tears ... ok
test staged_build_keeps_a_chunk_across_concurrent_handoffs ... ok
test gc_over_a_segmented_map_never_reclaims_it_and_never_over_certifies ... ok
test gc_orphan_walk_under_a_concurrent_unlink ... ok
test restore_two_readings_cover_the_divergence_window ... ok
test gc_reclaim_reaches_both_adoption_outcomes ... ok
test fenced_stale_leader_lands_nothing ... ok
test scrub_detects_bit_rot_then_reconstructs_q2 ... ok
test durability_emission_rises_then_returns_to_zero ... ok
test reconstruct_to_full_redundancy_q1 ... ok
test reader_flips_atomically_across_commit ... ok
test commit_point_atomic_repair_under_crash ... ok
test crash_mid_fragment_write_commits_nothing ... ok
test gc_orphan_walk_reaches_the_mid_walk_landing ... ok
test staged_build_reaches_both_handoff_landings ... ok
test committed_regression_seeds_stay_green ... ok

test result: ok. 20 passed; 0 failed; 0 ignored; 0 measured; 0 filtered out; finished in 13.75s

     Running tests/network.rs (target/llvm-cov-target/debug/deps/network-f767ccb8c95e1bed)

running 8 tests
test a_write_that_expires_inside_the_d_servers_store_is_refused_before_publication ... ok
test a_write_parked_past_its_deadline_is_refused_by_the_real_d_server ... ok
test a_publication_the_d_server_could_not_verify_is_reported_not_acknowledged ... ok
test partial_fanout_fails_closed ... ok
test parallel_write_durability_over_network ... ok
test corrupt_fragment_is_read_around ... ok
test k_of_n_read_survives_dropped_fetches ... ok
test exactly_one_concurrent_writer_wins_over_network ... ok

test result: ok. 8 passed; 0 failed; 0 ignored; 0 measured; 0 filtered out; finished in 1.51s

     Running tests/no_fdb_linkage.rs (target/llvm-cov-target/debug/deps/no_fdb_linkage-a0b3847b0e9a9e90)

running 9 tests
test scan_line_catches_every_manifest_dependency_shape ... ok
test scan_line_ignores_comments_and_unrelated_dependencies ... ok
test package_nodes_reads_package_lines_and_not_feature_lines ... ok
test scan_manifest_is_red_when_an_fdb_dependency_is_planted ... ok
test the_dst_manifest_declares_no_fdb_dependency ... ok
test the_dst_support_module_declares_the_simulated_fdb_store ... ok
test the_dst_dependency_graph_links_no_libfdb_c ... ok
test the_graph_scanner_is_red_on_a_cfg_madsim_gated_rename_and_transitive_edge ... ok
test the_graph_scanner_is_red_on_the_real_fdb_backend_with_its_feature_on ... ok

test result: ok. 9 passed; 0 failed; 0 ignored; 0 measured; 0 filtered out; finished in 0.18s

     Running tests/tikv_await_commit_interleaving.rs (target/llvm-cov-target/debug/deps/tikv_await_commit_interleaving-e42bb6c1b9363b71)

running 1 test
test redb_overwrite_cas_classifies_the_stale_writer_as_conflict ... ok

test result: ok. 1 passed; 0 failed; 0 ignored; 0 measured; 0 filtered out; finished in 0.49s
run-diff-cov.sh: NOTE — 491 of 1157 changed production lines carried a coverage
                 region; the other 666 are not scored either way. Most are simply not
                 executable (comments, `use`, declarations, bare delimiters). But code
                 compiled out by a #[cfg(...)] your feature selection does not enable looks
                 identical here, and this gate cannot tell the two apart (#222).
                 The largest unscored spans, so you can tell at a glance which it is:
run-diff-cov.sh:   UNSCORED crates/custodian/src/gc.rs:1183-1253 (71 lines)
run-diff-cov.sh:   UNSCORED crates/core/src/metadata.rs:88-142 (55 lines)
run-diff-cov.sh:   UNSCORED crates/custodian/src/gc.rs:675-711 (37 lines)
run-diff-cov.sh:   UNSCORED crates/custodian/src/gc.rs:644-671 (28 lines)
run-diff-cov.sh:   UNSCORED crates/core/src/metadata.rs:238-263 (26 lines)
run-diff-cov.sh:   UNSCORED crates/custodian/src/gc.rs:339-357 (19 lines)
run-diff-cov.sh:   … and 122 further span(s), none larger; all of them are in coverage/diff-cov.json
run-diff-cov.sh: MISS crates/core/src/metadata.rs:266
run-diff-cov.sh: MISS crates/core/src/metadata.rs:267
run-diff-cov.sh: MISS crates/core/src/metadata.rs:272
run-diff-cov.sh: MISS crates/core/src/metadata.rs:274
run-diff-cov.sh: MISS crates/core/src/metadata.rs:280
run-diff-cov.sh: MISS crates/core/src/metadata.rs:3235
run-diff-cov.sh: MISS crates/core/src/metadata.rs:3246
run-diff-cov.sh: MISS crates/core/src/metadata.rs:3251
run-diff-cov.sh: MISS crates/custodian/src/gc.rs:717
run-diff-cov.sh: MISS crates/custodian/src/gc.rs:718
run-diff-cov.sh: MISS crates/custodian/src/gc.rs:719
run-diff-cov.sh: MISS crates/custodian/src/gc.rs:720
run-diff-cov.sh: MISS crates/custodian/src/gc.rs:722
run-diff-cov.sh: MISS crates/custodian/src/gc.rs:751
run-diff-cov.sh: MISS crates/custodian/src/gc.rs:752
run-diff-cov.sh: MISS crates/custodian/src/gc.rs:753
run-diff-cov.sh: MISS crates/custodian/src/gc.rs:754
run-diff-cov.sh: MISS crates/custodian/src/gc.rs:755
run-diff-cov.sh: MISS crates/custodian/src/gc.rs:1337
run-diff-cov.sh: MISS crates/custodian/src/gc.rs:1398
METRIC diff_cov=95.9 covered=471 instrumentable=491 unscored=666
run-diff-cov.sh: PASS — the patch's tests execute 95.9% of its 491 instrumentable changed
                 lines (floor 80%, 358 test(s) ran).
PDCA-EVIDENCE: diff coverage 95.9% — 471 of 491 instrumentable changed lines executed (floor 80%); 491 of 1157 changed lines were instrumentable
