# gate: C4-verify — per-fix red->green: this patch's test red pre-fix, green post-fix
# cmd: ./engine/scripts/run-verify.sh
# cwd: /home/eddie/wyrd/wyrd-pdca
# PDCA_WORKTREE: /home/eddie/wyrd/wyrd.pdca-wt
# start: 2026-09-14T16:49:19+00:00
# duration_secs: 5.74
# exit: 0
# outcome: pass
# ---- combined stdout+stderr (verbatim) ----
run-verify.sh: GREEN — cargo test -p wyrd-custodian --test staged_protection (fix applied)

running 13 tests
.............
test result: ok. 13 passed; 0 failed; 0 ignored; 0 measured; 0 filtered out; finished in 0.00s
run-verify.sh: RED — cargo test -p wyrd-custodian --test staged_protection (production reverted, test kept)

running 13 tests
c2_a_publication_between_the_builders_reads_leaves_no_gap --- FAILED
containment_an_unreadable_staged_record_withholds_every_reclaim_and_mark --- FAILED
f3_an_adoption_cas_at_the_instant_of_the_delete_loses --- FAILED
f1_an_intent_commit_that_errors_destroys_nothing --- FAILED
f4_a_reclaiming_mark_is_finished_without_a_second_grace_test --- FAILED
f2_a_mark_changed_under_the_pass_loses_only_its_own_intent --- FAILED
e_a_pending_byte_retirement_protects_its_fragment_by_one_keyed_read --- FAILED
containment_a_staged_chunk_with_an_untrusted_placement_is_held_whole --- FAILED
b_restore_protects_them_through_the_same_predicate --- FAILED
c1_a_part_commit_between_the_builders_reads_leaves_no_gap --- FAILED
a_gc_protects_both_staged_classes_with_the_evidence_present --- FAILED
g_all_three_value_shapes_decode_and_a_fourth_fails_closed --- FAILED
d_the_staged_build_reads_per_session_ranges_never_a_global_scan --- FAILED

failures:

---- c2_a_publication_between_the_builders_reads_leaves_no_gap stdout ----

thread 'c2_a_publication_between_the_builders_reads_leaves_no_gap' (207285) panicked at crates/custodian/tests/staged_protection.rs:801:5:
leg C(ii): the publication landed between the builder's two reads and the published object's chunk was reclaimed — it was in neither class the build read

---- containment_an_unreadable_staged_record_withholds_every_reclaim_and_mark stdout ----

thread 'containment_an_unreadable_staged_record_withholds_every_reclaim_and_mark' (207287) panicked at crates/custodian/tests/staged_protection.rs:1410:5:
containment: a fragment was reclaimed while a staged record whose chunks are unknown is unread — it may be one of them

---- f3_an_adoption_cas_at_the_instant_of_the_delete_loses stdout ----

thread 'f3_an_adoption_cas_at_the_instant_of_the_delete_loses' (207292) panicked at crates/custodian/tests/staged_protection.rs:1130:5:
assertion `left == right` failed: leg F(iii): the adoption CAS on the mark's original bytes must lose at the instant GC deletes the fragment
  left: Some(Committed)
 right: Some(Conflict)

---- f1_an_intent_commit_that_errors_destroys_nothing stdout ----

thread 'f1_an_intent_commit_that_errors_destroys_nothing' (207290) panicked at crates/custodian/tests/staged_protection.rs:1005:5:
leg F(i): the fragment was destroyed although its reclamation never became durable

---- f4_a_reclaiming_mark_is_finished_without_a_second_grace_test stdout ----

thread 'f4_a_reclaiming_mark_is_finished_without_a_second_grace_test' (207293) panicked at crates/custodian/tests/staged_protection.rs:1170:9:
assertion `left == right` failed: leg F(iv): a `reclaiming` mark over a present fragment is finished — the fragment deleted exactly once — with no second grace test
  left: 0
 right: 1
note: run with `RUST_BACKTRACE=1` environment variable to display a backtrace

---- f2_a_mark_changed_under_the_pass_loses_only_its_own_intent stdout ----

thread 'f2_a_mark_changed_under_the_pass_loses_only_its_own_intent' (207291) panicked at crates/custodian/tests/staged_protection.rs:1041:5:
leg F(ii): the fragment was reclaimed on a mark that changed after GC read it

---- e_a_pending_byte_retirement_protects_its_fragment_by_one_keyed_read stdout ----

thread 'e_a_pending_byte_retirement_protects_its_fragment_by_one_keyed_read' (207289) panicked at crates/custodian/tests/staged_protection.rs:948:5:
leg E: the retirement has drained, the mark is past its grace, and the fragment survived — a structured mark must decode

---- containment_a_staged_chunk_with_an_untrusted_placement_is_held_whole stdout ----

thread 'containment_a_staged_chunk_with_an_untrusted_placement_is_held_whole' (207286) panicked at crates/custodian/tests/staged_protection.rs:1493:9:
containment: FragmentId { chunk: 1300, index: 0 } on D server 1 belongs to a staged chunk whose placement cannot be trusted, and was reclaimed

---- b_restore_protects_them_through_the_same_predicate stdout ----

thread 'b_restore_protects_them_through_the_same_predicate' (207283) panicked at crates/custodian/tests/staged_protection.rs:686:9:
assertion `left == right` failed: leg B: the post-restore pass marked staged fragment FragmentId { chunk: 100, index: 0 } on D server 1 stranded (RestoreReport { stranded_marked: 7, already_marked: 0, pending_skipped: 0, pending_unreadable: [], displaced_kept: 0, dangling: [], misplaced: [], under_replicated: [], unresolvable: [] })
  left: Some(b"1000000")
 right: None

---- c1_a_part_commit_between_the_builders_reads_leaves_no_gap stdout ----

thread 'c1_a_part_commit_between_the_builders_reads_leaves_no_gap' (207284) panicked at crates/custodian/tests/staged_protection.rs:755:5:
leg C(i): the part-commit handoff landed between the builder's two reads and the chunk was reclaimed — it was in neither class the build read

---- a_gc_protects_both_staged_classes_with_the_evidence_present stdout ----

thread 'a_gc_protects_both_staged_classes_with_the_evidence_present' (207282) panicked at crates/custodian/tests/staged_protection.rs:641:9:
leg A: staged fragment FragmentId { chunk: 100, index: 0 } on D server 1 was reclaimed on a mark past grace — a committed part's fragment of a live upload

---- g_all_three_value_shapes_decode_and_a_fourth_fails_closed stdout ----

thread 'g_all_three_value_shapes_decode_and_a_fourth_fails_closed' (207294) panicked at crates/custodian/tests/staged_protection.rs:1335:9:
leg G: the structured, past grace mark on FragmentId { chunk: 1102, index: 0 } did not license its reclaim

---- d_the_staged_build_reads_per_session_ranges_never_a_global_scan stdout ----

thread 'd_the_staged_build_reads_per_session_ranges_never_a_global_scan' (207288) panicked at crates/custodian/tests/staged_protection.rs:898:9:
leg D: staged fragment FragmentId { chunk: 10001, index: 0 } was reclaimed


failures:
    a_gc_protects_both_staged_classes_with_the_evidence_present
    b_restore_protects_them_through_the_same_predicate
    c1_a_part_commit_between_the_builders_reads_leaves_no_gap
    c2_a_publication_between_the_builders_reads_leaves_no_gap
    containment_a_staged_chunk_with_an_untrusted_placement_is_held_whole
    containment_an_unreadable_staged_record_withholds_every_reclaim_and_mark
    d_the_staged_build_reads_per_session_ranges_never_a_global_scan
    e_a_pending_byte_retirement_protects_its_fragment_by_one_keyed_read
    f1_an_intent_commit_that_errors_destroys_nothing
    f2_a_mark_changed_under_the_pass_loses_only_its_own_intent
    f3_an_adoption_cas_at_the_instant_of_the_delete_loses
    f4_a_reclaiming_mark_is_finished_without_a_second_grace_test
    g_all_three_value_shapes_decode_and_a_fourth_fails_closed

test result: FAILED. 0 passed; 13 failed; 0 ignored; 0 measured; 0 filtered out; finished in 0.00s

error: test failed, to rerun pass `-p wyrd-custodian --test staged_protection`
run-verify.sh: PASS — red without the fix, green with it (13 test(s) ran red).
