# gate C4-verify — attempt 1/1: pass (exit 0)
# cmd: ./engine/scripts/run-verify.sh
# cwd: /home/eddie/wyrd/wyrd-pdca
# PDCA_WORKTREE: /home/eddie/wyrd/wyrd.pdca-wt-l1
# started: 2026-08-07T01:49:44+02:00   duration: 2s

run-verify.sh: GREEN — cargo test -p wyrd-custodian --test segmented_map_backfill (fix applied)

running 8 tests
........
test result: ok. 8 passed; 0 failed; 0 ignored; 0 measured; 0 filtered out; finished in 0.00s
run-verify.sh: RED — cargo test -p wyrd-custodian --test segmented_map_backfill (production reverted, test kept)

running 8 tests
. 1/8
one_resolving_reading_of_the_namespace_per_pass --- FAILED
a_pass_never_writes_to_a_generation_it_did_not_scan --- FAILED
a_segmented_object_no_longer_ends_the_pass_and_the_flat_work_still_happens --- FAILED
an_unreadable_committed_object_is_named_and_the_walk_continues --- FAILED
a_segmented_record_is_declined_not_mutated_and_the_pass_does_not_certify --- FAILED
a_record_is_read_written_and_named_under_the_key_the_store_gave_it --- FAILED
a_lost_cas_keeps_its_population_and_says_the_reading_is_incomplete --- FAILED

failures:

---- one_resolving_reading_of_the_namespace_per_pass stdout ----

thread 'one_resolving_reading_of_the_namespace_per_pass' (2307860) panicked at crates/custodian/tests/segmented_map_backfill.rs:401:27:
must not error: SegmentedMapUnsupported { operation: "backfill::reconcile" }

---- a_pass_never_writes_to_a_generation_it_did_not_scan stdout ----

thread 'a_pass_never_writes_to_a_generation_it_did_not_scan' (2307855) panicked at crates/custodian/tests/segmented_map_backfill.rs:351:31:
an object that changed under the scan must not end the pass: SegmentedMapUnsupported { operation: "backfill::reconcile" }
note: run with `RUST_BACKTRACE=1` environment variable to display a backtrace

---- a_segmented_object_no_longer_ends_the_pass_and_the_flat_work_still_happens stdout ----

thread 'a_segmented_object_no_longer_ends_the_pass_and_the_flat_work_still_happens' (2307857) panicked at crates/custodian/tests/segmented_map_backfill.rs:233:27:
a segmented object must not end the pass: SegmentedMapUnsupported { operation: "backfill::reconcile" }

---- an_unreadable_committed_object_is_named_and_the_walk_continues stdout ----

thread 'an_unreadable_committed_object_is_named_and_the_walk_continues' (2307859) panicked at crates/custodian/tests/segmented_map_backfill.rs:298:27:
one damaged object must not end the walk: SegmentedMapUnsupported { operation: "backfill::reconcile" }

---- a_segmented_record_is_declined_not_mutated_and_the_pass_does_not_certify stdout ----

thread 'a_segmented_record_is_declined_not_mutated_and_the_pass_does_not_certify' (2307858) panicked at crates/custodian/tests/segmented_map_backfill.rs:255:17:
called `Result::unwrap()` on an `Err` value: SegmentedMapUnsupported { operation: "backfill::reconcile" }

---- a_record_is_read_written_and_named_under_the_key_the_store_gave_it stdout ----

thread 'a_record_is_read_written_and_named_under_the_key_the_store_gave_it' (2307856) panicked at crates/custodian/tests/segmented_map_backfill.rs:379:5:
the record no work was owed on is byte-unchanged, and the padded key is either filled under ITSELF or left owed — never certified away: {"timestamp":"2026-08-06T23:49:46.231038Z","level":"INFO","fields":{"monotonic_counter.backfill_conflict":1},"target":"wyrd_custodian::backfill"}
{"timestamp":"2026-08-06T23:49:46.231081Z","level":"INFO","fields":{"message":"backfill lost the version-conditional commit; retried on a later pass","action":"conflict","inode":7},"target":"wyrd.custodian.backfill.audit"}
{"timestamp":"2026-08-06T23:49:46.231109Z","level":"INFO","fields":{"gauge.backfill_placement_remaining":1},"target":"wyrd_custodian::backfill"}


---- a_lost_cas_keeps_its_population_and_says_the_reading_is_incomplete stdout ----

thread 'a_lost_cas_keeps_its_population_and_says_the_reading_is_incomplete' (2307854) panicked at crates/custodian/tests/segmented_map_backfill.rs:451:5:
the empties it could not settle stay ON the population, over a reading whose hole is counted, named under the key the store gave it: {"timestamp":"2026-08-06T23:49:46.231165Z","level":"INFO","fields":{"monotonic_counter.backfill_conflict":1},"target":"wyrd_custodian::backfill"}
{"timestamp":"2026-08-06T23:49:46.231213Z","level":"INFO","fields":{"message":"backfill lost the version-conditional commit; retried on a later pass","action":"conflict","inode":5},"target":"wyrd.custodian.backfill.audit"}
{"timestamp":"2026-08-06T23:49:46.231260Z","level":"INFO","fields":{"gauge.backfill_placement_remaining":1},"target":"wyrd_custodian::backfill"}



failures:
    a_lost_cas_keeps_its_population_and_says_the_reading_is_incomplete
    a_pass_never_writes_to_a_generation_it_did_not_scan
    a_record_is_read_written_and_named_under_the_key_the_store_gave_it
    a_segmented_object_no_longer_ends_the_pass_and_the_flat_work_still_happens
    a_segmented_record_is_declined_not_mutated_and_the_pass_does_not_certify
    an_unreadable_committed_object_is_named_and_the_walk_continues
    one_resolving_reading_of_the_namespace_per_pass

test result: FAILED. 1 passed; 7 failed; 0 ignored; 0 measured; 0 filtered out; finished in 0.00s

error: test failed, to rerun pass `-p wyrd-custodian --test segmented_map_backfill`
run-verify.sh: PASS — red without the fix, green with it (8 test(s) ran red).
