# gate C4-verify — attempt 1/1: pass (exit 0)
# cmd: ./engine/scripts/run-verify.sh
# cwd: /home/eddie/wyrd/wyrd-pdca
# PDCA_WORKTREE: /home/eddie/wyrd/wyrd.pdca-wt-l0
# started: 2026-08-08T01:52:15+02:00   duration: 2s

run-verify.sh: GREEN — cargo test -p wyrd-custodian --test segmented_map_reconstruction (fix applied)

running 7 tests
.......
test result: ok. 7 passed; 0 failed; 0 ignored; 0 measured; 0 filtered out; finished in 0.06s
run-verify.sh: RED — cargo test -p wyrd-custodian --test segmented_map_reconstruction (production reverted, test kept)

running 7 tests
. 1/7
a_store_fault_under_the_resolver_ends_the_pass_after_the_name_is_out --- FAILED
an_obligation_inside_a_segmented_object_is_refused_never_discarded --- FAILED
an_unreadable_object_is_named_and_the_pass_drains_nothing --- FAILED
every_obligation_inside_one_object_is_repaired_by_the_same_pass --- FAILED
a_healthy_segmented_object_neither_ends_the_pass_nor_blocks_it --- FAILED
the_committed_namespace_is_read_once_per_pass --- FAILED

failures:

---- a_store_fault_under_the_resolver_ends_the_pass_after_the_name_is_out stdout ----

thread 'a_store_fault_under_the_resolver_ends_the_pass_after_the_name_is_out' (3816331) panicked at crates/custodian/tests/segmented_map_reconstruction.rs:651:5:
the injected fault is what came back, not another failure: reconciliation store access: expected ident at line 1 column 2
note: run with `RUST_BACKTRACE=1` environment variable to display a backtrace

---- an_obligation_inside_a_segmented_object_is_refused_never_discarded stdout ----

thread 'an_obligation_inside_a_segmented_object_is_refused_never_discarded' (3816333) panicked at crates/custodian/tests/segmented_map_reconstruction.rs:507:17:
a refusal is a refusal, not an abort of the whole pass: Store(SegmentedMapUnsupported { operation: "reconstruction::find_chunk" })

---- an_unreadable_object_is_named_and_the_pass_drains_nothing stdout ----

thread 'an_unreadable_object_is_named_and_the_pass_drains_nothing' (3816334) panicked at crates/custodian/tests/segmented_map_reconstruction.rs:556:17:
an unreadable record is one object's fault, not the store's: Store(SegmentedMapUnsupported { operation: "reconstruction::find_chunk" })

---- every_obligation_inside_one_object_is_repaired_by_the_same_pass stdout ----

thread 'every_obligation_inside_one_object_is_repaired_by_the_same_pass' (3816335) panicked at crates/custodian/tests/segmented_map_reconstruction.rs:714:5:
assertion `left == right` failed: EVERY chunk was repointed onto the free failure domain, by three version-conditional commits over one reading — not one repair and two lost CAS races, which would need two more passes (and two more readings) to converge
  left: ([[0, 2], [0, 1], [0, 1]], 2)
 right: ([[0, 2], [0, 2], [0, 2]], 4)

---- a_healthy_segmented_object_neither_ends_the_pass_nor_blocks_it stdout ----

thread 'a_healthy_segmented_object_neither_ends_the_pass_nor_blocks_it' (3816330) panicked at crates/custodian/tests/segmented_map_reconstruction.rs:475:17:
one multipart object must not stop repair for the whole store: Store(SegmentedMapUnsupported { operation: "reconstruction::find_chunk" })

---- the_committed_namespace_is_read_once_per_pass stdout ----

thread 'the_committed_namespace_is_read_once_per_pass' (3816336) panicked at crates/custodian/tests/segmented_map_reconstruction.rs:606:17:
the pass completes over a store with a segmented object: Store(SegmentedMapUnsupported { operation: "reconstruction::find_chunk" })


failures:
    a_healthy_segmented_object_neither_ends_the_pass_nor_blocks_it
    a_store_fault_under_the_resolver_ends_the_pass_after_the_name_is_out
    an_obligation_inside_a_segmented_object_is_refused_never_discarded
    an_unreadable_object_is_named_and_the_pass_drains_nothing
    every_obligation_inside_one_object_is_repaired_by_the_same_pass
    the_committed_namespace_is_read_once_per_pass

test result: FAILED. 1 passed; 6 failed; 0 ignored; 0 measured; 0 filtered out; finished in 0.04s

error: test failed, to rerun pass `-p wyrd-custodian --test segmented_map_reconstruction`
run-verify.sh: PASS — red without the fix, green with it (7 test(s) ran red).
