# gate: C4-verify — per-fix red->green: this patch's test red pre-fix, green post-fix
# cmd: ./engine/scripts/run-verify.sh
# cwd: /home/eddie/wyrd/wyrd-pdca
# PDCA_WORKTREE: /home/eddie/wyrd/wyrd.pdca-wt-l1
# start: 2026-08-17T21:07:36+00:00
# duration_secs: 6.89
# exit: 0
# outcome: pass
# ---- combined stdout+stderr (verbatim) ----
run-verify.sh: GREEN — cargo test -p wyrd-custodian --test segmented_map_repoint (fix applied)

running 5 tests
.....
test result: ok. 5 passed; 0 failed; 0 ignored; 0 measured; 0 filtered out; finished in 0.74s
run-verify.sh: RED — cargo test -p wyrd-custodian --test segmented_map_repoint (production reverted, test kept)

running 5 tests
a_segmented_objects_under_replicated_chunk_is_repaired_in_its_own_record --- FAILED
.. 3/5
a_racing_move_of_a_sibling_chunk_in_the_same_segment_record_is_merged --- FAILED
.
failures:

---- a_segmented_objects_under_replicated_chunk_is_repaired_in_its_own_record stdout ----

thread 'a_segmented_objects_under_replicated_chunk_is_repaired_in_its_own_record' (2829167) panicked at crates/custodian/tests/segmented_map_repoint.rs:432:5:
assertion `left == right` failed: a repair that moved a placement is a change the pass must report
  left: Blocked
 right: Changed
note: run with `RUST_BACKTRACE=1` environment variable to display a backtrace

---- a_racing_move_of_a_sibling_chunk_in_the_same_segment_record_is_merged stdout ----

thread 'a_racing_move_of_a_sibling_chunk_in_the_same_segment_record_is_merged' (2829164) panicked at crates/custodian/tests/segmented_map_repoint.rs:508:5:
assertion `left == right` failed: a repair inside a record another writer touched must still land
  left: Blocked
 right: Changed


failures:
    a_racing_move_of_a_sibling_chunk_in_the_same_segment_record_is_merged
    a_segmented_objects_under_replicated_chunk_is_repaired_in_its_own_record

test result: FAILED. 3 passed; 2 failed; 0 ignored; 0 measured; 0 filtered out; finished in 0.75s

error: test failed, to rerun pass `-p wyrd-custodian --test segmented_map_repoint`
run-verify.sh: PASS — red without the fix, green with it (5 test(s) ran red).
