# gate: C4-verify — per-fix red->green: this patch's test red pre-fix, green post-fix
# cmd: ./engine/scripts/run-verify.sh
# cwd: /home/eddie/wyrd/wyrd-pdca
# PDCA_WORKTREE: /home/eddie/wyrd/wyrd.pdca-wt-l1
# start: 2026-08-18T00:27:37+00:00
# duration_secs: 5.18
# exit: 0
# outcome: pass
# ---- combined stdout+stderr (verbatim) ----
run-verify.sh: GREEN — cargo test -p wyrd-custodian --test segmented_map_repoint (fix applied)

running 6 tests
......
test result: ok. 6 passed; 0 failed; 0 ignored; 0 measured; 0 filtered out; finished in 0.73s
run-verify.sh: RED — cargo test -p wyrd-custodian --test segmented_map_repoint (production reverted, test kept)

running 6 tests
... 3/6
a_segmented_objects_under_replicated_chunk_is_repaired_in_its_own_record --- FAILED
a_racing_move_of_a_sibling_chunk_in_the_same_segment_record_is_merged --- FAILED
.
failures:

---- a_segmented_objects_under_replicated_chunk_is_repaired_in_its_own_record stdout ----

thread 'a_segmented_objects_under_replicated_chunk_is_repaired_in_its_own_record' (159221) panicked at crates/custodian/tests/segmented_map_repoint.rs:444:5:
assertion `left == right` failed: a repair that moved a placement is a change the pass must report
  left: Blocked
 right: Changed
note: run with `RUST_BACKTRACE=1` environment variable to display a backtrace

---- a_racing_move_of_a_sibling_chunk_in_the_same_segment_record_is_merged stdout ----

thread 'a_racing_move_of_a_sibling_chunk_in_the_same_segment_record_is_merged' (159217) panicked at crates/custodian/tests/segmented_map_repoint.rs:517:5:
assertion `left == right` failed: a repair inside a record another writer touched must still land
  left: Blocked
 right: Changed


failures:
    a_racing_move_of_a_sibling_chunk_in_the_same_segment_record_is_merged
    a_segmented_objects_under_replicated_chunk_is_repaired_in_its_own_record

test result: FAILED. 4 passed; 2 failed; 0 ignored; 0 measured; 0 filtered out; finished in 0.76s

error: test failed, to rerun pass `-p wyrd-custodian --test segmented_map_repoint`
run-verify.sh: PASS — red without the fix, green with it (6 test(s) ran red).
