# gate C4-verify — attempt 1/1: unverifiable (exit 77)
# cmd: ./engine/scripts/run-verify.sh
# cwd: /home/eddie/wyrd/wyrd-pdca
# PDCA_WORKTREE: /home/eddie/wyrd/wyrd.pdca-wt-l0
# started: 2026-08-05T22:50:23+02:00   duration: 2s

run-verify.sh: GREEN — cargo test -p wyrd-core --test multipart_records (fix applied)

running 28 tests
............................
test result: ok. 28 passed; 0 failed; 0 ignored; 0 measured; 0 filtered out; finished in 0.00s
run-verify.sh: RED — cargo test -p wyrd-core --test multipart_records (production reverted, test kept)
error[E0432]: unresolved import `wyrd_core::multipart`
  --> crates/core/tests/multipart_records.rs:24:16
   |
24 | use wyrd_core::multipart::{
   |                ^^^^^^^^^ could not find `multipart` in `wyrd_core`

error[E0432]: unresolved import `sha2`
  --> crates/core/tests/multipart_records.rs:21:5
   |
21 | use sha2::{Digest as _, Sha256};
   |     ^^^^ use of unresolved module or unlinked crate `sha2`
   |
   = help: if you wanted to use a crate named `sha2`, use `cargo add sha2` to add it to your `Cargo.toml`

error[E0560]: struct `PendingEntry` has no field named `owner`
   --> crates/core/tests/multipart_records.rs:973:9
    |
973 |         owner: None,
    |         ^^^^^ `PendingEntry` does not have this field
    |
    = note: all struct fields are already assigned

error[E0560]: struct `PendingEntry` has no field named `staged`
   --> crates/core/tests/multipart_records.rs:974:9
    |
974 |         staged: None,
    |         ^^^^^^ `PendingEntry` does not have this field
    |
    = note: all struct fields are already assigned

error[E0609]: no field `owner` on type `PendingEntry`
    --> crates/core/tests/multipart_records.rs:1004:24
     |
1004 |     assert_eq!(decoded.owner, None);
     |                        ^^^^^ unknown field
     |
     = note: available field is: `lease_expiry_millis`

error[E0609]: no field `staged` on type `PendingEntry`
    --> crates/core/tests/multipart_records.rs:1005:24
     |
1005 |     assert_eq!(decoded.staged, None);
     |                        ^^^^^^ unknown field
     |
     = note: available field is: `lease_expiry_millis`

Some errors have detailed explanations: E0432, E0560, E0609.
For more information about an error, try `rustc --explain E0432`.
error: could not compile `wyrd-core` (test "multipart_records") due to 6 previous errors
run-verify.sh: UNVERIFIABLE — the RED leg's cargo run failed (status 101) WITHOUT
               running a test, so no RED was established. This is NOT 'red without the
               fix' — the discriminator never executed. The usual cause is that it does
               not COMPILE against the reverted base: it calls production API this patch
               adds, so reverting the fix removes the symbol it needs. Split the test so
               it exercises the behaviour through pre-existing API, or record at sign-off
               why this slice has no isolable red (the cargo output is above).
