# gate: C4-diff-cov — diff coverage: changed lines executed by the patch's tests
# cmd: ./engine/scripts/run-diff-cov.sh
# cwd: /home/eddie/wyrd/wyrd-pdca
# PDCA_WORKTREE: /home/eddie/wyrd/wyrd.pdca-wt
# start: 2026-09-11T17:54:56+00:00
# duration_secs: 5.18
# exit: 0
# outcome: pass
# ---- combined stdout+stderr (verbatim) ----
run-diff-cov.sh: MEASURE — cargo llvm-cov test -p wyrd-core --test multipart_retire_obligation (fix applied)
info: cargo-llvm-cov currently setting cfg(coverage); you can opt-out it by passing --no-cfg-coverage
   Compiling futures-core v0.3.34
   Compiling futures-sink v0.3.34
   Compiling futures-task v0.3.34
   Compiling redb v4.2.0
   Compiling chacha20 v0.10.2
   Compiling wyrd-traits v0.0.0 (/home/eddie/wyrd/wyrd-cov/crates/traits)
   Compiling wyrd-chunk-format v0.0.0 (/home/eddie/wyrd/wyrd-cov/crates/chunk-format)
   Compiling wyrd-proto v0.0.0 (/home/eddie/wyrd/wyrd-cov/crates/proto)
   Compiling tokio-util v0.7.18
   Compiling futures-channel v0.3.34
   Compiling http-body-util v0.1.3
   Compiling tokio-stream v0.1.19
   Compiling futures-util v0.3.34
   Compiling rand v0.10.2
   Compiling axum-core v0.5.6
   Compiling h2 v0.4.19
   Compiling wyrd-testkit v0.0.0 (/home/eddie/wyrd/wyrd-cov/crates/testkit)
   Compiling wyrd-chunkstore-fs v0.0.0 (/home/eddie/wyrd/wyrd-cov/crates/chunkstore-fs)
   Compiling tower v0.5.3
   Compiling wyrd-core v0.0.0 (/home/eddie/wyrd/wyrd-cov/crates/core)
   Compiling axum v0.8.9
   Compiling hyper v1.10.1
   Compiling wyrd-metadata-redb v0.0.0 (/home/eddie/wyrd/wyrd-cov/crates/metadata-redb)
   Compiling hyper-util v0.1.20
   Compiling hyper-timeout v0.5.2
   Compiling tonic v0.14.6
   Compiling tonic-prost v0.14.6
   Compiling wyrd-chunkstore-grpc v0.0.0 (/home/eddie/wyrd/wyrd-cov/crates/chunkstore-grpc)
    Finished `test` profile [unoptimized + debuginfo] target(s) in 4.13s
     Running tests/multipart_retire_obligation.rs (target/llvm-cov-target/debug/deps/multipart_retire_obligation-f00cef4547bc3ece)

running 28 tests
test a_generation_disagreeing_with_its_token_is_rejected ... ok
test a_component_spelled_outside_its_grammar_is_rejected ... ok
test a_key_that_names_no_obligation_is_rejected ... ok
test a_noncanonical_part_number_set_is_rejected ... ok
test a_component_under_the_wrong_mode_is_rejected ... ok
test a_placement_length_mismatch_still_decodes ... ok
test a_session_wide_component_under_a_per_part_token_is_rejected ... ok
test a_foreign_spelling_of_an_accepted_payload_is_rejected ... ok
test an_unknown_or_omitted_field_is_rejected ... ok
test a_generation_naming_both_sources_is_rejected ... ok
test a_segment_group_epoch_other_than_the_tokens_is_rejected ... ok
test a_segment_groups_nonce_and_a_generations_epoch_are_unchecked ... ok
test an_obligation_owing_nothing_is_rejected ... ok
test bytes_parts_alone_decodes ... ok
test bytes_generation_with_chunks_decodes ... ok
test bytes_generation_with_segments_decodes ... ok
test an_unsupported_chunk_scheme_is_rejected ... ok
test bytes_chunks_under_a_per_part_token_decodes ... ok
test bytes_session_alone_decodes ... ok
test bytes_session_and_all_parts_decodes ... ok
test chunks_under_a_session_wide_token_is_rejected ... ok
test bytes_session_and_parts_decodes ... ok
test records_parts_decodes ... ok
test part_number_set_minting_is_canonical_and_never_empty ... ok
test records_seg_decodes ... ok
test records_parts_and_seg_decodes ... ok
test the_all_parts_wildcard_outside_a_session_teardown_is_rejected ... ok
test the_mode_is_part_of_the_decoded_obligation ... ok

test result: ok. 28 passed; 0 failed; 0 ignored; 0 measured; 0 filtered out; finished in 0.00s
run-diff-cov.sh: NOTE — 271 of 1084 changed production lines carried a coverage
                 region; the other 813 are not scored either way. Most are simply not
                 executable (comments, `use`, declarations, bare delimiters). But code
                 compiled out by a #[cfg(...)] your feature selection does not enable looks
                 identical here, and this gate cannot tell the two apart (#222).
                 The largest unscored spans, so you can tell at a glance which it is:
run-diff-cov.sh:   UNSCORED crates/core/src/multipart.rs:2796-2990 (195 lines)
run-diff-cov.sh:   UNSCORED crates/core/src/multipart.rs:305-437 (133 lines)
run-diff-cov.sh:   UNSCORED crates/core/src/multipart.rs:2640-2722 (83 lines)
run-diff-cov.sh:   UNSCORED crates/core/src/multipart.rs:2407-2451 (45 lines)
run-diff-cov.sh:   UNSCORED crates/core/src/multipart.rs:3069-3108 (40 lines)
run-diff-cov.sh:   UNSCORED crates/core/src/multipart.rs:3212-3244 (33 lines)
run-diff-cov.sh:   … and 76 further span(s), none larger; all of them are in coverage/diff-cov.json
run-diff-cov.sh: MISS crates/core/src/multipart.rs:557
run-diff-cov.sh: MISS crates/core/src/multipart.rs:558
run-diff-cov.sh: MISS crates/core/src/multipart.rs:560
run-diff-cov.sh: MISS crates/core/src/multipart.rs:561
run-diff-cov.sh: MISS crates/core/src/multipart.rs:565
run-diff-cov.sh: MISS crates/core/src/multipart.rs:566
run-diff-cov.sh: MISS crates/core/src/multipart.rs:568
run-diff-cov.sh: MISS crates/core/src/multipart.rs:569
run-diff-cov.sh: MISS crates/core/src/multipart.rs:575
run-diff-cov.sh: MISS crates/core/src/multipart.rs:576
run-diff-cov.sh: MISS crates/core/src/multipart.rs:577
run-diff-cov.sh: MISS crates/core/src/multipart.rs:578
run-diff-cov.sh: MISS crates/core/src/multipart.rs:580
run-diff-cov.sh: MISS crates/core/src/multipart.rs:582
run-diff-cov.sh: MISS crates/core/src/multipart.rs:583
run-diff-cov.sh: MISS crates/core/src/multipart.rs:588
run-diff-cov.sh: MISS crates/core/src/multipart.rs:589
run-diff-cov.sh: MISS crates/core/src/multipart.rs:590
run-diff-cov.sh: MISS crates/core/src/multipart.rs:591
run-diff-cov.sh: MISS crates/core/src/multipart.rs:594
run-diff-cov.sh: MISS crates/core/src/multipart.rs:595
run-diff-cov.sh: MISS crates/core/src/multipart.rs:597
run-diff-cov.sh: MISS crates/core/src/multipart.rs:601
run-diff-cov.sh: MISS crates/core/src/multipart.rs:602
run-diff-cov.sh: MISS crates/core/src/multipart.rs:603
run-diff-cov.sh: MISS crates/core/src/multipart.rs:604
run-diff-cov.sh: MISS crates/core/src/multipart.rs:605
run-diff-cov.sh: MISS crates/core/src/multipart.rs:606
run-diff-cov.sh: MISS crates/core/src/multipart.rs:610
run-diff-cov.sh: MISS crates/core/src/multipart.rs:611
run-diff-cov.sh: MISS crates/core/src/multipart.rs:616
run-diff-cov.sh: MISS crates/core/src/multipart.rs:617
run-diff-cov.sh: MISS crates/core/src/multipart.rs:618
run-diff-cov.sh: MISS crates/core/src/multipart.rs:619
METRIC diff_cov=87.5 covered=237 instrumentable=271 unscored=813
run-diff-cov.sh: PASS — the patch's tests execute 87.5% of its 271 instrumentable changed
                 lines (floor 80%, 28 test(s) ran).
PDCA-EVIDENCE: diff coverage 87.5% — 237 of 271 instrumentable changed lines executed (floor 80%); 271 of 1084 changed lines were instrumentable
