# gate: C4-verify — per-fix red->green: this patch's test red pre-fix, green post-fix
# cmd: ./engine/scripts/run-verify.sh
# cwd: /home/eddie/wyrd/wyrd-pdca
# PDCA_WORKTREE: /home/eddie/wyrd/wyrd.pdca-wt
# start: 2026-09-11T17:54:50+00:00
# duration_secs: 5.94
# exit: 77
# outcome: unverifiable
# ---- combined stdout+stderr (verbatim) ----
run-verify.sh: GREEN — cargo test -p wyrd-core --test multipart_retire_obligation (fix applied)

running 28 tests
............................
test result: ok. 28 passed; 0 failed; 0 ignored; 0 measured; 0 filtered out; finished in 0.00s
run-verify.sh: RED — cargo test -p wyrd-core --test multipart_retire_obligation (production reverted, test kept)
error[E0432]: unresolved imports `wyrd_core::multipart::decode_retire_obligation`, `wyrd_core::multipart::PartNumberSet`, `wyrd_core::multipart::PartScope`, `wyrd_core::multipart::RetirePayload`, `wyrd_core::multipart::RetiredMap`
  --> crates/core/tests/multipart_retire_obligation.rs:62:5
   |
62 |     decode_retire_obligation, retire_key, AttemptId, PartNumber, PartNumberSet, PartScope,
   |     ^^^^^^^^^^^^^^^^^^^^^^^^                                     ^^^^^^^^^^^^^  ^^^^^^^^^ no `PartScope` in `multipart`
   |     |                                                            |
   |     |                                                            no `PartNumberSet` in `multipart`
   |     no `decode_retire_obligation` in `multipart`
63 |     RecordError, RetireMode, RetirePayload, RetireToken, RetiredMap, UploadId, MAX_PART_NUMBER,
   |                              ^^^^^^^^^^^^^               ^^^^^^^^^^ no `RetiredMap` in `multipart`
   |                              |
   |                              no `RetirePayload` in `multipart`
   |
help: a similar name exists in the module
   |
62 -     decode_retire_obligation, retire_key, AttemptId, PartNumber, PartNumberSet, PartScope,
62 +     decode_retire_obligation, retire_key, AttemptId, PartNumber, PartNumber, PartScope,
   |

error[E0599]: no variant named `RetireGenerationBothSources` found for enum `RecordError`
   --> crates/core/tests/multipart_retire_obligation.rs:449:22
    |
449 |         RecordError::RetireGenerationBothSources {
    |                      ^^^^^^^^^^^^^^^^^^^^^^^^^^^ variant not found in `RecordError`

error[E0599]: no variant named `RetireObligationOwesNothing` found for enum `RecordError`
   --> crates/core/tests/multipart_retire_obligation.rs:469:49
    |
469 |     let owes_nothing = |component| RecordError::RetireObligationOwesNothing { component };
    |                                                 ^^^^^^^^^^^^^^^^^^^^^^^^^^^ variant not found in `RecordError`

error[E0599]: no variant named `RetireModeMismatch` found for enum `RecordError`
   --> crates/core/tests/multipart_retire_obligation.rs:496:57
    |
496 |     let wrong_mode = |key_mode, component| RecordError::RetireModeMismatch {
    |                                                         ^^^^^^^^^^^^^^^^^^ variant not found in `RecordError`

error[E0599]: no variant, associated function, or constant named `RetireAllPartsWithoutSession` found for enum `RecordError` in the current scope
   --> crates/core/tests/multipart_retire_obligation.rs:533:22
    |
533 |         RecordError::RetireAllPartsWithoutSession,
    |                      ^^^^^^^^^^^^^^^^^^^^^^^^^^^^ variant, associated function, or constant not found in `RecordError`

error[E0599]: no variant named `RetireTokenSuffixMismatch` found for enum `RecordError`
   --> crates/core/tests/multipart_retire_obligation.rs:545:52
    |
545 |     let suffix_mismatch = |component| RecordError::RetireTokenSuffixMismatch {
    |                                                    ^^^^^^^^^^^^^^^^^^^^^^^^^ variant not found in `RecordError`

error[E0599]: no variant named `RetireTokenSuffixMismatch` found for enum `RecordError`
   --> crates/core/tests/multipart_retire_obligation.rs:568:22
    |
568 |         RecordError::RetireTokenSuffixMismatch {
    |                      ^^^^^^^^^^^^^^^^^^^^^^^^^ variant not found in `RecordError`

error[E0599]: no variant named `RetireGenerationIdentityMismatch` found for enum `RecordError`
   --> crates/core/tests/multipart_retire_obligation.rs:582:66
    |
582 |     let mismatch = |payload_inode, payload_version| RecordError::RetireGenerationIdentityMismatch {
    |                                                                  ^^^^^^^^^^^^^^^^^^^^^^^^^^^^^^^^ variant not found in `RecordError`

error[E0599]: no variant named `RetireTokenScopeMismatch` found for enum `RecordError`
   --> crates/core/tests/multipart_retire_obligation.rs:601:22
    |
601 |         RecordError::RetireTokenScopeMismatch {
    |                      ^^^^^^^^^^^^^^^^^^^^^^^^ variant not found in `RecordError`

error[E0599]: no variant named `RetireTokenScopeMismatch` found for enum `RecordError`
   --> crates/core/tests/multipart_retire_obligation.rs:609:22
    |
609 |         RecordError::RetireTokenScopeMismatch {
    |                      ^^^^^^^^^^^^^^^^^^^^^^^^ variant not found in `RecordError`

error[E0599]: no variant named `RetireSegmentEpochMismatch` found for enum `RecordError`
   --> crates/core/tests/multipart_retire_obligation.rs:628:26
    |
628 |             RecordError::RetireSegmentEpochMismatch {
    |                          ^^^^^^^^^^^^^^^^^^^^^^^^^^ variant not found in `RecordError`

error[E0599]: no variant named `PartNumberRunsNotCoalesced` found for enum `RecordError`
   --> crates/core/tests/multipart_retire_obligation.rs:701:40
    |
701 |         |lo, previous_hi| RecordError::PartNumberRunsNotCoalesced { lo, previous_hi };
    |                                        ^^^^^^^^^^^^^^^^^^^^^^^^^^ variant not found in `RecordError`

error[E0599]: no variant named `PartNumberRunReversed` found for enum `RecordError`
   --> crates/core/tests/multipart_retire_obligation.rs:710:22
    |
710 |         RecordError::PartNumberRunReversed { lo: 4, hi: 2 },
    |                      ^^^^^^^^^^^^^^^^^^^^^ variant not found in `RecordError`

Some errors have detailed explanations: E0432, E0599.
For more information about an error, try `rustc --explain E0432`.
error: could not compile `wyrd-core` (test "multipart_retire_obligation") due to 13 previous errors
run-verify.sh: UNVERIFIABLE — the RED leg's cargo run failed (status 101) WITHOUT
               running a test, so no RED was established. This is NOT 'red without the
               fix' — the discriminator never executed. The usual cause is that it does
               not COMPILE against the reverted base: it calls production API this patch
               adds, so reverting the fix removes the symbol it needs. Split the test so
               it exercises the behaviour through pre-existing API, or record at sign-off
               why this slice has no isolable red (the cargo output is above).
