# gate C4-verify — attempt 1/1: pass (exit 0)
# cmd: ./engine/scripts/run-verify.sh
# cwd: /home/eddie/wyrd/wyrd-pdca
# PDCA_WORKTREE: /home/eddie/wyrd/wyrd.pdca-wt-l1
# started: 2026-08-04T00:17:06+02:00   duration: 22s

run-verify.sh: GREEN — cargo test -p wyrd-server --test gateway_recover_totality (fix applied)

running 5 tests
.....
test result: ok. 5 passed; 0 failed; 0 ignored; 0 measured; 0 filtered out; finished in 0.09s
run-verify.sh: RED — cargo test -p wyrd-server --test gateway_recover_totality (production reverted, test kept)

running 5 tests
recover_is_total_over_a_damaged_next_inode_counter_and_leaves_it_for_repair --- FAILED
an_exhausted_inode_space_fails_the_next_put_closed_rather_than_wrapping_the_allocator --- FAILED
recover_is_total_over_a_store_whose_scan_refuses_and_pages_the_whole_namespace --- FAILED
recover_is_total_over_damaged_inode_records_and_attributes_each --- FAILED
recovery_reaches_a_result_over_a_permanently_conflicting_counter --- FAILED

failures:

---- recover_is_total_over_a_damaged_next_inode_counter_and_leaves_it_for_repair stdout ----

thread 'recover_is_total_over_a_damaged_next_inode_counter_and_leaves_it_for_repair' (1216370) panicked at crates/server/tests/gateway_recover_totality.rs:454:17:
recover() must be Ok(()) over a damaged `meta:next_inode`: the allocator is one record, and a recovery that refuses over it costs every healthy object its availability just as surely as a damaged inode record does (issue #652): Utf8Error { valid_up_to: 0, error_len: Some(1) }
note: run with `RUST_BACKTRACE=1` environment variable to display a backtrace

---- an_exhausted_inode_space_fails_the_next_put_closed_rather_than_wrapping_the_allocator stdout ----

thread 'an_exhausted_inode_space_fails_the_next_put_closed_rather_than_wrapping_the_allocator' (1216369) panicked at crates/server/tests/gateway_recover_totality.rs:766:17:
recover() must be Ok(()) over the damaged ceiling record (criterion 1): Error("expected ident", line: 1, column: 2)

---- recover_is_total_over_a_store_whose_scan_refuses_and_pages_the_whole_namespace stdout ----

thread 'recover_is_total_over_a_store_whose_scan_refuses_and_pages_the_whole_namespace' (1216371) panicked at crates/server/tests/gateway_recover_totality.rs:603:41:
recover() must be Ok(()) even though scan() refuses on every call (issue #652 criterion 2): the walk must read its namespaces in bounded pages via scan_page: ScanCapExceeded { cap: 1048576, prefix: [105, 110, 111, 100, 101, 58] }

---- recover_is_total_over_damaged_inode_records_and_attributes_each stdout ----

thread 'recover_is_total_over_damaged_inode_records_and_attributes_each' (1216372) panicked at crates/server/tests/gateway_recover_totality.rs:344:17:
recover() must be Ok(()) over a store holding records it cannot read — an Err here costs every healthy object its availability (issue #652 criterion 1): Error("missing field `size`", line: 1, column: 2)

---- recovery_reaches_a_result_over_a_permanently_conflicting_counter stdout ----

thread 'recovery_reaches_a_result_over_a_permanently_conflicting_counter' (1216373) panicked at crates/server/tests/gateway_recover_totality.rs:702:9:
Gateway::recover() must reach a result within 15s over a counter whose compare-and-set always loses: an unbounded retry leaves the gateway starting forever, which costs every healthy object its availability exactly as a refusal does (issue #652). Conflicts served so far: 4033169


failures:
    an_exhausted_inode_space_fails_the_next_put_closed_rather_than_wrapping_the_allocator
    recover_is_total_over_a_damaged_next_inode_counter_and_leaves_it_for_repair
    recover_is_total_over_a_store_whose_scan_refuses_and_pages_the_whole_namespace
    recover_is_total_over_damaged_inode_records_and_attributes_each
    recovery_reaches_a_result_over_a_permanently_conflicting_counter

test result: FAILED. 0 passed; 5 failed; 0 ignored; 0 measured; 0 filtered out; finished in 15.06s

error: test failed, to rerun pass `-p wyrd-server --test gateway_recover_totality`
run-verify.sh: PASS — red without the fix, green with it.
