# gate: C4-verify — per-fix red->green: this patch's test red pre-fix, green post-fix
# cmd: ./engine/scripts/run-verify.sh
# cwd: /home/eddie/wyrd/wyrd-pdca
# PDCA_WORKTREE: /home/eddie/wyrd/wyrd.pdca-wt-l1
# start: 2026-10-01T07:07:10+00:00
# duration_secs: 2.83
# exit: 0
# outcome: pass
# ---- combined stdout+stderr (verbatim) ----
run-verify.sh: GREEN — cargo test -p xtask --test blackbox_dependency_guard (fix applied)

running 29 tests
.............................
test result: ok. 29 passed; 0 failed; 0 ignored; 0 measured; 0 filtered out; finished in 0.33s
run-verify.sh: RED — cargo test -p xtask --test blackbox_dependency_guard (production reverted, test kept)

running 29 tests
a_build_dependency_on_a_wyrd_crate_is_not_a_normal_edge --- FAILED
a_dry_run_with_no_argument_checks_this_workspace --- FAILED
a_normal_dependency_on_a_wyrd_crate_is_one_violation_naming_it --- FAILED
a_document_without_a_resolve_graph_is_refused --- FAILED
a_declared_dependency_of_unknown_kind_is_refused --- FAILED
a_dev_dependency_on_a_wyrd_crate_is_allowed --- FAILED
a_transitive_wyrd_dependency_is_a_violation_naming_the_path --- FAILED
a_reached_package_record_without_a_name_is_refused --- FAILED
a_blackbox_package_in_no_resolve_node_is_refused --- FAILED
an_edge_of_unknown_kind_is_refused --- FAILED
a_wyrd_crate_behind_a_third_party_dev_edge_is_not_followed --- FAILED
an_edge_that_is_both_dev_and_normal_is_followed --- FAILED
a_missing_blackbox_package_is_refused --- FAILED
a_reached_package_record_without_an_id_is_refused --- FAILED
a_crate_first_met_on_a_dev_edge_is_still_walked_on_a_normal_path --- FAILED
an_unparsable_document_is_refused --- FAILED
structurally_incomplete_documents_are_refused --- FAILED
a_reached_package_in_no_resolve_node_is_refused --- FAILED
an_optional_off_by_default_wyrd_dependency_is_a_violation --- FAILED
unknown_arguments_are_a_usage_error --- FAILED
the_real_workspace_has_no_violation --- FAILED
an_edge_without_dep_kinds_is_refused --- FAILED
two_blackbox_packages_are_refused --- FAILED
the_guard_never_writes_the_lock_file_it_audits --- FAILED
the_gate_runs_every_repo_guard_before_any_cargo_step --- FAILED
the_gate_stops_at_the_blackbox_guard_on_a_forbidden_dependency --- FAILED
an_optional_crate_behind_an_off_by_default_feature_is_walked --- FAILED
an_edge_with_empty_dep_kinds_is_refused --- FAILED
a_renamed_dependency_is_caught_by_its_package_name --- FAILED

failures:

---- a_build_dependency_on_a_wyrd_crate_is_not_a_normal_edge stdout ----

thread 'a_build_dependency_on_a_wyrd_crate_is_not_a_normal_edge' (3967998) panicked at xtask/tests/blackbox_dependency_guard.rs:556:5:
xtask: unknown task `blackbox-guard`
usage: cargo xtask <ci|conformance|gen-vectors|dst|statics|integration|tikv-conformance|fdb-conformance|fdb-doctor|fdb-metadata-tier1|metadata-nemesis|consistency-run|etcd-conformance|deploy-small-multi-node|dist|disk-faults|jepsen|kill-reconstruct|metadata-tier1|metadata-tier2|bench>


---- a_dry_run_with_no_argument_checks_this_workspace stdout ----

thread 'a_dry_run_with_no_argument_checks_this_workspace' (3968003) panicked at xtask/tests/blackbox_dependency_guard.rs:297:5:
xtask: unknown task `ci-dry-run`
usage: cargo xtask <ci|conformance|gen-vectors|dst|statics|integration|tikv-conformance|fdb-conformance|fdb-doctor|fdb-metadata-tier1|metadata-nemesis|consistency-run|etcd-conformance|deploy-small-multi-node|dist|disk-faults|jepsen|kill-reconstruct|metadata-tier1|metadata-tier2|bench>

note: run with `RUST_BACKTRACE=1` environment variable to display a backtrace

---- a_normal_dependency_on_a_wyrd_crate_is_one_violation_naming_it stdout ----

thread 'a_normal_dependency_on_a_wyrd_crate_is_one_violation_naming_it' (3968005) panicked at xtask/tests/blackbox_dependency_guard.rs:527:5:
assertion `left == right` failed: xtask: unknown task `blackbox-guard`
usage: cargo xtask <ci|conformance|gen-vectors|dst|statics|integration|tikv-conformance|fdb-conformance|fdb-doctor|fdb-metadata-tier1|metadata-nemesis|consistency-run|etcd-conformance|deploy-small-multi-node|dist|disk-faults|jepsen|kill-reconstruct|metadata-tier1|metadata-tier2|bench>

  left: 0
 right: 1

---- a_document_without_a_resolve_graph_is_refused stdout ----

thread 'a_document_without_a_resolve_graph_is_refused' (3968002) panicked at xtask/tests/blackbox_dependency_guard.rs:123:5:
resolve-null: must be refused with `no `resolve.nodes` graph`:
xtask: unknown task `blackbox-guard`
usage: cargo xtask <ci|conformance|gen-vectors|dst|statics|integration|tikv-conformance|fdb-conformance|fdb-doctor|fdb-metadata-tier1|metadata-nemesis|consistency-run|etcd-conformance|deploy-small-multi-node|dist|disk-faults|jepsen|kill-reconstruct|metadata-tier1|metadata-tier2|bench>


---- a_declared_dependency_of_unknown_kind_is_refused stdout ----

thread 'a_declared_dependency_of_unknown_kind_is_refused' (3968000) panicked at xtask/tests/blackbox_dependency_guard.rs:123:5:
unknown-declared-kind: must be refused with `declared dependency `wyrd-core` of `wyrd-validate` has unknown dependency kind`:
xtask: unknown task `blackbox-guard`
usage: cargo xtask <ci|conformance|gen-vectors|dst|statics|integration|tikv-conformance|fdb-conformance|fdb-doctor|fdb-metadata-tier1|metadata-nemesis|consistency-run|etcd-conformance|deploy-small-multi-node|dist|disk-faults|jepsen|kill-reconstruct|metadata-tier1|metadata-tier2|bench>


---- a_dev_dependency_on_a_wyrd_crate_is_allowed stdout ----

thread 'a_dev_dependency_on_a_wyrd_crate_is_allowed' (3968001) panicked at xtask/tests/blackbox_dependency_guard.rs:547:5:
xtask: unknown task `blackbox-guard`
usage: cargo xtask <ci|conformance|gen-vectors|dst|statics|integration|tikv-conformance|fdb-conformance|fdb-doctor|fdb-metadata-tier1|metadata-nemesis|consistency-run|etcd-conformance|deploy-small-multi-node|dist|disk-faults|jepsen|kill-reconstruct|metadata-tier1|metadata-tier2|bench>


---- a_transitive_wyrd_dependency_is_a_violation_naming_the_path stdout ----

thread 'a_transitive_wyrd_dependency_is_a_violation_naming_the_path' (3968014) panicked at xtask/tests/blackbox_dependency_guard.rs:590:5:
assertion `left == right` failed: xtask: unknown task `blackbox-guard`
usage: cargo xtask <ci|conformance|gen-vectors|dst|statics|integration|tikv-conformance|fdb-conformance|fdb-doctor|fdb-metadata-tier1|metadata-nemesis|consistency-run|etcd-conformance|deploy-small-multi-node|dist|disk-faults|jepsen|kill-reconstruct|metadata-tier1|metadata-tier2|bench>

  left: 0
 right: 1

---- a_reached_package_record_without_a_name_is_refused stdout ----

thread 'a_reached_package_record_without_a_name_is_refused' (3968007) panicked at xtask/tests/blackbox_dependency_guard.rs:123:5:
no-name: must be refused with `has no decodable `name``:
xtask: unknown task `blackbox-guard`
usage: cargo xtask <ci|conformance|gen-vectors|dst|statics|integration|tikv-conformance|fdb-conformance|fdb-doctor|fdb-metadata-tier1|metadata-nemesis|consistency-run|etcd-conformance|deploy-small-multi-node|dist|disk-faults|jepsen|kill-reconstruct|metadata-tier1|metadata-tier2|bench>


---- a_blackbox_package_in_no_resolve_node_is_refused stdout ----

thread 'a_blackbox_package_in_no_resolve_node_is_refused' (3967997) panicked at xtask/tests/blackbox_dependency_guard.rs:123:5:
subject-no-node: must be refused with ``wyrd-validate` appears in no resolve node`:
xtask: unknown task `blackbox-guard`
usage: cargo xtask <ci|conformance|gen-vectors|dst|statics|integration|tikv-conformance|fdb-conformance|fdb-doctor|fdb-metadata-tier1|metadata-nemesis|consistency-run|etcd-conformance|deploy-small-multi-node|dist|disk-faults|jepsen|kill-reconstruct|metadata-tier1|metadata-tier2|bench>


---- an_edge_of_unknown_kind_is_refused stdout ----

thread 'an_edge_of_unknown_kind_is_refused' (3968016) panicked at xtask/tests/blackbox_dependency_guard.rs:123:5:
unknown-edge-kind: must be refused with `has unknown dependency kind "weird"`:
xtask: unknown task `blackbox-guard`
usage: cargo xtask <ci|conformance|gen-vectors|dst|statics|integration|tikv-conformance|fdb-conformance|fdb-doctor|fdb-metadata-tier1|metadata-nemesis|consistency-run|etcd-conformance|deploy-small-multi-node|dist|disk-faults|jepsen|kill-reconstruct|metadata-tier1|metadata-tier2|bench>


---- a_wyrd_crate_behind_a_third_party_dev_edge_is_not_followed stdout ----

thread 'a_wyrd_crate_behind_a_third_party_dev_edge_is_not_followed' (3968015) panicked at xtask/tests/blackbox_dependency_guard.rs:603:5:
xtask: unknown task `blackbox-guard`
usage: cargo xtask <ci|conformance|gen-vectors|dst|statics|integration|tikv-conformance|fdb-conformance|fdb-doctor|fdb-metadata-tier1|metadata-nemesis|consistency-run|etcd-conformance|deploy-small-multi-node|dist|disk-faults|jepsen|kill-reconstruct|metadata-tier1|metadata-tier2|bench>


---- an_edge_that_is_both_dev_and_normal_is_followed stdout ----

thread 'an_edge_that_is_both_dev_and_normal_is_followed' (3968019) panicked at xtask/tests/blackbox_dependency_guard.rs:615:5:
assertion `left == right` failed: xtask: unknown task `blackbox-guard`
usage: cargo xtask <ci|conformance|gen-vectors|dst|statics|integration|tikv-conformance|fdb-conformance|fdb-doctor|fdb-metadata-tier1|metadata-nemesis|consistency-run|etcd-conformance|deploy-small-multi-node|dist|disk-faults|jepsen|kill-reconstruct|metadata-tier1|metadata-tier2|bench>

  left: 0
 right: 1

---- a_missing_blackbox_package_is_refused stdout ----

thread 'a_missing_blackbox_package_is_refused' (3968004) panicked at xtask/tests/blackbox_dependency_guard.rs:123:5:
no-subject: must be refused with `no `wyrd-validate` package`:
xtask: unknown task `blackbox-guard`
usage: cargo xtask <ci|conformance|gen-vectors|dst|statics|integration|tikv-conformance|fdb-conformance|fdb-doctor|fdb-metadata-tier1|metadata-nemesis|consistency-run|etcd-conformance|deploy-small-multi-node|dist|disk-faults|jepsen|kill-reconstruct|metadata-tier1|metadata-tier2|bench>


---- a_reached_package_record_without_an_id_is_refused stdout ----

thread 'a_reached_package_record_without_an_id_is_refused' (3968008) panicked at xtask/tests/blackbox_dependency_guard.rs:123:5:
no-id: must be refused with `has no decodable `id``:
xtask: unknown task `blackbox-guard`
usage: cargo xtask <ci|conformance|gen-vectors|dst|statics|integration|tikv-conformance|fdb-conformance|fdb-doctor|fdb-metadata-tier1|metadata-nemesis|consistency-run|etcd-conformance|deploy-small-multi-node|dist|disk-faults|jepsen|kill-reconstruct|metadata-tier1|metadata-tier2|bench>


---- a_crate_first_met_on_a_dev_edge_is_still_walked_on_a_normal_path stdout ----

thread 'a_crate_first_met_on_a_dev_edge_is_still_walked_on_a_normal_path' (3967999) panicked at xtask/tests/blackbox_dependency_guard.rs:652:5:
assertion `left == right` failed: xtask: unknown task `blackbox-guard`
usage: cargo xtask <ci|conformance|gen-vectors|dst|statics|integration|tikv-conformance|fdb-conformance|fdb-doctor|fdb-metadata-tier1|metadata-nemesis|consistency-run|etcd-conformance|deploy-small-multi-node|dist|disk-faults|jepsen|kill-reconstruct|metadata-tier1|metadata-tier2|bench>

  left: 0
 right: 1

---- an_unparsable_document_is_refused stdout ----

thread 'an_unparsable_document_is_refused' (3968032) panicked at xtask/tests/blackbox_dependency_guard.rs:123:5:
unparsable: must be refused with `cannot parse cargo metadata`:
xtask: unknown task `blackbox-guard`
usage: cargo xtask <ci|conformance|gen-vectors|dst|statics|integration|tikv-conformance|fdb-conformance|fdb-doctor|fdb-metadata-tier1|metadata-nemesis|consistency-run|etcd-conformance|deploy-small-multi-node|dist|disk-faults|jepsen|kill-reconstruct|metadata-tier1|metadata-tier2|bench>


---- structurally_incomplete_documents_are_refused stdout ----

thread 'structurally_incomplete_documents_are_refused' (3968034) panicked at xtask/tests/blackbox_dependency_guard.rs:123:5:
no-packages: must be refused with `no `packages` array`:
xtask: unknown task `blackbox-guard`
usage: cargo xtask <ci|conformance|gen-vectors|dst|statics|integration|tikv-conformance|fdb-conformance|fdb-doctor|fdb-metadata-tier1|metadata-nemesis|consistency-run|etcd-conformance|deploy-small-multi-node|dist|disk-faults|jepsen|kill-reconstruct|metadata-tier1|metadata-tier2|bench>


---- a_reached_package_in_no_resolve_node_is_refused stdout ----

thread 'a_reached_package_in_no_resolve_node_is_refused' (3968006) panicked at xtask/tests/blackbox_dependency_guard.rs:123:5:
reached-no-node: must be refused with `is reached but appears in no resolve node`:
xtask: unknown task `blackbox-guard`
usage: cargo xtask <ci|conformance|gen-vectors|dst|statics|integration|tikv-conformance|fdb-conformance|fdb-doctor|fdb-metadata-tier1|metadata-nemesis|consistency-run|etcd-conformance|deploy-small-multi-node|dist|disk-faults|jepsen|kill-reconstruct|metadata-tier1|metadata-tier2|bench>


---- an_optional_off_by_default_wyrd_dependency_is_a_violation stdout ----

thread 'an_optional_off_by_default_wyrd_dependency_is_a_violation' (3968030) panicked at xtask/tests/blackbox_dependency_guard.rs:576:5:
assertion `left == right` failed: xtask: unknown task `blackbox-guard`
usage: cargo xtask <ci|conformance|gen-vectors|dst|statics|integration|tikv-conformance|fdb-conformance|fdb-doctor|fdb-metadata-tier1|metadata-nemesis|consistency-run|etcd-conformance|deploy-small-multi-node|dist|disk-faults|jepsen|kill-reconstruct|metadata-tier1|metadata-tier2|bench>

  left: 0
 right: 1

---- unknown_arguments_are_a_usage_error stdout ----

thread 'unknown_arguments_are_a_usage_error' (3968049) panicked at xtask/tests/blackbox_dependency_guard.rs:324:9:
["blackbox-guard", "--bogus", "Cargo.toml"] must be refused with `usage: cargo xtask blackbox-guard [--metadata FILE]`:
xtask: unknown task `blackbox-guard`
usage: cargo xtask <ci|conformance|gen-vectors|dst|statics|integration|tikv-conformance|fdb-conformance|fdb-doctor|fdb-metadata-tier1|metadata-nemesis|consistency-run|etcd-conformance|deploy-small-multi-node|dist|disk-faults|jepsen|kill-reconstruct|metadata-tier1|metadata-tier2|bench>


---- the_real_workspace_has_no_violation stdout ----

thread 'the_real_workspace_has_no_violation' (3968040) panicked at xtask/tests/blackbox_dependency_guard.rs:348:5:
xtask: unknown task `blackbox-guard`
usage: cargo xtask <ci|conformance|gen-vectors|dst|statics|integration|tikv-conformance|fdb-conformance|fdb-doctor|fdb-metadata-tier1|metadata-nemesis|consistency-run|etcd-conformance|deploy-small-multi-node|dist|disk-faults|jepsen|kill-reconstruct|metadata-tier1|metadata-tier2|bench>


---- an_edge_without_dep_kinds_is_refused stdout ----

thread 'an_edge_without_dep_kinds_is_refused' (3968025) panicked at xtask/tests/blackbox_dependency_guard.rs:123:5:
no-dep-kinds: must be refused with `has no `dep_kinds` list`:
xtask: unknown task `blackbox-guard`
usage: cargo xtask <ci|conformance|gen-vectors|dst|statics|integration|tikv-conformance|fdb-conformance|fdb-doctor|fdb-metadata-tier1|metadata-nemesis|consistency-run|etcd-conformance|deploy-small-multi-node|dist|disk-faults|jepsen|kill-reconstruct|metadata-tier1|metadata-tier2|bench>


---- two_blackbox_packages_are_refused stdout ----

thread 'two_blackbox_packages_are_refused' (3968048) panicked at xtask/tests/blackbox_dependency_guard.rs:123:5:
two-subjects: must be refused with `more than one `wyrd-validate` package`:
xtask: unknown task `blackbox-guard`
usage: cargo xtask <ci|conformance|gen-vectors|dst|statics|integration|tikv-conformance|fdb-conformance|fdb-doctor|fdb-metadata-tier1|metadata-nemesis|consistency-run|etcd-conformance|deploy-small-multi-node|dist|disk-faults|jepsen|kill-reconstruct|metadata-tier1|metadata-tier2|bench>


---- the_guard_never_writes_the_lock_file_it_audits stdout ----

thread 'the_guard_never_writes_the_lock_file_it_audits' (3968038) panicked at xtask/tests/blackbox_dependency_guard.rs:402:5:
xtask: unknown task `ci-dry-run`
usage: cargo xtask <ci|conformance|gen-vectors|dst|statics|integration|tikv-conformance|fdb-conformance|fdb-doctor|fdb-metadata-tier1|metadata-nemesis|consistency-run|etcd-conformance|deploy-small-multi-node|dist|disk-faults|jepsen|kill-reconstruct|metadata-tier1|metadata-tier2|bench>


---- the_gate_runs_every_repo_guard_before_any_cargo_step stdout ----

thread 'the_gate_runs_every_repo_guard_before_any_cargo_step' (3968036) panicked at xtask/tests/blackbox_dependency_guard.rs:272:5:
xtask: unknown task `ci-dry-run`
usage: cargo xtask <ci|conformance|gen-vectors|dst|statics|integration|tikv-conformance|fdb-conformance|fdb-doctor|fdb-metadata-tier1|metadata-nemesis|consistency-run|etcd-conformance|deploy-small-multi-node|dist|disk-faults|jepsen|kill-reconstruct|metadata-tier1|metadata-tier2|bench>


---- the_gate_stops_at_the_blackbox_guard_on_a_forbidden_dependency stdout ----

thread 'the_gate_stops_at_the_blackbox_guard_on_a_forbidden_dependency' (3968037) panicked at xtask/tests/blackbox_dependency_guard.rs:240:5:
assertion `left == right` failed: xtask: unknown task `ci-dry-run`
usage: cargo xtask <ci|conformance|gen-vectors|dst|statics|integration|tikv-conformance|fdb-conformance|fdb-doctor|fdb-metadata-tier1|metadata-nemesis|consistency-run|etcd-conformance|deploy-small-multi-node|dist|disk-faults|jepsen|kill-reconstruct|metadata-tier1|metadata-tier2|bench>

  left: 0
 right: 1

---- an_optional_crate_behind_an_off_by_default_feature_is_walked stdout ----

thread 'an_optional_crate_behind_an_off_by_default_feature_is_walked' (3968026) panicked at xtask/tests/blackbox_dependency_guard.rs:367:5:
assertion `left == right` failed: xtask: unknown task `ci-dry-run`
usage: cargo xtask <ci|conformance|gen-vectors|dst|statics|integration|tikv-conformance|fdb-conformance|fdb-doctor|fdb-metadata-tier1|metadata-nemesis|consistency-run|etcd-conformance|deploy-small-multi-node|dist|disk-faults|jepsen|kill-reconstruct|metadata-tier1|metadata-tier2|bench>

  left: 0
 right: 1

---- an_edge_with_empty_dep_kinds_is_refused stdout ----

thread 'an_edge_with_empty_dep_kinds_is_refused' (3968024) panicked at xtask/tests/blackbox_dependency_guard.rs:123:5:
empty-kinds-deep: must be refused with `has an empty `dep_kinds` list`:
xtask: unknown task `blackbox-guard`
usage: cargo xtask <ci|conformance|gen-vectors|dst|statics|integration|tikv-conformance|fdb-conformance|fdb-doctor|fdb-metadata-tier1|metadata-nemesis|consistency-run|etcd-conformance|deploy-small-multi-node|dist|disk-faults|jepsen|kill-reconstruct|metadata-tier1|metadata-tier2|bench>


---- a_renamed_dependency_is_caught_by_its_package_name stdout ----

thread 'a_renamed_dependency_is_caught_by_its_package_name' (3968011) panicked at xtask/tests/blackbox_dependency_guard.rs:384:5:
assertion `left == right` failed: xtask: unknown task `ci-dry-run`
usage: cargo xtask <ci|conformance|gen-vectors|dst|statics|integration|tikv-conformance|fdb-conformance|fdb-doctor|fdb-metadata-tier1|metadata-nemesis|consistency-run|etcd-conformance|deploy-small-multi-node|dist|disk-faults|jepsen|kill-reconstruct|metadata-tier1|metadata-tier2|bench>

  left: 0
 right: 1


failures:
    a_blackbox_package_in_no_resolve_node_is_refused
    a_build_dependency_on_a_wyrd_crate_is_not_a_normal_edge
    a_crate_first_met_on_a_dev_edge_is_still_walked_on_a_normal_path
    a_declared_dependency_of_unknown_kind_is_refused
    a_dev_dependency_on_a_wyrd_crate_is_allowed
    a_document_without_a_resolve_graph_is_refused
    a_dry_run_with_no_argument_checks_this_workspace
    a_missing_blackbox_package_is_refused
    a_normal_dependency_on_a_wyrd_crate_is_one_violation_naming_it
    a_reached_package_in_no_resolve_node_is_refused
    a_reached_package_record_without_a_name_is_refused
    a_reached_package_record_without_an_id_is_refused
    a_renamed_dependency_is_caught_by_its_package_name
    a_transitive_wyrd_dependency_is_a_violation_naming_the_path
    a_wyrd_crate_behind_a_third_party_dev_edge_is_not_followed
    an_edge_of_unknown_kind_is_refused
    an_edge_that_is_both_dev_and_normal_is_followed
    an_edge_with_empty_dep_kinds_is_refused
    an_edge_without_dep_kinds_is_refused
    an_optional_crate_behind_an_off_by_default_feature_is_walked
    an_optional_off_by_default_wyrd_dependency_is_a_violation
    an_unparsable_document_is_refused
    structurally_incomplete_documents_are_refused
    the_gate_runs_every_repo_guard_before_any_cargo_step
    the_gate_stops_at_the_blackbox_guard_on_a_forbidden_dependency
    the_guard_never_writes_the_lock_file_it_audits
    the_real_workspace_has_no_violation
    two_blackbox_packages_are_refused
    unknown_arguments_are_a_usage_error

test result: FAILED. 0 passed; 29 failed; 0 ignored; 0 measured; 0 filtered out; finished in 0.03s

error: test failed, to rerun pass `-p xtask --test blackbox_dependency_guard`
run-verify.sh: PASS — red without the fix, green with it (29 test(s) ran red).
