# gate: C4-verify — per-fix red->green: this patch's test red pre-fix, green post-fix
# cmd: ./engine/scripts/run-verify.sh
# cwd: /home/eddie/wyrd/wyrd-pdca
# PDCA_WORKTREE: /home/eddie/wyrd/wyrd.pdca-wt
# start: 2026-09-17T20:13:51+00:00
# duration_secs: 3.53
# exit: 0
# outcome: pass
# ---- combined stdout+stderr (verbatim) ----
run-verify.sh: GREEN — cargo test -p wyrd-custodian --test staged_protection (fix applied)

running 26 tests
..........................
test result: ok. 26 passed; 0 failed; 0 ignored; 0 measured; 0 filtered out; finished in 0.03s
run-verify.sh: RED — cargo test -p wyrd-custodian --test staged_protection (production reverted, test kept)

running 26 tests
a_part_commit_between_its_two_reads_leaves_the_chunk_protected --- FAILED
an_owned_entry_with_a_wrong_length_placement_holds_its_chunk --- FAILED
a_part_with_a_wrong_length_placement_holds_its_chunk --- FAILED
a_part_with_an_empty_placement_holds_its_chunk --- FAILED
a_session_key_naming_no_upload_withholds_both_passes --- FAILED
a_publication_flipped_and_drained_between_the_reads_leaves_the_chunk_protected --- FAILED
an_owned_entry_with_an_empty_placement_holds_its_chunk --- FAILED
a_fault_reading_a_session_owned_range_fails_both_passes --- FAILED
a_fault_reading_a_session_part_range_fails_both_passes --- FAILED
an_undecodable_part_record_withholds_both_passes --- FAILED
a_publication_flipped_between_the_reads_and_drained_after_leaves_the_chunk_protected --- FAILED
a_part_with_an_over_long_placement_holds_its_chunk --- FAILED
restore_marks_no_staged_fragment_and_gc_then_keeps_them --- FAILED
an_undecodable_owned_value_holds_its_chunk --- FAILED
restore_marks_no_staged_fragment_of_an_upload_whose_records_span_pages --- FAILED
a_part_key_the_parser_rejects_withholds_both_passes --- FAILED
gc_keeps_every_staged_fragment_in_every_session_state --- FAILED
. 18/26
gc_keeps_every_staged_fragment_of_an_upload_whose_records_span_pages --- FAILED
. 20/26
an_owned_key_naming_no_chunk_withholds_both_passes --- FAILED
restore_leaves_unmarked_a_chunk_flipped_after_read_1_and_drained_after_read_2 --- FAILED
restore_leaves_unmarked_a_chunk_flipped_and_drained_after_read_1 --- FAILED
a_session_whose_value_will_not_decode_still_protects_its_records --- FAILED
a_fault_reading_the_session_listing_fails_both_passes --- FAILED
restore_leaves_unmarked_a_chunk_flipped_and_drained_after_read_2 --- FAILED

failures:

---- a_part_commit_between_its_two_reads_leaves_the_chunk_protected stdout ----

thread 'a_part_commit_between_its_two_reads_leaves_the_chunk_protected' (2895626) panicked at crates/custodian/tests/staged_protection.rs:1189:5:
a part commit landing between GC's reads of the owned range and the part range got the chunk reclaimed — a reading that took the destination before the source sees it in neither class (`0016:782-800`)
note: run with `RUST_BACKTRACE=1` environment variable to display a backtrace

---- an_owned_entry_with_a_wrong_length_placement_holds_its_chunk stdout ----

thread 'an_owned_entry_with_a_wrong_length_placement_holds_its_chunk' (2895635) panicked at crates/custodian/tests/staged_protection.rs:1788:9:
the post-restore pass marked FragmentId { chunk: 3866, index: 0 } on server 0 although the staged record sidx:f1f1f1f1f1f1f1f1f1f1f1f1f1f1f1f1:000003:3866 names its chunk: RestoreReport { stranded_marked: 6, already_marked: 0, pending_skipped: 0, pending_unreadable: [], displaced_kept: 0, dangling: [], misplaced: [], under_replicated: [], unresolvable: [] }

---- a_part_with_a_wrong_length_placement_holds_its_chunk stdout ----

thread 'a_part_with_a_wrong_length_placement_holds_its_chunk' (2895628) panicked at crates/custodian/tests/staged_protection.rs:1788:9:
the post-restore pass marked FragmentId { chunk: 3882, index: 0 } on server 0 although the staged record part:f2f2f2f2f2f2f2f2f2f2f2f2f2f2f2f2:000003 names its chunk: RestoreReport { stranded_marked: 6, already_marked: 0, pending_skipped: 0, pending_unreadable: [], displaced_kept: 0, dangling: [], misplaced: [], under_replicated: [], unresolvable: [] }

---- a_part_with_an_empty_placement_holds_its_chunk stdout ----

thread 'a_part_with_an_empty_placement_holds_its_chunk' (2895629) panicked at crates/custodian/tests/staged_protection.rs:1788:9:
the post-restore pass marked FragmentId { chunk: 3930, index: 0 } on server 0 although the staged record part:f5f5f5f5f5f5f5f5f5f5f5f5f5f5f5f5:000003 names its chunk: RestoreReport { stranded_marked: 6, already_marked: 0, pending_skipped: 0, pending_unreadable: [], displaced_kept: 0, dangling: [], misplaced: [], under_replicated: [], unresolvable: [] }

---- a_session_key_naming_no_upload_withholds_both_passes stdout ----

thread 'a_session_key_naming_no_upload_withholds_both_passes' (2895633) panicked at crates/custodian/tests/staged_protection.rs:1558:9:
the post-restore pass marked FragmentId { chunk: 3649, index: 0 } on server 1 while the staged record mpu:not-an-upload-id could not be read — the fragments it owns cannot be told from strays: RestoreReport { stranded_marked: 3, already_marked: 0, pending_skipped: 0, pending_unreadable: [], displaced_kept: 0, dangling: [], misplaced: [], under_replicated: [], unresolvable: [] }

---- a_publication_flipped_and_drained_between_the_reads_leaves_the_chunk_protected stdout ----

thread 'a_publication_flipped_and_drained_between_the_reads_leaves_the_chunk_protected' (2895631) panicked at crates/custodian/tests/staged_protection.rs:1323:5:
a publication landing during GC's reads (flip after the first, drain after read 1) got the published chunk reclaimed — a reading that took the committed inodes before the part records sees it in neither class (X67, `0016:2596`)

---- an_owned_entry_with_an_empty_placement_holds_its_chunk stdout ----

thread 'an_owned_entry_with_an_empty_placement_holds_its_chunk' (2895636) panicked at crates/custodian/tests/staged_protection.rs:1788:9:
the post-restore pass marked FragmentId { chunk: 3946, index: 0 } on server 0 although the staged record sidx:f6f6f6f6f6f6f6f6f6f6f6f6f6f6f6f6:000003:3946 names its chunk: RestoreReport { stranded_marked: 6, already_marked: 0, pending_skipped: 0, pending_unreadable: [], displaced_kept: 0, dangling: [], misplaced: [], under_replicated: [], unresolvable: [] }

---- a_fault_reading_a_session_owned_range_fails_both_passes stdout ----

thread 'a_fault_reading_a_session_owned_range_fails_both_passes' (2895623) panicked at crates/custodian/tests/staged_protection.rs:1937:47:
a store fault under a staged read must fail the post-restore pass — a pass that goes on marks over a reading with a hole in it: RestoreReport { stranded_marked: 3, already_marked: 0, pending_skipped: 0, pending_unreadable: [], displaced_kept: 0, dangling: [], misplaced: [], under_replicated: [], unresolvable: [] }

---- a_fault_reading_a_session_part_range_fails_both_passes stdout ----

thread 'a_fault_reading_a_session_part_range_fails_both_passes' (2895624) panicked at crates/custodian/tests/staged_protection.rs:1937:47:
a store fault under a staged read must fail the post-restore pass — a pass that goes on marks over a reading with a hole in it: RestoreReport { stranded_marked: 3, already_marked: 0, pending_skipped: 0, pending_unreadable: [], displaced_kept: 0, dangling: [], misplaced: [], under_replicated: [], unresolvable: [] }

---- an_undecodable_part_record_withholds_both_passes stdout ----

thread 'an_undecodable_part_record_withholds_both_passes' (2895639) panicked at crates/custodian/tests/staged_protection.rs:1558:9:
the post-restore pass marked FragmentId { chunk: 3601, index: 0 } on server 1 while the staged record part:e1e1e1e1e1e1e1e1e1e1e1e1e1e1e1e1:000002 could not be read — the fragments it owns cannot be told from strays: RestoreReport { stranded_marked: 3, already_marked: 0, pending_skipped: 0, pending_unreadable: [], displaced_kept: 0, dangling: [], misplaced: [], under_replicated: [], unresolvable: [] }

---- a_publication_flipped_between_the_reads_and_drained_after_leaves_the_chunk_protected stdout ----

thread 'a_publication_flipped_between_the_reads_and_drained_after_leaves_the_chunk_protected' (2895632) panicked at crates/custodian/tests/staged_protection.rs:1323:5:
a publication landing during GC's reads (flip after the first, drain after read 2) got the published chunk reclaimed — a reading that took the committed inodes before the part records sees it in neither class (X67, `0016:2596`)

---- a_part_with_an_over_long_placement_holds_its_chunk stdout ----

thread 'a_part_with_an_over_long_placement_holds_its_chunk' (2895630) panicked at crates/custodian/tests/staged_protection.rs:1788:9:
the post-restore pass marked FragmentId { chunk: 3914, index: 0 } on server 0 although the staged record part:f4f4f4f4f4f4f4f4f4f4f4f4f4f4f4f4:000003 names its chunk: RestoreReport { stranded_marked: 6, already_marked: 0, pending_skipped: 0, pending_unreadable: [], displaced_kept: 0, dangling: [], misplaced: [], under_replicated: [], unresolvable: [] }

---- restore_marks_no_staged_fragment_and_gc_then_keeps_them stdout ----

thread 'restore_marks_no_staged_fragment_and_gc_then_keeps_them' (2895646) panicked at crates/custodian/tests/staged_protection.rs:935:9:
the post-restore pass marked the committed part (`part:`) fragment FragmentId { chunk: 2832, index: 0 } of a Open session stranded — the next GC pass deletes a staged byte its record still names

---- an_undecodable_owned_value_holds_its_chunk stdout ----

thread 'an_undecodable_owned_value_holds_its_chunk' (2895638) panicked at crates/custodian/tests/staged_protection.rs:1788:9:
the post-restore pass marked FragmentId { chunk: 3898, index: 0 } on server 0 although the staged record sidx:f3f3f3f3f3f3f3f3f3f3f3f3f3f3f3f3:000003:3898 names its chunk: RestoreReport { stranded_marked: 6, already_marked: 0, pending_skipped: 0, pending_unreadable: [], displaced_kept: 0, dangling: [], misplaced: [], under_replicated: [], unresolvable: [] }

---- restore_marks_no_staged_fragment_of_an_upload_whose_records_span_pages stdout ----

thread 'restore_marks_no_staged_fragment_of_an_upload_whose_records_span_pages' (2895647) panicked at crates/custodian/tests/staged_protection.rs:1112:9:
the post-restore pass marked the committed part (`part:`) fragment FragmentId { chunk: 11025, index: 0 } on server 1 of an upload whose own records span several pages — a staged reading must walk every page of each of the upload's ranges: RestoreReport { stranded_marked: 11, already_marked: 0, pending_skipped: 0, pending_unreadable: [], displaced_kept: 0, dangling: [], misplaced: [], under_replicated: [], unresolvable: [] }

---- a_part_key_the_parser_rejects_withholds_both_passes stdout ----

thread 'a_part_key_the_parser_rejects_withholds_both_passes' (2895627) panicked at crates/custodian/tests/staged_protection.rs:1558:9:
the post-restore pass marked FragmentId { chunk: 3617, index: 0 } on server 1 while the staged record part:e2e2e2e2e2e2e2e2e2e2e2e2e2e2e2e2:2 could not be read — the fragments it owns cannot be told from strays: RestoreReport { stranded_marked: 3, already_marked: 0, pending_skipped: 0, pending_unreadable: [], displaced_kept: 0, dangling: [], misplaced: [], under_replicated: [], unresolvable: [] }

---- gc_keeps_every_staged_fragment_in_every_session_state stdout ----

thread 'gc_keeps_every_staged_fragment_in_every_session_state' (2895641) panicked at crates/custodian/tests/staged_protection.rs:875:9:
GC reclaimed the committed part (`part:`) fragment FragmentId { chunk: 2576, index: 0 } of a Open session on server 0 — staged bytes with a mark past grace are protected by their record, whatever the session's state

---- gc_keeps_every_staged_fragment_of_an_upload_whose_records_span_pages stdout ----

thread 'gc_keeps_every_staged_fragment_of_an_upload_whose_records_span_pages' (2895642) panicked at crates/custodian/tests/staged_protection.rs:1072:9:
GC reclaimed the committed part (`part:`) fragment FragmentId { chunk: 10769, index: 0 } on server 1 of an upload whose own records span several pages — a staged reading must walk every page of each of the upload's ranges

---- an_owned_key_naming_no_chunk_withholds_both_passes stdout ----

thread 'an_owned_key_naming_no_chunk_withholds_both_passes' (2895637) panicked at crates/custodian/tests/staged_protection.rs:1558:9:
the post-restore pass marked FragmentId { chunk: 3633, index: 0 } on server 1 while the staged record sidx:e3e3e3e3e3e3e3e3e3e3e3e3e3e3e3e3:000002:no-chunk could not be read — the fragments it owns cannot be told from strays: RestoreReport { stranded_marked: 3, already_marked: 0, pending_skipped: 0, pending_unreadable: [], displaced_kept: 0, dangling: [], misplaced: [], under_replicated: [], unresolvable: [] }

---- restore_leaves_unmarked_a_chunk_flipped_after_read_1_and_drained_after_read_2 stdout ----

thread 'restore_leaves_unmarked_a_chunk_flipped_after_read_1_and_drained_after_read_2' (2895643) panicked at crates/custodian/tests/staged_protection.rs:1430:5:
the post-restore pass must read the upload's owned range, then its part range, before its first `inode:` scan: [scan(inode:), scan(pending:), scan(inode:), scan_page(orphan:)]

---- restore_leaves_unmarked_a_chunk_flipped_and_drained_after_read_1 stdout ----

thread 'restore_leaves_unmarked_a_chunk_flipped_and_drained_after_read_1' (2895644) panicked at crates/custodian/tests/staged_protection.rs:1430:5:
the post-restore pass must read the upload's owned range, then its part range, before its first `inode:` scan: [scan(inode:), scan(pending:), scan(inode:), scan_page(orphan:)]

---- a_session_whose_value_will_not_decode_still_protects_its_records stdout ----

thread 'a_session_whose_value_will_not_decode_still_protects_its_records' (2895634) panicked at crates/custodian/tests/staged_protection.rs:1694:9:
the post-restore pass marked FragmentId { chunk: 3665, index: 0 } on server 1 because the session mpu:e5e5e5e5e5e5e5e5e5e5e5e5e5e5e5e5 carries an undecodable value — the value is not what names this upload's records: RestoreReport { stranded_marked: 3, already_marked: 0, pending_skipped: 0, pending_unreadable: [], displaced_kept: 0, dangling: [], misplaced: [], under_replicated: [], unresolvable: [] }

---- a_fault_reading_the_session_listing_fails_both_passes stdout ----

thread 'a_fault_reading_the_session_listing_fails_both_passes' (2895625) panicked at crates/custodian/tests/staged_protection.rs:1937:47:
a store fault under a staged read must fail the post-restore pass — a pass that goes on marks over a reading with a hole in it: RestoreReport { stranded_marked: 3, already_marked: 0, pending_skipped: 0, pending_unreadable: [], displaced_kept: 0, dangling: [], misplaced: [], under_replicated: [], unresolvable: [] }

---- restore_leaves_unmarked_a_chunk_flipped_and_drained_after_read_2 stdout ----

thread 'restore_leaves_unmarked_a_chunk_flipped_and_drained_after_read_2' (2895645) panicked at crates/custodian/tests/staged_protection.rs:1395:5:
a publication landing during the post-restore pass (flip after read 2, drain after read 2 of the part range and the two `inode:` scans) got the published chunk marked stranded — a pass that reads the staged class after the committed namespace sees it in no reading, and GC then deletes the object's bytes (X67, `0016:2596`): RestoreReport { stranded_marked: 2, already_marked: 0, pending_skipped: 0, pending_unreadable: [], displaced_kept: 0, dangling: [], misplaced: [], under_replicated: [], unresolvable: [] }


failures:
    a_fault_reading_a_session_owned_range_fails_both_passes
    a_fault_reading_a_session_part_range_fails_both_passes
    a_fault_reading_the_session_listing_fails_both_passes
    a_part_commit_between_its_two_reads_leaves_the_chunk_protected
    a_part_key_the_parser_rejects_withholds_both_passes
    a_part_with_a_wrong_length_placement_holds_its_chunk
    a_part_with_an_empty_placement_holds_its_chunk
    a_part_with_an_over_long_placement_holds_its_chunk
    a_publication_flipped_and_drained_between_the_reads_leaves_the_chunk_protected
    a_publication_flipped_between_the_reads_and_drained_after_leaves_the_chunk_protected
    a_session_key_naming_no_upload_withholds_both_passes
    a_session_whose_value_will_not_decode_still_protects_its_records
    an_owned_entry_with_a_wrong_length_placement_holds_its_chunk
    an_owned_entry_with_an_empty_placement_holds_its_chunk
    an_owned_key_naming_no_chunk_withholds_both_passes
    an_undecodable_owned_value_holds_its_chunk
    an_undecodable_part_record_withholds_both_passes
    gc_keeps_every_staged_fragment_in_every_session_state
    gc_keeps_every_staged_fragment_of_an_upload_whose_records_span_pages
    restore_leaves_unmarked_a_chunk_flipped_after_read_1_and_drained_after_read_2
    restore_leaves_unmarked_a_chunk_flipped_and_drained_after_read_1
    restore_leaves_unmarked_a_chunk_flipped_and_drained_after_read_2
    restore_marks_no_staged_fragment_and_gc_then_keeps_them
    restore_marks_no_staged_fragment_of_an_upload_whose_records_span_pages

test result: FAILED. 2 passed; 24 failed; 0 ignored; 0 measured; 0 filtered out; finished in 0.01s

error: test failed, to rerun pass `-p wyrd-custodian --test staged_protection`
run-verify.sh: PASS — red without the fix, green with it (26 test(s) ran red).
