# gate C4-verify — attempt 1/1: pass (exit 0)
# cmd: ./engine/scripts/run-verify.sh
# cwd: /home/eddie/wyrd/wyrd-pdca
# PDCA_WORKTREE: /home/eddie/wyrd/wyrd.pdca-wt-l0
# started: 2026-08-03T00:51:01+02:00   duration: 2s

run-verify.sh: GREEN — cargo test -p wyrd-custodian --test segmented_map_restore (fix applied)

running 7 tests
.......
test result: ok. 7 passed; 0 failed; 0 ignored; 0 measured; 0 filtered out; finished in 0.00s
run-verify.sh: RED — cargo test -p wyrd-custodian --test segmented_map_restore (production reverted, test kept)

running 7 tests
. 1/7
a_segmented_object_no_longer_stops_the_post_restore_pass --- FAILED
a_shared_chunk_id_does_not_authorize_reclaiming_another_object_s_only_copy --- FAILED
a_drain_over_an_incomplete_reference_set_names_the_blocking_record --- FAILED
an_unreadable_object_does_not_starve_the_objects_the_pass_could_read --- FAILED
a_shared_chunk_id_does_not_certify_another_object_s_chunk_as_recoverable --- FAILED
an_unreadable_object_is_contained_and_the_run_is_not_certified --- FAILED

failures:

---- a_segmented_object_no_longer_stops_the_post_restore_pass stdout ----

thread 'a_segmented_object_no_longer_stops_the_post_restore_pass' (2724617) panicked at crates/custodian/tests/segmented_map_restore.rs:456:10:
one segmented object must not turn the whole post-restore pass into an error: SegmentedMapUnsupported { operation: "restore::committed_chunks" }
note: run with `RUST_BACKTRACE=1` environment variable to display a backtrace

---- a_shared_chunk_id_does_not_authorize_reclaiming_another_object_s_only_copy stdout ----

thread 'a_shared_chunk_id_does_not_authorize_reclaiming_another_object_s_only_copy' (2724618) panicked at crates/custodian/tests/segmented_map_restore.rs:789:5:
assertion `left == right` failed: the first object's copy at the first object's placement says nothing about whose these bytes are — they may be the second object's ONLY copy, and marking them is the front half of deleting it: RestoreReport { stranded_marked: 1, already_marked: 0, pending_skipped: 0, displaced_kept: 0, dangling: [], misplaced: [45568], under_replicated: [] }
  left: 1
 right: 0

---- a_drain_over_an_incomplete_reference_set_names_the_blocking_record stdout ----

thread 'a_drain_over_an_incomplete_reference_set_names_the_blocking_record' (2724616) panicked at crates/custodian/tests/segmented_map_restore.rs:245:5:
the blocker must be reported on wyrd.custodian.drain.audit so a collector can select on it. got: 

---- an_unreadable_object_does_not_starve_the_objects_the_pass_could_read stdout ----

thread 'an_unreadable_object_does_not_starve_the_objects_the_pass_could_read' (2724620) panicked at crates/custodian/tests/segmented_map_restore.rs:608:10:
one unreadable object must not end the walk over the ones that are readable: SegmentedMapUnsupported { operation: "restore::committed_chunks" }

---- a_shared_chunk_id_does_not_certify_another_object_s_chunk_as_recoverable stdout ----

thread 'a_shared_chunk_id_does_not_certify_another_object_s_chunk_as_recoverable' (2724619) panicked at crates/custodian/tests/segmented_map_restore.rs:721:5:
assertion `left == right` failed: the second object has no fragment at the D server ITS placement names, and the only bytes bearing that id are the FIRST object's, at the first object's placement. Nothing in the fleet can be shown to be the second object's, so for it the chunk is lost: RestoreReport { stranded_marked: 0, already_marked: 0, pending_skipped: 0, displaced_kept: 0, dangling: [], misplaced: [45312], under_replicated: [] }
  left: []
 right: [45312]

---- an_unreadable_object_is_contained_and_the_run_is_not_certified stdout ----

thread 'an_unreadable_object_is_contained_and_the_run_is_not_certified' (2724621) panicked at crates/custodian/tests/segmented_map_restore.rs:535:10:
one unreadable object is contained, not an error that blanks the whole report: SegmentedMapUnsupported { operation: "restore::committed_chunks" }


failures:
    a_drain_over_an_incomplete_reference_set_names_the_blocking_record
    a_segmented_object_no_longer_stops_the_post_restore_pass
    a_shared_chunk_id_does_not_authorize_reclaiming_another_object_s_only_copy
    a_shared_chunk_id_does_not_certify_another_object_s_chunk_as_recoverable
    an_unreadable_object_does_not_starve_the_objects_the_pass_could_read
    an_unreadable_object_is_contained_and_the_run_is_not_certified

test result: FAILED. 1 passed; 6 failed; 0 ignored; 0 measured; 0 filtered out; finished in 0.00s

error: test failed, to rerun pass `-p wyrd-custodian --test segmented_map_restore`
run-verify.sh: PASS — red without the fix, green with it.
