=== cargo xtask ci — iteration-13 tree, fingerprint: rustc 1.96.0, WYRD_TIKV_TOOLCHAIN=<unset>, leaked-rule check clean (2026-07-06T02:51:10+02:00) ===

$ cargo fmt --all -- --check

$ cargo clippy --workspace --exclude wyrd-dst --all-targets
    Checking wyrd-metadata-tikv v0.0.0 (/home/eddie/wyrd/wyrd.pdca-wt/crates/metadata-tikv)
    Checking wyrd-testkit v0.0.0 (/home/eddie/wyrd/wyrd.pdca-wt/crates/testkit)
    Checking xtask v0.0.0 (/home/eddie/wyrd/wyrd.pdca-wt/xtask)
    Checking wyrd-coordination-mem v0.0.0 (/home/eddie/wyrd/wyrd.pdca-wt/crates/coordination-mem)
    Checking wyrd-metadata-redb v0.0.0 (/home/eddie/wyrd/wyrd.pdca-wt/crates/metadata-redb)
    Checking wyrd-core v0.0.0 (/home/eddie/wyrd/wyrd.pdca-wt/crates/core)
    Checking wyrd-chunk-format v0.0.0 (/home/eddie/wyrd/wyrd.pdca-wt/crates/chunk-format)
    Checking wyrd-server v0.0.0 (/home/eddie/wyrd/wyrd.pdca-wt/crates/server)
    Checking wyrd-chunkstore-grpc v0.0.0 (/home/eddie/wyrd/wyrd.pdca-wt/crates/chunkstore-grpc)
    Checking wyrd-custodian v0.0.0 (/home/eddie/wyrd/wyrd.pdca-wt/crates/custodian)
    Finished `dev` profile [unoptimized + debuginfo] target(s) in 0.59s

$ cargo build --workspace --exclude wyrd-dst --all-targets
   Compiling wyrd-metadata-tikv v0.0.0 (/home/eddie/wyrd/wyrd.pdca-wt/crates/metadata-tikv)
   Compiling wyrd-testkit v0.0.0 (/home/eddie/wyrd/wyrd.pdca-wt/crates/testkit)
   Compiling xtask v0.0.0 (/home/eddie/wyrd/wyrd.pdca-wt/xtask)
   Compiling wyrd-coordination-mem v0.0.0 (/home/eddie/wyrd/wyrd.pdca-wt/crates/coordination-mem)
   Compiling wyrd-server v0.0.0 (/home/eddie/wyrd/wyrd.pdca-wt/crates/server)
   Compiling wyrd-core v0.0.0 (/home/eddie/wyrd/wyrd.pdca-wt/crates/core)
   Compiling wyrd-chunk-format v0.0.0 (/home/eddie/wyrd/wyrd.pdca-wt/crates/chunk-format)
   Compiling wyrd-metadata-redb v0.0.0 (/home/eddie/wyrd/wyrd.pdca-wt/crates/metadata-redb)
   Compiling wyrd-chunkstore-grpc v0.0.0 (/home/eddie/wyrd/wyrd.pdca-wt/crates/chunkstore-grpc)
   Compiling wyrd-custodian v0.0.0 (/home/eddie/wyrd/wyrd.pdca-wt/crates/custodian)
    Finished `dev` profile [unoptimized + debuginfo] target(s) in 2.15s

$ cargo test --workspace --exclude wyrd-dst
    Finished `test` profile [unoptimized + debuginfo] target(s) in 0.07s
     Running unittests src/lib.rs (target/debug/deps/wyrd_chunk_format-3d4003d442a1018d)

running 18 tests
test codec::tests::rejects_a_corrupt_header ... ok
test codec::tests::refuses_an_encrypted_payload ... ok
test codec::tests::rejects_a_reserved_ec_scheme ... ok
test codec::tests::rejects_a_corrupt_payload ... ok
test codec::tests::header_length_exact_buffer_is_truncated_payload ... ok
test codec::tests::rejects_a_short_buffer ... ok
test codec::tests::rejects_a_truncated_payload ... ok
test codec::tests::rejects_an_unsupported_checksum_algo ... ok
test codec::tests::rejects_an_unknown_version ... ok
test codec::tests::rejects_bad_magic ... ok
test codec::tests::rejects_a_reserved_flag ... ok
test codec::tests::rejects_an_unsupported_encryption_scheme ... ok
test codec::tests::rejects_header_length_below_core ... ok
test codec::tests::round_trips_a_basic_fragment ... ok
test codec::tests::rejects_header_length_past_buffer ... ok
test codec::tests::round_trips_an_empty_payload ... ok
test codec::tests::round_trips_a_replication_fragment ... ok
test error::tests::variant_name_is_distinct_and_nonempty ... ok

test result: ok. 18 passed; 0 failed; 0 ignored; 0 measured; 0 filtered out; finished in 0.00s

     Running tests/roundtrip.rs (target/debug/deps/roundtrip-9da6e874328d0dce)

running 1 test
test encode_decode_round_trips_across_seeds ... ok

test result: ok. 1 passed; 0 failed; 0 ignored; 0 measured; 0 filtered out; finished in 0.02s

     Running unittests src/lib.rs (target/debug/deps/wyrd_chunkstore_fs-ee3beee4ae65fae9)

running 4 tests
test tests::not_a_fragment_error_exposes_its_source ... ok
test tests::parse_chunk_dir_name_requires_full_width_and_hex ... ok
test tests::scratch_names_are_unique_per_seq_and_invisible_to_listing ... ok
test tests::list_fragments_on_an_absent_root_is_empty_not_an_error ... ok

test result: ok. 4 passed; 0 failed; 0 ignored; 0 measured; 0 filtered out; finished in 0.00s

     Running tests/blocking_offload.rs (target/debug/deps/blocking_offload-0a80dca90a8ae2ab)

running 1 test
test storage_io_burst_does_not_starve_a_co_scheduled_timer ... ok

test result: ok. 1 passed; 0 failed; 0 ignored; 0 measured; 0 filtered out; finished in 0.16s

     Running tests/concurrent_put.rs (target/debug/deps/concurrent_put-9c647d271571f14b)

running 1 test
test concurrent_same_id_writes_all_succeed_and_publish_one_verified_fragment ... ok

test result: ok. 1 passed; 0 failed; 0 ignored; 0 measured; 0 filtered out; finished in 0.03s

     Running tests/conformance.rs (target/debug/deps/conformance-768e52b1843cdf59)

running 9 tests
test health_is_healthy_when_open ... ok
test put_rejects_non_fragment_bytes ... ok
test corruption_is_detected_on_read ... ok
test fragments_of_one_chunk_are_addressed_independently_by_index ... ok
test put_then_get_is_byte_identical ... ok
test put_rejects_chunk_or_index_mismatch ... ok
test get_unknown_id_is_none ... ok
test list_and_delete_walk_the_store ... ok
test list_skips_foreign_and_temp_entries ... ok

test result: ok. 9 passed; 0 failed; 0 ignored; 0 measured; 0 filtered out; finished in 0.00s

     Running unittests src/lib.rs (target/debug/deps/wyrd_chunkstore_grpc-8299dcdd18ba8633)

running 11 tests
test error::tests::source_exposes_the_wrapped_status ... ok
test error::tests::status_code_maps_to_the_specific_transport_variant ... ok
test fanout::tests::get_fragment_at_resolves_an_ec_none_fragment_moved_off_its_index_home ... ok
test fanout::tests::health_degrades_on_a_single_dead_backend ... ok
test fanout::tests::health_is_unhealthy_only_when_all_backends_are ... ok
test fanout::tests::health_is_healthy_only_when_all_backends_are ... ok
test fanout::tests::get_fragment_at_resolves_every_fragment_in_a_rotated_reed_solomon_placement ... ok
test fanout::tests::list_fragments_unions_every_backend ... ok
test fanout::tests::width_reports_the_backing_store_count ... ok
test fanout::tests::route_places_each_index_on_index_mod_n ... ok
test fanout::tests::put_fragment_at_places_on_the_named_dserver_not_index_mod_n ... ok

test result: ok. 11 passed; 0 failed; 0 ignored; 0 measured; 0 filtered out; finished in 0.00s

     Running tests/dserver_image.rs (target/debug/deps/dserver_image-9b78200c0fc195e3)

running 1 test
test runtime_stage_sets_non_root_user_before_entrypoint ... ok

test result: ok. 1 passed; 0 failed; 0 ignored; 0 measured; 0 filtered out; finished in 0.00s

     Running tests/list_delete.rs (target/debug/deps/list_delete-d646aa121ed3fb1a)

running 2 tests
test list_and_delete_in_process ... ok
test list_and_delete_over_grpc ... ok

test result: ok. 2 passed; 0 failed; 0 ignored; 0 measured; 0 filtered out; finished in 0.01s

     Running tests/read_fault_seam.rs (target/debug/deps/read_fault_seam-6d73479130bc54c6)

running 2 tests
test remote_generic_error_stays_transient_transport_error_over_grpc ... ok
test remote_eio_is_block_read_fault_not_corruption_over_grpc ... ok

test result: ok. 2 passed; 0 failed; 0 ignored; 0 measured; 0 filtered out; finished in 0.00s

     Running tests/round_trip.rs (target/debug/deps/round_trip-560781fe7787c85f)

running 3 tests
test put_of_a_malformed_fragment_is_invalid_argument_over_grpc ... ok
test get_of_a_rotten_fragment_is_an_integrity_fault_over_grpc ... ok
test put_get_health_round_trip_over_grpc ... ok

test result: ok. 3 passed; 0 failed; 0 ignored; 0 measured; 0 filtered out; finished in 0.00s

     Running tests/tier1_jepsen_consistency.rs (target/debug/deps/tier1_jepsen_consistency-1ddc02ed59728975)

running 15 tests
test commit_point_atomic_fails_when_orphan_absent ... ok
test commit_point_atomic_passes_when_orphan_exists_and_victim_in_placement ... ok
test commit_point_atomic_fails_when_victim_not_in_committed_placement ... ok
test distinct_domains_fails_for_unregistered_server ... ok
test exactly_once_convergence_fails_on_duplicate_commit ... ok
test distinct_domains_passes_for_all_different ... ok
test jepsen_consistency_over_repair_under_partition_and_crash ... ignored, Tier-1: needs real containerized D servers — run via `cargo xtask jepsen`
test distinct_domains_fails_for_duplicate_domain ... ok
test exactly_once_convergence_fails_on_lost_commit ... ok
test exactly_once_convergence_passes_when_version_increments_by_one ... ok
test read_after_commit_fails_when_committed_server_is_not_readable ... ok
test read_after_commit_passes_when_all_committed_servers_are_readable ... ok
test redundancy_outcome_fails_when_dead_server_in_placement ... ok
test redundancy_outcome_fails_when_wrong_fragment_count ... ok
test redundancy_outcome_passes_when_victim_absent_and_n_fragments ... ok

test result: ok. 14 passed; 0 failed; 1 ignored; 0 measured; 0 filtered out; finished in 0.00s

     Running tests/tier2_integration.rs (target/debug/deps/tier2_integration-df30697dc0f5dbd4)

running 1 test
test write_read_byte_identical_over_real_networked_dservers ... ignored, Tier-2: needs real containerized gRPC D servers — run via `cargo xtask integration`

test result: ok. 0 passed; 0 failed; 1 ignored; 0 measured; 0 filtered out; finished in 0.00s

     Running tests/tier2_kill_reconstruct.rs (target/debug/deps/tier2_kill_reconstruct-efc2577353650e30)

running 10 tests
test distinct_domains_fails_for_duplicate_domain ... ok
test distinct_domains_passes_for_all_different ... ok
test kill_reconstruct_restores_full_redundancy_in_distinct_domains ... ignored, Tier-2: needs real containerized D servers — run via `cargo xtask kill-reconstruct`
test garbage_not_corruption_fails_when_victim_not_in_committed_placement ... ok
test garbage_not_corruption_passes_when_orphan_exists_and_victim_still_in_committed_placement ... ok
test redundancy_outcome_fails_when_victim_in_placement ... ok
test redundancy_outcome_fails_when_wrong_fragment_count ... ok
test distinct_domains_fails_for_unregistered_server ... ok
test garbage_not_corruption_fails_when_orphan_is_absent ... ok
test redundancy_outcome_passes_when_victim_absent_and_n_fragments ... ok

test result: ok. 9 passed; 0 failed; 1 ignored; 0 measured; 0 filtered out; finished in 0.00s

     Running unittests src/lib.rs (target/debug/deps/wyrd_coordination_mem-feb91b4e5789eba1)

running 0 tests

test result: ok. 0 passed; 0 failed; 0 ignored; 0 measured; 0 filtered out; finished in 0.00s

     Running tests/conformance.rs (target/debug/deps/conformance-83f87e667c06d8cc)

running 6 tests
test a_lease_expires_once_its_ttl_elapses ... ok
test config_is_mutable_and_revisioned ... ok
test a_lease_is_gone_at_its_exact_expiry_instant ... ok
test revoke_withdraws_a_registration_immediately ... ok
test renewal_extends_a_lease_and_expired_leases_cannot_renew ... ok
test trait_contract ... ok

test result: ok. 6 passed; 0 failed; 0 ignored; 0 measured; 0 filtered out; finished in 0.00s

     Running unittests src/lib.rs (target/debug/deps/wyrd_core-272f0193f0e64853)

running 25 tests
test erasure::tests::coder_error_exposes_its_wrapped_source ... ok
test erasure::tests::reconstruct_with_k_zero_is_a_typed_error_not_a_panic ... ok
test erasure::tests::reconstruct_with_m_zero_is_a_typed_error_even_with_all_k_shards_present ... ok
test erasure::tests::supported_accepts_the_schemes_this_module_round_trips ... ok
test metadata::tests::empty_placement_is_valid_pre_m3_identity ... ok
test metadata::tests::full_length_placement_is_valid ... ok
test metadata::tests::non_empty_wrong_length_placement_is_malformed ... ok
test metadata::tests::read_path_fragments_stays_liberal_for_malformed_placement ... ok
test placement::tests::domain_utilization_sums_per_domain ... ok
test placement::tests::excluding_carries_retained_utilization_not_excluded ... ok
test placement::tests::excluding_drops_servers_and_their_utilization ... ok
test placement::tests::places_when_free_domains_exactly_equal_need ... ok
test placement::tests::places_across_n_distinct_domains ... ok
test placement::tests::refuses_when_domains_below_n ... ok
test placement::tests::replacement_refuses_when_no_free_domain_remains ... ok
test placement::tests::replacement_avoids_occupied_domains ... ok
test read::tests::read_chunk_rejects_a_stored_k_zero_scheme ... ok
test read::tests::read_chunk_rejects_a_stored_m_zero_scheme ... ok
test repair::tests::intact_shard_accepts_matching_chunk_and_rejects_a_misplaced_one ... ok
test read::tests::oversized_inode_size_with_empty_chunk_map_errors_cleanly_not_panics ... ok
test erasure::tests::reconstruct_with_k_zero_and_nonempty_available_is_still_a_typed_error ... ok
test erasure::tests::fewer_than_k_shards_is_an_error ... ok
test erasure::tests::round_trip_matrix ... ok
test erasure::tests::reconstructs_from_every_six_of_nine_for_rs_6_3 ... ok
test erasure::tests::seeded_random_data_and_subsets_round_trip ... ok

test result: ok. 25 passed; 0 failed; 0 ignored; 0 measured; 0 filtered out; finished in 1.22s

     Running tests/domain_placement.rs (target/debug/deps/domain_placement-984a894b04ff0972)

running 1 test
test write_records_distinct_domain_placement_not_identity ... ok

test result: ok. 1 passed; 0 failed; 0 ignored; 0 measured; 0 filtered out; finished in 0.06s

     Running tests/mutation_regressions.rs (target/debug/deps/mutation_regressions-1aa5d9285b9260f2)

running 5 tests
test commit_chunk_map_bumps_version_by_one ... ok
test sweep_reclaims_at_expiry_boundary_and_deletes ... ok
test read_with_fewer_than_k_fragments_reports_insufficient ... ok
test write_new_object_releases_pending_on_commit ... ok
test write_new_object_placed_releases_pending_on_commit ... ok

test result: ok. 5 passed; 0 failed; 0 ignored; 0 measured; 0 filtered out; finished in 0.05s

     Running tests/mutation_regressions_round2.rs (target/debug/deps/mutation_regressions_round2-9614ae95fddda7ef)

running 3 tests
test write_plan_chunk_ids_are_the_minted_ids ... ok
test write_new_object_lease_expiry_is_now_plus_ttl ... ok
test write_new_object_placed_lease_expiry_is_now_plus_ttl ... ok

test result: ok. 3 passed; 0 failed; 0 ignored; 0 measured; 0 filtered out; finished in 0.05s

     Running tests/placement_record.rs (target/debug/deps/placement_record-815c779336f11d29)

running 11 tests
test empty_placement_ec_none_resolves_via_identity_fallback ... ok
test fragments_matrix::rs_full_placement_resolves_from_record ... ok
test fragments_matrix::none_empty_placement_is_pure_identity ... ok
test fragments_matrix::rs_short_placement_mixes_record_and_identity_fallback ... ok
test fragments_matrix::none_full_placement_resolves_from_record ... ok
test fragments_matrix::none_malformed_length_placement_still_resolves_liberally ... ok
test fragments_matrix::rs_empty_placement_is_pure_identity ... ok
test short_placement_rs_6_3_mixed_explicit_and_fallback ... ok
test empty_placement_rs_6_3_resolves_via_identity_fallback ... ok
test moved_fragment_resolved_from_record_after_reopen ... ok
test write_records_placement_read_resolves_after_reopen ... ok

test result: ok. 11 passed; 0 failed; 0 ignored; 0 measured; 0 filtered out; finished in 0.05s

     Running tests/read_repair.rs (target/debug/deps/read_repair-e615139bbc36b6fc)

running 6 tests
test none_read_enqueues_integrity_fault_fragment_for_repair ... ok
test unrecoverable_read_still_enqueues_the_corrupt_chunk ... ok
test none_read_rejects_a_misplaced_but_intact_fragment ... ok
test ec_read_treats_a_misplaced_but_intact_fragment_as_absent ... ok
test ec_read_excludes_corrupt_fragment_and_enqueues_for_repair ... ok
test ec_read_enqueues_integrity_fault_shard_for_repair_and_reconstructs ... ok

test result: ok. 6 passed; 0 failed; 0 ignored; 0 measured; 0 filtered out; finished in 0.05s

     Running tests/write_fanout.rs (target/debug/deps/write_fanout-45ba5598f9f81721)

running 2 tests
test partial_fan_out_fails_closed ... ok
test full_fan_out_acks_every_fragment ... ok

test result: ok. 2 passed; 0 failed; 0 ignored; 0 measured; 0 filtered out; finished in 0.05s

     Running unittests src/lib.rs (target/debug/deps/wyrd_custodian-6fd692e580bca335)

running 0 tests

test result: ok. 0 passed; 0 failed; 0 ignored; 0 measured; 0 filtered out; finished in 0.00s

     Running tests/backfill.rs (target/debug/deps/backfill-c07d1dc1cfc5b320)

running 4 tests
test already_explicit_full_length_placement_is_left_untouched ... ok
test malformed_placement_is_never_rewritten ... ok
test a_racing_writer_wins_the_cas_and_backfill_retries_on_a_later_pass ... ok
test backfills_identity_placement_for_an_empty_placement_committed_chunk ... ok

test result: ok. 4 passed; 0 failed; 0 ignored; 0 measured; 0 filtered out; finished in 0.00s

     Running tests/backfill_telemetry.rs (target/debug/deps/backfill_telemetry-5bb8aa7d58b90509)

running 1 test
test emitted_remaining_count_reaches_zero_once_backfill_covers_the_store ... ok

test result: ok. 1 passed; 0 failed; 0 ignored; 0 measured; 0 filtered out; finished in 0.00s

     Running tests/gc.rs (target/debug/deps/gc-02cf370df6cb55bf)

running 9 tests
test honours_the_reader_safe_grace_window ... ok
test short_placement_vector_fallback_protects_fallback_index ... ok
test identity_fallback_none_empty_placement_protects_index0 ... ok
test short_placement_vector_rs_6_3_fallback_protects_fallback_index ... ok
test malformed_placement_gc_treats_chunk_as_fully_referenced ... ok
test reclaims_expired_lease_byte_and_orphan_through_reconcile_step ... ok
test identity_fallback_rs_empty_placement_protects_index_above_zero ... ok
test identity_fallback_rs_6_3_empty_placement_protects_an_inner_index ... ok
test never_reclaims_a_referenced_fragment ... ok

test result: ok. 9 passed; 0 failed; 0 ignored; 0 measured; 0 filtered out; finished in 0.00s

     Running tests/gc_telemetry.rs (target/debug/deps/gc_telemetry-e935cde9cae9da0a)

running 1 test
test emits_gc_actions_on_the_durability_seam ... ok

test result: ok. 1 passed; 0 failed; 0 ignored; 0 measured; 0 filtered out; finished in 0.00s

     Running tests/rebalance.rs (target/debug/deps/rebalance-cd0db653adfa1ed2)

running 9 tests
test evacuates_a_pre_m3_chunk_with_empty_placement_ec_none ... ok
test emits_per_failure_domain_utilization_on_the_durability_seam ... ok
test malformed_placement_rebalance_skips_and_leaves_fragment_in_place ... ok
test spread_wins_when_no_free_distinct_domain_remains ... ok
test evacuates_two_drained_servers_of_one_chunk_in_a_single_commit ... ok
test drains_a_d_server_and_evacuates_an_rs_6_3_chunk_to_a_distinct_domain ... ok
test drains_a_d_server_and_evacuates_to_a_distinct_domain_through_reconcile_step ... ok
test evacuates_a_pre_m3_chunk_with_empty_placement_reed_solomon_index_gt_zero ... ok
test a_racing_writer_loses_the_version_conditional_commit_and_leaves_only_garbage ... ok

test result: ok. 9 passed; 0 failed; 0 ignored; 0 measured; 0 filtered out; finished in 0.05s

     Running tests/reconstruction.rs (target/debug/deps/reconstruction-100f15f9e2ec7e33)

running 12 tests
test repair_priority_rises_as_redundancy_falls ... ok
test a_transient_fault_is_not_turned_into_a_spurious_re_placement ... ok
test short_placement_is_malformed_reconstruction_skips_and_flags_needs_human ... ok
test none_scheme_malformed_placement_reconstruction_flags_needs_human ... ok
test reads_around_a_wrapped_permanent_read_fault_on_a_placed_fragment ... ok
test reads_around_a_depth0_permanent_read_fault_on_a_placed_fragment ... ok
test a_checksum_failing_fragment_is_excluded_and_reconstructed ... ok
test an_aborted_repair_is_not_counted_as_a_successful_repair ... ok
test reconstructs_a_pre_m3_chunk_with_empty_placement_to_a_full_length_record ... ok
test emits_the_three_repair_metrics_on_the_durability_seam ... ok
test kills_a_d_server_and_reconstructs_an_rs_6_3_chunk_to_full_redundancy ... ok
test kills_a_d_server_and_reconstructs_to_full_redundancy_through_reconcile_step ... ok

test result: ok. 12 passed; 0 failed; 0 ignored; 0 measured; 0 filtered out; finished in 0.06s

     Running tests/scrub.rs (target/debug/deps/scrub-e6604b602becac8b)

running 12 tests
test short_placement_is_malformed_scrub_fails_safe ... ok
test detects_corruption_on_an_empty_placement_rs_chunk_above_index_zero ... ok
test does_not_flag_an_in_flight_pending_writes_fragment_as_missing ... ok
test detects_a_missing_placed_fragment_and_enqueues_for_reconstruction ... ok
test detects_corruption_on_an_empty_placement_none_chunk ... ok
test detects_corruption_in_a_full_rs_6_3_placement ... ok
test detects_a_bitflip_excludes_and_enqueues_for_reconstruction ... ok
test walks_and_verifies_referenced_fragments_through_reconcile_step ... ok
test detects_a_misplaced_intact_fragment_excludes_and_enqueues_for_reconstruction ... ok
test scrub_propagates_a_transient_get_fault_without_enqueuing ... ok
test emits_scrub_coverage_and_corruption_on_the_durability_seam ... ok
test fschunkstore_corruption_is_enqueued_and_the_pass_continues ... ok

test result: ok. 12 passed; 0 failed; 0 ignored; 0 measured; 0 filtered out; finished in 0.00s

     Running tests/skeleton.rs (target/debug/deps/skeleton-0cec3f0b4fba695e)

running 3 tests
test selector_places_distinct_domains_and_refuses_when_too_few ... ok
test elected_leader_is_fenced_and_deposed_leader_rejected ... ok
test exporter_emits_first_metric_over_dual_surface ... ok

test result: ok. 3 passed; 0 failed; 0 ignored; 0 measured; 0 filtered out; finished in 0.00s

     Running tests/tier1_disk_faults.rs (target/debug/deps/tier1_disk_faults-898932539a720d7b)

running 1 test
test disk_fault_drives_custodian_to_full_redundancy_with_no_read_errors ... ignored, Tier-1: needs root + device-mapper — run via cargo xtask disk-faults

test result: ok. 0 passed; 0 failed; 1 ignored; 0 measured; 0 filtered out; finished in 0.00s

     Running unittests src/lib.rs (target/debug/deps/wyrd_metadata_conformance-3b789d19facdfcad)

running 0 tests

test result: ok. 0 passed; 0 failed; 0 ignored; 0 measured; 0 filtered out; finished in 0.00s

     Running tests/demonstrated_red.rs (target/debug/deps/demonstrated_red-a4539d03c540021b)

running 6 tests
test ignores_require_on_delete_store_fails_rename_race - should panic ... ok
test leaky_scan_index_store_fails_scan_is_consistent_cut - should panic ... ok
test ignores_require_on_delete_store_passes_existing_sequential_contracts ... ok
test leaky_scan_index_store_passes_existing_sequential_contracts ... ok
test stale_cache_store_passes_existing_sequential_contracts ... ok
test stale_cache_store_fails_read_after_commit - should panic ... ok

test result: ok. 6 passed; 0 failed; 0 ignored; 0 measured; 0 filtered out; finished in 0.00s

     Running unittests src/lib.rs (target/debug/deps/wyrd_metadata_redb-f2e09036bc749f32)

running 0 tests

test result: ok. 0 passed; 0 failed; 0 ignored; 0 measured; 0 filtered out; finished in 0.00s

     Running tests/conformance.rs (target/debug/deps/conformance-110955d3bce125c9)

running 5 tests
test pending_ledger_written_and_cleared ... ok
test create_writes_inode_and_dirent_atomically ... ok
test rename_is_one_dirent_mutation ... ok
test trait_contract ... ok
test version_cas_rejects_a_stale_writer ... ok

test result: ok. 5 passed; 0 failed; 0 ignored; 0 measured; 0 filtered out; finished in 0.40s

     Running unittests src/lib.rs (target/debug/deps/wyrd_metadata_tikv-641a309298dbdd3d)

running 10 tests
test keyspace::tests::logical_rejects_a_foreign_key ... ok
test keyspace::tests::physical_and_logical_round_trip ... ok
test paging::tests::a_breach_of_the_cap_fails_loud_never_truncates ... ok
test paging::tests::next_page_start_is_the_smallest_key_strictly_after_the_last ... ok
test paging::tests::a_short_page_ends_the_scan_complete ... ok
test paging::tests::cap_is_checked_before_termination ... ok
test paging::tests::scan_cap_exceeded_error_is_operator_visible ... ok
test paging::tests::a_full_page_continues_past_its_last_key ... ok
test keyspace::tests::prefix_upper_bound_is_the_exclusive_end_of_the_prefix_range ... ok
test keyspace::tests::prefix_upper_bound_carries_over_trailing_0xff ... ok

test result: ok. 10 passed; 0 failed; 0 ignored; 0 measured; 0 filtered out; finished in 0.00s

     Running tests/conformance.rs (target/debug/deps/conformance-a689020ff50a693f)

running 1 test
test trait_contract_against_tikv ... ok

test result: ok. 1 passed; 0 failed; 0 ignored; 0 measured; 0 filtered out; finished in 0.00s

     Running tests/contention.rs (target/debug/deps/contention-2a3f46a720630679)

running 3 tests
test blind_write_race_never_reports_conflict ... ok
test write_write_race_exactly_one_winner ... ok
test require_absent_race ... ok

test result: ok. 3 passed; 0 failed; 0 ignored; 0 measured; 0 filtered out; finished in 0.00s

     Running tests/scan.rs (target/debug/deps/scan-d74876a5dba4d10b)

running 1 test
test paged_prefix_scan_returns_the_complete_set_at_scale ... ok

test result: ok. 1 passed; 0 failed; 0 ignored; 0 measured; 0 filtered out; finished in 0.00s

     Running tests/tier1_metadata_consistency.rs (target/debug/deps/tier1_metadata_consistency-6bb92f91891f9d89)

running 1 test
test tier1_metadata_consistency_over_the_swap ... ignored, privileged Tier-1: needs a live ≥3-replica TiKV cluster (WYRD_TIER1 job)

test result: ok. 0 passed; 0 failed; 1 ignored; 0 measured; 0 filtered out; finished in 0.00s

     Running tests/tier2_metadata_io.rs (target/debug/deps/tier2_metadata_io-40acd6cdd8588109)

running 1 test
test tier2_metadata_real_single_node_io ... ignored, privileged Tier-2: needs a real single-node TiKV on one machine (WYRD_TIER2 job)

test result: ok. 0 passed; 0 failed; 1 ignored; 0 measured; 0 filtered out; finished in 0.00s

     Running unittests src/lib.rs (target/debug/deps/wyrd_proto-99e97c0d6a97b6ab)

running 0 tests

test result: ok. 0 passed; 0 failed; 0 ignored; 0 measured; 0 filtered out; finished in 0.00s

     Running tests/stubs.rs (target/debug/deps/stubs-f73c7f317bb7ca90)

running 2 tests
test both_client_and_server_stubs_are_generated ... ok
test requests_are_fragment_addressed ... ok

test result: ok. 2 passed; 0 failed; 0 ignored; 0 measured; 0 filtered out; finished in 0.00s

     Running unittests src/lib.rs (target/debug/deps/wyrd_server-3774b0e62e52efff)

running 7 tests
test cli::tests::chunk_id_minter_packs_inode_in_the_high_bits ... ok
test cli::tests::parse_endpoints_splits_trims_and_rejects_empty ... ok
test cli::tests::default_chunk_size_is_one_mib ... ok
test cli::tests::parse_durability_maps_each_form ... ok
test cli::tests::parsed_args_consumes_flag_value_pairs ... ok
test tests::default_chunk_size_is_one_mib ... ok
test dserver::tests::id_reports_the_configured_identity ... ok

test result: ok. 7 passed; 0 failed; 0 ignored; 0 measured; 0 filtered out; finished in 0.00s

     Running unittests src/main.rs (target/debug/deps/wyrd-bb02747128abe183)

running 0 tests

test result: ok. 0 passed; 0 failed; 0 ignored; 0 measured; 0 filtered out; finished in 0.00s

     Running tests/backend_selection.rs (target/debug/deps/backend_selection-26189494cdc8e161)

running 2 tests
test alloc_inode_is_bounded_against_a_perpetual_conflict_store ... ok
test redb_backend_selected_by_config_and_alloc_inode_roundtrips ... ok

test result: ok. 2 passed; 0 failed; 0 ignored; 0 measured; 0 filtered out; finished in 0.01s

     Running tests/cli_roundtrip.rs (target/debug/deps/cli_roundtrip-92654fb1eebae13d)

running 5 tests
test no_subcommand_prints_usage_and_exits_two ... ok
test get_of_a_missing_key_exits_nonzero ... ok
test demo_exits_zero ... ok
test re_putting_an_existing_key_exits_nonzero ... ok
test put_then_get_round_trips_across_separate_invocations ... ok

test result: ok. 5 passed; 0 failed; 0 ignored; 0 measured; 0 filtered out; finished in 0.22s

     Running tests/dserver.rs (target/debug/deps/dserver-4b512fc16973db04)

running 4 tests
test lease_renews_and_lapses_deterministically ... ok
test overload_across_connections_sheds_excess_with_a_retryable_status ... ok
test d_servers_register_serve_and_are_discovered ... ok
test hung_handler_is_cut_by_the_request_timeout ... ok

test result: ok. 4 passed; 0 failed; 0 ignored; 0 measured; 0 filtered out; finished in 0.25s

     Running tests/dst_commit.rs (target/debug/deps/dst_commit-671c7cdff2f5ba83)

running 4 tests
test commit_invariants_hold_at_pinned_regression_seed ... ok
test reader_never_sees_a_hybrid_across_seeds ... ok
test exactly_one_commit_wins_across_seeds ... ok
test crash_between_commit_and_release_is_atomic_across_seeds ... ok

test result: ok. 4 passed; 0 failed; 0 ignored; 0 measured; 0 filtered out; finished in 1.29s

     Running tests/dst_erasure.rs (target/debug/deps/dst_erasure-0512825151a9a622)

running 7 tests
test ec_properties_hold_at_pinned_regression_seed ... ok
test empty_placement_reads_and_maintenance_agree_across_seeds ... ok
test mixed_era_reads_across_seeds ... ok
test rs_corruption_beyond_m_is_a_clean_error_across_seeds ... ok
test rs_loss_beyond_m_is_a_clean_error_across_seeds ... ok
test rs_corruption_is_excluded_across_seeds ... ok
test rs_reads_survive_losses_across_seeds ... ok

test result: ok. 7 passed; 0 failed; 0 ignored; 0 measured; 0 filtered out; finished in 1.22s

     Running tests/dst_read_fanout.rs (target/debug/deps/dst_read_fanout-a6dc596946efb981)

running 4 tests
test read_fanout_properties_hold_at_pinned_regression_seed ... ok
test none_scheme_is_a_single_fetch_across_seeds ... ok
test below_k_is_a_clean_typed_error_across_seeds ... ok
test any_k_arrive_first_across_seeds ... ok

test result: ok. 4 passed; 0 failed; 0 ignored; 0 measured; 0 filtered out; finished in 0.49s

     Running tests/e2e.rs (target/debug/deps/e2e-5d16207ab1607cc1)

running 3 tests
test gateway_composes_the_coordination_backend ... ok
test binary_runs_the_round_trip_in_one_process ... ok
test put_then_get_is_byte_identical ... ok

test result: ok. 3 passed; 0 failed; 0 ignored; 0 measured; 0 filtered out; finished in 0.05s

     Running tests/erasure_path.rs (target/debug/deps/erasure_path-1b3bd151a8991a61)

running 6 tests
test mixed_era_chunks_read_through_one_path ... ok
test rs_put_stages_n_fragments_and_reads_back_byte_identical ... ok
test fewer_than_k_fragments_is_a_clean_typed_error ... ok
test checksum_failing_fragments_are_excluded_and_reconstructed_around ... ok
test exactly_one_overwrite_wins_under_rs ... ok
test reads_survive_any_m_fragment_losses ... ok

test result: ok. 6 passed; 0 failed; 0 ignored; 0 measured; 0 filtered out; finished in 0.62s

     Running tests/failure_domain_registration.rs (target/debug/deps/failure_domain_registration-a8e81b79b9cf7bc9)

running 1 test
test registration_carries_label_and_topology_spreads_distinct_domains ... ok

test result: ok. 1 passed; 0 failed; 0 ignored; 0 measured; 0 filtered out; finished in 0.00s

     Running tests/gateway_cluster.rs (target/debug/deps/gateway_cluster-872c22be39260f93)

running 1 test
test cluster_gateway_round_trips_distinct_objects_across_separate_compositions ... ok

test result: ok. 1 passed; 0 failed; 0 ignored; 0 measured; 0 filtered out; finished in 0.66s

     Running tests/gateway_lease_expiry.rs (target/debug/deps/gateway_lease_expiry-ecb704dc55993514)

running 1 test
test losing_put_leaves_a_future_dated_lease ... ok

test result: ok. 1 passed; 0 failed; 0 ignored; 0 measured; 0 filtered out; finished in 0.04s

     Running tests/read_fanout.rs (target/debug/deps/read_fanout-352ef3994a99613a)

running 2 tests
test below_k_readable_fragments_is_a_clean_typed_error ... ok
test rs_read_reconstructs_from_the_first_k_and_abandons_hung_d_servers ... ok

test result: ok. 2 passed; 0 failed; 0 ignored; 0 measured; 0 filtered out; finished in 0.10s

     Running tests/read_path.rs (target/debug/deps/read_path-c0588984c470139d)

running 4 tests
test unbound_name_and_uncommitted_inode_read_as_none ... ok
test checksum_mismatch_surfaces_as_an_error ... ok
test reader_sees_old_or_new_version_never_a_hybrid ... ok
test committed_file_reads_back_byte_identical ... ok

test result: ok. 4 passed; 0 failed; 0 ignored; 0 measured; 0 filtered out; finished in 0.01s

     Running tests/write_fanout.rs (target/debug/deps/write_fanout-6fede9acd67780d5)

running 2 tests
test rs_write_fans_out_to_distinct_d_servers_and_commits ... ok
test partial_fan_out_fails_closed_over_the_wire ... ok

test result: ok. 2 passed; 0 failed; 0 ignored; 0 measured; 0 filtered out; finished in 0.10s

     Running tests/write_path.rs (target/debug/deps/write_path-234e0f14e6fe4852)

running 5 tests
test concurrent_create_of_the_same_name_has_one_winner ... ok
test crash_between_commit_and_release_leaves_entries_the_sweep_reclaims ... ok
test write_produces_an_atomically_committed_readable_file ... ok
test crash_before_commit_leaves_only_collectable_garbage ... ok
test exactly_one_overwrite_wins_under_a_concurrent_writer ... ok

test result: ok. 5 passed; 0 failed; 0 ignored; 0 measured; 0 filtered out; finished in 0.38s

     Running unittests src/lib.rs (target/debug/deps/wyrd_testkit-7aac3ac06c308b7d)

running 23 tests
test tests::clock_advances_monotonically ... ok
test tests::a_no_op_partition_is_not_materialized ... ok
test tests::even_split_stalls_rather_than_diverges ... ok
test tests::consistency_needs_all_four_independent_signals ... ok
test tests::different_seeds_diverge ... ok
test tests::convergence_is_exactly_one_version_step ... ok
test tests::heal_must_undo_every_isolation_rule_and_restore_the_peer_view ... ok
test tests::heartbeat_freshness_is_an_age_threshold_not_state_name ... ok
test tests::lost_updates_are_caught_by_the_contention_arithmetic ... ok
test tests::majority_partition_makes_the_isolated_side_writable ... ok
test tests::minority_partition_leaves_the_majority_writable ... ok
test tests::last_heartbeat_is_parsed_for_the_addressed_store ... ok
test tests::no_faults_injects_nothing ... ok
test tests::netns_map_resolves_the_target_container_only ... ok
test tests::quorum_is_strict_majority ... ok
test tests::partition_is_evidence_only_when_peers_lose_the_target ... ok
test tests::region_leader_and_store_ip_resolve_from_pd_bodies ... ok
test tests::seeded_net_faults_reports_per_store ... ok
test tests::seeded_net_faults_pick_is_reproducible_and_bounded ... ok
test tests::same_seed_reproduces_the_same_run ... ok
test tests::seeded_storage_faults_reports_per_store ... ok
test tests::seeded_storage_faults_kill_picks_exactly_one_lost_server ... ok
test tests::seeded_storage_faults_pick_is_reproducible_and_bounded ... ok

test result: ok. 23 passed; 0 failed; 0 ignored; 0 measured; 0 filtered out; finished in 0.00s

     Running unittests src/lib.rs (target/debug/deps/wyrd_traits-26482e5dfeac8df5)

running 0 tests

test result: ok. 0 passed; 0 failed; 0 ignored; 0 measured; 0 filtered out; finished in 0.00s

     Running unittests src/lib.rs (target/debug/deps/xtask-470b78b22e324359)

running 0 tests

test result: ok. 0 passed; 0 failed; 0 ignored; 0 measured; 0 filtered out; finished in 0.00s

     Running unittests src/main.rs (target/debug/deps/xtask-fbc287e90baab8db)

running 17 tests
test faults::tests::deferred_when_not_opted_in ... ok
test faults::tests::jepsen_dispatch_routes_to_in_repo_scenario_not_external_command ... ok
test faults::tests::opted_in_with_tool_runs ... ok
test faults::tests::opted_in_without_tool_fails_hard ... ok
test kill_reconstruct::tests::container_name_is_one_indexed ... ok
test kill_reconstruct::tests::victim_is_always_server_zero ... ok
test tests::ci_type_checks_feature_gated_metadata_scenario ... ok
test tests::clean_run_finalizes_without_capturing_or_panicking ... ok
test tests::dserver_count_accepts_a_valid_value_silently ... ok
test tests::dserver_count_rejects_unusable_values_with_a_warning ... ok
test tests::dserver_count_unset_uses_default_silently ... ok
test tests::failure_captures_logs_before_teardown ... ok
test tests::statics_allowlist_covers_only_the_barrier ... ok
test tests::err_return_finalizes_capture_then_teardown_and_propagates ... ok
test tests::success_tears_down_without_capturing_logs ... ok
test tests::panic_finalizes_capture_then_teardown_then_resumes ... ok
test tests::statics_gate_flags_globals_not_fields ... ok

test result: ok. 17 passed; 0 failed; 0 ignored; 0 measured; 0 filtered out; finished in 0.00s

     Running tests/deploy_no_orchestrator_coupling.rs (target/debug/deps/deploy_no_orchestrator_coupling-a0264745fc22fcf6)

running 6 tests
test orchestrator_needles_are_non_empty_and_import_shaped ... ok
test scan_line_catches_a_kube_import ... ok
test scan_line_ignores_comments_and_prose ... ok
test scan_dir_is_red_when_an_orchestrator_import_is_planted ... ok
test scan_dir_is_green_over_the_real_workspace_crates ... ok
test small_multi_node_compose_config_is_structurally_valid ... ok

test result: ok. 6 passed; 0 failed; 0 ignored; 0 measured; 0 filtered out; finished in 0.06s

     Running tests/disk_faults_orchestration.rs (target/debug/deps/disk_faults_orchestration-0c28f35db23608df)

running 12 tests
test campaign_verdict_components_are_recorded_faithfully ... ok
test campaign_verdict_fails_if_chunk_not_at_full_redundancy ... ok
test campaign_verdict_fails_if_scrub_leg_inert ... ok
test campaign_verdict_fails_if_reconstruction_propagated_error ... ok
test dm_table_error_produces_correct_dmsetup_string ... ok
test campaign_verdict_zero_intact_fails ... ok
test dm_table_linear_produces_correct_dmsetup_string ... ok
test campaign_verdict_passes_full_redundancy_no_errors ... ok
test dm_table_linear_embeds_sector_count_and_device ... ok
test verdict_scrub_leg_not_detected_when_queue_empty ... ok
test verdict_scrub_leg_detected_when_chunk_enqueued ... ok
test dm_table_error_embeds_sector_count ... ok

test result: ok. 12 passed; 0 failed; 0 ignored; 0 measured; 0 filtered out; finished in 0.00s

     Running tests/metadata_faults_orchestration.rs (target/debug/deps/metadata_faults_orchestration-453cae13fe0a0da3)

running 3 tests
test in_repo_scenario_argv_carries_the_tikv_feature_and_ignored_flag ... ok
test legacy_var_is_the_only_path_to_the_removed_external_route ... ok
test dispatch_routes_to_in_repo_scenario_not_external_command ... ok

test result: ok. 3 passed; 0 failed; 0 ignored; 0 measured; 0 filtered out; finished in 0.00s

     Running tests/readme_dev_section.rs (target/debug/deps/readme_dev_section-1db4aaab997b2fde)

running 1 test
test readme_documents_development_and_testing ... ok

test result: ok. 1 passed; 0 failed; 0 ignored; 0 measured; 0 filtered out; finished in 0.00s

   Doc-tests wyrd_chunk_format

running 0 tests

test result: ok. 0 passed; 0 failed; 0 ignored; 0 measured; 0 filtered out; finished in 0.00s

   Doc-tests wyrd_chunkstore_fs

running 0 tests

test result: ok. 0 passed; 0 failed; 0 ignored; 0 measured; 0 filtered out; finished in 0.00s

   Doc-tests wyrd_chunkstore_grpc

running 0 tests

test result: ok. 0 passed; 0 failed; 0 ignored; 0 measured; 0 filtered out; finished in 0.00s

   Doc-tests wyrd_coordination_mem

running 0 tests

test result: ok. 0 passed; 0 failed; 0 ignored; 0 measured; 0 filtered out; finished in 0.00s

   Doc-tests wyrd_core

running 0 tests

test result: ok. 0 passed; 0 failed; 0 ignored; 0 measured; 0 filtered out; finished in 0.00s

   Doc-tests wyrd_custodian

running 0 tests

test result: ok. 0 passed; 0 failed; 0 ignored; 0 measured; 0 filtered out; finished in 0.00s

   Doc-tests wyrd_metadata_conformance

running 0 tests

test result: ok. 0 passed; 0 failed; 0 ignored; 0 measured; 0 filtered out; finished in 0.00s

   Doc-tests wyrd_metadata_redb

running 0 tests

test result: ok. 0 passed; 0 failed; 0 ignored; 0 measured; 0 filtered out; finished in 0.00s

   Doc-tests wyrd_metadata_tikv

running 0 tests

test result: ok. 0 passed; 0 failed; 0 ignored; 0 measured; 0 filtered out; finished in 0.00s

   Doc-tests wyrd_proto

running 0 tests

test result: ok. 0 passed; 0 failed; 0 ignored; 0 measured; 0 filtered out; finished in 0.00s

   Doc-tests wyrd_server

running 0 tests

test result: ok. 0 passed; 0 failed; 0 ignored; 0 measured; 0 filtered out; finished in 0.00s

   Doc-tests wyrd_testkit

running 0 tests

test result: ok. 0 passed; 0 failed; 0 ignored; 0 measured; 0 filtered out; finished in 0.00s

   Doc-tests wyrd_traits

running 0 tests

test result: ok. 0 passed; 0 failed; 0 ignored; 0 measured; 0 filtered out; finished in 0.00s

   Doc-tests xtask

running 2 tests
test xtask/src/disk_faults.rs - disk_faults::dm_table_linear (line 35) ... ok
test xtask/src/disk_faults.rs - disk_faults::dm_table_error (line 57) ... ok

test result: ok. 2 passed; 0 failed; 0 ignored; 0 measured; 0 filtered out; finished in 0.04s


$ cargo-machete
Analyzing dependencies of crates in this directory...
cargo-machete didn't find any unused dependencies in this directory. Good job!
Done!

$ cargo deny check
advisories ok, bans ok, licenses ok, sources ok
xtask conformance: 5 valid + 6 invalid vectors pass

$ xtask statics (ADR-0035 DST global-state gate)
xtask statics: no DST-reachable shared mutable global state (ADR-0035)

$ xtask deploy-guard (ADR-0010 no-orchestrator-coupling gate)
xtask deploy-guard: no workspace crate imports an orchestrator API (ADR-0010)

$ cargo test -p wyrd-dst (--cfg madsim)
   Compiling wyrd-testkit v0.0.0 (/home/eddie/wyrd/wyrd.pdca-wt/crates/testkit)
   Compiling wyrd-coordination-mem v0.0.0 (/home/eddie/wyrd/wyrd.pdca-wt/crates/coordination-mem)
   Compiling wyrd-dst v0.0.0 (/home/eddie/wyrd/wyrd.pdca-wt/crates/dst)
    Finished `test` profile [unoptimized + debuginfo] target(s) in 0.76s
     Running unittests src/lib.rs (target/debug/deps/wyrd_dst-5d761b7767b304d7)

running 0 tests

test result: ok. 0 passed; 0 failed; 0 ignored; 0 measured; 0 filtered out; finished in 0.00s

     Running tests/concurrency.rs (target/debug/deps/concurrency-164e5e740b3d6b01)

running 1 test
test exactly_one_concurrent_writer_wins ... ok

test result: ok. 1 passed; 0 failed; 0 ignored; 0 measured; 0 filtered out; finished in 0.59s

     Running tests/custodian.rs (target/debug/deps/custodian-aed2c6e6cb16f37b)

running 10 tests
test barrier_installed_and_registry_keeps_callsites_capturable ... ok
test gc_reclaims_only_true_orphans_q3 ... ok
test durability_emission_rises_then_returns_to_zero ... ok
test scrub_detects_bit_rot_then_reconstructs_q2 ... ok
test fenced_stale_leader_lands_nothing ... ok
test reader_flips_atomically_across_commit ... ok
test reconstruct_to_full_redundancy_q1 ... ok
test crash_mid_fragment_write_commits_nothing ... ok
test commit_point_atomic_repair_under_crash ... ok
test committed_regression_seeds_stay_green ... ok

test result: ok. 10 passed; 0 failed; 0 ignored; 0 measured; 0 filtered out; finished in 12.79s

     Running tests/network.rs (target/debug/deps/network-9a27a980d18d0c30)

running 5 tests
test partial_fanout_fails_closed ... ok
test corrupt_fragment_is_read_around ... ok
test k_of_n_read_survives_dropped_fetches ... ok
test parallel_write_durability_over_network ... ok
test exactly_one_concurrent_writer_wins_over_network ... ok

test result: ok. 5 passed; 0 failed; 0 ignored; 0 measured; 0 filtered out; finished in 1.45s

     Running tests/tikv_await_commit_interleaving.rs (target/debug/deps/tikv_await_commit_interleaving-8f5e1dbace9b3606)

running 1 test
test redb_overwrite_cas_classifies_the_stale_writer_as_conflict ... ok

test result: ok. 1 passed; 0 failed; 0 ignored; 0 measured; 0 filtered out; finished in 0.41s

   Doc-tests wyrd_dst

running 1 test
test crates/dst/src/lib.rs - dst_campaign_test (line 61) ... ignored

test result: ok. 0 passed; 0 failed; 1 ignored; 0 measured; 0 filtered out; finished in 0.00s


xtask ci: all checks passed
XTASK_CI_EXIT=0
