# gate C4-verify — attempt 1/1: pass (exit 0)
# cmd: ./engine/scripts/run-verify.sh
# cwd: /home/eddie/wyrd/wyrd-pdca
# PDCA_WORKTREE: /home/eddie/wyrd/wyrd.pdca-wt-l0
# started: 2026-08-08T10:20:49+02:00   duration: 1s

run-verify.sh: GREEN — cargo test -p wyrd-custodian --test segmented_map_backfill (fix applied)

running 5 tests
.....
test result: ok. 5 passed; 0 failed; 0 ignored; 0 measured; 0 filtered out; finished in 0.00s
run-verify.sh: RED — cargo test -p wyrd-custodian --test segmented_map_backfill (production reverted, test kept)

running 5 tests
an_unreadable_committed_object_is_named_the_walk_continues_and_nothing_certifies --- FAILED
a_fill_this_pass_may_not_perform_is_declined_not_mutated_and_does_not_certify --- FAILED
a_fault_that_is_not_one_objects_map_still_ends_the_pass --- FAILED
one_reading_of_the_namespace_per_pass --- FAILED
a_healthy_segmented_object_no_longer_ends_the_pass_and_blocks_nothing --- FAILED

failures:

---- an_unreadable_committed_object_is_named_the_walk_continues_and_nothing_certifies stdout ----

thread 'an_unreadable_committed_object_is_named_the_walk_continues_and_nothing_certifies' (906804) panicked at crates/custodian/tests/segmented_map_backfill.rs:327:28:
contained: SegmentedMapUnsupported { operation: "backfill::reconcile" }
note: run with `RUST_BACKTRACE=1` environment variable to display a backtrace

---- a_fill_this_pass_may_not_perform_is_declined_not_mutated_and_does_not_certify stdout ----

thread 'a_fill_this_pass_may_not_perform_is_declined_not_mutated_and_does_not_certify' (906802) panicked at crates/custodian/tests/segmented_map_backfill.rs:290:24:
called `Result::unwrap()` on an `Err` value: SegmentedMapUnsupported { operation: "backfill::reconcile" }

---- a_fault_that_is_not_one_objects_map_still_ends_the_pass stdout ----

thread 'a_fault_that_is_not_one_objects_map_still_ends_the_pass' (906801) panicked at crates/custodian/tests/segmented_map_backfill.rs:393:5:
wrong error: backfill::reconcile met a segmented chunk map, which this build cannot yet resolve

---- one_reading_of_the_namespace_per_pass stdout ----

thread 'one_reading_of_the_namespace_per_pass' (906805) panicked at crates/custodian/tests/segmented_map_backfill.rs:370:5:
assertion `left == right` failed: one namespace reading
  left: 2
 right: 1

---- a_healthy_segmented_object_no_longer_ends_the_pass_and_blocks_nothing stdout ----

thread 'a_healthy_segmented_object_no_longer_ends_the_pass_and_blocks_nothing' (906803) panicked at crates/custodian/tests/segmented_map_backfill.rs:269:5:
assertion `left == right` failed: 
  left: []
 right: [0, 1, 2]


failures:
    a_fault_that_is_not_one_objects_map_still_ends_the_pass
    a_fill_this_pass_may_not_perform_is_declined_not_mutated_and_does_not_certify
    a_healthy_segmented_object_no_longer_ends_the_pass_and_blocks_nothing
    an_unreadable_committed_object_is_named_the_walk_continues_and_nothing_certifies
    one_reading_of_the_namespace_per_pass

test result: FAILED. 0 passed; 5 failed; 0 ignored; 0 measured; 0 filtered out; finished in 0.00s

error: test failed, to rerun pass `-p wyrd-custodian --test segmented_map_backfill`
run-verify.sh: PASS — red without the fix, green with it (5 test(s) ran red).
