# gate C4-verify — attempt 1/1: unverifiable (exit 77)
# cmd: ./engine/scripts/run-verify.sh
# cwd: /home/eddie/wyrd/wyrd-pdca
# PDCA_WORKTREE: /home/eddie/wyrd/wyrd.pdca-wt-l1
# started: 2026-08-09T14:12:38+02:00   duration: 2s

run-verify.sh: GREEN — cargo test -p wyrd-core --test multipart_budget_admission (fix applied)

running 10 tests
..........
test result: ok. 10 passed; 0 failed; 0 ignored; 0 measured; 0 filtered out; finished in 0.00s
run-verify.sh: RED — cargo test -p wyrd-core --test multipart_budget_admission (production reverted, test kept)
error[E0432]: unresolved imports `wyrd_core::multipart::decode_admission_record`, `wyrd_core::multipart::encode_record`, `wyrd_core::multipart::AdmissionRecord`, `wyrd_core::multipart::Budget`, `wyrd_core::multipart::MAX_CHUNKREF_BYTES`, `wyrd_core::multipart::MAX_SEG_CHUNKS_FORMAT_MAX`, `wyrd_core::multipart::VALUE_CEILING_HALF`
  --> crates/core/tests/multipart_budget_admission.rs:32:5
   |
32 |     decode_admission_record, encode_record, AdmissionRecord, Budget, RecordError,
   |     ^^^^^^^^^^^^^^^^^^^^^^^  ^^^^^^^^^^^^^  ^^^^^^^^^^^^^^^  ^^^^^^ no `Budget` in `multipart`
   |     |                        |              |
   |     |                        |              no `AdmissionRecord` in `multipart`
   |     |                        no `encode_record` in `multipart`
   |     no `decode_admission_record` in `multipart`
33 |     MAX_CHUNKREF_BYTES, MAX_SEG_CHUNKS_FORMAT_MAX, VALUE_CEILING_HALF,
   |     ^^^^^^^^^^^^^^^^^^  ^^^^^^^^^^^^^^^^^^^^^^^^^  ^^^^^^^^^^^^^^^^^^ no `VALUE_CEILING_HALF` in `multipart`
   |     |                   |
   |     |                   no `MAX_SEG_CHUNKS_FORMAT_MAX` in `multipart`
   |     no `MAX_CHUNKREF_BYTES` in `multipart`

For more information about this error, try `rustc --explain E0432`.
error: could not compile `wyrd-core` (test "multipart_budget_admission") due to 1 previous error
run-verify.sh: UNVERIFIABLE — the RED leg's cargo run failed (status 101) WITHOUT
               running a test, so no RED was established. This is NOT 'red without the
               fix' — the discriminator never executed. The usual cause is that it does
               not COMPILE against the reverted base: it calls production API this patch
               adds, so reverting the fix removes the symbol it needs. Split the test so
               it exercises the behaviour through pre-existing API, or record at sign-off
               why this slice has no isolable red (the cargo output is above).
