# gate C5-mutants — attempt 1/1: fail (exit 2)
# cmd: scripts/mutants-in-diff
# cwd: /home/eddie/wyrd/wyrd-pdca
# PDCA_WORKTREE: /home/eddie/wyrd/wyrd.pdca-wt-l1
# started: 2026-08-09T14:14:06+02:00   duration: 98s

Found 46 mutants to test
ok       Unmutated baseline in 11s build + 1s test
 INFO Auto-set test timeout to 20s
MISSED   crates/core/src/multipart.rs:936:65: replace / with * in 0s build + 1s test
MISSED   crates/core/src/multipart.rs:977:62: replace * with + in u_ref_of in 0s build + 1s test
MISSED   crates/core/src/multipart.rs:977:62: replace * with / in u_ref_of in 0s build + 1s test
MISSED   crates/core/src/multipart.rs:977:50: replace + with - in u_ref_of in 0s build + 1s test
MISSED   crates/core/src/multipart.rs:977:50: replace + with * in u_ref_of in 0s build + 1s test
MISSED   crates/core/src/multipart.rs:978:49: replace + with * in u_ref_of in 0s build + 1s test
MISSED   crates/core/src/multipart.rs:978:64: replace * with + in u_ref_of in 0s build + 1s test
MISSED   crates/core/src/multipart.rs:978:64: replace * with / in u_ref_of in 0s build + 1s test
MISSED   crates/core/src/multipart.rs:978:53: replace * with + in u_ref_of in 0s build + 1s test
MISSED   crates/core/src/multipart.rs:978:53: replace * with / in u_ref_of in 0s build + 1s test
MISSED   crates/core/src/multipart.rs:1132:9: replace Budget::w_ref -> u64 with 0 in 0s build + 1s test
MISSED   crates/core/src/multipart.rs:1132:9: replace Budget::w_ref -> u64 with 1 in 0s build + 1s test
MISSED   crates/core/src/multipart.rs:1137:9: replace Budget::max_part_chunks -> u32 with 0 in 0s build + 1s test
MISSED   crates/core/src/multipart.rs:1137:9: replace Budget::max_part_chunks -> u32 with 1 in 0s build + 1s test
MISSED   crates/core/src/multipart.rs:1142:9: replace Budget::max_parts_per_session -> u32 with 0 in 0s build + 1s test
MISSED   crates/core/src/multipart.rs:1142:9: replace Budget::max_parts_per_session -> u32 with 1 in 0s build + 1s test
MISSED   crates/core/src/multipart.rs:1147:9: replace Budget::max_inflight_parts -> u32 with 0 in 0s build + 1s test
MISSED   crates/core/src/multipart.rs:1147:9: replace Budget::max_inflight_parts -> u32 with 1 in 0s build + 1s test
MISSED   crates/core/src/multipart.rs:1152:9: replace Budget::max_staged_chunks -> u32 with 0 in 0s build + 1s test
MISSED   crates/core/src/multipart.rs:1152:9: replace Budget::max_staged_chunks -> u32 with 1 in 0s build + 1s test
MISSED   crates/core/src/multipart.rs:1161:9: replace Budget::u_ref -> u64 with 1 in 0s build + 1s test
MISSED   crates/core/src/multipart.rs:1181:9: replace Budget::max_sessions -> u64 with 0 in 0s build + 1s test
MISSED   crates/core/src/multipart.rs:1181:9: replace Budget::max_sessions -> u64 with 1 in 0s build + 1s test
MISSED   crates/core/src/multipart.rs:1181:35: replace / with % in Budget::max_sessions in 0s build + 1s test
MISSED   crates/core/src/multipart.rs:1181:35: replace / with * in Budget::max_sessions in 0s build + 1s test
46 mutants tested in 2m: 25 missed, 8 caught, 13 unviable
