# gate: C4-diff-cov — diff coverage: changed lines executed by the patch's tests
# cmd: ./engine/scripts/run-diff-cov.sh
# cwd: /home/eddie/wyrd/wyrd-pdca
# PDCA_WORKTREE: /home/eddie/wyrd/wyrd.pdca-wt-l0
# start: 2026-10-01T07:07:29+00:00
# duration_secs: 56.63
# exit: 1
# outcome: fail
# ---- combined stdout+stderr (verbatim) ----
run-diff-cov.sh: at least one changed crate ships no test in this patch — it is scored
                 against its EXISTING suite, and any co-located #[cfg(test)] lines the
                 patch adds count as covered, so that part of the figure is the generous
                 one; see the coverage boundary in this file's header.
run-diff-cov.sh: MEASURE — cargo llvm-cov test -p wyrd-server --test s3_chunk_size_flag (fix applied)
info: cargo-llvm-cov currently setting cfg(coverage); you can opt-out it by passing --no-cfg-coverage
   Compiling wyrd-traits v0.0.0 (/home/eddie/wyrd/wyrd-cov-l0/crates/traits)
   Compiling wyrd-chunk-format v0.0.0 (/home/eddie/wyrd/wyrd-cov-l0/crates/chunk-format)
   Compiling wyrd-proto v0.0.0 (/home/eddie/wyrd/wyrd-cov-l0/crates/proto)
   Compiling wyrd-telemetry v0.0.0 (/home/eddie/wyrd/wyrd-cov-l0/crates/telemetry)
   Compiling wyrd-testkit v0.0.0 (/home/eddie/wyrd/wyrd-cov-l0/crates/testkit)
   Compiling wyrd-gateway-core v0.0.0 (/home/eddie/wyrd/wyrd-cov-l0/crates/gateway-core)
   Compiling wyrd-core v0.0.0 (/home/eddie/wyrd/wyrd-cov-l0/crates/core)
   Compiling wyrd-metadata-redb v0.0.0 (/home/eddie/wyrd/wyrd-cov-l0/crates/metadata-redb)
   Compiling wyrd-gateway-s3 v0.0.0 (/home/eddie/wyrd/wyrd-cov-l0/crates/gateway-s3)
   Compiling wyrd-chunkstore-fs v0.0.0 (/home/eddie/wyrd/wyrd-cov-l0/crates/chunkstore-fs)
   Compiling wyrd-coordination-mem v0.0.0 (/home/eddie/wyrd/wyrd-cov-l0/crates/coordination-mem)
   Compiling wyrd-metadata-fault-conformance v0.0.0 (/home/eddie/wyrd/wyrd-cov-l0/crates/metadata-fault-conformance)
   Compiling wyrd-chunkstore-grpc v0.0.0 (/home/eddie/wyrd/wyrd-cov-l0/crates/chunkstore-grpc)
   Compiling wyrd-custodian v0.0.0 (/home/eddie/wyrd/wyrd-cov-l0/crates/custodian)
   Compiling wyrd-server v0.0.0 (/home/eddie/wyrd/wyrd-cov-l0/crates/server)
    Finished `test` profile [unoptimized + debuginfo] target(s) in 6.83s
     Running tests/s3_chunk_size_flag.rs (target/llvm-cov-target/debug/deps/s3_chunk_size_flag-b7463ec4cdac635d)

running 8 tests
test response_parser_accepts_well_framed_responses ... ok
test response_parser_refuses_torn_or_malformed_framing ... ok
test s3_usage_line_lists_chunk_size ... ok
test chunk_size_non_numeric_and_signed_values_are_refused ... ok
test chunk_size_ceiling_is_one_gib_inclusive ... ok
test chunk_size_zero_is_refused_and_one_is_accepted ... ok
test chunk_size_flag_sets_the_on_disk_chunk_count_and_absence_keeps_the_default ... ok
test a_chunk_past_the_4_mib_grpc_default_round_trips_through_a_d_server ... ok

test result: ok. 8 passed; 0 failed; 0 ignored; 0 measured; 0 filtered out; finished in 4.91s
run-diff-cov.sh: MEASURE — cargo llvm-cov test -p wyrd-chunkstore-grpc (fix applied)
info: cargo-llvm-cov currently setting cfg(coverage); you can opt-out it by passing --no-cfg-coverage
   Compiling wyrd-testkit v0.0.0 (/home/eddie/wyrd/wyrd-cov-l0/crates/testkit)
   Compiling wyrd-core v0.0.0 (/home/eddie/wyrd/wyrd-cov-l0/crates/core)
   Compiling wyrd-proto v0.0.0 (/home/eddie/wyrd/wyrd-cov-l0/crates/proto)
   Compiling wyrd-telemetry v0.0.0 (/home/eddie/wyrd/wyrd-cov-l0/crates/telemetry)
   Compiling wyrd-chunkstore-fs v0.0.0 (/home/eddie/wyrd/wyrd-cov-l0/crates/chunkstore-fs)
   Compiling wyrd-coordination-mem v0.0.0 (/home/eddie/wyrd/wyrd-cov-l0/crates/coordination-mem)
   Compiling wyrd-chunkstore-grpc v0.0.0 (/home/eddie/wyrd/wyrd-cov-l0/crates/chunkstore-grpc)
   Compiling wyrd-custodian v0.0.0 (/home/eddie/wyrd/wyrd-cov-l0/crates/custodian)
    Finished `test` profile [unoptimized + debuginfo] target(s) in 4.25s
     Running unittests src/lib.rs (target/llvm-cov-target/debug/deps/wyrd_chunkstore_grpc-17771d0501c917e4)

running 16 tests
test client::tests::a_write_with_no_deadline_never_decodes_a_deadline_outcome ... ok
test client::tests::a_write_with_a_deadline_still_decodes_both_outcomes ... ok
test error::tests::status_code_maps_to_the_specific_transport_variant ... ok
test client::tests::data_loss_is_integrity_and_the_rest_fail_safe_to_terminal ... ok
test error::tests::source_exposes_the_wrapped_status ... ok
test client::tests::the_transient_trio_codes_all_classify_transient ... ok
test fanout::tests::get_fragment_at_resolves_an_ec_none_fragment_moved_off_its_index_home ... ok
test fanout::tests::health_is_healthy_only_when_all_backends_are ... ok
test fanout::tests::get_fragment_at_resolves_every_fragment_in_a_rotated_reed_solomon_placement ... ok
test fanout::tests::health_degrades_on_a_single_dead_backend ... ok
test fanout::tests::list_fragments_unions_every_backend ... ok
test fanout::tests::health_is_unhealthy_only_when_all_backends_are ... ok
test fanout::tests::put_fragment_at_places_on_the_named_dserver_not_index_mod_n ... ok
test fanout::tests::width_reports_the_backing_store_count ... ok
test fanout::tests::route_places_each_index_on_index_mod_n ... ok
test fanout::tests::routing_forwards_the_authorization_deadline_unchanged ... ok

test result: ok. 16 passed; 0 failed; 0 ignored; 0 measured; 0 filtered out; finished in 0.00s

     Running tests/dserver_image.rs (target/llvm-cov-target/debug/deps/dserver_image-a6dacce1ef3e27be)

running 1 test
test runtime_stage_sets_non_root_user_before_entrypoint ... ok

test result: ok. 1 passed; 0 failed; 0 ignored; 0 measured; 0 filtered out; finished in 0.00s

     Running tests/error_class.rs (target/llvm-cov-target/debug/deps/error_class-0ef469c1a1daf497)

running 7 tests
test a_dns_resolution_failure_classifies_transient_on_dial ... ok
test the_transient_class_keeps_the_transport_detail_reachable ... ok
test a_store_named_transient_fault_classifies_transient_over_grpc ... ok
test a_genuine_integrity_fault_classifies_integrity_over_grpc ... ok
test a_genuine_unreachable_d_server_classifies_transient_over_grpc ... ok
test transient_and_terminal_are_distinguishable_across_the_seam ... ok
test a_genuine_request_timeout_classifies_transient_over_grpc ... ok

test result: ok. 7 passed; 0 failed; 0 ignored; 0 measured; 0 filtered out; finished in 0.25s

     Running tests/list_delete.rs (target/llvm-cov-target/debug/deps/list_delete-4a38f8fb9e740b6f)

running 2 tests
test list_and_delete_in_process ... ok
test list_and_delete_over_grpc ... ok

test result: ok. 2 passed; 0 failed; 0 ignored; 0 measured; 0 filtered out; finished in 0.01s

     Running tests/read_fault_seam.rs (target/llvm-cov-target/debug/deps/read_fault_seam-edf143e3eff1d501)

running 2 tests
test remote_generic_error_stays_transient_transport_error_over_grpc ... ok
test remote_eio_is_block_read_fault_not_corruption_over_grpc ... ok

test result: ok. 2 passed; 0 failed; 0 ignored; 0 measured; 0 filtered out; finished in 0.00s

     Running tests/round_trip.rs (target/llvm-cov-target/debug/deps/round_trip-dfd31a809a36987c)

running 7 tests
test put_of_a_malformed_fragment_is_invalid_argument_over_grpc ... ok
test get_of_a_rotten_fragment_is_an_integrity_fault_over_grpc ... ok
test a_write_that_expires_before_the_server_applies_it_is_refused_over_grpc ... ok
test a_publication_the_server_could_not_verify_reconstructs_as_indeterminate_over_grpc ... ok
test put_get_health_round_trip_over_grpc ... ok
test put_with_an_expired_deadline_is_refused_and_reconstructs_as_write_deadline_expired ... ok
test a_fragment_past_the_4_mib_grpc_default_round_trips ... ok

test result: ok. 7 passed; 0 failed; 0 ignored; 0 measured; 0 filtered out; finished in 0.09s

     Running tests/tier1_jepsen_consistency.rs (target/llvm-cov-target/debug/deps/tier1_jepsen_consistency-e31a4a5f26ecba65)

running 19 tests
test commit_point_atomic_fails_when_orphan_absent ... ok
test jepsen_consistency_over_repair_under_live_partition_and_crash ... ignored, Tier-1: needs real containerized D servers — run via `cargo xtask jepsen`
test jepsen_consistency_over_repair_under_partition_and_crash ... ignored, Tier-1: needs real containerized D servers — run via `cargo xtask jepsen`
test distinct_domains_fails_for_unregistered_server ... ok
test exactly_once_convergence_fails_on_duplicate_commit ... ok
test node_liveness_during_isolation_fails_when_paused ... ok
test read_after_commit_passes_when_all_committed_servers_are_readable ... ok
test read_after_commit_fails_when_committed_server_is_not_readable ... ok
test node_liveness_during_isolation_passes_when_running ... ok
test distinct_domains_fails_for_duplicate_domain ... ok
test distinct_domains_passes_for_all_different ... ok
test exactly_once_convergence_fails_on_lost_commit ... ok
test redundancy_outcome_fails_when_wrong_fragment_count ... ok
test redundancy_outcome_passes_when_victim_absent_and_n_fragments ... ok
test node_liveness_during_isolation_fails_when_exited ... ok
test commit_point_atomic_fails_when_victim_not_in_committed_placement ... ok
test exactly_once_convergence_passes_when_version_increments_by_one ... ok
test commit_point_atomic_passes_when_orphan_exists_and_victim_in_placement ... ok
test redundancy_outcome_fails_when_dead_server_in_placement ... ok

test result: ok. 17 passed; 0 failed; 2 ignored; 0 measured; 0 filtered out; finished in 0.00s

     Running tests/tier2_integration.rs (target/llvm-cov-target/debug/deps/tier2_integration-4680e96b16574361)

running 1 test
test write_read_byte_identical_over_real_networked_dservers ... ignored, Tier-2: needs real containerized gRPC D servers — run via `cargo xtask integration`

test result: ok. 0 passed; 0 failed; 1 ignored; 0 measured; 0 filtered out; finished in 0.00s

     Running tests/tier2_kill_reconstruct.rs (target/llvm-cov-target/debug/deps/tier2_kill_reconstruct-b04523b672cec4f9)

running 10 tests
test kill_reconstruct_restores_full_redundancy_in_distinct_domains ... ignored, Tier-2: needs real containerized D servers — run via `cargo xtask kill-reconstruct`
test distinct_domains_fails_for_unregistered_server ... ok
test distinct_domains_passes_for_all_different ... ok
test distinct_domains_fails_for_duplicate_domain ... ok
test garbage_not_corruption_passes_when_orphan_exists_and_victim_still_in_committed_placement ... ok
test garbage_not_corruption_fails_when_orphan_is_absent ... ok
test garbage_not_corruption_fails_when_victim_not_in_committed_placement ... ok
test redundancy_outcome_fails_when_wrong_fragment_count ... ok
test redundancy_outcome_passes_when_victim_absent_and_n_fragments ... ok
test redundancy_outcome_fails_when_victim_in_placement ... ok

test result: ok. 9 passed; 0 failed; 1 ignored; 0 measured; 0 filtered out; finished in 0.00s

     Running tests/write_deadline.rs (target/llvm-cov-target/debug/deps/write_deadline-2fad859c0a0820da)

running 5 tests
test expired_deadline_is_refused_by_the_server_and_never_stored ... ok
test absent_deadline_stores_exactly_as_before_issue_638 ... ok
test a_live_write_within_its_deadline_stores_and_reads_back_byte_identical ... ok
test a_deadline_refusal_is_distinguishable_from_both_a_client_fault_and_a_disk_fault ... ok
test a_write_parked_past_its_deadline_is_refused_when_finally_applied ... ok

test result: ok. 5 passed; 0 failed; 0 ignored; 0 measured; 0 filtered out; finished in 0.61s
run-diff-cov.sh: MEASURE — cargo llvm-cov test -p wyrd-core (fix applied)
info: cargo-llvm-cov currently setting cfg(coverage); you can opt-out it by passing --no-cfg-coverage
   Compiling wyrd-traits v0.0.0 (/home/eddie/wyrd/wyrd-cov-l0/crates/traits)
   Compiling wyrd-proto v0.0.0 (/home/eddie/wyrd/wyrd-cov-l0/crates/proto)
   Compiling wyrd-testkit v0.0.0 (/home/eddie/wyrd/wyrd-cov-l0/crates/testkit)
   Compiling wyrd-metadata-redb v0.0.0 (/home/eddie/wyrd/wyrd-cov-l0/crates/metadata-redb)
   Compiling wyrd-core v0.0.0 (/home/eddie/wyrd/wyrd-cov-l0/crates/core)
   Compiling wyrd-chunkstore-fs v0.0.0 (/home/eddie/wyrd/wyrd-cov-l0/crates/chunkstore-fs)
   Compiling wyrd-chunkstore-grpc v0.0.0 (/home/eddie/wyrd/wyrd-cov-l0/crates/chunkstore-grpc)
    Finished `test` profile [unoptimized + debuginfo] target(s) in 3.13s
     Running unittests src/lib.rs (target/llvm-cov-target/debug/deps/wyrd_core-f64d4189a2d79cdc)

running 63 tests
test erasure::tests::reconstruct_with_k_zero_is_a_typed_error_not_a_panic ... ok
test erasure::tests::supported_accepts_the_schemes_this_module_round_trips ... ok
test erasure::tests::coder_error_exposes_its_wrapped_source ... ok
test metadata::orphan_mark_codec::the_structured_and_reclaiming_shapes_round_trip_byte_for_byte ... ok
test metadata::orphan_mark_codec::the_legacy_shape_is_every_existing_writers_bare_decimal ... ok
test metadata::orphan_mark_codec::an_event_names_a_retirement_only_in_the_retire_key_grammars_spelling ... ok
test metadata::orphan_mark_codec::a_value_outside_the_encoders_image_is_refused ... ok
test erasure::tests::reconstruct_with_m_zero_is_a_typed_error_even_with_all_k_shards_present ... ok
test metadata::placement_move::segment_may_hold_is_the_half_open_span_plus_an_empty_chunks_end ... ok
test metadata::orphan_mark_codec::a_writer_cannot_encode_what_the_decoder_refuses ... ok
test metadata::segmented_shape_invariants::a_decoded_root_exposes_which_shape_it_is ... ok
test metadata::placement_move::chunk_at_needs_both_the_offset_and_the_reference ... ok
test metadata::segmented_shape_invariants::segment_key_round_trips_over_the_whole_addressable_index_space ... ok
test metadata::segmented_shape_invariants::segment_record_chunk_lengths_not_summing_to_byte_len_is_err ... ok
test metadata::segmented_shape_invariants::wrong_width_segment_index_key_is_malformed ... ok
test metadata::segmented_shape_invariants::a_segment_record_covering_no_bytes_is_err ... ok
test metadata::tests::empty_placement_is_valid_pre_m3_identity ... ok
test metadata::tests::non_empty_wrong_length_placement_is_malformed ... ok
test metadata::tests::read_path_fragments_stays_liberal_for_malformed_placement ... ok
test metadata::segmented_shape_invariants::a_decoded_segment_record_reports_the_span_its_chunks_cover ... ok
test metadata::segmented_shape_invariants::a_group_prefix_can_never_alias_another_generations_epoch_range ... ok
test metadata::segmented_shape_invariants::only_canonical_epoch_spellings_address_a_segment ... ok
test metadata::tests::the_value_ceiling_admits_the_boundary_and_refuses_only_past_it ... ok
test placement::tests::domain_utilization_sums_per_domain ... ok
test metadata::segmented_shape_invariants::a_segment_index_past_the_key_space_is_neither_a_key_nor_a_value ... ok
test metadata::tests::full_length_placement_is_valid ... ok
test metadata::segmented_shape_invariants::every_span_arithmetic_that_leaves_u64_is_refused_not_wrapped ... ok
test placement::tests::excluding_carries_retained_utilization_not_excluded ... ok
test placement::tests::places_when_free_domains_exactly_equal_need ... ok
test placement::tests::refuses_when_domains_below_n ... ok
test placement::tests::excluding_drops_servers_and_their_utilization ... ok
test placement::tests::replacement_avoids_occupied_domains ... ok
test read::tests::read_chunk_rejects_a_stored_k_zero_scheme ... ok
test placement::tests::replacement_refuses_when_no_free_domain_remains ... ok
test placement::tests::places_across_n_distinct_domains ... ok
test read::tests::read_chunk_rejects_a_stored_m_zero_scheme ... ok
test repair::tests::replication_single_copy_fragment_is_admitted_under_scheme_none ... ok
test repair::tests::intact_shard_accepts_the_expected_fragment_and_rejects_wrong_identity ... ok
test read::tests::oversized_inode_size_with_empty_chunk_map_errors_cleanly_not_panics ... ok
test metadata::placement_move::flat_arm_refuses_a_version_it_cannot_advance ... ok
test metadata::segmented_shape_invariants::every_chunk_map_commit_refuses_a_segmented_prior_instead_of_stranding_its_segments ... ok
test metadata::segmented_shape_invariants::create_refuses_a_record_it_could_not_read_back ... ok
test metadata::segmented_shape_invariants::unlink_refuses_a_segmented_inode_rather_than_unbind_fragments_it_cannot_orphan ... ok
test metadata::placement_move::flat_arm_moves_the_placement_and_advances_the_version_preserving_metadata ... ok
test metadata::placement_move::a_sibling_edit_is_merged_and_an_edit_to_the_planned_chunk_conflicts ... ok
test metadata::placement_move::a_damaged_segment_of_the_live_generation_is_structural_corruption ... ok
test metadata::placement_move::flat_arm_conflicts_on_a_changed_chunk_and_on_a_superseded_root ... ok
test metadata::segmented_shape_invariants::create_refuses_a_segmented_record_this_build_cannot_publish ... ok
test metadata::segmented_shape_invariants::a_segmented_prior_outranks_the_lease_state_it_is_committed_under ... ok
test metadata::placement_move::a_zero_length_chunk_on_a_segment_boundary_is_found_by_equality ... ok
test metadata::placement_move::a_superseded_root_fails_the_batch_or_the_move ... ok
test metadata::placement_move::segmented_arm_rewrites_only_the_covering_segment_and_never_the_root ... ok
test metadata::placement_move::a_replacement_placement_must_name_every_fragment ... ok
test metadata::segmented_shape_invariants::high_water_marks_is_total_over_records_it_cannot_read ... ok
test metadata::placement_move::a_segment_row_over_the_ceiling_is_never_decoded_nor_rewritten ... ok
test metadata::placement_move::flat_arm_refuses_a_record_the_move_would_push_past_the_value_ceiling ... ok
test erasure::tests::fewer_than_k_shards_is_an_error ... ok
test erasure::tests::reconstruct_with_k_zero_and_nonempty_available_is_still_a_typed_error ... ok
test metadata::placement_move::segmented_arm_weighs_its_record_against_the_full_value_ceiling ... ok
test erasure::tests::round_trip_matrix ... ok
test erasure::tests::reconstructs_from_every_six_of_nine_for_rs_6_3 ... ok
test metadata::placement_move::seeded_moves_race_each_other_and_the_roots_retirement ... ok
test erasure::tests::seeded_random_data_and_subsets_round_trip ... ok

test result: ok. 63 passed; 0 failed; 0 ignored; 0 measured; 0 filtered out; finished in 1.20s

     Running tests/buffered_lease_lapse.rs (target/llvm-cov-target/debug/deps/buffered_lease_lapse-b0765982f5f3e922)

running 3 tests
test stalled_buffered_placed_create_fails_closed_when_its_lease_lapses ... ok
test buffered_create_inside_the_ttl_still_publishes ... ok
test stalled_buffered_create_fails_closed_when_its_lease_lapses ... ok

test result: ok. 3 passed; 0 failed; 0 ignored; 0 measured; 0 filtered out; finished in 0.01s

     Running tests/domain_placement.rs (target/llvm-cov-target/debug/deps/domain_placement-4846c172c591af5a)

running 1 test
test write_records_distinct_domain_placement_not_identity ... ok

test result: ok. 1 passed; 0 failed; 0 ignored; 0 measured; 0 filtered out; finished in 0.04s

     Running tests/fragment_identity.rs (target/llvm-cov-target/debug/deps/fragment_identity-b4fbe359c97866c8)

running 3 tests
test ec_read_rejects_a_fragment_whose_ec_tuple_disagrees_with_scheme ... ok
test ec_read_rejects_a_same_scheme_type_wrong_geometry_fragment ... ok
test ec_read_rejects_a_same_chunk_wrong_index_fragment ... ok

test result: ok. 3 passed; 0 failed; 0 ignored; 0 measured; 0 filtered out; finished in 0.05s

     Running tests/multipart_budget_admission.rs (target/llvm-cov-target/debug/deps/multipart_budget_admission-ba04602fbaa81065)

running 18 tests
test an_unknown_field_or_unreadable_bytes_are_refused_rather_than_dropped ... ok
test g4_more_parts_in_flight_than_the_session_may_hold_is_refused ... ok
test g1_zero_part_chunks_is_refused_before_the_derivation ... ok
test g8_stored_limit_disagreeing_with_its_own_profile_is_refused ... ok
test p1_count_above_its_own_max_sessions_still_decodes ... ok
test g7_reference_budget_below_one_session_is_refused ... ok
test g3_parts_per_session_past_the_key_space_is_refused ... ok
test p2_staged_ceiling_above_any_publishable_product_still_decodes ... ok
test max_sessions_is_clamped_to_scan_cap_half_when_that_term_binds ... ok
test g2_zero_inflight_parts_is_refused ... ok
test g6_staged_ceiling_below_one_maximal_part_is_refused ... ok
test g5_owned_staging_range_past_scan_cap_half_is_refused ... ok
test p3_part_chunks_outside_the_proposal_window_still_decodes ... ok
test p_arith_accept_maximal_staged_chunks_decodes ... ok
test re_encoding_a_record_this_codec_wrote_is_byte_identical ... ok
test p_arith_reject_maximal_record_names_the_rule_exact_arithmetic_violates ... ok
test round_trip_preserves_every_field ... ok
test u_ref_takes_whichever_of_its_two_arms_binds ... ok

test result: ok. 18 passed; 0 failed; 0 ignored; 0 measured; 0 filtered out; finished in 0.00s

     Running tests/multipart_keys.rs (target/llvm-cov-target/debug/deps/multipart_keys-6a09482fb2fe7199)

running 21 tests
test a_retire_key_reports_an_unknown_mode_apart_from_a_key_that_does_not_decode ... ok
test a_session_range_selects_exactly_its_own_class_and_session ... ok
test digest_hex_is_the_exact_inverse_over_every_byte_value ... ok
test every_rejection_is_a_typed_error_that_names_the_violation ... ok
test fixed_width_key_byte_order_matches_numeric_order ... ok
test mpu_key_round_trips_and_rejects_noncanonical ... ok
test no_key_prefix_is_a_prefix_of_another ... ok
test part_key_round_trips_and_rejects_noncanonical ... ok
test pinned_format_constants_hold ... ok
test psum_key_round_trips_and_rejects_noncanonical ... ok
test retire_key_round_trips_both_token_forms_under_both_modes ... ok
test scan_mpu_does_not_reach_the_mpuctl_singleton ... ok
test sidx_is_not_reachable_from_a_pending_scan ... ok
test slot_key_round_trips_and_rejects_noncanonical ... ok
test sidx_key_round_trips_and_rejects_noncanonical ... ok
test retire_key_rejects_a_token_of_neither_form_and_every_malformed_spelling ... ok
test the_canonical_spelling_of_every_key_is_pinned_to_the_byte ... ok
test upload_and_attempt_ids_validate_the_token_grammar ... ok
test serde_decode_routes_through_the_validating_constructors ... ok
test the_identity_accessors_return_the_value_they_were_built_from ... ok
test digest_hex_rejects_every_second_spelling ... ok

test result: ok. 21 passed; 0 failed; 0 ignored; 0 measured; 0 filtered out; finished in 0.00s

     Running tests/multipart_knobs.rs (target/llvm-cov-target/debug/deps/multipart_knobs-1dc19c1f133dd0ae)

running 8 tests
test leg1_the_shipped_set_passes_every_clamp ... ok
test leg3_each_budget_takes_the_half_0016_states ... ok
test leg3_u_ref_and_the_session_limit_follow_the_formulas_under_either_arm ... ok
test leg3_the_chunk_caps_are_half_a_value_over_the_measured_worst_chunk_ref ... ok
test leg5_the_backoff_is_bounded_jittered_and_grows_with_the_attempt ... ok
test leg5_the_two_retry_budgets_are_separate_and_contention_outlasts_the_room ... ok
test leg2_each_clamp_passes_its_bound_and_names_itself_one_step_past_it ... ok
test leg4_every_capacity_fits_its_key_space_in_byte_order_at_the_cap ... ok

test result: ok. 8 passed; 0 failed; 0 ignored; 0 measured; 0 filtered out; finished in 0.00s

     Running tests/multipart_owned_staging.rs (target/llvm-cov-target/debug/deps/multipart_owned_staging-cf67b3dce18cfb5e)

running 15 tests
test an_explicit_null_ownership_field_is_refused ... ok
test s2_an_owner_other_than_the_keys_upload_id_is_refused ... ok
test s1_staged_geometry_the_erasure_coder_refuses_is_a_typed_error ... ok
test s4_each_namespace_refuses_the_other_namespaces_shape ... ok
test an_owned_entry_round_trips_under_its_own_key ... ok
test s7_an_ordinary_pending_entry_reencodes_byte_identically ... ok
test s6_a_length_mismatched_staged_placement_decodes ... ok
test staged_scheme_is_read_through_a_closed_wire ... ok
test s9_an_owned_entry_is_minted_outside_the_crate_through_the_checked_path ... ok
test s8_an_owned_entry_reencodes_byte_identically_across_a_renewal ... ok
test s4_the_pending_writers_refuse_to_store_an_owned_entry ... ok
test s4_a_leased_commit_refuses_over_a_misfiled_owned_entry ... ok
test s3_a_torn_value_is_refused_under_both_namespaces ... ok
test s4_renew_pending_refuses_a_misfiled_owned_entry ... ok
test s5_the_lease_sweep_skips_what_it_cannot_read_and_completes_for_the_rest ... ok

test result: ok. 15 passed; 0 failed; 0 ignored; 0 measured; 0 filtered out; finished in 0.30s

     Running tests/multipart_retire_obligation.rs (target/llvm-cov-target/debug/deps/multipart_retire_obligation-13335dc43e6f8565)

running 28 tests
test a_component_spelled_outside_its_grammar_is_rejected ... ok
test a_foreign_spelling_of_an_accepted_payload_is_rejected ... ok
test a_placement_length_mismatch_still_decodes ... ok
test a_component_under_the_wrong_mode_is_rejected ... ok
test a_key_that_names_no_obligation_is_rejected ... ok
test a_generation_disagreeing_with_its_token_is_rejected ... ok
test a_segment_group_epoch_other_than_the_tokens_is_rejected ... ok
test a_generation_naming_both_sources_is_rejected ... ok
test a_noncanonical_part_number_set_is_rejected ... ok
test a_segment_groups_nonce_and_a_generations_epoch_are_unchecked ... ok
test a_session_wide_component_under_a_per_part_token_is_rejected ... ok
test an_obligation_owing_nothing_is_rejected ... ok
test bytes_session_and_all_parts_decodes ... ok
test bytes_generation_with_segments_decodes ... ok
test bytes_chunks_under_a_per_part_token_decodes ... ok
test part_number_set_minting_is_canonical_and_never_empty ... ok
test records_parts_and_seg_decodes ... ok
test bytes_parts_alone_decodes ... ok
test an_unsupported_chunk_scheme_is_rejected ... ok
test records_parts_decodes ... ok
test bytes_session_alone_decodes ... ok
test bytes_generation_with_chunks_decodes ... ok
test chunks_under_a_session_wide_token_is_rejected ... ok
test the_all_parts_wildcard_outside_a_session_teardown_is_rejected ... ok
test the_mode_is_part_of_the_decoded_obligation ... ok
test an_unknown_or_omitted_field_is_rejected ... ok
test records_seg_decodes ... ok
test bytes_session_and_parts_decodes ... ok

test result: ok. 28 passed; 0 failed; 0 ignored; 0 measured; 0 filtered out; finished in 0.00s

     Running tests/multipart_session_records.rs (target/llvm-cov-target/debug/deps/multipart_session_records-1a9d6ddbf244d13e)

running 34 tests
test completion_round_trips_standalone ... ok
test completing_cursor_at_key_space_boundary_still_decodes ... ok
test completing_cursor_past_key_space_is_rejected ... ok
test leg_1c_epoch_publish_target_epoch_mismatch_is_rejected ... ok
test leg_1c_publish_target_key_mismatch_is_rejected ... ok
test leg_1i_chunk_ref_wrong_placement_length_still_decodes ... ok
test leg_1j_open_session_with_forbidden_completing_field_is_rejected ... ok
test leg_1j_completing_session_missing_required_field_is_rejected ... ok
test leg_1k_part_length_mismatch_is_rejected ... ok
test leg_1i_slot_lease_already_lapsed_is_rejected ... ok
test leg_1m_unknown_field_in_nested_scheme_is_rejected ... ok
test leg_1i_chunk_scheme_unsupported_is_rejected ... ok
test leg_1m_unknown_field_in_nested_chunk_is_rejected ... ok
test leg_1m_unknown_field_is_rejected ... ok
test noncanonical_field_order_is_rejected_for_session ... ok
test noncanonical_escape_spelling_is_rejected_for_part_summary ... ok
test noncanonical_whitespace_is_rejected_for_slot ... ok
test noncanonical_nested_chunk_order_is_rejected_for_part ... ok
test part_chunk_omitted_placement_is_rejected ... ok
test part_length_overflow_is_rejected ... ok
test part_round_trips ... ok
test part_summary_omitted_digest_is_rejected ... ok
test publish_target_round_trips_standalone ... ok
test part_summary_round_trips ... ok
test part_with_zero_length_chunk_is_empty ... ok
test session_aborting_round_trips ... ok
test session_absent_content_type_re_encodes_omitted ... ok
test session_null_content_type_spelling_is_rejected ... ok
test session_completing_round_trips ... ok
test session_completed_round_trips ... ok
test session_open_round_trips ... ok
test session_state_round_trips_standalone ... ok
test session_with_content_type_round_trips ... ok
test slot_round_trips ... ok

test result: ok. 34 passed; 0 failed; 0 ignored; 0 measured; 0 filtered out; finished in 0.00s

     Running tests/multipart_state_machine.rs (target/llvm-cov-target/debug/deps/multipart_state_machine-733781624f2d8359)

running 22 tests
test complete_fingerprint_agrees_on_an_identical_retry ... ok
test complete_fingerprint_disagrees_on_a_strict_subset ... ok
test complete_fingerprint_disagrees_on_the_same_digests_under_different_numbers ... ok
test complete_fingerprint_disagrees_on_one_changed_digest ... ok
test a_tombstone_recording_a_bare_digest_is_refused_at_decode ... ok
test complete_fingerprint_is_the_oracle ... ok
test complete_fingerprint_refuses_what_multipart_etag_refuses ... ok
test multipart_etag_is_over_raw_digest_bytes_not_hex_text ... ok
test multipart_etag_of_a_strict_subset_differs_from_the_full_set ... ok
test multipart_etag_of_one_part_is_the_oracle ... ok
test a_stored_tombstone_answers_an_identical_retry_with_the_whole_recorded_etag ... ok
test multipart_etag_parse_refuses_a_malformed_digest ... ok
test multipart_etag_of_the_winning_list_is_the_recorded_etag ... ok
test multipart_etag_refuses_a_non_ascending_duplicate_or_empty_list ... ok
test a_non_identical_complete_is_refused_by_the_tombstone ... ok
test multipart_etag_suffix_is_the_named_count ... ok
test multipart_etag_parse_accepts_the_whole_count_range ... ok
test outcome_enums_are_exhaustive ... ok
test multipart_etag_parse_refuses_a_malformed_suffix ... ok
test multipart_etag_parse_refuses_a_count_outside_the_range ... ok
test per_verb_answers_agree_with_the_dispatcher ... ok
test every_decision_3_cell_is_answered_for_an_identical_retry ... ok

test result: ok. 22 passed; 0 failed; 0 ignored; 0 measured; 0 filtered out; finished in 0.00s

     Running tests/mutation_regressions.rs (target/llvm-cov-target/debug/deps/mutation_regressions-a04cc2cdba635ef0)

running 9 tests
test commit_chunk_map_superseding_leased_stamps_a_fresh_modified ... ok
test sweep_reclaims_at_expiry_boundary_and_deletes ... ok
test a_legacy_record_without_metadata_fields_still_wins_its_cas_commits ... ok
test commit_chunk_map_preserves_object_metadata_across_a_repair ... ok
test commit_chunk_map_superseding_stamps_a_fresh_modified ... ok
test commit_chunk_map_bumps_version_by_one ... ok
test write_new_object_placed_releases_pending_on_commit ... ok
test read_with_fewer_than_k_fragments_reports_insufficient ... ok
test write_new_object_releases_pending_on_commit ... ok

test result: ok. 9 passed; 0 failed; 0 ignored; 0 measured; 0 filtered out; finished in 0.04s

     Running tests/mutation_regressions_round2.rs (target/llvm-cov-target/debug/deps/mutation_regressions_round2-fa74d2f77def6833)

running 3 tests
test write_plan_chunk_ids_are_the_minted_ids ... ok
test write_new_object_lease_expiry_is_now_plus_ttl ... ok
test write_new_object_placed_lease_expiry_is_now_plus_ttl ... ok

test result: ok. 3 passed; 0 failed; 0 ignored; 0 measured; 0 filtered out; finished in 0.04s

     Running tests/placement_record.rs (target/llvm-cov-target/debug/deps/placement_record-dc115e20755ad586)

running 11 tests
test fragments_matrix::none_empty_placement_is_pure_identity ... ok
test fragments_matrix::rs_empty_placement_is_pure_identity ... ok
test empty_placement_ec_none_resolves_via_identity_fallback ... ok
test fragments_matrix::none_malformed_length_placement_still_resolves_liberally ... ok
test fragments_matrix::rs_short_placement_mixes_record_and_identity_fallback ... ok
test fragments_matrix::rs_full_placement_resolves_from_record ... ok
test fragments_matrix::none_full_placement_resolves_from_record ... ok
test empty_placement_rs_6_3_resolves_via_identity_fallback ... ok
test short_placement_rs_6_3_mixed_explicit_and_fallback ... ok
test write_records_placement_read_resolves_after_reopen ... ok
test moved_fragment_resolved_from_record_after_reopen ... ok

test result: ok. 11 passed; 0 failed; 0 ignored; 0 measured; 0 filtered out; finished in 0.06s

     Running tests/read_block_fault_repair.rs (target/llvm-cov-target/debug/deps/read_block_fault_repair-6a6aff31327b5fa0)

running 2 tests
test none_scheme_block_fault_fails_the_read_but_still_enqueues_repair ... ok
test ec_read_around_block_fault_still_enqueues_repair_with_non_corruption_reason ... ok

test result: ok. 2 passed; 0 failed; 0 ignored; 0 measured; 0 filtered out; finished in 0.05s

     Running tests/read_repair.rs (target/llvm-cov-target/debug/deps/read_repair-ab39b8ab32f04dc6)

running 8 tests
test none_read_enqueues_integrity_fault_fragment_for_repair ... ok
test unrecoverable_read_still_enqueues_the_corrupt_chunk ... ok
test none_read_rejects_a_misplaced_but_intact_fragment ... ok
test ec_read_treats_a_misplaced_but_intact_fragment_as_absent ... ok
test a_corrupt_fragment_is_reported_with_its_index_and_its_placed_dserver ... ok
test ec_read_enqueues_integrity_fault_shard_for_repair_and_reconstructs ... ok
test ec_read_excludes_corrupt_fragment_and_enqueues_for_repair ... ok
test a_transient_dserver_failure_is_no_longer_silent ... ok

test result: ok. 8 passed; 0 failed; 0 ignored; 0 measured; 0 filtered out; finished in 0.05s

     Running tests/segmented_map_record.rs (target/llvm-cov-target/debug/deps/segmented_map_record-be78d2d341a94b66)

running 16 tests
test duplicate_segment_index_is_err ... ok
test a_zero_byte_segment_is_err ... ok
test an_empty_segmented_map_is_err ... ok
test a_segment_table_whose_tiling_leaves_u64_is_err ... ok
test overlapping_segment_spans_is_err ... ok
test non_monotonic_segment_span_is_err ... ok
test non_hex_nonce_is_err ... ok
test segment_count_mismatching_segments_len_is_err ... ok
test segment_index_gap_is_err ... ok
test legacy_flat_record_round_trips_byte_identically ... ok
test segment_table_span_disagreeing_with_size_is_err ... ok
test segmented_root_round_trips_byte_identically ... ok
test well_formed_segmented_root_decodes ... ok
test legacy_flat_record_cas_still_commits_against_the_original_bytes ... ok
test segmented_root_cas_commits_against_the_stored_bytes ... ok
test segmented_root_at_max_root_segments_stays_inside_the_value_ceiling ... ok

test result: ok. 16 passed; 0 failed; 0 ignored; 0 measured; 0 filtered out; finished in 0.01s

     Running tests/segmented_map_resolution.rs (target/llvm-cov-target/debug/deps/segmented_map_resolution-125278aee3bf6f2e)

running 13 tests
test a_row_from_another_group_answered_inside_this_range_is_refused ... ok
test a_root_over_the_segment_ceiling_is_refused_before_any_range_read ... ok
test a_generation_retired_under_every_restart_is_a_typed_refusal_that_terminates ... ok
test a_resolve_reads_only_its_own_root_and_its_own_group_range ... ok
test a_generation_retired_mid_resolve_restarts_onto_the_live_root_or_reads_as_absent ... ok
test an_object_that_cannot_resolve_fails_closed_for_itself_alone ... ok
test a_segment_value_at_exactly_the_ceiling_still_resolves ... ok
test every_anomaly_on_a_generation_the_root_still_names_fails_closed ... ok
test an_over_ceiling_root_superseded_mid_read_restarts_onto_the_live_generation ... ok
test chunks_are_ordered_by_the_parsed_index_not_by_page_order ... ok
test a_delete_met_on_the_readers_last_attempt_is_no_such_object ... ok
test a_segmented_object_reads_byte_identical_to_its_flat_equivalent ... ok
test the_widest_admissible_root_still_sizes_no_page_and_reads_back_whole ... ok

test result: ok. 13 passed; 0 failed; 0 ignored; 0 measured; 0 filtered out; finished in 0.05s

     Running tests/stream_lease_lapse.rs (target/llvm-cov-target/debug/deps/stream_lease_lapse-e7fc18321273d2bd)

running 5 tests
test mid_upload_lapse_aborts_the_stream_and_publishes_nothing ... ok
test eof_window_lapse_refuses_at_commit_and_publishes_nothing ... ok
test commit_refuses_at_exact_lease_deadline ... ok
test present_but_expired_leases_refuse_at_commit_and_publish_nothing ... ok
test live_overwrite_still_commits_and_reads_back_the_new_version ... ok

test result: ok. 5 passed; 0 failed; 0 ignored; 0 measured; 0 filtered out; finished in 0.01s

     Running tests/stream_lease_renewal.rs (target/llvm-cov-target/debug/deps/stream_lease_renewal-277e1bf0421e24df)

running 4 tests
test renewal_at_exact_deadline_aborts_the_upload ... ok
test create_commit_refuses_at_exact_lease_deadline ... ok
test create_commit_refuses_when_lease_swept ... ok
test slow_streaming_put_renews_in_flight_leases_before_commit ... ok

test result: ok. 4 passed; 0 failed; 0 ignored; 0 measured; 0 filtered out; finished in 0.01s

     Running tests/write_fanout.rs (target/llvm-cov-target/debug/deps/write_fanout-4ab9fe3cec24f696)

running 2 tests
test partial_fan_out_fails_closed ... ok
test full_fan_out_acks_every_fragment ... ok

test result: ok. 2 passed; 0 failed; 0 ignored; 0 measured; 0 filtered out; finished in 0.05s
run-diff-cov.sh: cfg-gated test target (madsim) for crates/dst — passing the flag (#104).
run-diff-cov.sh: MEASURE — cargo llvm-cov test -p wyrd-dst (fix applied)
info: cargo-llvm-cov currently setting cfg(coverage); you can opt-out it by passing --no-cfg-coverage
   Compiling wyrd-traits v0.0.0 (/home/eddie/wyrd/wyrd-cov-l0/crates/traits)
   Compiling opentelemetry v0.33.0
   Compiling redb v4.3.0
   Compiling rand v0.10.3
   Compiling wyrd-dst v0.0.0 (/home/eddie/wyrd/wyrd-cov-l0/crates/dst)
   Compiling wyrd-chunk-format v0.0.0 (/home/eddie/wyrd/wyrd-cov-l0/crates/chunk-format)
   Compiling wyrd-proto v0.0.0 (/home/eddie/wyrd/wyrd-cov-l0/crates/proto)
   Compiling wyrd-core v0.0.0 (/home/eddie/wyrd/wyrd-cov-l0/crates/core)
   Compiling wyrd-coordination-conformance v0.0.0 (/home/eddie/wyrd/wyrd-cov-l0/crates/coordination-conformance)
   Compiling wyrd-coordination-etcd v0.0.0 (/home/eddie/wyrd/wyrd-cov-l0/crates/coordination-etcd)
   Compiling wyrd-metadata-conformance v0.0.0 (/home/eddie/wyrd/wyrd-cov-l0/crates/metadata-conformance)
   Compiling wyrd-testkit v0.0.0 (/home/eddie/wyrd/wyrd-cov-l0/crates/testkit)
   Compiling opentelemetry_sdk v0.33.0
   Compiling tracing-opentelemetry v0.34.0
   Compiling wyrd-coordination-mem v0.0.0 (/home/eddie/wyrd/wyrd-cov-l0/crates/coordination-mem)
   Compiling wyrd-chunkstore-fs v0.0.0 (/home/eddie/wyrd/wyrd-cov-l0/crates/chunkstore-fs)
   Compiling wyrd-chunkstore-grpc v0.0.0 (/home/eddie/wyrd/wyrd-cov-l0/crates/chunkstore-grpc)
   Compiling opentelemetry-proto v0.33.0
   Compiling opentelemetry-prometheus v0.33.0
   Compiling opentelemetry-otlp v0.33.0
   Compiling wyrd-metadata-redb v0.0.0 (/home/eddie/wyrd/wyrd-cov-l0/crates/metadata-redb)
   Compiling wyrd-telemetry v0.0.0 (/home/eddie/wyrd/wyrd-cov-l0/crates/telemetry)
   Compiling wyrd-custodian v0.0.0 (/home/eddie/wyrd/wyrd-cov-l0/crates/custodian)
    Finished `test` profile [unoptimized + debuginfo] target(s) in 8.45s
     Running unittests src/lib.rs (target/llvm-cov-target/debug/deps/wyrd_dst-758702367e956b51)

running 0 tests

test result: ok. 0 passed; 0 failed; 0 ignored; 0 measured; 0 filtered out; finished in 0.00s

     Running tests/commit_ambiguity.rs (target/llvm-cov-target/debug/deps/commit_ambiguity-915a4c3c5d4a0cfa)

running 14 tests
test the_two_undeterminable_codes_are_not_equally_bad ... ok
test assuming_an_ambiguous_blind_put_landed_leaves_a_chunk_unprotected - should panic ... ok
test treating_a_timed_out_commit_like_1021_fails_the_sweep - should panic ... ok
test assuming_an_ambiguous_commit_did_not_land_fails_the_sweep - should panic ... ok
test a_torn_apply_of_an_ambiguous_commit_is_caught - should panic ... ok
test counting_every_timed_out_commit_a_winner_fails_the_contended_sweep - should panic ... ok
test an_ambiguous_pending_ledger_put_is_settled_by_a_re_read ... ok
test committed_regression_seeds_stay_green ... ok
test a_deferred_1031_batch_that_skips_the_resolver_clobbers_the_winner - should panic ... ok
test a_timed_out_commit_may_still_land_after_the_settling_re_read ... ok
test a_stale_deferred_1031_batch_is_rejected_against_current_truth ... ok
test the_settling_re_read_covers_both_halves_of_the_ambiguity_space ... ok
test contention_under_1031_keeps_exactly_one_winner_through_the_deferral ... ok
test commit_ambiguity_invariants_hold_under_the_dst_seed_sweep ... ok

test result: ok. 14 passed; 0 failed; 0 ignored; 0 measured; 0 filtered out; finished in 0.25s

     Running tests/concurrency.rs (target/llvm-cov-target/debug/deps/concurrency-05a698c58976812b)

running 5 tests
test blind_batch_lost_lock_race_is_err_never_conflict ... ok
test sim_tikv_reaches_mid_commit_interleaving_and_one_wins ... ok
test synchronous_redb_shaped_commit_never_reaches_the_interleaving - should panic ... ok
test exactly_one_concurrent_writer_wins_sim_tikv ... ok
test exactly_one_concurrent_writer_wins_redb ... ok

test result: ok. 5 passed; 0 failed; 0 ignored; 0 measured; 0 filtered out; finished in 0.98s

     Running tests/conformance.rs (target/llvm-cov-target/debug/deps/conformance-6be10dd9921aa8f2)

running 3 tests
test sim_fdb_backend_passes_shared_contract ... ok
test sim_tikv_backend_passes_shared_contract ... ok
test redb_backend_passes_shared_contract ... ok

test result: ok. 3 passed; 0 failed; 0 ignored; 0 measured; 0 filtered out; finished in 2.58s

     Running tests/coordination.rs (target/llvm-cov-target/debug/deps/coordination-2f2b261edb19b8fd)

running 12 tests
test process_local_store_fails_the_cross_process_discovery_clause - should panic ... ok
test process_local_store_fails_the_single_leader_clause - should panic ... ok
test process_local_store_fails_the_mutual_exclusion_clause - should panic ... ok
test a_registration_lease_expires_deterministically ... ok
test peers_are_discovered_across_instances ... ok
test single_leader_is_exclusive_across_two_etcd_instances ... ok
test a_lock_is_mutually_exclusive_across_two_instances ... ok
test only_one_of_two_instances_leads_then_hands_off ... ok
test a_lapsed_leader_recampaigns_after_its_lease_is_lost ... ok
test a_transient_proclaim_error_keeps_the_hold_and_its_lease ... ok
test a_cancelled_campaign_leaks_no_orphan ... ok
test shared_contract_suite_on_the_etcd_simulator ... ok

test result: ok. 12 passed; 0 failed; 0 ignored; 0 measured; 0 filtered out; finished in 0.09s

     Running tests/custodian.rs (target/llvm-cov-target/debug/deps/custodian-d2f722a7d57063c5)

running 28 tests
test barrier_installed_and_registry_keeps_callsites_capturable ... ok
test gc_reclaims_only_true_orphans_q3 ... ok
test restore_two_readings_never_license_a_mark ... ok
test gc_reclaim_intent_never_publishes_over_deleted_bytes ... ok
test gc_fragment_less_sweep_never_deletes_a_restamped_mark ... ok
test segmented_resolve_never_tears ... ok
test gc_over_a_segmented_map_never_reclaims_it_and_never_over_certifies ... ok
test reconstruction_staged_handoffs_never_drain_the_obligation ... ok
test gc_staged_handoffs_never_reclaim_the_chunk ... ok
test gc_sweep_judges_an_ambiguous_commit_as_one_batch ... ok
test gc_orphan_walk_under_a_concurrent_unlink ... ok
test staged_replace_under_the_fence_strands_nothing ... ok
test restore_two_readings_cover_the_divergence_window ... ok
test scrub_detects_bit_rot_then_reconstructs_q2 ... ok
test fenced_stale_leader_lands_nothing ... ok
test durability_emission_rises_then_returns_to_zero ... ok
test reconstruct_to_full_redundancy_q1 ... ok
test reader_flips_atomically_across_commit ... ok
test gc_reclaim_intent_reaches_both_outcomes ... ok
test commit_point_atomic_repair_under_crash ... ok
test crash_mid_fragment_write_commits_nothing ... ok
test staged_replace_reaches_every_point_of_the_fence ... ok
test gc_fragment_less_sweep_reaches_between_the_read_and_the_delete ... ok
test gc_orphan_walk_reaches_the_mid_walk_landing ... ok
test reconstruction_staged_handoffs_reach_between_and_outside_the_reads ... ok
test gc_staged_handoffs_reach_between_and_outside_the_reads ... ok
test gc_sweep_ambiguity_reaches_before_and_after_the_read_back ... ok
test committed_regression_seeds_stay_green ... ok

test result: ok. 28 passed; 0 failed; 0 ignored; 0 measured; 0 filtered out; finished in 16.33s

     Running tests/network.rs (target/llvm-cov-target/debug/deps/network-640c8f08cd3872f5)

running 8 tests
test a_publication_the_d_server_could_not_verify_is_reported_not_acknowledged ... ok
test a_write_parked_past_its_deadline_is_refused_by_the_real_d_server ... ok
test a_write_that_expires_inside_the_d_servers_store_is_refused_before_publication ... ok
test partial_fanout_fails_closed ... ok
test k_of_n_read_survives_dropped_fetches ... ok
test corrupt_fragment_is_read_around ... ok
test parallel_write_durability_over_network ... ok
test exactly_one_concurrent_writer_wins_over_network ... ok

test result: ok. 8 passed; 0 failed; 0 ignored; 0 measured; 0 filtered out; finished in 1.61s

     Running tests/no_fdb_linkage.rs (target/llvm-cov-target/debug/deps/no_fdb_linkage-fdb9c2324306b72e)

running 9 tests
test package_nodes_reads_package_lines_and_not_feature_lines ... ok
test scan_line_catches_every_manifest_dependency_shape ... ok
test scan_line_ignores_comments_and_unrelated_dependencies ... ok
test the_dst_manifest_declares_no_fdb_dependency ... ok
test scan_manifest_is_red_when_an_fdb_dependency_is_planted ... ok
test the_dst_support_module_declares_the_simulated_fdb_store ... ok
test the_dst_dependency_graph_links_no_libfdb_c ... ok
test the_graph_scanner_is_red_on_a_cfg_madsim_gated_rename_and_transitive_edge ... ok
test the_graph_scanner_is_red_on_the_real_fdb_backend_with_its_feature_on ... ok

test result: ok. 9 passed; 0 failed; 0 ignored; 0 measured; 0 filtered out; finished in 0.21s

     Running tests/tikv_await_commit_interleaving.rs (target/llvm-cov-target/debug/deps/tikv_await_commit_interleaving-87f37883d18bc45f)

running 1 test
test redb_overwrite_cas_classifies_the_stale_writer_as_conflict ... ok

test result: ok. 1 passed; 0 failed; 0 ignored; 0 measured; 0 filtered out; finished in 0.58s
run-diff-cov.sh: MEASURE — cargo llvm-cov test -p xtask (fix applied)
info: cargo-llvm-cov currently setting cfg(coverage); you can opt-out it by passing --no-cfg-coverage
   Compiling xtask v0.0.0 (/home/eddie/wyrd/wyrd-cov-l0/xtask)
    Finished `test` profile [unoptimized + debuginfo] target(s) in 1.10s
     Running unittests src/lib.rs (target/llvm-cov-target/debug/deps/xtask-675b9c81756c59e9)

running 5 tests
test consistency_run::tests::default_leg_is_partition ... ok
test consistency_run::tests::checker_output_is_three_valued_and_never_silently_passes ... ok
test consistency_run::tests::evaluate_summary_requires_both_attestations ... ok
test consistency_run::tests::the_nemesis_field_carries_the_typed_evidence_not_a_bare_boolean ... ok
test consistency_run::tests::run_plan_visits_the_nemesis_window_between_workload_and_heal ... ok

test result: ok. 5 passed; 0 failed; 0 ignored; 0 measured; 0 filtered out; finished in 0.00s

     Running unittests src/main.rs (target/llvm-cov-target/debug/deps/xtask-714584dd3cd2b0cd)

running 23 tests
test faults::tests::deferred_when_not_opted_in ... ok
test faults::tests::opted_in_with_tool_runs ... ok
test consistency_run_runner::tests::the_cluster_file_names_every_declared_coordinator ... ok
test faults::tests::jepsen_dispatch_routes_to_in_repo_scenario_not_external_command ... ok
test fdb_faults::tests::every_declared_leg_exists_as_a_test_binary ... ok
test faults::tests::opted_in_without_tool_fails_hard ... ok
test faults::tests::tier1_jepsen_isolation_legs_includes_network_partition_not_freeze_only ... ok
test fdb_faults::tests::the_cluster_file_names_every_declared_coordinator ... ok
test fdb_faults::tests::the_readiness_gate_is_not_fooled_by_an_unhealthy_cluster ... ok
test kill_reconstruct::tests::container_name_is_one_indexed ... ok
test kill_reconstruct::tests::victim_is_always_server_zero ... ok
test tests::clean_run_finalizes_without_capturing_or_panicking ... ok
test tests::ci_type_checks_feature_gated_metadata_scenario ... ok
test tests::ci_type_checks_the_fdb_feature_on_the_fdb_toolchain_alone ... ok
test tests::dserver_count_accepts_a_valid_value_silently ... ok
test tests::dserver_count_rejects_unusable_values_with_a_warning ... ok
test tests::dserver_count_unset_uses_default_silently ... ok
test tests::err_return_finalizes_capture_then_teardown_and_propagates ... ok
test tests::failure_captures_logs_before_teardown ... ok
test tests::statics_allowlist_covers_only_the_barrier ... ok
test tests::success_tears_down_without_capturing_logs ... ok
test tests::statics_gate_flags_globals_not_fields ... ok
test tests::panic_finalizes_capture_then_teardown_then_resumes ... ok

test result: ok. 23 passed; 0 failed; 0 ignored; 0 measured; 0 filtered out; finished in 0.00s

     Running tests/consistency_ci_job.rs (target/llvm-cov-target/debug/deps/consistency_ci_job-39ce3083d0219cc4)

running 5 tests
test a_workflow_name_equals_the_landed_verdict_dispatch_seat ... ok
test d_the_nightly_reporter_watches_the_new_job ... ok
test c_the_run_artifacts_are_uploaded_from_where_408_actually_writes_them ... ok
test b_triggers_are_schedule_and_dispatch_only_bounded_and_thin ... ok
test e_the_dst_promotion_anchor_exists_and_replays_the_faithful_property_bodies ... ok

test result: ok. 5 passed; 0 failed; 0 ignored; 0 measured; 0 filtered out; finished in 0.00s

     Running tests/consistency_run_orchestration.rs (target/llvm-cov-target/debug/deps/consistency_run_orchestration-3619a774699b839d)

running 40 tests
test a_captured_unknown_output_parses_to_inconclusive_even_with_exit_zero ... ok
test a_captured_pass_output_parses_to_pass ... ok
test a_captured_fail_output_parses_to_a_genuine_violation ... ok
test a_delete_pool_whose_checks_held_reports_no_violation ... ok
test a_jar_without_a_recorded_revision_still_identifies_by_version_and_hash ... ok
test a_missing_field_fails_the_vocabulary_pin ... ok
test a_summary_attesting_both_witnesses_evaluates_conclusive ... ok
test a_summary_whose_composed_final_read_is_indeterminate_is_inconclusive_and_names_the_members ... ok
test a_summary_whose_typed_evidence_did_not_materialize_is_inconclusive ... ok
test a_true_token_contradicted_by_a_nonzero_exit_is_inconclusive_never_a_pass ... ok
test a_field_the_scenario_emits_but_the_seam_does_not_name_is_a_hard_error ... ok
test a_summary_missing_the_inv2_witness_is_inconclusive ... ok
test an_unrecognized_leg_name_is_a_hard_error_not_a_silent_fallback ... ok
test each_violated_wyrd_check_is_named_so_the_run_can_fail_on_it ... ok
test metadata_without_a_version_is_a_hard_error_never_an_unknown_placeholder ... ok
test not_opted_in_is_always_ok_deferred_not_an_error ... ok
test an_unknown_field_nested_inside_the_seam_is_a_hard_error_too ... ok
test opted_in_with_a_full_environment_is_ok ... ok
test opted_in_but_missing_any_piece_is_a_hard_error_naming_it ... ok
test run_plan_carries_bring_up_through_report_in_order ... ok
test opted_in_with_nothing_present_names_every_missing_piece ... ok
test scenario_argv_targets_wyrd_server_with_the_fdb_feature_and_ignored_flag ... ok
test skew_and_pause_are_selectable_by_name ... ok
test the_default_leg_is_partition_never_a_silent_no_fault ... ok
test the_degraded_composed_read_is_checker_verified_to_be_inconclusive_not_a_vacuous_pass ... ok
test the_delete_pools_violation_is_independent_of_the_vacuity_gate ... ok
test the_directory_invocation_uses_the_set_model_not_set_full ... ok
test the_directory_fixtures_use_the_set_vocabulary_with_integer_elements_only ... ok
test the_known_good_and_known_bad_register_histories_carry_the_txn_vocabulary ... ok
test the_member_id_map_field_renders_every_pair_and_says_so_when_empty ... ok
test the_real_jars_pom_properties_parses_to_its_version_and_revision ... ok
test the_register_invocation_uses_the_rw_register_model ... ok
test the_member_id_map_crosses_the_seam_rather_than_being_dropped_on_the_floor ... ok
test the_report_nemesis_field_attests_how_the_fault_bit_not_a_bare_boolean ... ok
test the_report_names_the_checker_version_not_only_the_jar_hash ... ok
test the_report_renders_all_five_named_fields ... ok
test the_report_resolves_the_set_models_integer_elements_via_the_member_id_map ... ok
test the_self_check_confirms_known_good_parses_pass_and_known_bad_parses_violation ... ok
test the_version_is_read_from_the_jars_own_metadata_entry ... ok
test the_run_summary_is_parsed_from_json_carrying_the_typed_evidence_and_outcome_counts ... ok

test result: ok. 40 passed; 0 failed; 0 ignored; 0 measured; 0 filtered out; finished in 0.00s

     Running tests/deploy_no_orchestrator_coupling.rs (target/llvm-cov-target/debug/deps/deploy_no_orchestrator_coupling-b4a21066ee6de74f)

running 6 tests
test orchestrator_needles_are_non_empty_and_import_shaped ... ok
test scan_line_ignores_comments_and_prose ... ok
test scan_line_catches_a_kube_import ... ok
test scan_dir_is_red_when_an_orchestrator_import_is_planted ... ok
test small_multi_node_compose_config_is_structurally_valid ... ok
test scan_dir_is_green_over_the_real_workspace_crates ... ok

test result: ok. 6 passed; 0 failed; 0 ignored; 0 measured; 0 filtered out; finished in 0.10s

     Running tests/disk_faults_orchestration.rs (target/llvm-cov-target/debug/deps/disk_faults_orchestration-e1ccbd797381ab47)

running 12 tests
test campaign_verdict_fails_if_chunk_not_at_full_redundancy ... ok
test campaign_verdict_components_are_recorded_faithfully ... ok
test campaign_verdict_fails_if_reconstruction_propagated_error ... ok
test campaign_verdict_fails_if_scrub_leg_inert ... ok
test campaign_verdict_passes_full_redundancy_no_errors ... ok
test dm_table_error_embeds_sector_count ... ok
test campaign_verdict_zero_intact_fails ... ok
test dm_table_error_produces_correct_dmsetup_string ... ok
test dm_table_linear_embeds_sector_count_and_device ... ok
test dm_table_linear_produces_correct_dmsetup_string ... ok
test verdict_scrub_leg_detected_when_chunk_enqueued ... ok
test verdict_scrub_leg_not_detected_when_queue_empty ... ok

test result: ok. 12 passed; 0 failed; 0 ignored; 0 measured; 0 filtered out; finished in 0.00s

     Running tests/dist_templates.rs (target/llvm-cov-target/debug/deps/dist_templates-d2f6d6babad06b45)

running 14 tests
test dist_args_parse_and_refuse_correctly ... ok
test image_tags_sanitize_the_semver_plus ... ok
test normalize_describe_covers_all_three_shapes ... ok
test install_sh_preserves_live_configs_on_upgrade ... ok
test leftover_placeholders_refuse_and_bindir_survives ... ok
test only_the_metadata_opening_roles_may_write_the_fdb_cluster_file ... ok
test install_sh_never_enables_or_starts_units ... ok
test the_custodian_unit_warns_run_exactly_one ... ok
test install_sh_keeps_its_contract ... ok
test the_staging_plan_matches_the_repo ... ok
test units_run_unprivileged_from_etc_wyrd_and_keep_the_bindir_token ... ok
test units_carry_the_hardening_baseline ... ok
test env_examples_name_every_load_bearing_flag ... ok
test the_installer_pin_shares_the_dockerfile_source_of_truth ... ok

test result: ok. 14 passed; 0 failed; 0 ignored; 0 measured; 0 filtered out; finished in 0.00s

     Running tests/fdb_deploy_profiles.rs (target/llvm-cov-target/debug/deps/fdb_deploy_profiles-090196639aacdb06)

running 11 tests
test both_new_fdb_stacks_exist ... ok
test each_single_zone_fdbserver_pins_a_stable_locality_hostname ... ok
test fdb_single_zone_wires_every_metadata_role_to_fdb_and_none_to_tikv ... ok
test readme_records_the_tikv_fdb_single_zone_pairing ... ok
test readme_profile_matrix_names_all_six_profiles ... ok
test readme_records_the_tikv_stand_down ... ok
test readme_states_which_single_zone_stack_is_canonical ... ok
test each_single_zone_fdbserver_persists_its_data_directory ... ok
test the_single_zone_shares_fdb0s_cluster_file_with_the_wyrd_roles ... ok
test fdb_multi_replica_declares_three_processes_and_the_fault_sidecar ... ok
test small_multi_node_fdb_compose_config_is_structurally_valid ... ok

test result: ok. 11 passed; 0 failed; 0 ignored; 0 measured; 0 filtered out; finished in 0.07s

     Running tests/fdb_harness.rs (target/llvm-cov-target/debug/deps/fdb_harness-935f71399afddc44)

running 30 tests
test a_missing_client_library_names_the_client_package ... ok
test a_bare_xtask_step_is_a_head_but_every_evasion_shape_is_not ... ok
test a_missing_docker_stops_the_job_before_a_container_is_started ... ok
test a_missing_client_library_stops_the_job_before_a_container_is_started ... ok
test an_unavailable_cluster_is_not_read_as_available ... ok
test an_unhealthy_cluster_names_the_bring_up_command ... ok
test a_passing_row_carries_no_remediation ... ok
test a_ready_environment_enters_the_stack_exactly_once_and_propagates_its_result ... ok
test an_unreadable_cluster_file_names_the_env_var_and_its_default ... ok
test cluster_file_path_falls_back_to_the_default_when_unset_or_blank ... ok
test doctor_is_green_when_every_probe_passes ... ok
test feature_gated_checks_type_check_the_fdb_surface_when_the_fdb_toolchain_is_present ... ok
test doctor_is_red_when_a_failing_probe_outcome_is_planted ... ok
test ldconfig_fallback_recognises_the_client_library ... ok
test probe_client_library_finds_a_custom_prefix_build_via_fdb_client_lib_path ... ok
test the_client_library_search_honours_fdb_client_lib_path ... ok
test the_fdb_and_tikv_toolchain_gates_are_independent ... ok
test the_doctors_cluster_file_literals_match_the_drivers_own ... ok
test the_conformance_preflight_is_handed_the_real_measured_probes ... ok
test the_audit_policy_records_what_cargo_deny_cannot_see ... ok
test the_conformance_command_delegates_to_the_gate_and_is_red_when_it_does_not ... ok
test the_pinned_fdb_version_agrees_across_the_image_the_client_and_the_doctor ... ok
test the_workflow_head_scrape_is_red_when_the_conformance_step_is_evaded ... ok
test the_live_client_library_adapter_reads_the_real_env_and_filesystem ... ok
test the_licence_wall_covers_the_optional_backend_graphs_from_one_allowlist ... ok
test the_workflow_opts_the_fdb_typechecks_into_the_whole_gate ... ok
test the_workflow_runs_on_pull_requests_and_nightly_and_is_not_a_merge_gate ... ok
test the_pull_request_leg_type_checks_every_fdb_feature_arm_it_filters_on ... ok
test the_shipped_artifact_wall_carries_no_off_by_default_backend_exception ... ok
test the_fdb_conformance_workflow_runs_only_real_dispatched_subcommands ... ok

test result: ok. 30 passed; 0 failed; 0 ignored; 0 measured; 0 filtered out; finished in 0.00s

     Running tests/fdb_image.rs (target/llvm-cov-target/debug/deps/fdb_image-9dca627bfe9209fc)

running 4 tests
test fdb_version_is_consistent_across_dockerfile_compose_and_crate ... ok
test consistency_check_is_red_on_a_mismatched_fdb_version ... ok
test dockerfile_is_multistage_nonroot_and_parameterized ... ok
test workflow_exists_resolves_and_filters_the_fdb_surface ... ok

test result: ok. 4 passed; 0 failed; 0 ignored; 0 measured; 0 filtered out; finished in 0.00s

     Running tests/metadata_faults_orchestration.rs (target/llvm-cov-target/debug/deps/metadata_faults_orchestration-ca78b1f34aaa74d2)

running 3 tests
test dispatch_routes_to_in_repo_scenario_not_external_command ... ok
test legacy_var_is_the_only_path_to_the_removed_external_route ... ok
test in_repo_scenario_argv_carries_the_tikv_feature_and_ignored_flag ... ok

test result: ok. 3 passed; 0 failed; 0 ignored; 0 measured; 0 filtered out; finished in 0.00s

     Running tests/nemesis_orchestration.rs (target/llvm-cov-target/debug/deps/nemesis_orchestration-df77e8e5bf5a5875)

running 4 tests
test campaign_runs_all_three_fault_classes_not_a_subset ... ok
test each_leg_routes_to_its_own_scenario_function ... ok
test runner_argv_carries_the_fdb_feature_and_the_ignored_exact_leg ... ok
test the_name_drift_guard_rejects_a_leg_that_ran_zero_tests ... ok

test result: ok. 4 passed; 0 failed; 0 ignored; 0 measured; 0 filtered out; finished in 0.00s

     Running tests/readme_dev_section.rs (target/llvm-cov-target/debug/deps/readme_dev_section-4869bb9b8041b208)

running 1 test
test readme_documents_development_and_testing ... ok

test result: ok. 1 passed; 0 failed; 0 ignored; 0 measured; 0 filtered out; finished in 0.00s

     Running tests/repo_hygiene_guards.rs (target/llvm-cov-target/debug/deps/repo_hygiene_guards-cad8f1945ab9340d)

running 29 tests
test scan_crate_roots_accepts_comment_markers_inside_attribute_strings ... ok
test scan_crate_roots_accepts_a_leading_utf8_bom ... ok
test scan_gitlinks_follows_gits_effective_value_for_duplicate_stanzas ... ok
test scan_crate_roots_fails_closed_when_it_cannot_see_the_tree ... ok
test scan_gitlinks_is_red_on_a_quoted_worktree_path ... ok
test scan_gitlinks_is_red_on_a_url_less_submodule_stanza ... ok
test scan_gitlinks_is_red_on_an_undeclared_gitlink ... ok
test a_crate_missing_from_workspace_members_is_reported ... ok
test scan_gitlinks_is_green_for_a_declared_submodule ... ok
test scan_crate_roots_covers_build_scripts_benches_and_examples ... ok
test a_cfg_attr_touching_unsafe_code_is_a_conditional_policy_and_red ... ok
test scan_crate_roots_finds_packages_below_an_intermediate_directory ... ok
test scan_crate_roots_is_red_on_an_uncovered_bin_root ... ok
test scan_gitlinks_is_red_on_any_tracked_agent_worktree_entry ... ok
test scan_crate_roots_is_red_when_the_attribute_is_missing ... ok
test scan_crate_roots_looks_past_a_leading_shebang ... ok
test target_src_paths_follows_manifest_overrides_for_every_kind ... ok
test scan_crate_roots_ignores_brackets_and_attributes_inside_strings ... ok
test scan_crate_roots_accepts_any_forbid_list_containing_unsafe_code ... ok
test scan_crate_roots_rejects_a_commented_out_attribute ... ok
test target_src_paths_rejects_unusable_metadata ... ok
test scan_crate_roots_requires_the_attribute_at_crate_level ... ok
test unsafe_forbid_allowlist_is_narrow_and_reasoned ... ok
test the_deny_exemption_is_red_when_a_later_allow_overrides_it ... ok
test scan_crate_roots_honors_the_deny_allowlist ... ok
test the_manifest_walk_does_not_follow_directory_symlinks ... ok
test scan_gitlinks_is_green_over_the_real_index ... ok
test every_crate_directory_is_a_workspace_member_today ... ok
test scan_crate_roots_is_green_over_the_real_workspace_crates ... ok

test result: ok. 29 passed; 0 failed; 0 ignored; 0 measured; 0 filtered out; finished in 0.10s
run-diff-cov.sh: NOTE — 25 of 182 changed production lines carried a coverage
                 region; the other 157 are not scored either way. Most are simply not
                 executable (comments, `use`, declarations, bare delimiters). But code
                 compiled out by a #[cfg(...)] your feature selection does not enable looks
                 identical here, and this gate cannot tell the two apart (#222).
                 The largest unscored spans, so you can tell at a glance which it is:
run-diff-cov.sh:   UNSCORED crates/server/src/lib.rs:50-84 (35 lines)
run-diff-cov.sh:   UNSCORED crates/server/src/cli.rs:2295-2313 (19 lines)
run-diff-cov.sh:   UNSCORED crates/server/src/cli.rs:2963-2981 (19 lines)
run-diff-cov.sh:   UNSCORED crates/chunkstore-grpc/src/server.rs:65-81 (17 lines)
run-diff-cov.sh:   UNSCORED crates/chunkstore-grpc/src/lib.rs:39-54 (16 lines)
run-diff-cov.sh:   UNSCORED crates/server/src/lib.rs:815-820 (6 lines)
run-diff-cov.sh:   … and 24 further span(s), none larger; all of them are in coverage/diff-cov.json
run-diff-cov.sh: MISS crates/server/src/cli.rs:2199
run-diff-cov.sh: MISS crates/server/src/cli.rs:2200
run-diff-cov.sh: MISS crates/server/src/cli.rs:2314
run-diff-cov.sh: MISS crates/server/src/cli.rs:2315
run-diff-cov.sh: MISS crates/server/src/cli.rs:2316
run-diff-cov.sh: MISS crates/server/src/cli.rs:2317
run-diff-cov.sh: MISS crates/server/src/cli.rs:2333
run-diff-cov.sh: MISS crates/server/src/cli.rs:2334
run-diff-cov.sh: MISS crates/server/src/cli.rs:2335
run-diff-cov.sh: MISS crates/server/src/cli.rs:2336
run-diff-cov.sh: MISS crates/server/src/cli.rs:2337
run-diff-cov.sh: MISS crates/server/src/cli.rs:2378
run-diff-cov.sh: MISS crates/server/src/cli.rs:2444
run-diff-cov.sh: MISS crates/server/src/cli.rs:2445
run-diff-cov.sh: MISS crates/server/src/cli.rs:2446
METRIC diff_cov=40.0 covered=10 instrumentable=25 unscored=157
run-diff-cov.sh: C4-diff-cov: uncovered changed lines in crate wyrd-server — 15 of 17 not executed by the patch tests (88.2% uncovered)
run-diff-cov.sh: FAIL — the patch's tests execute 40.0% of its instrumentable changed
                 lines, below the 80% floor. Each MISS above is a REACH gap: the
                 line never ran. (A line that DID run may still be unasserted — that is
                 C5-mutants' question, not this row's.)
PDCA-EVIDENCE: diff coverage 40.0% — 10 of 25 instrumentable changed lines executed (below the 80% floor); 25 of 182 changed lines were instrumentable
