# gate: C4-verify — per-fix red->green: this patch's test red pre-fix, green post-fix
# cmd: ./engine/scripts/run-verify.sh
# cwd: /home/eddie/wyrd/wyrd-pdca
# PDCA_WORKTREE: /home/eddie/wyrd/wyrd.pdca-wt-l2
# start: 2026-10-01T07:07:09+00:00
# duration_secs: 3.88
# exit: 0
# outcome: pass
# ---- combined stdout+stderr (verbatim) ----
run-verify.sh: GREEN — cargo test -p wyrd-custodian --test segmented_map_repoint (fix applied)

running 11 tests
...........
test result: ok. 11 passed; 0 failed; 0 ignored; 0 measured; 0 filtered out; finished in 0.15s
run-verify.sh: RED — cargo test -p wyrd-custodian --test segmented_map_repoint (production reverted, test kept)

running 11 tests
a_store_fault_under_the_moves_own_read_ends_the_pass --- FAILED
a_flat_record_whose_version_cannot_advance_is_contained_not_wrapped --- FAILED
a_segment_record_torn_under_the_move_is_contained --- FAILED
a_segmented_object_under_an_unparsable_key_is_contained_not_skipped --- FAILED
a_flat_chunk_past_a_length_overflow_is_contained_not_left_conflicting --- FAILED
a_superseded_root_generation_makes_the_repair_lose --- FAILED
two_obligations_meeting_one_torn_record_are_one_containment --- FAILED
a_racing_move_of_a_sibling_chunk_in_the_same_segment_record_is_merged --- FAILED
a_segmented_objects_under_replicated_chunk_is_repaired_in_its_own_record --- FAILED
a_racing_move_of_the_planned_chunk_itself_is_a_conflict --- FAILED
.
failures:

---- a_store_fault_under_the_moves_own_read_ends_the_pass stdout ----

thread 'a_store_fault_under_the_moves_own_read_ends_the_pass' (3968091) panicked at crates/custodian/tests/segmented_map_repoint.rs:854:5:
fixture: the fault never fired
note: run with `RUST_BACKTRACE=1` environment variable to display a backtrace

---- a_flat_record_whose_version_cannot_advance_is_contained_not_wrapped stdout ----

thread 'a_flat_record_whose_version_cannot_advance_is_contained_not_wrapped' (3968084) panicked at crates/custodian/src/reconstruction.rs:1157:18:
attempt to add with overflow

---- a_segment_record_torn_under_the_move_is_contained stdout ----

thread 'a_segment_record_torn_under_the_move_is_contained' (3968088) panicked at crates/custodian/tests/segmented_map_repoint.rs:733:5:
assertion `left == right` failed: ONE name and ONE count for the object, however many obligations meet it: {"timestamp":"2026-10-01T07:07:13.233253Z","level":"INFO","fields":{"histogram.reconstruction_queue_depth":1},"target":"wyrd_custodian::reconstruction"}
{"timestamp":"2026-10-01T07:07:13.233396Z","level":"WARN","fields":{"monotonic_counter.reconstruction_refused_records":1},"target":"wyrd_custodian::reconstruction"}
{"timestamp":"2026-10-01T07:07:13.233403Z","level":"WARN","fields":{"message":"reconstruction refused a repair for a chunk whose committed reference lives in a segmented record; nothing was written, the obligation stays queued, and the pass does not certify","action":"refused-segmented","inode":"inode:1"},"target":"wyrd.custodian.reconstruction.audit"}
{"timestamp":"2026-10-01T07:07:13.233420Z","level":"INFO","fields":{"gauge.reconstruction_under_replicated":0},"target":"wyrd_custodian::reconstruction"}
{"timestamp":"2026-10-01T07:07:13.233426Z","level":"WARN","fields":{"gauge.reconstruction_unreachable":0},"target":"wyrd_custodian::reconstruction"}
{"timestamp":"2026-10-01T07:07:13.233431Z","level":"WARN","fields":{"gauge.reconstruction_repair_blocked":0},"target":"wyrd_custodian::reconstruction"}

  left: (0, 0, true)
 right: (1, 1, true)

---- a_segmented_object_under_an_unparsable_key_is_contained_not_skipped stdout ----

thread 'a_segmented_object_under_an_unparsable_key_is_contained_not_skipped' (3968089) panicked at crates/custodian/tests/segmented_map_repoint.rs:769:5:
assertion `left == right` failed: nothing drains over a reading with a hole in it
  left: [41472]
 right: [3584, 41472]

---- a_flat_chunk_past_a_length_overflow_is_contained_not_left_conflicting stdout ----

thread 'a_flat_chunk_past_a_length_overflow_is_contained_not_left_conflicting' (3968083) panicked at crates/custodian/tests/segmented_map_repoint.rs:803:5:
assertion `left == right` failed: {"timestamp":"2026-10-01T07:07:13.233271Z","level":"INFO","fields":{"histogram.reconstruction_queue_depth":1},"target":"wyrd_custodian::reconstruction"}
{"timestamp":"2026-10-01T07:07:13.233401Z","level":"INFO","fields":{"gauge.reconstruction_under_replicated":1},"target":"wyrd_custodian::reconstruction"}
{"timestamp":"2026-10-01T07:07:13.233411Z","level":"WARN","fields":{"gauge.reconstruction_unreachable":0},"target":"wyrd_custodian::reconstruction"}
{"timestamp":"2026-10-01T07:07:13.233417Z","level":"WARN","fields":{"gauge.reconstruction_repair_blocked":0},"target":"wyrd_custodian::reconstruction"}
{"timestamp":"2026-10-01T07:07:13.233424Z","level":"INFO","fields":{"monotonic_counter.reconstruction_repaired":1},"target":"wyrd_custodian::reconstruction"}
{"timestamp":"2026-10-01T07:07:13.233429Z","level":"INFO","fields":{"histogram.reconstruction_time_to_repair_millis":10000},"target":"wyrd_custodian::reconstruction"}
{"timestamp":"2026-10-01T07:07:13.233436Z","level":"INFO","fields":{"message":"reconstruction is rebuilding the missing shard(s) and repointing the placement record","action":"repair","chunk":"0000000000000000000000000000a200","rebuilt":1},"target":"wyrd.custodian.reconstruction.audit"}

  left: Changed
 right: Blocked

---- a_superseded_root_generation_makes_the_repair_lose stdout ----

thread 'a_superseded_root_generation_makes_the_repair_lose' (3968092) panicked at crates/custodian/tests/segmented_map_repoint.rs:456:5:
fixture: the race never landed

---- two_obligations_meeting_one_torn_record_are_one_containment stdout ----

thread 'two_obligations_meeting_one_torn_record_are_one_containment' (3968093) panicked at crates/custodian/tests/segmented_map_repoint.rs:733:5:
assertion `left == right` failed: ONE name and ONE count for the object, however many obligations meet it: {"timestamp":"2026-10-01T07:07:13.233278Z","level":"INFO","fields":{"histogram.reconstruction_queue_depth":2},"target":"wyrd_custodian::reconstruction"}
{"timestamp":"2026-10-01T07:07:13.233410Z","level":"WARN","fields":{"monotonic_counter.reconstruction_refused_records":1},"target":"wyrd_custodian::reconstruction"}
{"timestamp":"2026-10-01T07:07:13.233419Z","level":"WARN","fields":{"message":"reconstruction refused a repair for a chunk whose committed reference lives in a segmented record; nothing was written, the obligation stays queued, and the pass does not certify","action":"refused-segmented","inode":"inode:1"},"target":"wyrd.custodian.reconstruction.audit"}
{"timestamp":"2026-10-01T07:07:13.233444Z","level":"INFO","fields":{"gauge.reconstruction_under_replicated":0},"target":"wyrd_custodian::reconstruction"}
{"timestamp":"2026-10-01T07:07:13.233450Z","level":"WARN","fields":{"gauge.reconstruction_unreachable":0},"target":"wyrd_custodian::reconstruction"}
{"timestamp":"2026-10-01T07:07:13.233455Z","level":"WARN","fields":{"gauge.reconstruction_repair_blocked":0},"target":"wyrd_custodian::reconstruction"}

  left: (0, 0, true)
 right: (1, 1, true)

---- a_racing_move_of_a_sibling_chunk_in_the_same_segment_record_is_merged stdout ----

thread 'a_racing_move_of_a_sibling_chunk_in_the_same_segment_record_is_merged' (3968085) panicked at crates/custodian/tests/segmented_map_repoint.rs:552:5:
assertion `left == right` failed: the repair still lands
  left: Blocked
 right: Changed

---- a_segmented_objects_under_replicated_chunk_is_repaired_in_its_own_record stdout ----

thread 'a_segmented_objects_under_replicated_chunk_is_repaired_in_its_own_record' (3968090) panicked at crates/custodian/tests/segmented_map_repoint.rs:493:5:
assertion `left == right` failed: a repair that moved a placement: {"timestamp":"2026-10-01T07:07:13.233347Z","level":"INFO","fields":{"histogram.reconstruction_queue_depth":1},"target":"wyrd_custodian::reconstruction"}
{"timestamp":"2026-10-01T07:07:13.233581Z","level":"WARN","fields":{"monotonic_counter.reconstruction_refused_records":1},"target":"wyrd_custodian::reconstruction"}
{"timestamp":"2026-10-01T07:07:13.233603Z","level":"WARN","fields":{"message":"reconstruction refused a repair for a chunk whose committed reference lives in a segmented record; nothing was written, the obligation stays queued, and the pass does not certify","action":"refused-segmented","inode":"inode:1"},"target":"wyrd.custodian.reconstruction.audit"}
{"timestamp":"2026-10-01T07:07:13.233669Z","level":"INFO","fields":{"gauge.reconstruction_under_replicated":0},"target":"wyrd_custodian::reconstruction"}
{"timestamp":"2026-10-01T07:07:13.233692Z","level":"WARN","fields":{"gauge.reconstruction_unreachable":0},"target":"wyrd_custodian::reconstruction"}
{"timestamp":"2026-10-01T07:07:13.233707Z","level":"WARN","fields":{"gauge.reconstruction_repair_blocked":0},"target":"wyrd_custodian::reconstruction"}

  left: Blocked
 right: Changed

---- a_racing_move_of_the_planned_chunk_itself_is_a_conflict stdout ----

thread 'a_racing_move_of_the_planned_chunk_itself_is_a_conflict' (3968086) panicked at crates/custodian/tests/segmented_map_repoint.rs:472:5:
assertion `left == right` failed: a lost CAS is a retry, not a hole: the next pass re-plans onto the winner's bytes
  left: Blocked
 right: Satisfied


failures:
    a_flat_chunk_past_a_length_overflow_is_contained_not_left_conflicting
    a_flat_record_whose_version_cannot_advance_is_contained_not_wrapped
    a_racing_move_of_a_sibling_chunk_in_the_same_segment_record_is_merged
    a_racing_move_of_the_planned_chunk_itself_is_a_conflict
    a_segment_record_torn_under_the_move_is_contained
    a_segmented_object_under_an_unparsable_key_is_contained_not_skipped
    a_segmented_objects_under_replicated_chunk_is_repaired_in_its_own_record
    a_store_fault_under_the_moves_own_read_ends_the_pass
    a_superseded_root_generation_makes_the_repair_lose
    two_obligations_meeting_one_torn_record_are_one_containment

test result: FAILED. 1 passed; 10 failed; 0 ignored; 0 measured; 0 filtered out; finished in 0.14s

error: test failed, to rerun pass `-p wyrd-custodian --test segmented_map_repoint`
run-verify.sh: PASS — red without the fix, green with it (11 test(s) ran red).
