# gate C4-verify — attempt 1/1: pass (exit 0)
# cmd: ./engine/scripts/run-verify.sh
# cwd: /home/eddie/wyrd/wyrd-pdca
# PDCA_WORKTREE: /home/eddie/wyrd/wyrd.pdca-wt-l0
# started: 2026-08-04T15:55:22+02:00   duration: 2s

run-verify.sh: GREEN — cargo test -p wyrd-custodian --test segmented_map_restore (fix applied)

running 5 tests
.....
test result: ok. 5 passed; 0 failed; 0 ignored; 0 measured; 0 filtered out; finished in 0.00s
run-verify.sh: RED — cargo test -p wyrd-custodian --test segmented_map_restore (production reverted, test kept)

running 5 tests
an_unreadable_object_does_not_starve_the_objects_the_pass_could_read --- FAILED
a_segmented_object_no_longer_stops_the_post_restore_pass --- FAILED
a_record_already_known_unreadable_is_named_before_a_later_read_can_fail --- FAILED
marks_and_report_rest_on_one_reading --- FAILED
an_unreadable_object_is_contained_and_neither_surface_certifies_it --- FAILED

failures:

---- an_unreadable_object_does_not_starve_the_objects_the_pass_could_read stdout ----

thread 'an_unreadable_object_does_not_starve_the_objects_the_pass_could_read' (2778727) panicked at crates/custodian/tests/segmented_map_restore.rs:605:10:
one unreadable object must not end the walk over the ones that are readable: SegmentedMapUnsupported { operation: "restore::committed_chunks" }
note: run with `RUST_BACKTRACE=1` environment variable to display a backtrace

---- a_segmented_object_no_longer_stops_the_post_restore_pass stdout ----

thread 'a_segmented_object_no_longer_stops_the_post_restore_pass' (2778726) panicked at crates/custodian/tests/segmented_map_restore.rs:479:10:
one segmented object must not turn the whole post-restore pass into an error: SegmentedMapUnsupported { operation: "restore::committed_chunks" }

---- a_record_already_known_unreadable_is_named_before_a_later_read_can_fail stdout ----

thread 'a_record_already_known_unreadable_is_named_before_a_later_read_can_fail' (2778725) panicked at crates/custodian/tests/segmented_map_restore.rs:283:5:
wyrd.custodian.restore.audit must classify the blocker as an unreadable chunk map AND name inode:1: a refusal an operator cannot attribute is a stall with no way out. got: 

---- marks_and_report_rest_on_one_reading stdout ----

thread 'marks_and_report_rest_on_one_reading' (2778729) panicked at crates/custodian/tests/segmented_map_restore.rs:713:10:
a record damaged between two reads must not blank the whole report either: Error("expected ident", line: 1, column: 2)

---- an_unreadable_object_is_contained_and_neither_surface_certifies_it stdout ----

thread 'an_unreadable_object_is_contained_and_neither_surface_certifies_it' (2778728) panicked at crates/custodian/tests/segmented_map_restore.rs:527:10:
one unreadable object is contained, not an error that blanks the whole report: SegmentedMapUnsupported { operation: "restore::committed_chunks" }


failures:
    a_record_already_known_unreadable_is_named_before_a_later_read_can_fail
    a_segmented_object_no_longer_stops_the_post_restore_pass
    an_unreadable_object_does_not_starve_the_objects_the_pass_could_read
    an_unreadable_object_is_contained_and_neither_surface_certifies_it
    marks_and_report_rest_on_one_reading

test result: FAILED. 0 passed; 5 failed; 0 ignored; 0 measured; 0 filtered out; finished in 0.00s

error: test failed, to rerun pass `-p wyrd-custodian --test segmented_map_restore`
run-verify.sh: PASS — red without the fix, green with it.
