# gate: C4-diff-cov — diff coverage: changed lines executed by the patch's tests
# cmd: ./engine/scripts/run-diff-cov.sh
# cwd: /home/eddie/wyrd/wyrd-pdca
# PDCA_WORKTREE: /home/eddie/wyrd/wyrd.pdca-wt-l0
# start: 2026-09-30T20:36:40+00:00
# duration_secs: 1.48
# exit: 0
# outcome: pass
# ---- combined stdout+stderr (verbatim) ----
run-diff-cov.sh: MEASURE — cargo llvm-cov test -p wyrd-validate --test cli_surface (fix applied)
info: cargo-llvm-cov currently setting cfg(coverage); you can opt-out it by passing --no-cfg-coverage
   Compiling wyrd-validate v0.0.0 (/home/eddie/wyrd/wyrd-cov-l0/crates/validate)
    Finished `test` profile [unoptimized + debuginfo] target(s) in 0.43s
     Running tests/cli_surface.rs (target/llvm-cov-target/debug/deps/cli_surface-c8fbe6c68d719f67)

running 19 tests
test a_non_utf8_variable_is_refused_by_name_rather_than_treated_as_unset ... ok
test a_failed_write_or_flush_of_the_echo_exits_non_zero ... ok
test an_empty_variable_counts_as_unset ... ok
test credentials_resolve_aws_then_wyrd_then_refuse ... ok
test the_test_table_covers_exactly_the_declared_flags ... ok
test each_empty_value_is_refused_by_name ... ok
test half_a_pair_is_refused_in_either_direction_rather_than_skipped ... ok
test a_stray_positional_is_refused ... ok
test a_known_flag_in_a_value_slot_is_refused_too ... ok
test an_unrecognised_flag_is_refused_by_name ... ok
test a_repeated_flag_is_refused_rather_than_last_wins ... ok
test flag_order_on_the_command_line_does_not_matter ... ok
test a_trailing_flag_with_no_value_is_refused ... ok
test all_ten_flags_are_echoed_each_with_its_own_value ... ok
test no_arguments_names_every_flag_and_prints_the_usage_line ... ok
test the_real_binary_refuses_a_non_utf8_aws_id_instead_of_signing_as_wyrd ... ok
test the_real_binary_reads_its_environment_aws_first ... ok
test a_flag_in_any_value_slot_is_refused_naming_both_flags ... ok
test each_missing_flag_is_refused_by_name ... ok

test result: ok. 19 passed; 0 failed; 0 ignored; 0 measured; 0 filtered out; finished in 0.01s
run-diff-cov.sh: NOTE — 223 of 512 changed production lines carried a coverage
                 region; the other 289 are not scored either way. Most are simply not
                 executable (comments, `use`, declarations, bare delimiters). But code
                 compiled out by a #[cfg(...)] your feature selection does not enable looks
                 identical here, and this gate cannot tell the two apart (#222).
                 The largest unscored spans, so you can tell at a glance which it is:
run-diff-cov.sh:   UNSCORED crates/validate/src/args.rs:1-53 (53 lines)
run-diff-cov.sh:   UNSCORED crates/validate/src/lib.rs:1-44 (44 lines)
run-diff-cov.sh:   UNSCORED crates/validate/src/access_keys.rs:1-31 (31 lines)
run-diff-cov.sh:   UNSCORED crates/validate/src/args.rs:68-92 (25 lines)
run-diff-cov.sh:   UNSCORED crates/validate/src/access_keys.rs:86-106 (21 lines)
run-diff-cov.sh:   UNSCORED crates/validate/src/access_keys.rs:52-63 (12 lines)
run-diff-cov.sh:   … and 39 further span(s), none larger; all of them are in coverage/diff-cov.json
METRIC diff_cov=100.0 covered=223 instrumentable=223 unscored=289
run-diff-cov.sh: PASS — the patch's tests execute 100.0% of its 223 instrumentable changed
                 lines (floor 80%, 19 test(s) ran).
PDCA-EVIDENCE: diff coverage 100.0% — 223 of 223 instrumentable changed lines executed (floor 80%); 223 of 512 changed lines were instrumentable
