# gate C4-verify — attempt 1/1: unverifiable (exit 77)
# cmd: ./engine/scripts/run-verify.sh
# cwd: /home/eddie/wyrd/wyrd-pdca
# PDCA_WORKTREE: /home/eddie/wyrd/wyrd.pdca-wt
# started: 2026-08-10T23:39:31+02:00   duration: 2s

run-verify.sh: GREEN — cargo test -p wyrd-core --test multipart_budget_admission (fix applied)

running 18 tests
..................
test result: ok. 18 passed; 0 failed; 0 ignored; 0 measured; 0 filtered out; finished in 0.00s
run-verify.sh: RED — cargo test -p wyrd-core --test multipart_budget_admission (production reverted, test kept)
error[E0432]: unresolved imports `wyrd_core::multipart::decode_admission_record`, `wyrd_core::multipart::AdmissionRecord`
  --> crates/core/tests/multipart_budget_admission.rs:37:28
   |
37 | use wyrd_core::multipart::{decode_admission_record, AdmissionRecord, RecordError};
   |                            ^^^^^^^^^^^^^^^^^^^^^^^  ^^^^^^^^^^^^^^^ no `AdmissionRecord` in `multipart`
   |                            |
   |                            no `decode_admission_record` in `multipart`

error[E0599]: no variant named `MaxSessionsNotDerived` found for enum `RecordError`
   --> crates/core/tests/multipart_budget_admission.rs:184:26
    |
184 |         Err(RecordError::MaxSessionsNotDerived {
    |                          ^^^^^^^^^^^^^^^^^^^^^ variant not found in `RecordError`

error[E0599]: no variant, associated function, or constant named `MaxPartChunksZero` found for enum `RecordError` in the current scope
   --> crates/core/tests/multipart_budget_admission.rs:202:54
    |
202 |     assert_eq!(decode_both(&bytes), Err(RecordError::MaxPartChunksZero));
    |                                                      ^^^^^^^^^^^^^^^^^ variant, associated function, or constant not found in `RecordError`

error[E0599]: no variant, associated function, or constant named `MaxInflightPartsZero` found for enum `RecordError` in the current scope
   --> crates/core/tests/multipart_budget_admission.rs:215:54
    |
215 |     assert_eq!(decode_both(&bytes), Err(RecordError::MaxInflightPartsZero));
    |                                                      ^^^^^^^^^^^^^^^^^^^^ variant, associated function, or constant not found in `RecordError`

error[E0599]: no variant named `PartsPerSessionUnaddressable` found for enum `RecordError`
   --> crates/core/tests/multipart_budget_admission.rs:225:26
    |
225 |         Err(RecordError::PartsPerSessionUnaddressable {
    |                          ^^^^^^^^^^^^^^^^^^^^^^^^^^^^ variant not found in `RecordError`

error[E0599]: no variant named `InflightPartsExceedParts` found for enum `RecordError`
   --> crates/core/tests/multipart_budget_admission.rs:240:26
    |
240 |         Err(RecordError::InflightPartsExceedParts {
    |                          ^^^^^^^^^^^^^^^^^^^^^^^^ variant not found in `RecordError`

error[E0599]: no variant named `StagingRangeUnscannable` found for enum `RecordError`
   --> crates/core/tests/multipart_budget_admission.rs:254:26
    |
254 |         Err(RecordError::StagingRangeUnscannable {
    |                          ^^^^^^^^^^^^^^^^^^^^^^^ variant not found in `RecordError`

error[E0599]: no variant named `StagedChunksBelowPart` found for enum `RecordError`
   --> crates/core/tests/multipart_budget_admission.rs:270:26
    |
270 |         Err(RecordError::StagedChunksBelowPart {
    |                          ^^^^^^^^^^^^^^^^^^^^^ variant not found in `RecordError`

error[E0599]: no variant named `BudgetBelowFootprint` found for enum `RecordError`
   --> crates/core/tests/multipart_budget_admission.rs:288:26
    |
288 |         Err(RecordError::BudgetBelowFootprint { w_ref: 1, u_ref: 2 })
    |                          ^^^^^^^^^^^^^^^^^^^^ variant not found in `RecordError`

error[E0599]: no variant named `MaxSessionsNotDerived` found for enum `RecordError`
   --> crates/core/tests/multipart_budget_admission.rs:299:26
    |
299 |         Err(RecordError::MaxSessionsNotDerived {
    |                          ^^^^^^^^^^^^^^^^^^^^^ variant not found in `RecordError`

error[E0599]: no variant named `StagingRangeUnscannable` found for enum `RecordError`
   --> crates/core/tests/multipart_budget_admission.rs:400:26
    |
400 |         Err(RecordError::StagingRangeUnscannable {
    |                          ^^^^^^^^^^^^^^^^^^^^^^^ variant not found in `RecordError`

error[E0599]: no variant named `MalformedRecordValue` found for enum `RecordError`
   --> crates/core/tests/multipart_budget_admission.rs:415:26
    |
415 |         Err(RecordError::MalformedRecordValue {
    |                          ^^^^^^^^^^^^^^^^^^^^ variant not found in `RecordError`

Some errors have detailed explanations: E0432, E0599.
For more information about an error, try `rustc --explain E0432`.
error: could not compile `wyrd-core` (test "multipart_budget_admission") due to 12 previous errors
run-verify.sh: UNVERIFIABLE — the RED leg's cargo run failed (status 101) WITHOUT
               running a test, so no RED was established. This is NOT 'red without the
               fix' — the discriminator never executed. The usual cause is that it does
               not COMPILE against the reverted base: it calls production API this patch
               adds, so reverting the fix removes the symbol it needs. Split the test so
               it exercises the behaviour through pre-existing API, or record at sign-off
               why this slice has no isolable red (the cargo output is above).
