# gate: C4-diff-cov — diff coverage: changed lines executed by the patch's tests
# cmd: ./engine/scripts/run-diff-cov.sh
# cwd: /home/eddie/wyrd/wyrd-pdca
# PDCA_WORKTREE: /home/eddie/wyrd/wyrd.pdca-wt-l2
# start: 2026-09-30T19:00:45+00:00
# duration_secs: 72.1
# exit: 1
# outcome: fail
# ---- combined stdout+stderr (verbatim) ----
run-diff-cov.sh: at least one changed crate ships no test in this patch — it is scored
                 against its EXISTING suite, and any co-located #[cfg(test)] lines the
                 patch adds count as covered, so that part of the figure is the generous
                 one; see the coverage boundary in this file's header.
run-diff-cov.sh: MEASURE — cargo llvm-cov test -p wyrd-core --test multipart_segment_nonce (fix applied)
info: cargo-llvm-cov currently setting cfg(coverage); you can opt-out it by passing --no-cfg-coverage
   Compiling proc-macro2 v1.0.106
   Compiling unicode-ident v1.0.24
   Compiling quote v1.0.46
   Compiling bytes v1.12.1
   Compiling libc v0.2.186
   Compiling cfg-if v1.0.4
   Compiling memchr v2.8.2
   Compiling pin-project-lite v0.2.17
   Compiling fnv v1.0.7
   Compiling once_cell v1.21.4
   Compiling equivalent v1.0.2
   Compiling regex-syntax v0.8.11
   Compiling semver v1.0.28
   Compiling hashbrown v0.17.1
   Compiling itoa v1.0.18
   Compiling either v1.16.0
   Compiling futures-core v0.3.34
   Compiling anyhow v1.0.103
   Compiling serde_core v1.0.229
   Compiling bitflags v2.13.0
   Compiling slab v0.4.12
   Compiling rustix v1.1.4
   Compiling futures-sink v0.3.34
   Compiling lazy_static v1.5.0
   Compiling zerocopy v0.8.52
   Compiling pulldown-cmark v0.13.4
   Compiling prettyplease v0.2.37
   Compiling futures-task v0.3.34
   Compiling getrandom v0.4.3
   Compiling linux-raw-sys v0.12.1
   Compiling httparse v1.10.1
   Compiling fastrand v2.4.1
   Compiling foldhash v0.1.5
   Compiling beef v0.5.2
   Compiling unicase v2.9.0
   Compiling tower-service v0.3.3
   Compiling fixedbitset v0.5.7
   Compiling tracing-core v0.1.36
   Compiling unicode-width v0.1.14
   Compiling atomic-waker v1.1.2
   Compiling itertools v0.14.0
   Compiling try-lock v0.2.5
   Compiling serde v1.0.229
   Compiling rustc_version v0.4.1
   Compiling thiserror v2.0.18
   Compiling futures-util v0.3.34
   Compiling smallvec v1.15.2
   Compiling futures-channel v0.3.34
   Compiling hashbrown v0.15.5
   Compiling want v0.3.1
   Compiling multimap v0.10.1
   Compiling zmij v1.0.21
   Compiling tower-layer v0.3.3
   Compiling rand_core v0.10.1
   Compiling heck v0.5.0
   Compiling autocfg v1.5.1
   Compiling log v0.4.32
   Compiling httpdate v1.0.3
   Compiling sync_wrapper v1.0.2
   Compiling mime v0.3.17
   Compiling readme-rustdocifier v0.1.1
   Compiling cpufeatures v0.3.0
   Compiling serde_json v1.0.151
   Compiling typenum v1.20.1
   Compiling matchit v0.8.4
   Compiling shlex v2.0.1
   Compiling percent-encoding v2.3.2
   Compiling find-msvc-tools v0.1.9
   Compiling base64 v0.22.1
   Compiling logos-codegen v0.15.1
   Compiling crc32c v0.6.8
   Compiling aho-corasick v1.1.4
   Compiling http v1.4.2
   Compiling cc v1.2.65
   Compiling indexmap v2.14.0
   Compiling chacha20 v0.10.2
   Compiling redb v4.3.0
   Compiling const-oid v0.10.2
   Compiling anstyle v1.0.14
   Compiling ciborium-io v0.2.2
   Compiling clap_lex v1.1.0
   Compiling num-traits v0.2.19
   Compiling itertools v0.13.0
   Compiling cast v0.3.0
   Compiling clap_builder v4.6.0
   Compiling same-file v1.0.6
   Compiling cpufeatures v0.2.17
   Compiling wyrd-chunk-format v0.0.0 (/home/eddie/wyrd/wyrd-cov-l2/crates/chunk-format)
   Compiling sharded-slab v0.1.7
   Compiling thread_local v1.1.9
   Compiling anes v0.1.6
   Compiling oorandom v11.1.5
   Compiling nu-ansi-term v0.50.3
   Compiling pollster v1.0.1
   Compiling walkdir v2.5.0
   Compiling syn v2.0.118
   Compiling syn v3.0.0
   Compiling reed-solomon-simd v3.1.0
   Compiling tracing-log v0.2.0
   Compiling petgraph v0.8.3
   Compiling errno v0.3.14
   Compiling socket2 v0.6.4
   Compiling mio v1.2.1
   Compiling page_size v0.6.0
   Compiling http-body v1.1.0
   Compiling hybrid-array v0.4.13
   Compiling signal-hook-registry v1.4.8
   Compiling rand v0.10.3
   Compiling http-body-util v0.1.3
   Compiling alloca v0.4.0
   Compiling pulldown-cmark-to-cmark v22.0.0
   Compiling axum-core v0.5.6
   Compiling chrono v0.4.45
   Compiling regex-automata v0.4.14
   Compiling crypto-common v0.2.2
   Compiling block-buffer v0.12.1
   Compiling criterion-plot v0.8.2
   Compiling tempfile v3.27.0
   Compiling digest v0.11.3
   Compiling sha2 v0.11.0
   Compiling clap v4.6.1
   Compiling async-trait v0.1.92
   Compiling serde_derive v1.0.229
   Compiling regex v1.12.4
   Compiling matchers v0.2.0
   Compiling wyrd-traits v0.0.0 (/home/eddie/wyrd/wyrd-cov-l2/crates/traits)
   Compiling tonic-build v0.14.6
   Compiling tokio-macros v2.7.0
   Compiling tracing-attributes v0.1.31
   Compiling prost-derive v0.14.4
   Compiling zerocopy-derive v0.8.52
   Compiling miette-derive v7.6.0
   Compiling thiserror-impl v2.0.18
   Compiling pin-project-internal v1.1.13
   Compiling logos-codegen v0.16.1
   Compiling wyrd-metadata-redb v0.0.0 (/home/eddie/wyrd/wyrd-cov-l2/crates/metadata-redb)
   Compiling tokio v1.52.3
   Compiling logos-derive v0.15.1
   Compiling pin-project v1.1.13
   Compiling tracing v0.1.44
   Compiling miette v7.6.0
   Compiling logos v0.15.1
   Compiling prost v0.14.4
   Compiling prost-types v0.14.4
   Compiling logos-derive v0.16.1
   Compiling logos v0.16.1
   Compiling tracing-serde v0.2.0
   Compiling tinytemplate v1.2.1
   Compiling wyrd-core v0.0.0 (/home/eddie/wyrd/wyrd-cov-l2/crates/core)
   Compiling tracing-subscriber v0.3.23
   Compiling prost-build v0.14.4
   Compiling protox-parse v0.9.0
   Compiling prost-reflect v0.16.4
   Compiling tonic-prost-build v0.14.6
   Compiling madsim-tonic-build v0.6.0+0.14
   Compiling tokio-util v0.7.18
   Compiling tokio-stream v0.1.19
   Compiling protox v0.9.1
   Compiling half v2.7.1
   Compiling ppv-lite86 v0.2.21
   Compiling ciborium-ll v0.2.2
   Compiling h2 v0.4.19
   Compiling tower v0.5.3
   Compiling ciborium v0.2.2
   Compiling rand_chacha v0.10.0
   Compiling wyrd-proto v0.0.0 (/home/eddie/wyrd/wyrd-cov-l2/crates/proto)
   Compiling wyrd-testkit v0.0.0 (/home/eddie/wyrd/wyrd-cov-l2/crates/testkit)
   Compiling wyrd-chunkstore-fs v0.0.0 (/home/eddie/wyrd/wyrd-cov-l2/crates/chunkstore-fs)
   Compiling criterion v0.8.2
   Compiling axum v0.8.9
   Compiling hyper v1.10.1
   Compiling hyper-util v0.1.20
   Compiling hyper-timeout v0.5.2
   Compiling tonic v0.14.6
   Compiling tonic-prost v0.14.6
   Compiling wyrd-chunkstore-grpc v0.0.0 (/home/eddie/wyrd/wyrd-cov-l2/crates/chunkstore-grpc)
    Finished `test` profile [unoptimized + debuginfo] target(s) in 9.19s
     Running tests/multipart_segment_nonce.rs (target/llvm-cov-target/debug/deps/multipart_segment_nonce-180820665c7baed5)

running 17 tests
test leg_a_nonce_decodes_and_re_encodes_byte_identically::aborting ... ok
test leg_a_nonce_decodes_and_re_encodes_byte_identically::open ... ok
test fixture_is_the_shared_wire_spelling ... ok
test leg_a_nonce_decodes_and_re_encodes_byte_identically::completed ... ok
test leg_b_record_without_nonce_is_refused::open ... ok
test leg_c_nonce_not_32_lowercase_hex_is_refused::completing ... ok
test leg_c_nonce_not_32_lowercase_hex_is_refused::open ... ok
test leg_b_record_without_nonce_is_refused::aborting ... ok
test leg_d_nonce_named_once_in_one_position::aborting ... ok
test leg_b_record_without_nonce_is_refused::completing ... ok
test leg_a_nonce_decodes_and_re_encodes_byte_identically::completing ... ok
test leg_d_nonce_named_once_in_one_position::open ... ok
test leg_c_nonce_not_32_lowercase_hex_is_refused::aborting ... ok
test leg_d_nonce_named_once_in_one_position::completing ... ok
test leg_b_record_without_nonce_is_refused::completed ... ok
test leg_c_nonce_not_32_lowercase_hex_is_refused::completed ... ok
test leg_d_nonce_named_once_in_one_position::completed ... ok

test result: ok. 17 passed; 0 failed; 0 ignored; 0 measured; 0 filtered out; finished in 0.00s
run-diff-cov.sh: MEASURE — cargo llvm-cov test -p wyrd-custodian (fix applied)
info: cargo-llvm-cov currently setting cfg(coverage); you can opt-out it by passing --no-cfg-coverage
   Compiling syn v3.0.0
   Compiling futures-task v0.3.34
   Compiling zerocopy v0.8.52
   Compiling getrandom v0.3.4
   Compiling serde_core v1.0.229
   Compiling either v1.16.0
   Compiling thiserror v2.0.18
   Compiling thiserror v1.0.69
   Compiling serde v1.0.229
   Compiling thiserror-impl v1.0.69
   Compiling parking_lot_core v0.9.12
   Compiling num-traits v0.2.19
   Compiling protobuf v3.7.2
   Compiling scopeguard v1.2.0
   Compiling prometheus v0.14.0
   Compiling regex-automata v0.4.14
   Compiling tokio-stream v0.1.19
   Compiling hyper v1.10.1
   Compiling lock_api v0.4.14
   Compiling opentelemetry v0.33.0
   Compiling itertools v0.14.0
   Compiling rand_core v0.9.5
   Compiling parking_lot v0.12.5
   Compiling chrono v0.4.45
   Compiling protobuf-support v3.7.2
   Compiling prost-derive v0.14.4
   Compiling matchers v0.2.0
   Compiling serde_json v1.0.151
   Compiling prost v0.14.4
   Compiling futures-macro v0.3.34
   Compiling async-trait v0.1.92
   Compiling serde_derive v1.0.229
   Compiling prost-types v0.14.4
   Compiling futures-util v0.3.34
   Compiling wyrd-traits v0.0.0 (/home/eddie/wyrd/wyrd-cov-l2/crates/traits)
   Compiling ppv-lite86 v0.2.21
   Compiling rand_chacha v0.9.0
   Compiling rand_chacha v0.10.0
   Compiling wyrd-testkit v0.0.0 (/home/eddie/wyrd/wyrd-cov-l2/crates/testkit)
   Compiling rand v0.9.4
   Compiling wyrd-coordination-mem v0.0.0 (/home/eddie/wyrd/wyrd-cov-l2/crates/coordination-mem)
   Compiling wyrd-chunkstore-fs v0.0.0 (/home/eddie/wyrd/wyrd-cov-l2/crates/chunkstore-fs)
   Compiling tracing-serde v0.2.0
   Compiling tracing-subscriber v0.3.23
   Compiling hyper-util v0.1.20
   Compiling tower v0.5.3
   Compiling futures-executor v0.3.32
   Compiling wyrd-core v0.0.0 (/home/eddie/wyrd/wyrd-cov-l2/crates/core)
   Compiling opentelemetry_sdk v0.33.0
   Compiling hyper-timeout v0.5.2
   Compiling tonic v0.14.6
   Compiling tracing-opentelemetry v0.34.0
   Compiling opentelemetry-prometheus v0.33.0
   Compiling tonic-prost v0.14.6
   Compiling tonic-types v0.14.6
   Compiling opentelemetry-proto v0.33.0
   Compiling opentelemetry-otlp v0.33.0
   Compiling wyrd-telemetry v0.0.0 (/home/eddie/wyrd/wyrd-cov-l2/crates/telemetry)
   Compiling wyrd-custodian v0.0.0 (/home/eddie/wyrd/wyrd-cov-l2/crates/custodian)
    Finished `test` profile [unoptimized + debuginfo] target(s) in 11.18s
     Running unittests src/lib.rs (target/llvm-cov-target/debug/deps/wyrd_custodian-538e252332a05789)

running 0 tests

test result: ok. 0 passed; 0 failed; 0 ignored; 0 measured; 0 filtered out; finished in 0.00s

     Running tests/backfill.rs (target/llvm-cov-target/debug/deps/backfill-f516103d5229a114)

running 5 tests
test malformed_placement_is_never_rewritten ... ok
test already_explicit_full_length_placement_is_left_untouched ... ok
test backfills_identity_placement_for_an_empty_placement_committed_chunk ... ok
test backfill_preserves_object_metadata_while_filling_placement ... ok
test a_racing_writer_wins_the_cas_and_backfill_retries_on_a_later_pass ... ok

test result: ok. 5 passed; 0 failed; 0 ignored; 0 measured; 0 filtered out; finished in 0.00s

     Running tests/backfill_telemetry.rs (target/llvm-cov-target/debug/deps/backfill_telemetry-9f108d54aeada147)

running 1 test
test emitted_remaining_count_reaches_zero_once_backfill_covers_the_store ... ok

test result: ok. 1 passed; 0 failed; 0 ignored; 0 measured; 0 filtered out; finished in 0.00s

     Running tests/gc.rs (target/llvm-cov-target/debug/deps/gc-74ac53f5e0eafda3)

running 11 tests
test malformed_placement_gc_treats_chunk_as_fully_referenced ... ok
test honours_the_reader_safe_grace_window ... ok
test a_segmented_root_gc_cannot_resolve_blocks_certification_and_reclaims_nothing ... ok
test short_placement_vector_rs_6_3_fallback_protects_fallback_index ... ok
test identity_fallback_rs_empty_placement_protects_index_above_zero ... ok
test reclaims_expired_lease_byte_and_orphan_through_reconcile_step ... ok
test short_placement_vector_fallback_protects_fallback_index ... ok
test identity_fallback_none_empty_placement_protects_index0 ... ok
test identity_fallback_rs_6_3_empty_placement_protects_an_inner_index ... ok
test never_reclaims_a_referenced_fragment ... ok
test expired_lease_input_skips_what_it_cannot_read_under_every_scan_order ... ok

test result: ok. 11 passed; 0 failed; 0 ignored; 0 measured; 0 filtered out; finished in 0.01s

     Running tests/gc_delete_backstop.rs (target/llvm-cov-target/debug/deps/gc_delete_backstop-2fd00b42e0146657)

running 2 tests
test overwrite_orphans_prior_fragments_reclaimed_by_gc_but_keeps_the_current ... ok
test delete_orphans_fragment_reclaimed_by_gc_from_the_placed_dserver ... ok

test result: ok. 2 passed; 0 failed; 0 ignored; 0 measured; 0 filtered out; finished in 0.00s

     Running tests/gc_ledger_walk.rs (target/llvm-cov-target/debug/deps/gc_ledger_walk-84b2f919f3120fa3)

running 12 tests
test h_an_unusable_cursor_restarts_the_walk_from_the_head_and_is_rewritten ... ok
test f_restore_survives_the_ledger_and_never_restamps_a_mark_it_did_not_read ... ok
test a_gc_pass_survives_an_orphan_ledger_past_the_scan_cap ... ok
test guard_a_page_outside_the_scan_page_contract_is_refused_not_walked ... ok
test e_only_a_fragments_own_key_licenses_a_reclaim ... ok
test d1_a_mark_on_the_resume_cursor_outranks_an_expired_lease ... ok
test g_a_partial_walk_that_reclaims_nothing_is_not_satisfied ... ok
test d2_an_expired_leases_entry_outlives_every_fragment_it_accounts_for ... ok
test c_the_tail_does_not_starve_and_the_walk_wraps ... ok
test b_one_pass_reads_and_writes_a_bounded_pinned_amount ... ok
test d1_an_unread_mark_outranks_an_expired_lease ... ok
test d3_an_unreadable_mark_counts_as_a_mark ... ok

test result: ok. 12 passed; 0 failed; 0 ignored; 0 measured; 0 filtered out; finished in 10.48s

     Running tests/gc_mark_sweep.rs (target/llvm-cov-target/debug/deps/gc_mark_sweep-d574d36ee8764a69)

running 20 tests
test b6_a_referenced_position_is_never_swept ... ok
test b6_an_incomplete_reference_set_sweeps_nothing ... ok
test d1_a_pass_whose_only_sweep_lost_to_a_restamp_is_not_satisfied ... ok
test b1_a_mark_aged_one_millisecond_short_of_d_survives ... ok
test d1_a_mark_restamped_after_the_read_survives_unclaimed ... ok
test d2_a_fault_inside_the_retry_claims_exactly_what_landed ... ok
test b2_a_mark_on_a_d_server_outside_the_fleet_survives ... ok
test b3_a_listed_position_is_the_reclaims_not_the_sweeps ... ok
test b5_a_fleet_naming_one_server_twice_never_unlists_a_listed_position ... ok
test b4_a_listing_from_an_earlier_pass_never_licenses_a_sweep ... ok
test a_a_fragment_less_mark_aged_exactly_d_is_swept_audited_and_counted ... ok
test b8_a_structured_mark_that_may_await_its_write_is_never_swept_on_the_deadline ... ok
test b7_each_shape_is_swept_on_its_stamp_and_a_fourth_is_never_swept ... ok
test d3_a_mark_rewritten_then_deleted_under_the_pass_is_claimed_neither_swept_nor_kept ... ok
test d5_an_unknown_commit_that_may_still_land_is_named_and_ends_the_pass ... ok
test d3_a_delete_that_loses_to_an_unchanged_mark_leaves_it_for_the_next_pass ... ok
test e_a_differently_spelled_key_never_costs_a_mark ... ok
test d6_a_writer_landing_before_the_re_read_never_earns_the_pass_a_claim ... ok
test d4_an_out_of_flight_unknown_commit_is_judged_by_a_fresh_read ... ok
test d2_a_fault_across_a_batch_boundary_claims_exactly_what_landed ... ok

test result: ok. 20 passed; 0 failed; 0 ignored; 0 measured; 0 filtered out; finished in 2.40s

     Running tests/gc_reclaim_intent.rs (target/llvm-cov-target/debug/deps/gc_reclaim_intent-762da590e0b51745)

running 9 tests
test b4_a_reclaiming_mark_is_finished_with_no_grace_test ... ok
test b3_an_adoption_on_the_marks_original_bytes_conflicts_as_gc_deletes ... ok
test b1_a_failed_intent_commit_destroys_nothing ... ok
test a_restore_counts_every_shape_already_marked_and_rewrites_none ... ok
test b2_a_mark_that_changes_after_the_read_loses_only_its_own_intent ... ok
test b5_a_store_fault_after_deletes_still_commits_their_key_deletes ... ok
test d_a_draining_retirement_protects_by_keyed_lookup ... ok
test a_three_shapes_decode_and_a_fourth_fails_closed ... ok
test c_intents_are_recorded_in_batches_of_at_most_cw ... ok

test result: ok. 9 passed; 0 failed; 0 ignored; 0 measured; 0 filtered out; finished in 0.01s

     Running tests/gc_telemetry.rs (target/llvm-cov-target/debug/deps/gc_telemetry-b0ddbf2c0c990a14)

running 1 test
test emits_gc_actions_on_the_durability_seam ... ok

test result: ok. 1 passed; 0 failed; 0 ignored; 0 measured; 0 filtered out; finished in 0.00s

     Running tests/placement_ceiling.rs (target/llvm-cov-target/debug/deps/placement_ceiling-3a8200be2ae9ab7d)

running 5 tests
test a_move_that_cannot_reach_its_fragment_is_aborted_not_refused ... ok
test an_evacuation_that_would_cross_the_value_ceiling_does_not_certify_the_drain ... ok
test an_evacuation_landing_exactly_on_the_value_ceiling_still_commits ... ok
test a_ceiling_refused_repair_is_subtracted_from_the_reported_successes ... ok
test a_repair_that_would_cross_the_value_ceiling_is_refused_and_not_persisted ... ok

test result: ok. 5 passed; 0 failed; 0 ignored; 0 measured; 0 filtered out; finished in 0.06s

     Running tests/rebalance.rs (target/llvm-cov-target/debug/deps/rebalance-53e94e7de2afe75c)

running 10 tests
test evacuation_preserves_object_metadata ... ok
test evacuates_a_pre_m3_chunk_with_empty_placement_ec_none ... ok
test emits_per_failure_domain_utilization_on_the_durability_seam ... ok
test spread_wins_when_no_free_distinct_domain_remains ... ok
test evacuates_two_drained_servers_of_one_chunk_in_a_single_commit ... ok
test drains_a_d_server_and_evacuates_an_rs_6_3_chunk_to_a_distinct_domain ... ok
test drains_a_d_server_and_evacuates_to_a_distinct_domain_through_reconcile_step ... ok
test malformed_placement_rebalance_skips_and_leaves_fragment_in_place ... ok
test evacuates_a_pre_m3_chunk_with_empty_placement_reed_solomon_index_gt_zero ... ok
test a_racing_writer_loses_the_version_conditional_commit_and_leaves_only_garbage ... ok

test result: ok. 10 passed; 0 failed; 0 ignored; 0 measured; 0 filtered out; finished in 0.05s

     Running tests/reconstruction.rs (target/llvm-cov-target/debug/deps/reconstruction-e500846e262323e1)

running 15 tests
test repair_priority_rises_as_redundancy_falls ... ok
test a_transient_fault_is_not_turned_into_a_spurious_re_placement ... ok
test short_placement_is_malformed_reconstruction_skips_and_flags_needs_human ... ok
test none_scheme_malformed_placement_reconstruction_flags_needs_human ... ok
test under_replicated_gauge_excludes_malformed_so_it_returns_to_zero ... ok
test under_replicated_gauge_excludes_unrepairable_data_loss_so_it_returns_to_zero ... ok
test reconstruction_preserves_object_metadata_across_a_repair ... ok
test reads_around_a_depth0_permanent_read_fault_on_a_placed_fragment ... ok
test a_checksum_failing_fragment_is_excluded_and_reconstructed ... ok
test emits_the_three_repair_metrics_on_the_durability_seam ... ok
test reads_around_a_wrapped_permanent_read_fault_on_a_placed_fragment ... ok
test an_aborted_repair_is_not_counted_as_a_successful_repair ... ok
test reconstructs_a_pre_m3_chunk_with_empty_placement_to_a_full_length_record ... ok
test kills_a_d_server_and_reconstructs_an_rs_6_3_chunk_to_full_redundancy ... ok
test kills_a_d_server_and_reconstructs_to_full_redundancy_through_reconcile_step ... ok

test result: ok. 15 passed; 0 failed; 0 ignored; 0 measured; 0 filtered out; finished in 0.06s

     Running tests/restore_reconcile.rs (target/llvm-cov-target/debug/deps/restore_reconcile-18aa0e213b9d221d)

running 17 tests
test a_stranded_fragment_is_marked_so_gc_can_finally_reclaim_it ... ok
test an_in_flight_pending_chunk_is_left_to_gc ... ok
test a_chunk_below_k_surviving_fragments_is_reported_dangling ... ok
test a_displaced_fragment_is_only_under_replicated_while_k_survive_at_the_placement ... ok
test a_single_fragment_chunk_whose_bytes_moved_is_reported_misplaced_not_healthy ... ok
test a_chunk_below_k_at_its_placement_is_misplaced_not_under_replicated ... ok
test a_stale_duplicate_is_marked_when_the_canonical_copy_survives ... ok
test a_referenced_fragment_is_never_marked ... ok
test after_the_pass_gc_reclaims_the_stranded_fragment ... ok
test a_chunk_still_at_k_is_under_replicated_not_dangling ... ok
test an_object_committed_between_the_two_readings_is_never_marked ... ok
test re_running_does_not_reset_an_existing_grace_clock ... ok
test an_unreadable_pending_entry_holds_its_chunk_and_needs_a_human ... ok
test the_only_copy_of_a_moved_fragment_is_never_marked ... ok
test every_unreadable_committed_record_is_named_and_stops_the_run_being_certified ... ok
test without_the_pass_a_stranded_fragment_leaks_forever ... ok
test every_stray_is_marked_across_batch_boundaries_including_the_tail ... ok

test result: ok. 17 passed; 0 failed; 0 ignored; 0 measured; 0 filtered out; finished in 0.02s

     Running tests/scrub.rs (target/llvm-cov-target/debug/deps/scrub-f905ea334c84a58f)

running 13 tests
test does_not_flag_an_in_flight_pending_writes_fragment_as_missing ... ok
test scrub_propagates_a_transient_get_fault_without_enqueuing ... ok
test detects_a_missing_placed_fragment_and_enqueues_for_reconstruction ... ok
test detects_corruption_on_an_empty_placement_rs_chunk_above_index_zero ... ok
test short_placement_is_malformed_scrub_fails_safe ... ok
test walks_and_verifies_referenced_fragments_through_reconcile_step ... ok
test detects_a_misplaced_intact_fragment_excludes_and_enqueues_for_reconstruction ... ok
test detects_corruption_on_an_empty_placement_none_chunk ... ok
test detects_a_bitflip_excludes_and_enqueues_for_reconstruction ... ok
test detects_corruption_in_a_full_rs_6_3_placement ... ok
test an_unreadable_committed_map_blocks_certification_but_still_scrubs_the_rest ... ok
test emits_scrub_coverage_and_corruption_on_the_durability_seam ... ok
test fschunkstore_corruption_is_enqueued_and_the_pass_continues ... ok

test result: ok. 13 passed; 0 failed; 0 ignored; 0 measured; 0 filtered out; finished in 0.00s

     Running tests/segmented_map_backfill.rs (target/llvm-cov-target/debug/deps/segmented_map_backfill-122056a8595d31c6)

running 5 tests
test a_fault_that_is_not_one_objects_map_still_ends_the_pass ... ok
test a_fill_this_pass_may_not_perform_is_declined_not_mutated_and_does_not_certify ... ok
test one_reading_of_the_namespace_per_pass ... ok
test a_healthy_segmented_object_no_longer_ends_the_pass_and_blocks_nothing ... ok
test an_unreadable_committed_object_is_named_the_walk_continues_and_nothing_certifies ... ok

test result: ok. 5 passed; 0 failed; 0 ignored; 0 measured; 0 filtered out; finished in 0.00s

     Running tests/segmented_map_consumers.rs (target/llvm-cov-target/debug/deps/segmented_map_consumers-41796fa73c752fce)

running 8 tests
test a_genuine_store_fault_during_resolve_propagates_rather_than_being_absorbed ... ok
test a_structurally_unreadable_committed_root_is_contained_not_propagated ... ok
test two_blockers_whose_keys_are_not_utf8_are_each_attributed_under_their_own_name ... ok
test segmented_objects_fragments_survive_gc_and_scrub_and_a_drain_answers_pending ... ok
test a_blocked_loop_beside_a_converging_one_still_reports_the_blocked_answer ... ok
test one_damaged_object_does_not_end_the_walk_the_rest_of_the_store_is_still_handled ... ok
test a_root_rewritten_unreadable_under_the_resolve_is_contained_not_propagated ... ok
test one_unreadable_committed_inode_blocks_every_certifying_answer_and_reclaims_nothing ... ok

test result: ok. 8 passed; 0 failed; 0 ignored; 0 measured; 0 filtered out; finished in 0.00s

     Running tests/segmented_map_rebalance.rs (target/llvm-cov-target/debug/deps/segmented_map_rebalance-8b8f8f856cd6a551)

running 5 tests
test a_healthy_segmented_object_owing_nothing_still_certifies_the_drain ... ok
test a_store_fault_under_the_resolve_still_ends_the_pass ... ok
test an_owed_segmented_evacuation_is_refused_once_and_mutates_nothing ... ok
test a_segmented_object_no_longer_ends_the_pass_and_the_flat_work_still_happens ... ok
test an_unreadable_committed_object_is_named_and_the_walk_continues ... ok

test result: ok. 5 passed; 0 failed; 0 ignored; 0 measured; 0 filtered out; finished in 0.00s

     Running tests/segmented_map_reconstruction.rs (target/llvm-cov-target/debug/deps/segmented_map_reconstruction-c8984d049c628c7a)

running 6 tests
test an_empty_queue_reads_nothing_and_answers_satisfied ... ok
test a_store_fault_under_the_resolver_ends_the_pass_after_the_name_is_out ... ok
test an_obligation_inside_a_segmented_object_is_refused_never_discarded ... ok
test a_healthy_segmented_object_neither_ends_the_pass_nor_blocks_it ... ok
test an_unreadable_object_is_named_and_the_pass_drains_nothing ... ok
test the_committed_namespace_is_read_once_per_pass ... ok

test result: ok. 6 passed; 0 failed; 0 ignored; 0 measured; 0 filtered out; finished in 0.05s

     Running tests/segmented_map_restore.rs (target/llvm-cov-target/debug/deps/segmented_map_restore-3fddf182a9625e93)

running 5 tests
test a_segmented_object_no_longer_stops_the_post_restore_pass ... ok
test an_unreadable_object_does_not_starve_the_objects_the_pass_could_read ... ok
test marks_and_report_rest_on_one_reading ... ok
test an_unreadable_object_is_contained_and_neither_surface_certifies_it ... ok
test a_record_already_known_unreadable_is_named_before_a_later_read_can_fail ... ok

test result: ok. 5 passed; 0 failed; 0 ignored; 0 measured; 0 filtered out; finished in 0.00s

     Running tests/skeleton.rs (target/llvm-cov-target/debug/deps/skeleton-b71706cb438266fc)

running 3 tests
test selector_places_distinct_domains_and_refuses_when_too_few ... ok
test elected_leader_is_fenced_and_deposed_leader_rejected ... ok
test exporter_emits_first_metric_over_dual_surface ... ok

test result: ok. 3 passed; 0 failed; 0 ignored; 0 measured; 0 filtered out; finished in 0.00s

     Running tests/staged_drain_status.rs (target/llvm-cov-target/debug/deps/staged_drain_status-43bea8ea231171e7)

running 7 tests
test a_committed_parts_fragment_holds_the_drain ... ok
test a_server_holding_none_of_the_staged_bytes_still_drains ... ok
test a_staged_record_the_query_cannot_trust_blocks_every_drain ... ok
test an_in_flight_owned_fragment_holds_the_drain ... ok
test every_server_that_does_carry_staged_bytes_holds_its_own_drain ... ok
test a_staged_record_the_query_cannot_read_blocks_every_drain ... ok
test rebalance_leaves_staged_bytes_alone_while_the_drain_stays_pending ... ok

test result: ok. 7 passed; 0 failed; 0 ignored; 0 measured; 0 filtered out; finished in 0.00s

     Running tests/staged_protection.rs (target/llvm-cov-target/debug/deps/staged_protection-5049f2a6513e08e9)

running 36 tests
test a_fault_reading_the_session_listing_fails_both_passes ... ok
test a_part_commit_between_its_two_reads_leaves_the_chunk_protected ... ok
test a_fault_reading_a_session_part_range_fails_both_passes ... ok
test a_fault_reading_a_session_owned_range_fails_both_passes ... ok
test a_session_key_naming_no_upload_withholds_both_passes ... ok
test a_publication_flipped_and_drained_between_the_reads_leaves_the_chunk_protected ... ok
test a_session_whose_value_will_not_decode_still_protects_its_records ... ok
test an_empty_queue_reads_no_staged_record_and_answers_satisfied ... ok
test a_part_key_the_parser_rejects_withholds_both_passes ... ok
test an_owned_entry_with_an_empty_placement_holds_its_chunk ... ok
test a_part_with_an_empty_placement_holds_its_chunk ... ok
test a_part_with_an_over_long_placement_holds_its_chunk ... ok
test a_part_with_a_wrong_length_placement_holds_its_chunk ... ok
test reconstruction_keeps_an_obligation_across_a_publication_between_its_reads ... ok
test restore_leaves_unmarked_a_chunk_flipped_and_drained_after_read_2 ... ok
test restore_leaves_unmarked_a_chunk_flipped_and_drained_after_read_1 ... ok
test restore_leaves_unmarked_a_chunk_flipped_after_read_1_and_drained_after_read_2 ... ok
test a_publication_flipped_between_the_reads_and_drained_after_leaves_the_chunk_protected ... ok
test reconstruction_keeps_an_obligation_an_owned_entry_still_names ... ok
test restore_marks_no_staged_fragment_of_an_upload_whose_records_span_pages ... ok
test restore_marks_no_staged_fragment_and_gc_then_keeps_them ... ok
test scrub_checks_committed_parts_and_never_reads_owned_entries ... ok
test reconstruction_drains_an_obligation_no_class_names ... ok
test reconstruction_keeps_an_obligation_a_held_owned_entry_names ... ok
test an_unreadable_staged_record_is_named_even_when_the_committed_read_then_faults ... ok
test an_unreadable_staged_record_holds_back_every_drain ... ok
test reconstruction_keeps_an_obligation_a_committed_part_still_names ... ok
test reconstruction_keeps_an_obligation_a_held_part_record_names ... ok
test an_owned_entry_with_a_wrong_length_placement_holds_its_chunk ... ok
test an_owned_key_naming_no_chunk_withholds_both_passes ... ok
test an_undecodable_part_record_withholds_both_passes ... ok
test an_undecodable_owned_value_holds_its_chunk ... ok
test gc_and_restore_never_scan_a_whole_staged_namespace ... ok
test gc_keeps_every_staged_fragment_of_an_upload_whose_records_span_pages ... ok
test gc_keeps_every_staged_fragment_in_every_session_state ... ok
test scrub_and_reconstruction_settle_after_a_published_chunk_is_moved ... ok

test result: ok. 36 passed; 0 failed; 0 ignored; 0 measured; 0 filtered out; finished in 0.05s

     Running tests/staged_repair.rs (target/llvm-cov-target/debug/deps/staged_repair-08cb728e348605a3)

running 30 tests
test a_session_fenced_between_the_write_and_the_adoption_strands_nothing ... ok
test an_open_uploads_intact_chunk_drains_its_obligation ... ok
test a_session_fenced_before_the_premark_writes_nothing ... ok
test a_chunk_two_parts_name_is_repaired_against_the_first ... ok
test a_chunk_only_an_owned_entry_names_is_kept ... ok
test a_chunk_an_untrusted_owned_entry_holds_is_kept ... ok
test a_part_record_rewritten_between_the_write_and_the_adoption_strands_nothing ... ok
test an_open_uploads_committed_part_is_rebuilt_and_adopted ... ok
test a_drain_recorded_before_the_premark_writes_nothing ... ok
test a_part_record_rewritten_before_the_premark_writes_nothing ... ok
test a_fragment_lost_from_a_live_server_is_rebuilt_in_place ... ok
test the_write_deadline_runs_from_the_premark_not_the_pass_start ... ok
test a_write_refused_past_its_deadline_adopts_nothing ... ok
test the_premark_is_durable_when_the_write_arrives ... ok
test gc_reclaiming_the_destination_before_the_adoption_makes_it_lose ... ok
test a_drain_recorded_before_the_adoption_makes_it_lose ... ok
test a_slow_but_legal_write_never_stops_a_multi_fragment_move ... ok
test a_server_with_any_desired_state_record_is_never_chosen ... ok
test a_moves_writes_are_sent_together ... ok
test a_ruled_out_position_rules_out_only_itself ... ok
test gc_reclaiming_the_vacated_position_before_the_adoption_makes_it_lose ... ok
test a_degraded_chunk_with_no_usable_destination_is_kept ... ok
test an_unreadable_session_withholds_the_move ... ok
test a_destinations_existing_mark_is_restamped_fresh ... ok
test a_write_the_server_cannot_certify_adopts_nothing ... ok
test no_write_is_authorized_on_a_premark_w_repoint_old ... ok
test gc_reclaiming_the_destination_before_the_premark_writes_nothing ... ok
test an_unreadable_vacated_mark_withholds_the_move ... ok
test a_chunk_of_an_upload_that_has_left_open_is_kept_then_repaired_once_published ... ok
test a_chunk_below_k_only_behind_an_outage_is_not_data_loss ... ok

test result: ok. 30 passed; 0 failed; 0 ignored; 0 measured; 0 filtered out; finished in 0.05s

     Running tests/staged_scrub.rs (target/llvm-cov-target/debug/deps/staged_scrub-6a4784c2fc7bb45a)

running 18 tests
test scrub_fails_the_pass_on_a_store_fault_reading_a_part_range ... ok
test scrub_detects_a_corrupt_committed_part_fragment ... ok
test scrub_control_intact_committed_part_fragment_queues_nothing ... ok
test scrub_fails_closed_on_a_session_key_naming_no_upload ... ok
test a_part_placement_a_committed_map_supersedes_is_not_checked ... ok
test scrub_detects_a_committed_part_fragment_with_the_wrong_ec_scheme ... ok
test a_superseded_part_is_checked_where_the_committed_map_places_it ... ok
test a_wrong_length_committed_part_placement_is_never_certified ... ok
test a_part_placement_a_malformed_committed_map_supersedes_is_not_checked ... ok
test a_publication_flipped_and_drained_between_scrubs_reads_leaves_the_chunk_checked ... ok
test a_malformed_part_placement_a_committed_map_supersedes_does_not_block ... ok
test an_empty_committed_part_placement_is_malformed_and_queues_no_phantom_repair ... ok
test a_publication_flipped_between_scrubs_reads_and_drained_after_leaves_the_chunk_checked ... ok
test scrub_checks_committed_parts_of_sessions_past_the_first_page ... ok
test scrub_detects_a_missing_committed_part_fragment ... ok
test scrub_leaves_an_sidx_only_chunk_alone ... ok
test staged_damage_is_named_even_when_the_committed_read_then_faults ... ok
test scrub_fails_closed_on_an_unreadable_part_record_but_checks_the_rest ... ok

test result: ok. 18 passed; 0 failed; 0 ignored; 0 measured; 0 filtered out; finished in 0.02s

     Running tests/tier1_disk_faults.rs (target/llvm-cov-target/debug/deps/tier1_disk_faults-01e7c0a8023f60b8)

running 1 test
test disk_fault_drives_custodian_to_full_redundancy_with_no_read_errors ... ignored, Tier-1: needs root + device-mapper — run via cargo xtask disk-faults

test result: ok. 0 passed; 0 failed; 1 ignored; 0 measured; 0 filtered out; finished in 0.00s
run-diff-cov.sh: cfg-gated test target (madsim) for crates/dst — passing the flag (#104).
run-diff-cov.sh: MEASURE — cargo llvm-cov test -p wyrd-dst (fix applied)
info: cargo-llvm-cov currently setting cfg(coverage); you can opt-out it by passing --no-cfg-coverage
   Compiling proc-macro2 v1.0.106
   Compiling unicode-ident v1.0.24
   Compiling quote v1.0.46
   Compiling libc v0.2.186
   Compiling cfg-if v1.0.4
   Compiling bytes v1.12.1
   Compiling pin-project-lite v0.2.17
   Compiling memchr v2.8.2
   Compiling once_cell v1.21.4
   Compiling futures-core v0.3.34
   Compiling fnv v1.0.7
   Compiling serde_core v1.0.229
   Compiling futures-sink v0.3.34
   Compiling itoa v1.0.18
   Compiling slab v0.4.12
   Compiling equivalent v1.0.2
   Compiling hashbrown v0.17.1
   Compiling futures-task v0.3.34
   Compiling zerocopy v0.8.52
   Compiling smallvec v1.15.2
   Compiling serde v1.0.229
   Compiling lazy_static v1.5.0
   Compiling anyhow v1.0.103
   Compiling tower-service v0.3.3
   Compiling either v1.16.0
   Compiling getrandom v0.3.4
   Compiling semver v1.0.28
   Compiling tower-layer v0.3.3
   Compiling sync_wrapper v1.0.2
   Compiling autocfg v1.5.1
   Compiling httparse v1.10.1
   Compiling regex-syntax v0.8.11
   Compiling futures-channel v0.3.34
   Compiling try-lock v0.2.5
   Compiling percent-encoding v2.3.2
   Compiling mime v0.3.17
   Compiling atomic-waker v1.1.2
   Compiling thiserror v2.0.18
   Compiling tracing-core v0.1.36
   Compiling ident_case v1.0.1
   Compiling zmij v1.0.21
   Compiling httpdate v1.0.3
   Compiling serde_json v1.0.151
   Compiling scopeguard v1.2.0
   Compiling log v0.4.32
   Compiling want v0.3.1
   Compiling base64 v0.22.1
   Compiling syn v1.0.109
   Compiling sharded-slab v0.1.7
   Compiling thread_local v1.1.9
   Compiling bitflags v2.13.0
   Compiling itertools v0.14.0
   Compiling rustc_version v0.4.1
   Compiling lock_api v0.4.14
   Compiling nu-ansi-term v0.50.3
   Compiling rustversion v1.0.22
   Compiling crossbeam-utils v0.8.21
   Compiling strsim v0.10.0
   Compiling rustix v1.1.4
   Compiling matchit v0.8.4
   Compiling linux-raw-sys v0.12.1
   Compiling thiserror v1.0.69
   Compiling num-traits v0.2.19
   Compiling http v1.4.2
   Compiling aho-corasick v1.1.4
   Compiling parking v2.2.1
   Compiling version_check v0.9.5
   Compiling winnow v0.7.15
   Compiling tracing-log v0.2.0
   Compiling logos-codegen v0.15.1
   Compiling prettyplease v0.2.37
   Compiling indexmap v2.14.0
   Compiling getrandom v0.4.3
   Compiling pulldown-cmark v0.13.4
   Compiling event-listener v5.4.2
   Compiling beef v0.5.2
   Compiling rand_core v0.10.1
   Compiling unicase v2.9.0
   Compiling winnow v1.0.3
   Compiling fastrand v2.4.1
   Compiling foldhash v0.1.5
   Compiling ahash v0.8.12
   Compiling iana-time-zone v0.1.65
   Compiling toml_writer v1.1.1+spec-1.1.0
   Compiling cpufeatures v0.3.0
   Compiling unicode-width v0.1.14
   Compiling fixedbitset v0.5.7
   Compiling spin v0.9.9
   Compiling hashbrown v0.15.5
   Compiling event-listener-strategy v0.5.4
   Compiling concurrent-queue v2.5.0
   Compiling syn v2.0.118
   Compiling syn v3.0.0
   Compiling panic-message v0.3.0
   Compiling readme-rustdocifier v0.1.1
   Compiling typenum v1.20.1
   Compiling strsim v0.11.1
   Compiling heck v0.5.0
   Compiling downcast-rs v1.2.1
   Compiling naive-timer v0.2.0
   Compiling async-task v4.7.1
   Compiling multimap v0.10.1
   Compiling async-channel v2.5.0
   Compiling parking_lot_core v0.9.12
   Compiling toml_parser v1.1.2+spec-1.1.0
   Compiling crc32c v0.6.8
   Compiling indexmap v1.9.3
   Compiling protobuf v3.7.2
   Compiling chacha20 v0.10.2
   Compiling prometheus v0.14.0
   Compiling hashbrown v0.12.3
   Compiling http-body v1.1.0
   Compiling toml_write v0.1.2
   Compiling const-oid v0.10.2
   Compiling matchit v0.7.3
   Compiling mio v1.2.1
   Compiling socket2 v0.6.4
   Compiling http-body-util v0.1.3
   Compiling getrandom v0.2.17
   Compiling chrono v0.4.45
   Compiling errno v0.3.14
   Compiling regex-automata v0.4.14
   Compiling rand_core v0.6.4
   Compiling rand_core v0.9.5
   Compiling petgraph v0.8.3
   Compiling socket2 v0.5.10
   Compiling rand v0.10.3
   Compiling axum-core v0.5.6
   Compiling redb v4.3.0
   Compiling rand_xoshiro v0.6.0
   Compiling reed-solomon-simd v3.1.0
   Compiling parking_lot v0.12.5
   Compiling wyrd-chunk-format v0.0.0 (/home/eddie/wyrd/wyrd-cov-l2/crates/chunk-format)
   Compiling cpufeatures v0.2.17
   Compiling pulldown-cmark-to-cmark v22.0.0
   Compiling hybrid-array v0.4.13
   Compiling crypto-common v0.2.2
   Compiling block-buffer v0.12.1
   Compiling tempfile v3.27.0
   Compiling serde_spanned v1.1.1
   Compiling toml_datetime v0.7.5+spec-1.1.0
   Compiling toml v0.9.12+spec-1.1.0
   Compiling digest v0.11.3
   Compiling sha2 v0.11.0
   Compiling matchers v0.2.0
   Compiling futures-macro v0.3.34
   Compiling async-trait v0.1.92
   Compiling serde_derive v1.0.229
   Compiling ppv-lite86 v0.2.21
   Compiling darling_core v0.14.4
   Compiling darling_core v0.23.0
   Compiling rand_chacha v0.3.1
   Compiling rand_chacha v0.9.0
   Compiling rand_chacha v0.10.0
   Compiling futures-util v0.3.34
   Compiling rand v0.9.4
   Compiling rand v0.8.6
   Compiling wyrd-traits v0.0.0 (/home/eddie/wyrd/wyrd-cov-l2/crates/traits)
   Compiling tracing-attributes v0.1.31
   Compiling tokio-macros v2.7.0
   Compiling prost-derive v0.14.4
   Compiling thiserror-impl v2.0.18
   Compiling pin-project-internal v1.1.13
   Compiling async-stream-impl v0.3.6
   Compiling thiserror-impl v1.0.69
   Compiling miette-derive v7.6.0
   Compiling wyrd-testkit v0.0.0 (/home/eddie/wyrd/wyrd-cov-l2/crates/testkit)
   Compiling wyrd-coordination-conformance v0.0.0 (/home/eddie/wyrd/wyrd-cov-l2/crates/coordination-conformance)
   Compiling tonic-build v0.14.6
   Compiling wyrd-coordination-mem v0.0.0 (/home/eddie/wyrd/wyrd-cov-l2/crates/coordination-mem)
   Compiling async-stream v0.3.6
   Compiling logos-codegen v0.16.1
   Compiling regex v1.12.4
   Compiling tokio v1.52.3
   Compiling logos-derive v0.15.1
   Compiling wyrd-metadata-redb v0.0.0 (/home/eddie/wyrd/wyrd-cov-l2/crates/metadata-redb)
   Compiling pin-project v1.1.13
   Compiling darling_macro v0.14.4
   Compiling logos v0.15.1
   Compiling miette v7.6.0
   Compiling tracing v0.1.44
   Compiling protobuf-support v3.7.2
   Compiling prost v0.14.4
   Compiling darling v0.14.4
   Compiling opentelemetry v0.33.0
   Compiling madsim-macros v0.2.12
   Compiling prost-types v0.14.4
   Compiling darling_macro v0.23.0
   Compiling logos-derive v0.16.1
   Compiling darling v0.23.0
   Compiling serde_with_macros v3.21.0
   Compiling logos v0.16.1
   Compiling tracing-serde v0.2.0
   Compiling bincode v1.3.3
   Compiling toml_datetime v0.6.11
   Compiling serde_spanned v0.6.9
   Compiling tracing-subscriber v0.3.23
   Compiling serde_with v3.21.0
   Compiling toml_edit v0.22.27
   Compiling prost-build v0.14.4
   Compiling prost-reflect v0.16.4
   Compiling protox-parse v0.9.0
   Compiling futures-executor v0.3.32
   Compiling axum-core v0.4.5
   Compiling wyrd-core v0.0.0 (/home/eddie/wyrd/wyrd-cov-l2/crates/core)
   Compiling wyrd-metadata-conformance v0.0.0 (/home/eddie/wyrd/wyrd-cov-l2/crates/metadata-conformance)
   Compiling opentelemetry_sdk v0.33.0
   Compiling tonic-prost-build v0.14.6
   Compiling madsim-tonic-build v0.6.0+0.14
   Compiling tracing-opentelemetry v0.34.0
   Compiling wyrd-dst v0.0.0 (/home/eddie/wyrd/wyrd-cov-l2/crates/dst)
   Compiling toml v0.8.23
   Compiling tokio-util v0.7.18
   Compiling tokio-stream v0.1.19
   Compiling madsim v0.2.34
   Compiling wyrd-chunkstore-fs v0.0.0 (/home/eddie/wyrd/wyrd-cov-l2/crates/chunkstore-fs)
   Compiling protox v0.9.1
   Compiling h2 v0.4.19
   Compiling tower v0.5.3
   Compiling tower v0.4.13
   Compiling wyrd-proto v0.0.0 (/home/eddie/wyrd/wyrd-cov-l2/crates/proto)
   Compiling opentelemetry-prometheus v0.33.0
   Compiling axum v0.8.9
   Compiling axum v0.7.9
   Compiling madsim-tokio v0.2.30
   Compiling hyper v1.10.1
   Compiling hyper-util v0.1.20
   Compiling hyper-timeout v0.5.2
   Compiling tonic v0.14.6
   Compiling tonic v0.12.3
   Compiling madsim-etcd-client v0.6.0+0.14.0
   Compiling tonic-prost v0.14.6
   Compiling tonic-types v0.14.6
   Compiling madsim-tonic v0.6.0+0.14
   Compiling opentelemetry-proto v0.33.0
   Compiling opentelemetry-otlp v0.33.0
   Compiling wyrd-coordination-etcd v0.0.0 (/home/eddie/wyrd/wyrd-cov-l2/crates/coordination-etcd)
   Compiling wyrd-telemetry v0.0.0 (/home/eddie/wyrd/wyrd-cov-l2/crates/telemetry)
   Compiling wyrd-chunkstore-grpc v0.0.0 (/home/eddie/wyrd/wyrd-cov-l2/crates/chunkstore-grpc)
   Compiling wyrd-custodian v0.0.0 (/home/eddie/wyrd/wyrd-cov-l2/crates/custodian)
    Finished `test` profile [unoptimized + debuginfo] target(s) in 15.67s
     Running unittests src/lib.rs (target/llvm-cov-target/debug/deps/wyrd_dst-758702367e956b51)

running 0 tests

test result: ok. 0 passed; 0 failed; 0 ignored; 0 measured; 0 filtered out; finished in 0.00s

     Running tests/commit_ambiguity.rs (target/llvm-cov-target/debug/deps/commit_ambiguity-915a4c3c5d4a0cfa)

running 14 tests
test the_two_undeterminable_codes_are_not_equally_bad ... ok
test assuming_an_ambiguous_blind_put_landed_leaves_a_chunk_unprotected - should panic ... ok
test treating_a_timed_out_commit_like_1021_fails_the_sweep - should panic ... ok
test a_torn_apply_of_an_ambiguous_commit_is_caught - should panic ... ok
test assuming_an_ambiguous_commit_did_not_land_fails_the_sweep - should panic ... ok
test counting_every_timed_out_commit_a_winner_fails_the_contended_sweep - should panic ... ok
test an_ambiguous_pending_ledger_put_is_settled_by_a_re_read ... ok
test committed_regression_seeds_stay_green ... ok
test a_deferred_1031_batch_that_skips_the_resolver_clobbers_the_winner - should panic ... ok
test a_timed_out_commit_may_still_land_after_the_settling_re_read ... ok
test a_stale_deferred_1031_batch_is_rejected_against_current_truth ... ok
test commit_ambiguity_invariants_hold_under_the_dst_seed_sweep ... ok
test contention_under_1031_keeps_exactly_one_winner_through_the_deferral ... ok
test the_settling_re_read_covers_both_halves_of_the_ambiguity_space ... ok

test result: ok. 14 passed; 0 failed; 0 ignored; 0 measured; 0 filtered out; finished in 0.25s

     Running tests/concurrency.rs (target/llvm-cov-target/debug/deps/concurrency-05a698c58976812b)

running 5 tests
test blind_batch_lost_lock_race_is_err_never_conflict ... ok
test sim_tikv_reaches_mid_commit_interleaving_and_one_wins ... ok
test synchronous_redb_shaped_commit_never_reaches_the_interleaving - should panic ... ok
test exactly_one_concurrent_writer_wins_sim_tikv ... ok
test exactly_one_concurrent_writer_wins_redb ... ok

test result: ok. 5 passed; 0 failed; 0 ignored; 0 measured; 0 filtered out; finished in 0.71s

     Running tests/conformance.rs (target/llvm-cov-target/debug/deps/conformance-6be10dd9921aa8f2)

running 3 tests
test sim_fdb_backend_passes_shared_contract ... ok
test sim_tikv_backend_passes_shared_contract ... ok
test redb_backend_passes_shared_contract ... ok

test result: ok. 3 passed; 0 failed; 0 ignored; 0 measured; 0 filtered out; finished in 2.47s

     Running tests/coordination.rs (target/llvm-cov-target/debug/deps/coordination-2f2b261edb19b8fd)

running 12 tests
test process_local_store_fails_the_single_leader_clause - should panic ... ok
test process_local_store_fails_the_mutual_exclusion_clause - should panic ... ok
test process_local_store_fails_the_cross_process_discovery_clause - should panic ... ok
test a_registration_lease_expires_deterministically ... ok
test peers_are_discovered_across_instances ... ok
test single_leader_is_exclusive_across_two_etcd_instances ... ok
test a_lapsed_leader_recampaigns_after_its_lease_is_lost ... ok
test a_transient_proclaim_error_keeps_the_hold_and_its_lease ... ok
test only_one_of_two_instances_leads_then_hands_off ... ok
test a_lock_is_mutually_exclusive_across_two_instances ... ok
test a_cancelled_campaign_leaks_no_orphan ... ok
test shared_contract_suite_on_the_etcd_simulator ... ok

test result: ok. 12 passed; 0 failed; 0 ignored; 0 measured; 0 filtered out; finished in 0.09s

     Running tests/custodian.rs (target/llvm-cov-target/debug/deps/custodian-d2f722a7d57063c5)

running 28 tests
test barrier_installed_and_registry_keeps_callsites_capturable ... ok
test gc_reclaims_only_true_orphans_q3 ... ok
test restore_two_readings_never_license_a_mark ... ok
test gc_reclaim_intent_never_publishes_over_deleted_bytes ... ok
test gc_fragment_less_sweep_never_deletes_a_restamped_mark ... ok
test segmented_resolve_never_tears ... ok
test gc_over_a_segmented_map_never_reclaims_it_and_never_over_certifies ... ok
test reconstruction_staged_handoffs_never_drain_the_obligation ... ok
test gc_staged_handoffs_never_reclaim_the_chunk ... ok
test gc_sweep_judges_an_ambiguous_commit_as_one_batch ... ok
test gc_orphan_walk_under_a_concurrent_unlink ... ok
test staged_replace_under_the_fence_strands_nothing ... ok
test restore_two_readings_cover_the_divergence_window ... ok
test durability_emission_rises_then_returns_to_zero ... ok
test scrub_detects_bit_rot_then_reconstructs_q2 ... ok
test fenced_stale_leader_lands_nothing ... ok
test reconstruct_to_full_redundancy_q1 ... ok
test reader_flips_atomically_across_commit ... ok
test gc_reclaim_intent_reaches_both_outcomes ... ok
test commit_point_atomic_repair_under_crash ... ok
test crash_mid_fragment_write_commits_nothing ... ok
test staged_replace_reaches_every_point_of_the_fence ... ok
test gc_fragment_less_sweep_reaches_between_the_read_and_the_delete ... ok
test gc_orphan_walk_reaches_the_mid_walk_landing ... ok
test gc_staged_handoffs_reach_between_and_outside_the_reads ... ok
test reconstruction_staged_handoffs_reach_between_and_outside_the_reads ... ok
test gc_sweep_ambiguity_reaches_before_and_after_the_read_back ... ok
test committed_regression_seeds_stay_green ... ok

test result: ok. 28 passed; 0 failed; 0 ignored; 0 measured; 0 filtered out; finished in 14.57s

     Running tests/network.rs (target/llvm-cov-target/debug/deps/network-640c8f08cd3872f5)

running 8 tests
test a_publication_the_d_server_could_not_verify_is_reported_not_acknowledged ... ok
test a_write_parked_past_its_deadline_is_refused_by_the_real_d_server ... ok
test a_write_that_expires_inside_the_d_servers_store_is_refused_before_publication ... ok
test partial_fanout_fails_closed ... ok
test k_of_n_read_survives_dropped_fetches ... ok
test corrupt_fragment_is_read_around ... ok
test parallel_write_durability_over_network ... ok
test exactly_one_concurrent_writer_wins_over_network ... ok

test result: ok. 8 passed; 0 failed; 0 ignored; 0 measured; 0 filtered out; finished in 1.51s

     Running tests/no_fdb_linkage.rs (target/llvm-cov-target/debug/deps/no_fdb_linkage-fdb9c2324306b72e)

running 9 tests
test scan_line_ignores_comments_and_unrelated_dependencies ... ok
test package_nodes_reads_package_lines_and_not_feature_lines ... ok
test scan_line_catches_every_manifest_dependency_shape ... ok
test the_dst_manifest_declares_no_fdb_dependency ... ok
test scan_manifest_is_red_when_an_fdb_dependency_is_planted ... ok
test the_dst_support_module_declares_the_simulated_fdb_store ... ok
test the_dst_dependency_graph_links_no_libfdb_c ... ok
test the_graph_scanner_is_red_on_a_cfg_madsim_gated_rename_and_transitive_edge ... ok
test the_graph_scanner_is_red_on_the_real_fdb_backend_with_its_feature_on ... ok

test result: ok. 9 passed; 0 failed; 0 ignored; 0 measured; 0 filtered out; finished in 0.25s

     Running tests/tikv_await_commit_interleaving.rs (target/llvm-cov-target/debug/deps/tikv_await_commit_interleaving-87f37883d18bc45f)

running 1 test
test redb_overwrite_cas_classifies_the_stale_writer_as_conflict ... ok

test result: ok. 1 passed; 0 failed; 0 ignored; 0 measured; 0 filtered out; finished in 0.91s
run-diff-cov.sh: NOTE — 20 of 92 changed production lines carried a coverage
                 region; the other 72 are not scored either way. Most are simply not
                 executable (comments, `use`, declarations, bare delimiters). But code
                 compiled out by a #[cfg(...)] your feature selection does not enable looks
                 identical here, and this gate cannot tell the two apart (#222).
                 The largest unscored spans, so you can tell at a glance which it is:
run-diff-cov.sh:   UNSCORED crates/core/src/multipart.rs:2111-2125 (15 lines)
run-diff-cov.sh:   UNSCORED crates/core/src/multipart.rs:2075-2081 (7 lines)
run-diff-cov.sh:   UNSCORED crates/core/src/multipart.rs:2218-2224 (7 lines)
run-diff-cov.sh:   UNSCORED crates/core/src/multipart.rs:1946-1950 (5 lines)
run-diff-cov.sh:   UNSCORED crates/core/src/metadata.rs:1040-1043 (4 lines)
run-diff-cov.sh:   UNSCORED crates/core/src/multipart.rs:2135-2138 (4 lines)
run-diff-cov.sh:   … and 13 further span(s), none larger; all of them are in coverage/diff-cov.json
run-diff-cov.sh: MISS crates/core/src/metadata.rs:1044
run-diff-cov.sh: MISS crates/core/src/metadata.rs:1045
run-diff-cov.sh: MISS crates/core/src/metadata.rs:1046
run-diff-cov.sh: MISS crates/core/src/multipart.rs:2215
run-diff-cov.sh: MISS crates/core/src/multipart.rs:2216
run-diff-cov.sh: MISS crates/core/src/multipart.rs:2217
run-diff-cov.sh: MISS crates/core/src/multipart.rs:2225
run-diff-cov.sh: MISS crates/core/src/multipart.rs:2226
run-diff-cov.sh: MISS crates/core/src/multipart.rs:2227
run-diff-cov.sh: MISS crates/core/src/multipart.rs:2228
run-diff-cov.sh: MISS crates/core/src/multipart.rs:2229
run-diff-cov.sh: MISS crates/core/src/multipart.rs:2230
run-diff-cov.sh: MISS crates/core/src/multipart.rs:2232
run-diff-cov.sh: MISS crates/core/src/multipart.rs:2235
METRIC diff_cov=30.0 covered=6 instrumentable=20 unscored=72
run-diff-cov.sh: C4-diff-cov: uncovered changed lines in crate wyrd-core — 14 of 20 not executed by the patch tests (70.0% uncovered)
run-diff-cov.sh: FAIL — the patch's tests execute 30.0% of its instrumentable changed
                 lines, below the 80% floor. Each MISS above is a REACH gap: the
                 line never ran. (A line that DID run may still be unasserted — that is
                 C5-mutants' question, not this row's.)
PDCA-EVIDENCE: diff coverage 30.0% — 6 of 20 instrumentable changed lines executed (below the 80% floor); 20 of 92 changed lines were instrumentable
