# gate: C4-verify — per-fix red->green: this patch's test red pre-fix, green post-fix
# cmd: ./engine/scripts/run-verify.sh
# cwd: /home/eddie/wyrd/wyrd-pdca
# PDCA_WORKTREE: /home/eddie/wyrd/wyrd.pdca-wt-l2
# start: 2026-09-30T19:00:42+00:00
# duration_secs: 3.23
# exit: 0
# outcome: pass
# ---- combined stdout+stderr (verbatim) ----
run-verify.sh: GREEN — cargo test -p wyrd-core --test multipart_segment_nonce (fix applied)

running 17 tests
.................
test result: ok. 17 passed; 0 failed; 0 ignored; 0 measured; 0 filtered out; finished in 0.00s
run-verify.sh: RED — cargo test -p wyrd-core --test multipart_segment_nonce (production reverted, test kept)

running 17 tests
leg_a_nonce_decodes_and_re_encodes_byte_identically::open --- FAILED
leg_a_nonce_decodes_and_re_encodes_byte_identically::completed --- FAILED
leg_a_nonce_decodes_and_re_encodes_byte_identically::completing --- FAILED
fixture_is_the_shared_wire_spelling --- FAILED
leg_b_record_without_nonce_is_refused::aborting --- FAILED
leg_a_nonce_decodes_and_re_encodes_byte_identically::aborting --- FAILED
leg_b_record_without_nonce_is_refused::completing --- FAILED
leg_c_nonce_not_32_lowercase_hex_is_refused::open --- FAILED
leg_d_nonce_named_once_in_one_position::aborting --- FAILED
leg_d_nonce_named_once_in_one_position::completed --- FAILED
leg_c_nonce_not_32_lowercase_hex_is_refused::completing --- FAILED
leg_b_record_without_nonce_is_refused::completed --- FAILED
leg_c_nonce_not_32_lowercase_hex_is_refused::completed --- FAILED
leg_d_nonce_named_once_in_one_position::completing --- FAILED
leg_d_nonce_named_once_in_one_position::open --- FAILED
leg_b_record_without_nonce_is_refused::open --- FAILED
leg_c_nonce_not_32_lowercase_hex_is_refused::aborting --- FAILED

failures:

---- leg_a_nonce_decodes_and_re_encodes_byte_identically::open stdout ----

thread 'leg_a_nonce_decodes_and_re_encodes_byte_identically::open' (4116584) panicked at crates/core/tests/multipart_segment_nonce.rs:113:33:
Open carrying its nonce decodes: malformed mpu: record value: unknown field `segment_nonce`, expected one of `parent`, `object`, `content_type`, `created_at_millis`, `clock_source`, `epoch`, `attempts`, `state` at line 1 column 87

---- leg_a_nonce_decodes_and_re_encodes_byte_identically::completed stdout ----

thread 'leg_a_nonce_decodes_and_re_encodes_byte_identically::completed' (4116582) panicked at crates/core/tests/multipart_segment_nonce.rs:113:33:
Completed carrying its nonce decodes: malformed mpu: record value: unknown field `segment_nonce`, expected one of `parent`, `object`, `content_type`, `created_at_millis`, `clock_source`, `epoch`, `attempts`, `state` at line 1 column 87

---- leg_a_nonce_decodes_and_re_encodes_byte_identically::completing stdout ----

thread 'leg_a_nonce_decodes_and_re_encodes_byte_identically::completing' (4116583) panicked at crates/core/tests/multipart_segment_nonce.rs:113:33:
Completing carrying its nonce decodes: malformed mpu: record value: unknown field `segment_nonce`, expected one of `parent`, `object`, `content_type`, `created_at_millis`, `clock_source`, `epoch`, `attempts`, `state` at line 1 column 87
note: run with `RUST_BACKTRACE=1` environment variable to display a backtrace

---- fixture_is_the_shared_wire_spelling stdout ----

thread 'fixture_is_the_shared_wire_spelling' (4116580) panicked at crates/core/tests/multipart_segment_nonce.rs:264:37:
the Open example decodes: malformed mpu: record value: unknown field `segment_nonce`, expected one of `parent`, `object`, `content_type`, `created_at_millis`, `clock_source`, `epoch`, `attempts`, `state` at line 1 column 87

---- leg_b_record_without_nonce_is_refused::aborting stdout ----

thread 'leg_b_record_without_nonce_is_refused::aborting' (4116585) panicked at crates/core/tests/multipart_segment_nonce.rs:113:33:
Aborting carrying its nonce decodes: malformed mpu: record value: unknown field `segment_nonce`, expected one of `parent`, `object`, `content_type`, `created_at_millis`, `clock_source`, `epoch`, `attempts`, `state` at line 1 column 87

---- leg_a_nonce_decodes_and_re_encodes_byte_identically::aborting stdout ----

thread 'leg_a_nonce_decodes_and_re_encodes_byte_identically::aborting' (4116581) panicked at crates/core/tests/multipart_segment_nonce.rs:113:33:
Aborting carrying its nonce decodes: malformed mpu: record value: unknown field `segment_nonce`, expected one of `parent`, `object`, `content_type`, `created_at_millis`, `clock_source`, `epoch`, `attempts`, `state` at line 1 column 87

---- leg_b_record_without_nonce_is_refused::completing stdout ----

thread 'leg_b_record_without_nonce_is_refused::completing' (4116587) panicked at crates/core/tests/multipart_segment_nonce.rs:113:33:
Completing carrying its nonce decodes: malformed mpu: record value: unknown field `segment_nonce`, expected one of `parent`, `object`, `content_type`, `created_at_millis`, `clock_source`, `epoch`, `attempts`, `state` at line 1 column 87

---- leg_c_nonce_not_32_lowercase_hex_is_refused::open stdout ----

thread 'leg_c_nonce_not_32_lowercase_hex_is_refused::open' (4116592) panicked at crates/core/tests/multipart_segment_nonce.rs:113:33:
Open carrying its nonce decodes: malformed mpu: record value: unknown field `segment_nonce`, expected one of `parent`, `object`, `content_type`, `created_at_millis`, `clock_source`, `epoch`, `attempts`, `state` at line 1 column 87

---- leg_d_nonce_named_once_in_one_position::aborting stdout ----

thread 'leg_d_nonce_named_once_in_one_position::aborting' (4116593) panicked at crates/core/tests/multipart_segment_nonce.rs:113:33:
Aborting carrying its nonce decodes: malformed mpu: record value: unknown field `segment_nonce`, expected one of `parent`, `object`, `content_type`, `created_at_millis`, `clock_source`, `epoch`, `attempts`, `state` at line 1 column 87

---- leg_d_nonce_named_once_in_one_position::completed stdout ----

thread 'leg_d_nonce_named_once_in_one_position::completed' (4116594) panicked at crates/core/tests/multipart_segment_nonce.rs:113:33:
Completed carrying its nonce decodes: malformed mpu: record value: unknown field `segment_nonce`, expected one of `parent`, `object`, `content_type`, `created_at_millis`, `clock_source`, `epoch`, `attempts`, `state` at line 1 column 87

---- leg_c_nonce_not_32_lowercase_hex_is_refused::completing stdout ----

thread 'leg_c_nonce_not_32_lowercase_hex_is_refused::completing' (4116591) panicked at crates/core/tests/multipart_segment_nonce.rs:113:33:
Completing carrying its nonce decodes: malformed mpu: record value: unknown field `segment_nonce`, expected one of `parent`, `object`, `content_type`, `created_at_millis`, `clock_source`, `epoch`, `attempts`, `state` at line 1 column 87

---- leg_b_record_without_nonce_is_refused::completed stdout ----

thread 'leg_b_record_without_nonce_is_refused::completed' (4116586) panicked at crates/core/tests/multipart_segment_nonce.rs:113:33:
Completed carrying its nonce decodes: malformed mpu: record value: unknown field `segment_nonce`, expected one of `parent`, `object`, `content_type`, `created_at_millis`, `clock_source`, `epoch`, `attempts`, `state` at line 1 column 87

---- leg_c_nonce_not_32_lowercase_hex_is_refused::completed stdout ----

thread 'leg_c_nonce_not_32_lowercase_hex_is_refused::completed' (4116590) panicked at crates/core/tests/multipart_segment_nonce.rs:113:33:
Completed carrying its nonce decodes: malformed mpu: record value: unknown field `segment_nonce`, expected one of `parent`, `object`, `content_type`, `created_at_millis`, `clock_source`, `epoch`, `attempts`, `state` at line 1 column 87

---- leg_d_nonce_named_once_in_one_position::completing stdout ----

thread 'leg_d_nonce_named_once_in_one_position::completing' (4116595) panicked at crates/core/tests/multipart_segment_nonce.rs:113:33:
Completing carrying its nonce decodes: malformed mpu: record value: unknown field `segment_nonce`, expected one of `parent`, `object`, `content_type`, `created_at_millis`, `clock_source`, `epoch`, `attempts`, `state` at line 1 column 87

---- leg_d_nonce_named_once_in_one_position::open stdout ----

thread 'leg_d_nonce_named_once_in_one_position::open' (4116596) panicked at crates/core/tests/multipart_segment_nonce.rs:113:33:
Open carrying its nonce decodes: malformed mpu: record value: unknown field `segment_nonce`, expected one of `parent`, `object`, `content_type`, `created_at_millis`, `clock_source`, `epoch`, `attempts`, `state` at line 1 column 87

---- leg_b_record_without_nonce_is_refused::open stdout ----

thread 'leg_b_record_without_nonce_is_refused::open' (4116588) panicked at crates/core/tests/multipart_segment_nonce.rs:113:33:
Open carrying its nonce decodes: malformed mpu: record value: unknown field `segment_nonce`, expected one of `parent`, `object`, `content_type`, `created_at_millis`, `clock_source`, `epoch`, `attempts`, `state` at line 1 column 87

---- leg_c_nonce_not_32_lowercase_hex_is_refused::aborting stdout ----

thread 'leg_c_nonce_not_32_lowercase_hex_is_refused::aborting' (4116589) panicked at crates/core/tests/multipart_segment_nonce.rs:113:33:
Aborting carrying its nonce decodes: malformed mpu: record value: unknown field `segment_nonce`, expected one of `parent`, `object`, `content_type`, `created_at_millis`, `clock_source`, `epoch`, `attempts`, `state` at line 1 column 87


failures:
    fixture_is_the_shared_wire_spelling
    leg_a_nonce_decodes_and_re_encodes_byte_identically::aborting
    leg_a_nonce_decodes_and_re_encodes_byte_identically::completed
    leg_a_nonce_decodes_and_re_encodes_byte_identically::completing
    leg_a_nonce_decodes_and_re_encodes_byte_identically::open
    leg_b_record_without_nonce_is_refused::aborting
    leg_b_record_without_nonce_is_refused::completed
    leg_b_record_without_nonce_is_refused::completing
    leg_b_record_without_nonce_is_refused::open
    leg_c_nonce_not_32_lowercase_hex_is_refused::aborting
    leg_c_nonce_not_32_lowercase_hex_is_refused::completed
    leg_c_nonce_not_32_lowercase_hex_is_refused::completing
    leg_c_nonce_not_32_lowercase_hex_is_refused::open
    leg_d_nonce_named_once_in_one_position::aborting
    leg_d_nonce_named_once_in_one_position::completed
    leg_d_nonce_named_once_in_one_position::completing
    leg_d_nonce_named_once_in_one_position::open

test result: FAILED. 0 passed; 17 failed; 0 ignored; 0 measured; 0 filtered out; finished in 0.00s

error: test failed, to rerun pass `-p wyrd-core --test multipart_segment_nonce`
run-verify.sh: PASS — red without the fix, green with it (17 test(s) ran red).
