# gate: C4-diff-cov — diff coverage: changed lines executed by the patch's tests
# cmd: ./engine/scripts/run-diff-cov.sh
# cwd: /home/eddie/wyrd/wyrd-pdca
# PDCA_WORKTREE: /home/eddie/wyrd/wyrd.pdca-wt
# start: 2026-09-20T20:21:11+00:00
# duration_secs: 75.68
# exit: 1
# outcome: fail
# ---- combined stdout+stderr (verbatim) ----
run-diff-cov.sh: at least one changed crate ships no test in this patch — it is scored
                 against its EXISTING suite, and any co-located #[cfg(test)] lines the
                 patch adds count as covered, so that part of the figure is the generous
                 one; see the coverage boundary in this file's header.
run-diff-cov.sh: MEASURE — cargo llvm-cov test -p wyrd-custodian --test staged_scrub (fix applied)
info: cargo-llvm-cov currently setting cfg(coverage); you can opt-out it by passing --no-cfg-coverage
   Compiling wyrd-traits v0.0.0 (/home/eddie/wyrd/wyrd-cov/crates/traits)
   Compiling wyrd-chunk-format v0.0.0 (/home/eddie/wyrd/wyrd-cov/crates/chunk-format)
   Compiling wyrd-telemetry v0.0.0 (/home/eddie/wyrd/wyrd-cov/crates/telemetry)
   Compiling wyrd-testkit v0.0.0 (/home/eddie/wyrd/wyrd-cov/crates/testkit)
   Compiling wyrd-core v0.0.0 (/home/eddie/wyrd/wyrd-cov/crates/core)
   Compiling wyrd-chunkstore-fs v0.0.0 (/home/eddie/wyrd/wyrd-cov/crates/chunkstore-fs)
   Compiling wyrd-coordination-mem v0.0.0 (/home/eddie/wyrd/wyrd-cov/crates/coordination-mem)
   Compiling wyrd-custodian v0.0.0 (/home/eddie/wyrd/wyrd-cov/crates/custodian)
    Finished `test` profile [unoptimized + debuginfo] target(s) in 2.77s
     Running tests/staged_scrub.rs (target/llvm-cov-target/debug/deps/staged_scrub-e71fc65c303461da)

running 7 tests
test scrub_leaves_an_sidx_only_chunk_alone ... ok
test scrub_detects_a_missing_committed_part_fragment ... ok
test scrub_fails_the_pass_on_a_store_fault_reading_a_part_range ... ok
test scrub_detects_a_corrupt_committed_part_fragment ... ok
test scrub_detects_a_committed_part_fragment_with_the_wrong_ec_scheme ... ok
test scrub_fails_closed_on_an_unreadable_part_record_but_checks_the_rest ... ok
test scrub_control_intact_committed_part_fragment_queues_nothing ... ok

test result: ok. 7 passed; 0 failed; 0 ignored; 0 measured; 0 filtered out; finished in 0.00s
run-diff-cov.sh: MEASURE — cargo llvm-cov test -p wyrd-chunkstore-grpc (fix applied)
info: cargo-llvm-cov currently setting cfg(coverage); you can opt-out it by passing --no-cfg-coverage
   Compiling wyrd-proto v0.0.0 (/home/eddie/wyrd/wyrd-cov/crates/proto)
   Compiling wyrd-core v0.0.0 (/home/eddie/wyrd/wyrd-cov/crates/core)
   Compiling wyrd-telemetry v0.0.0 (/home/eddie/wyrd/wyrd-cov/crates/telemetry)
   Compiling wyrd-chunkstore-grpc v0.0.0 (/home/eddie/wyrd/wyrd-cov/crates/chunkstore-grpc)
   Compiling wyrd-custodian v0.0.0 (/home/eddie/wyrd/wyrd-cov/crates/custodian)
    Finished `test` profile [unoptimized + debuginfo] target(s) in 3.93s
     Running unittests src/lib.rs (target/llvm-cov-target/debug/deps/wyrd_chunkstore_grpc-e1e37cc8a4e95ed0)

running 16 tests
test client::tests::a_write_with_a_deadline_still_decodes_both_outcomes ... ok
test client::tests::data_loss_is_integrity_and_the_rest_fail_safe_to_terminal ... ok
test client::tests::a_write_with_no_deadline_never_decodes_a_deadline_outcome ... ok
test error::tests::status_code_maps_to_the_specific_transport_variant ... ok
test error::tests::source_exposes_the_wrapped_status ... ok
test client::tests::the_transient_trio_codes_all_classify_transient ... ok
test fanout::tests::get_fragment_at_resolves_every_fragment_in_a_rotated_reed_solomon_placement ... ok
test fanout::tests::get_fragment_at_resolves_an_ec_none_fragment_moved_off_its_index_home ... ok
test fanout::tests::route_places_each_index_on_index_mod_n ... ok
test fanout::tests::health_degrades_on_a_single_dead_backend ... ok
test fanout::tests::health_is_healthy_only_when_all_backends_are ... ok
test fanout::tests::put_fragment_at_places_on_the_named_dserver_not_index_mod_n ... ok
test fanout::tests::health_is_unhealthy_only_when_all_backends_are ... ok
test fanout::tests::list_fragments_unions_every_backend ... ok
test fanout::tests::width_reports_the_backing_store_count ... ok
test fanout::tests::routing_forwards_the_authorization_deadline_unchanged ... ok

test result: ok. 16 passed; 0 failed; 0 ignored; 0 measured; 0 filtered out; finished in 0.00s

     Running tests/dserver_image.rs (target/llvm-cov-target/debug/deps/dserver_image-ad936219e6cca5bf)

running 1 test
test runtime_stage_sets_non_root_user_before_entrypoint ... ok

test result: ok. 1 passed; 0 failed; 0 ignored; 0 measured; 0 filtered out; finished in 0.00s

     Running tests/error_class.rs (target/llvm-cov-target/debug/deps/error_class-3b99a5619d87029f)

running 7 tests
test the_transient_class_keeps_the_transport_detail_reachable ... ok
test a_dns_resolution_failure_classifies_transient_on_dial ... ok
test a_store_named_transient_fault_classifies_transient_over_grpc ... ok
test a_genuine_unreachable_d_server_classifies_transient_over_grpc ... ok
test a_genuine_integrity_fault_classifies_integrity_over_grpc ... ok
test transient_and_terminal_are_distinguishable_across_the_seam ... ok
test a_genuine_request_timeout_classifies_transient_over_grpc ... ok

test result: ok. 7 passed; 0 failed; 0 ignored; 0 measured; 0 filtered out; finished in 0.26s

     Running tests/list_delete.rs (target/llvm-cov-target/debug/deps/list_delete-0b12b13f79c5fbf7)

running 2 tests
test list_and_delete_in_process ... ok
test list_and_delete_over_grpc ... ok

test result: ok. 2 passed; 0 failed; 0 ignored; 0 measured; 0 filtered out; finished in 0.01s

     Running tests/read_fault_seam.rs (target/llvm-cov-target/debug/deps/read_fault_seam-9f0ab4dd33deef0c)

running 2 tests
test remote_generic_error_stays_transient_transport_error_over_grpc ... ok
test remote_eio_is_block_read_fault_not_corruption_over_grpc ... ok

test result: ok. 2 passed; 0 failed; 0 ignored; 0 measured; 0 filtered out; finished in 0.00s

     Running tests/round_trip.rs (target/llvm-cov-target/debug/deps/round_trip-1fde84d8c85eec2b)

running 6 tests
test put_of_a_malformed_fragment_is_invalid_argument_over_grpc ... ok
test a_write_that_expires_before_the_server_applies_it_is_refused_over_grpc ... ok
test get_of_a_rotten_fragment_is_an_integrity_fault_over_grpc ... ok
test a_publication_the_server_could_not_verify_reconstructs_as_indeterminate_over_grpc ... ok
test put_with_an_expired_deadline_is_refused_and_reconstructs_as_write_deadline_expired ... ok
test put_get_health_round_trip_over_grpc ... ok

test result: ok. 6 passed; 0 failed; 0 ignored; 0 measured; 0 filtered out; finished in 0.00s

     Running tests/tier1_jepsen_consistency.rs (target/llvm-cov-target/debug/deps/tier1_jepsen_consistency-ff8318fc1e9c44b2)

running 19 tests
test commit_point_atomic_passes_when_orphan_exists_and_victim_in_placement ... ok
test commit_point_atomic_fails_when_victim_not_in_committed_placement ... ok
test commit_point_atomic_fails_when_orphan_absent ... ok
test distinct_domains_fails_for_duplicate_domain ... ok
test distinct_domains_fails_for_unregistered_server ... ok
test exactly_once_convergence_fails_on_duplicate_commit ... ok
test jepsen_consistency_over_repair_under_live_partition_and_crash ... ignored, Tier-1: needs real containerized D servers — run via `cargo xtask jepsen`
test jepsen_consistency_over_repair_under_partition_and_crash ... ignored, Tier-1: needs real containerized D servers — run via `cargo xtask jepsen`
test exactly_once_convergence_fails_on_lost_commit ... ok
test distinct_domains_passes_for_all_different ... ok
test exactly_once_convergence_passes_when_version_increments_by_one ... ok
test node_liveness_during_isolation_fails_when_exited ... ok
test node_liveness_during_isolation_passes_when_running ... ok
test node_liveness_during_isolation_fails_when_paused ... ok
test read_after_commit_fails_when_committed_server_is_not_readable ... ok
test read_after_commit_passes_when_all_committed_servers_are_readable ... ok
test redundancy_outcome_fails_when_wrong_fragment_count ... ok
test redundancy_outcome_passes_when_victim_absent_and_n_fragments ... ok
test redundancy_outcome_fails_when_dead_server_in_placement ... ok

test result: ok. 17 passed; 0 failed; 2 ignored; 0 measured; 0 filtered out; finished in 0.00s

     Running tests/tier2_integration.rs (target/llvm-cov-target/debug/deps/tier2_integration-871992681e33a827)

running 1 test
test write_read_byte_identical_over_real_networked_dservers ... ignored, Tier-2: needs real containerized gRPC D servers — run via `cargo xtask integration`

test result: ok. 0 passed; 0 failed; 1 ignored; 0 measured; 0 filtered out; finished in 0.00s

     Running tests/tier2_kill_reconstruct.rs (target/llvm-cov-target/debug/deps/tier2_kill_reconstruct-a1289426f34ea03a)

running 10 tests
test distinct_domains_fails_for_unregistered_server ... ok
test kill_reconstruct_restores_full_redundancy_in_distinct_domains ... ignored, Tier-2: needs real containerized D servers — run via `cargo xtask kill-reconstruct`
test garbage_not_corruption_fails_when_orphan_is_absent ... ok
test distinct_domains_passes_for_all_different ... ok
test distinct_domains_fails_for_duplicate_domain ... ok
test garbage_not_corruption_fails_when_victim_not_in_committed_placement ... ok
test redundancy_outcome_fails_when_wrong_fragment_count ... ok
test redundancy_outcome_fails_when_victim_in_placement ... ok
test garbage_not_corruption_passes_when_orphan_exists_and_victim_still_in_committed_placement ... ok
test redundancy_outcome_passes_when_victim_absent_and_n_fragments ... ok

test result: ok. 9 passed; 0 failed; 1 ignored; 0 measured; 0 filtered out; finished in 0.00s

     Running tests/write_deadline.rs (target/llvm-cov-target/debug/deps/write_deadline-e07b74fdbae3d5a4)

running 5 tests
test expired_deadline_is_refused_by_the_server_and_never_stored ... ok
test absent_deadline_stores_exactly_as_before_issue_638 ... ok
test a_live_write_within_its_deadline_stores_and_reads_back_byte_identical ... ok
test a_deadline_refusal_is_distinguishable_from_both_a_client_fault_and_a_disk_fault ... ok
test a_write_parked_past_its_deadline_is_refused_when_finally_applied ... ok

test result: ok. 5 passed; 0 failed; 0 ignored; 0 measured; 0 filtered out; finished in 0.61s
run-diff-cov.sh: cfg-gated test target (madsim) for crates/dst — passing the flag (#104).
run-diff-cov.sh: MEASURE — cargo llvm-cov test -p wyrd-dst (fix applied)
info: cargo-llvm-cov currently setting cfg(coverage); you can opt-out it by passing --no-cfg-coverage
   Compiling wyrd-traits v0.0.0 (/home/eddie/wyrd/wyrd-cov/crates/traits)
   Compiling redb v4.3.0
   Compiling wyrd-dst v0.0.0 (/home/eddie/wyrd/wyrd-cov/crates/dst)
   Compiling wyrd-chunk-format v0.0.0 (/home/eddie/wyrd/wyrd-cov/crates/chunk-format)
   Compiling wyrd-proto v0.0.0 (/home/eddie/wyrd/wyrd-cov/crates/proto)
   Compiling wyrd-telemetry v0.0.0 (/home/eddie/wyrd/wyrd-cov/crates/telemetry)
   Compiling wyrd-testkit v0.0.0 (/home/eddie/wyrd/wyrd-cov/crates/testkit)
   Compiling wyrd-core v0.0.0 (/home/eddie/wyrd/wyrd-cov/crates/core)
   Compiling wyrd-coordination-etcd v0.0.0 (/home/eddie/wyrd/wyrd-cov/crates/coordination-etcd)
   Compiling wyrd-metadata-conformance v0.0.0 (/home/eddie/wyrd/wyrd-cov/crates/metadata-conformance)
   Compiling wyrd-coordination-conformance v0.0.0 (/home/eddie/wyrd/wyrd-cov/crates/coordination-conformance)
   Compiling wyrd-coordination-mem v0.0.0 (/home/eddie/wyrd/wyrd-cov/crates/coordination-mem)
   Compiling wyrd-chunkstore-fs v0.0.0 (/home/eddie/wyrd/wyrd-cov/crates/chunkstore-fs)
   Compiling wyrd-chunkstore-grpc v0.0.0 (/home/eddie/wyrd/wyrd-cov/crates/chunkstore-grpc)
   Compiling wyrd-custodian v0.0.0 (/home/eddie/wyrd/wyrd-cov/crates/custodian)
   Compiling wyrd-metadata-redb v0.0.0 (/home/eddie/wyrd/wyrd-cov/crates/metadata-redb)
    Finished `test` profile [unoptimized + debuginfo] target(s) in 5.79s
     Running unittests src/lib.rs (target/llvm-cov-target/debug/deps/wyrd_dst-0d512721a54ba761)

running 0 tests

test result: ok. 0 passed; 0 failed; 0 ignored; 0 measured; 0 filtered out; finished in 0.00s

     Running tests/commit_ambiguity.rs (target/llvm-cov-target/debug/deps/commit_ambiguity-738d6370f8728336)

running 14 tests
test the_two_undeterminable_codes_are_not_equally_bad ... ok
test assuming_an_ambiguous_blind_put_landed_leaves_a_chunk_unprotected - should panic ... ok
test treating_a_timed_out_commit_like_1021_fails_the_sweep - should panic ... ok
test a_torn_apply_of_an_ambiguous_commit_is_caught - should panic ... ok
test assuming_an_ambiguous_commit_did_not_land_fails_the_sweep - should panic ... ok
test counting_every_timed_out_commit_a_winner_fails_the_contended_sweep - should panic ... ok
test an_ambiguous_pending_ledger_put_is_settled_by_a_re_read ... ok
test committed_regression_seeds_stay_green ... ok
test a_deferred_1031_batch_that_skips_the_resolver_clobbers_the_winner - should panic ... ok
test a_timed_out_commit_may_still_land_after_the_settling_re_read ... ok
test a_stale_deferred_1031_batch_is_rejected_against_current_truth ... ok
test the_settling_re_read_covers_both_halves_of_the_ambiguity_space ... ok
test contention_under_1031_keeps_exactly_one_winner_through_the_deferral ... ok
test commit_ambiguity_invariants_hold_under_the_dst_seed_sweep ... ok

test result: ok. 14 passed; 0 failed; 0 ignored; 0 measured; 0 filtered out; finished in 0.24s

     Running tests/concurrency.rs (target/llvm-cov-target/debug/deps/concurrency-f97ab1d3983d95fc)

running 5 tests
test blind_batch_lost_lock_race_is_err_never_conflict ... ok
test synchronous_redb_shaped_commit_never_reaches_the_interleaving - should panic ... ok
test sim_tikv_reaches_mid_commit_interleaving_and_one_wins ... ok
test exactly_one_concurrent_writer_wins_sim_tikv ... ok
test exactly_one_concurrent_writer_wins_redb ... ok

test result: ok. 5 passed; 0 failed; 0 ignored; 0 measured; 0 filtered out; finished in 0.68s

     Running tests/conformance.rs (target/llvm-cov-target/debug/deps/conformance-f4b480c9177dab57)

running 3 tests
test sim_fdb_backend_passes_shared_contract ... ok
test sim_tikv_backend_passes_shared_contract ... ok
test redb_backend_passes_shared_contract ... ok

test result: ok. 3 passed; 0 failed; 0 ignored; 0 measured; 0 filtered out; finished in 2.49s

     Running tests/coordination.rs (target/llvm-cov-target/debug/deps/coordination-355b7e33b489fa95)

running 12 tests
test process_local_store_fails_the_mutual_exclusion_clause - should panic ... ok
test process_local_store_fails_the_cross_process_discovery_clause - should panic ... ok
test process_local_store_fails_the_single_leader_clause - should panic ... ok
test a_registration_lease_expires_deterministically ... ok
test peers_are_discovered_across_instances ... ok
test single_leader_is_exclusive_across_two_etcd_instances ... ok
test only_one_of_two_instances_leads_then_hands_off ... ok
test a_lapsed_leader_recampaigns_after_its_lease_is_lost ... ok
test a_lock_is_mutually_exclusive_across_two_instances ... ok
test a_transient_proclaim_error_keeps_the_hold_and_its_lease ... ok
test a_cancelled_campaign_leaks_no_orphan ... ok
test shared_contract_suite_on_the_etcd_simulator ... ok

test result: ok. 12 passed; 0 failed; 0 ignored; 0 measured; 0 filtered out; finished in 0.07s

     Running tests/custodian.rs (target/llvm-cov-target/debug/deps/custodian-29dd967146614ec4)

running 24 tests
test barrier_installed_and_registry_keeps_callsites_capturable ... ok
test gc_reclaims_only_true_orphans_q3 ... ok
test restore_two_readings_never_license_a_mark ... ok
test gc_reclaim_intent_never_publishes_over_deleted_bytes ... ok
test gc_fragment_less_sweep_never_deletes_a_restamped_mark ... ok
test segmented_resolve_never_tears ... ok
test gc_over_a_segmented_map_never_reclaims_it_and_never_over_certifies ... ok
test gc_staged_handoffs_never_reclaim_the_chunk ... ok
test gc_sweep_judges_an_ambiguous_commit_as_one_batch ... ok
test gc_orphan_walk_under_a_concurrent_unlink ... ok
test restore_two_readings_cover_the_divergence_window ... ok
test scrub_detects_bit_rot_then_reconstructs_q2 ... ok
test fenced_stale_leader_lands_nothing ... ok
test durability_emission_rises_then_returns_to_zero ... ok
test reader_flips_atomically_across_commit ... ok
test reconstruct_to_full_redundancy_q1 ... ok
test gc_reclaim_intent_reaches_both_outcomes ... ok
test commit_point_atomic_repair_under_crash ... ok
test crash_mid_fragment_write_commits_nothing ... ok
test gc_fragment_less_sweep_reaches_between_the_read_and_the_delete ... ok
test gc_orphan_walk_reaches_the_mid_walk_landing ... ok
test gc_staged_handoffs_reach_between_and_outside_the_reads ... ok
test gc_sweep_ambiguity_reaches_before_and_after_the_read_back ... ok
test committed_regression_seeds_stay_green ... ok

test result: ok. 24 passed; 0 failed; 0 ignored; 0 measured; 0 filtered out; finished in 13.98s

     Running tests/network.rs (target/llvm-cov-target/debug/deps/network-e1773ebe081fbd36)

running 8 tests
test a_write_parked_past_its_deadline_is_refused_by_the_real_d_server ... ok
test a_publication_the_d_server_could_not_verify_is_reported_not_acknowledged ... ok
test a_write_that_expires_inside_the_d_servers_store_is_refused_before_publication ... ok
test partial_fanout_fails_closed ... ok
test k_of_n_read_survives_dropped_fetches ... ok
test corrupt_fragment_is_read_around ... ok
test parallel_write_durability_over_network ... ok
test exactly_one_concurrent_writer_wins_over_network ... ok

test result: ok. 8 passed; 0 failed; 0 ignored; 0 measured; 0 filtered out; finished in 1.52s

     Running tests/no_fdb_linkage.rs (target/llvm-cov-target/debug/deps/no_fdb_linkage-c97b28ef6ff08ce1)

running 9 tests
test scan_line_catches_every_manifest_dependency_shape ... ok
test the_dst_manifest_declares_no_fdb_dependency ... ok
test package_nodes_reads_package_lines_and_not_feature_lines ... ok
test scan_line_ignores_comments_and_unrelated_dependencies ... ok
test scan_manifest_is_red_when_an_fdb_dependency_is_planted ... ok
test the_dst_support_module_declares_the_simulated_fdb_store ... ok
test the_dst_dependency_graph_links_no_libfdb_c ... ok
test the_graph_scanner_is_red_on_a_cfg_madsim_gated_rename_and_transitive_edge ... ok
test the_graph_scanner_is_red_on_the_real_fdb_backend_with_its_feature_on ... ok

test result: ok. 9 passed; 0 failed; 0 ignored; 0 measured; 0 filtered out; finished in 0.18s

     Running tests/tikv_await_commit_interleaving.rs (target/llvm-cov-target/debug/deps/tikv_await_commit_interleaving-ef60ec11ab3dadca)

running 1 test
test redb_overwrite_cas_classifies_the_stale_writer_as_conflict ... ok

test result: ok. 1 passed; 0 failed; 0 ignored; 0 measured; 0 filtered out; finished in 0.52s
run-diff-cov.sh: MEASURE — cargo llvm-cov test -p wyrd-server (fix applied)
info: cargo-llvm-cov currently setting cfg(coverage); you can opt-out it by passing --no-cfg-coverage
   Compiling hashbrown v0.17.1
   Compiling aws-smithy-types v1.6.4
   Compiling wyrd-testkit v0.0.0 (/home/eddie/wyrd/wyrd-cov/crates/testkit)
   Compiling redb v4.3.0
   Compiling wyrd-gateway-core v0.0.0 (/home/eddie/wyrd/wyrd-cov/crates/gateway-core)
   Compiling wyrd-core v0.0.0 (/home/eddie/wyrd/wyrd-cov/crates/core)
   Compiling wyrd-chunkstore-fs v0.0.0 (/home/eddie/wyrd/wyrd-cov/crates/chunkstore-fs)
   Compiling wyrd-coordination-mem v0.0.0 (/home/eddie/wyrd/wyrd-cov/crates/coordination-mem)
   Compiling wyrd-metadata-fault-conformance v0.0.0 (/home/eddie/wyrd/wyrd-cov/crates/metadata-fault-conformance)
   Compiling indexmap v2.14.0
   Compiling lru v0.18.4
   Compiling aws-smithy-runtime-api v1.16.2
   Compiling aws-smithy-eventstream v0.61.2
   Compiling petgraph v0.8.3
   Compiling h2 v0.4.19
   Compiling tower v0.5.3
   Compiling aws-smithy-schema v0.2.0
   Compiling aws-smithy-http v0.64.0
   Compiling aws-credential-types v1.3.0
   Compiling aws-smithy-observability v0.3.0
   Compiling aws-sigv4 v1.5.1
   Compiling aws-smithy-checksums v0.65.0
   Compiling aws-types v1.5.0
   Compiling aws-smithy-runtime v1.14.0
   Compiling aws-smithy-xml v0.62.0
   Compiling aws-smithy-json v0.63.0
   Compiling prost-build v0.14.4
   Compiling tonic-prost-build v0.14.6
   Compiling madsim-tonic-build v0.6.0+0.14
   Compiling wyrd-metadata-redb v0.0.0 (/home/eddie/wyrd/wyrd-cov/crates/metadata-redb)
   Compiling wyrd-proto v0.0.0 (/home/eddie/wyrd/wyrd-cov/crates/proto)
   Compiling hyper v1.10.1
   Compiling aws-runtime v1.9.1
   Compiling hyper-util v0.1.20
   Compiling aws-sdk-s3 v1.144.0
   Compiling axum v0.8.9
   Compiling hyper-timeout v0.5.2
   Compiling aws-smithy-http-client v1.4.2
   Compiling tonic v0.14.6
   Compiling wyrd-gateway-s3 v0.0.0 (/home/eddie/wyrd/wyrd-cov/crates/gateway-s3)
   Compiling tonic-prost v0.14.6
   Compiling tonic-types v0.14.6
   Compiling opentelemetry-proto v0.32.0
   Compiling tonic-health v0.14.6
   Compiling wyrd-chunkstore-grpc v0.0.0 (/home/eddie/wyrd/wyrd-cov/crates/chunkstore-grpc)
   Compiling opentelemetry-otlp v0.32.0
   Compiling wyrd-telemetry v0.0.0 (/home/eddie/wyrd/wyrd-cov/crates/telemetry)
   Compiling wyrd-custodian v0.0.0 (/home/eddie/wyrd/wyrd-cov/crates/custodian)
   Compiling wyrd-server v0.0.0 (/home/eddie/wyrd/wyrd-cov/crates/server)
    Finished `test` profile [unoptimized + debuginfo] target(s) in 21.08s
     Running unittests src/lib.rs (target/llvm-cov-target/debug/deps/wyrd_server-d249e36fa6551c65)

running 42 tests
test cli::tests::dual_stack_overlap_risk_fires_only_for_the_v6_wildcard_cross_family ... ok
test cli::tests::the_default_health_bind_follows_the_data_bind_interface ... ok
test cli::tests::restore_verdict_names_unreadable_staged_records_as_staged ... ok
test consistency_observable::tests::a_regressing_version_is_not_monotone ... ok
test consistency_observable::tests::a_torn_chunked_body_is_an_error_never_a_panic ... ok
test consistency_observable::tests::a_torn_response_is_an_error_never_a_panic ... ok
test cli::tests::parse_durability_maps_each_form ... ok
test cli::tests::scoped_ipv6_binds_collide_only_within_one_scope ... ok
test consistency_observable::tests::a_body_shorter_than_its_declared_content_length_is_an_error_never_a_prefix_read ... ok
test cli::tests::the_restore_one_shot_is_valueless_but_value_flags_still_demand_a_value ... ok
test cli::tests::an_ephemeral_probe_port_refuses_at_parse ... ok
test cli::tests::chunk_id_minter_packs_inode_in_the_high_bits ... ok
test consistency_observable::tests::an_indeterminate_write_is_not_counted_as_an_observed_version ... ok
test cli::tests::parse_endpoints_splits_trims_and_rejects_empty ... ok
test cli::tests::require_aligned_topology_rejects_missing_or_mismatched_lists ... ok
test cli::tests::wildcard_probe_data_overlaps_refuse_and_distinct_ips_coexist ... ok
test cli::tests::parsed_args_consumes_flag_value_pairs ... ok
test consistency_observable::tests::a_wellformed_response_still_parses ... ok
test cli::tests::restore_verdict_names_the_blocking_records_and_counts_the_ones_it_cannot_fit ... ok
test cli::tests::a_probe_data_address_collision_refuses_at_parse ... ok
test consistency_observable::tests::an_op_with_a_reversed_span_is_not_well_formed ... ok
test cli::tests::restore_needs_human_agrees_with_every_paragraph_it_prints ... ok
test cli::tests::a_flag_without_a_value_fails_logging_setup_on_every_subcommand ... ok
test consistency_workload::tests::cross_key_read_write_overlap_is_not_genuine_concurrency ... ok
test consistency_observable::tests::encode_decode_round_trips ... ok
test consistency_observable::tests::decode_rejects_a_torn_value ... ok
test cli::tests::default_chunk_size_is_one_mib ... ok
test consistency_observable::tests::empty_history_is_not_well_formed ... ok
test consistency_workload::tests::indeterminate_predicate_flags_5xx_and_synthetic_zero ... ok
test consistency_workload::tests::indeterminate_put_is_info_not_ok ... ok
test consistency_workload::tests::membership_never_fabricates_absence ... ok
test consistency_workload::tests::verdict_routes_off_check_by_default ... ok
test logging::tests::a_malformed_rust_log_directive_is_rejected ... ok
test logging::tests::an_invalid_level_is_rejected_not_ignored ... ok
test logging::tests::an_invalid_format_is_rejected ... ok
test logging::tests::a_valid_or_absent_rust_log_directive_is_accepted ... ok
test tests::default_chunk_size_is_one_mib ... ok
test logging::tests::a_structured_event_reaches_the_sink_as_json_with_its_fields ... ok
test logging::tests::the_default_level_drops_debug_and_keeps_info ... ok
test logging::tests::an_explicit_level_admits_debug ... ok
test dserver::tests::id_reports_the_configured_identity ... ok
test logging::tests::the_text_format_writes_prose_not_json ... ok

test result: ok. 42 passed; 0 failed; 0 ignored; 0 measured; 0 filtered out; finished in 0.00s

     Running unittests src/main.rs (target/llvm-cov-target/debug/deps/wyrd-cec34e08e5c7fffa)

running 0 tests

test result: ok. 0 passed; 0 failed; 0 ignored; 0 measured; 0 filtered out; finished in 0.00s

     Running tests/advertise_addr_registration.rs (target/llvm-cov-target/debug/deps/advertise_addr_registration-2b4dfcda8f4eb354)

running 2 tests
test no_advertise_addr_keeps_the_bound_address_endpoint ... ok
test advertise_addr_overrides_the_registered_endpoint ... ok

test result: ok. 2 passed; 0 failed; 0 ignored; 0 measured; 0 filtered out; finished in 0.00s

     Running tests/backend_selection.rs (target/llvm-cov-target/debug/deps/backend_selection-61ac93e50f0e53f8)

running 3 tests
test coordination_backend_selects_by_config ... ok
test alloc_inode_is_bounded_against_a_perpetual_conflict_store ... ok
test redb_backend_selected_by_config_and_alloc_inode_roundtrips ... ok

test result: ok. 3 passed; 0 failed; 0 ignored; 0 measured; 0 filtered out; finished in 0.00s

     Running tests/cli_roundtrip.rs (target/llvm-cov-target/debug/deps/cli_roundtrip-35fa0f1cf7ef0336)

running 5 tests
test no_subcommand_prints_usage_and_exits_two ... ok
test get_of_a_missing_key_exits_nonzero ... ok
test demo_exits_zero ... ok
test re_putting_an_existing_key_exits_nonzero ... ok
test put_then_get_round_trips_across_separate_invocations ... ok

test result: ok. 5 passed; 0 failed; 0 ignored; 0 measured; 0 filtered out; finished in 0.25s

     Running tests/closed_write_path.rs (target/llvm-cov-target/debug/deps/closed_write_path-857374b8870f2626)

running 1 test
test a_gateway_written_object_is_a_custodian_derived_repair_obligation_and_round_trips ... ok

test result: ok. 1 passed; 0 failed; 0 ignored; 0 measured; 0 filtered out; finished in 0.38s

     Running tests/consistency_observable.rs (target/llvm-cov-target/debug/deps/consistency_observable-448cce645b99366c)

running 4 tests
test a_peer_that_closes_without_a_complete_response_records_the_op_as_indeterminate ... ok
test a_body_cut_mid_transfer_records_an_indeterminate_read_not_a_prefix_version ... ok
test a_transport_failure_records_the_op_as_indeterminate_rather_than_omitting_it ... ok
test observable_records_a_nonvacuous_wellformed_register_history ... ok

test result: ok. 4 passed; 0 failed; 0 ignored; 0 measured; 0 filtered out; finished in 0.07s

     Running tests/consistency_run_fdb.rs (target/llvm-cov-target/debug/deps/consistency_run_fdb-a78c6f021a7511a5)

running 1 test
test consistency_run_fdb ... ignored, privileged #408: live 3-process FDB cluster + a #407 nemesis leg (cargo xtask consistency-run)

test result: ok. 0 passed; 0 failed; 1 ignored; 0 measured; 0 filtered out; finished in 0.00s

     Running tests/consistency_workload.rs (target/llvm-cov-target/debug/deps/consistency_workload-c197404a209e6af8)

running 18 tests
test concurrency_witness_counts_only_same_key_read_write_overlaps ... ok
test a_shared_delete_pool_key_with_version_bands_would_fabricate_a_violation ... ok
test directory_op_count_counts_the_composed_read_once_not_every_probe ... ok
test an_unresolved_probe_degrades_the_composed_read_to_info_rather_than_omitting_the_member ... ok
test a_fully_resolved_sweep_composes_a_definite_read_that_still_exposes_a_lost_element ... ok
test delete_pool_keys_are_single_writer_per_key_so_version_tags_track_commit_order ... ok
test reads_monotone_per_key_is_global_and_guards_indeterminate ... ok
test directory_serializer_emits_set_model_add_and_composed_read_with_integer_elements ... ok
test reads_monotone_ignores_overlapping_reads ... ok
test register_serializer_emits_byte_exact_rw_register_txn_edn_with_info_for_indeterminate ... ok
test membership_derivation_never_coerces_unknown_to_absent ... ok
test session_monotonic_reads_guard_indeterminate_and_reject_determinate_regression ... ok
test register_serializer_tags_each_op_with_its_key_inside_the_micro_op ... ok
test session_read_your_writes_guards_indeterminate_on_every_arm ... ok
test register_serializer_panics_on_a_delete_never_fabricating_a_representation - should panic ... ok
test verdict_dispatch_routes_to_off_check_elle_by_default ... ok
test session_read_your_writes_is_cross_process_aware ... ok
test concurrent_workload_records_a_nonvacuous_genuinely_concurrent_history ... ok

test result: ok. 18 passed; 0 failed; 0 ignored; 0 measured; 0 filtered out; finished in 0.14s

     Running tests/custodian_day_one.rs (target/llvm-cov-target/debug/deps/custodian_day_one-b589232f5cfc575d)

running 15 tests
test a_malformed_log_level_still_fails_the_process_loudly ... ok
test run_loop_stops_when_fenced ... ok
test cmd_custodian_rejects_misaligned_topology_through_the_real_entry_point ... ok
test cmd_custodian_fails_loud_when_the_whole_fleet_is_unreachable_at_startup - should panic ... ok
test the_data_loss_audit_line_reaches_the_log_sink_naming_the_chunk ... ok
test a_transient_below_k_outage_does_not_false_alarm_data_loss_and_recovers ... ok
test a_repair_with_no_free_domain_is_blocked_off_the_backlog_gauge ... ok
test running_the_cli_twice_in_process_still_dispatches_the_command ... ok
test gauge_rises_then_returns_to_zero_surviving_a_killed_dserver ... ok
test a_raised_log_level_does_not_starve_the_durability_metrics ... ok
test a_loss_beyond_tolerance_raises_data_loss_and_the_backlog_gauge_returns_to_zero ... ok
test run_loop_logs_and_continues_on_a_store_fault ... ok
test connect_fleet_starts_degraded_around_a_startup_down_peer_and_repairs ... ok
test run_loop_survives_a_dead_dserver_and_keeps_running ... ok
test gauge_rises_then_returns_to_zero_through_the_redb_backend_open_path ... ok

test result: ok. 15 passed; 0 failed; 0 ignored; 0 measured; 0 filtered out; finished in 0.19s

     Running tests/custodian_gc.rs (target/llvm-cov-target/debug/deps/custodian_gc-666e2f37d8e1e603)

running 10 tests
test deployed_run_loop_refuses_a_value_after_the_valueless_gc_flag ... ok
test deployed_run_loop_refuses_duplicate_endpoints ... ok
test deployed_run_loop_refuses_duplicate_ids ... ok
test deployed_role_defers_expired_pending_garbage_by_default ... ok
test armed_deployed_role_reclaims_expired_pending_lease_garbage ... ok
test deployed_role_keeps_orphaned_bytes_within_the_grace_window ... ok
test deployed_role_reclaims_at_the_exact_grace_boundary ... ok
test deployed_role_reclaims_orphaned_bytes_after_grace_elapses ... ok
test deployed_role_defers_gc_when_the_operator_fleet_is_startup_partial ... ok
test deployed_role_defers_gc_and_preserves_a_skipped_servers_evidence ... ok

test result: ok. 10 passed; 0 failed; 0 ignored; 0 measured; 0 filtered out; finished in 0.17s

     Running tests/dserver.rs (target/llvm-cov-target/debug/deps/dserver-b04185b787bd93be)

running 4 tests
test lease_renews_and_lapses_deterministically ... ok
test d_servers_register_serve_and_are_discovered ... ok
test overload_across_connections_sheds_excess_with_a_retryable_status ... ok
test hung_handler_is_cut_by_the_request_timeout ... ok

test result: ok. 4 passed; 0 failed; 0 ignored; 0 measured; 0 filtered out; finished in 0.25s

     Running tests/dst_commit.rs (target/llvm-cov-target/debug/deps/dst_commit-45f9cf3b787d6a75)

running 4 tests
test commit_invariants_hold_at_pinned_regression_seed ... ok
test reader_never_sees_a_hybrid_across_seeds ... ok
test exactly_one_commit_wins_across_seeds ... ok
test crash_between_commit_and_release_is_atomic_across_seeds ... ok

test result: ok. 4 passed; 0 failed; 0 ignored; 0 measured; 0 filtered out; finished in 1.54s

     Running tests/dst_erasure.rs (target/llvm-cov-target/debug/deps/dst_erasure-2e95cb8850863a3e)

running 7 tests
test ec_properties_hold_at_pinned_regression_seed ... ok
test empty_placement_reads_and_maintenance_agree_across_seeds ... ok
test mixed_era_reads_across_seeds ... ok
test rs_loss_beyond_m_is_a_clean_error_across_seeds ... ok
test rs_corruption_beyond_m_is_a_clean_error_across_seeds ... ok
test rs_reads_survive_losses_across_seeds ... ok
test rs_corruption_is_excluded_across_seeds ... ok

test result: ok. 7 passed; 0 failed; 0 ignored; 0 measured; 0 filtered out; finished in 1.29s

     Running tests/dst_read_fanout.rs (target/llvm-cov-target/debug/deps/dst_read_fanout-fa56a29c7c26e6f9)

running 4 tests
test read_fanout_properties_hold_at_pinned_regression_seed ... ok
test none_scheme_is_a_single_fetch_across_seeds ... ok
test below_k_is_a_clean_typed_error_across_seeds ... ok
test any_k_arrive_first_across_seeds ... ok

test result: ok. 4 passed; 0 failed; 0 ignored; 0 measured; 0 filtered out; finished in 0.51s

     Running tests/e2e.rs (target/llvm-cov-target/debug/deps/e2e-558037999ac180a9)

running 4 tests
test gateway_composes_the_coordination_backend ... ok
test binary_runs_the_round_trip_in_one_process ... ok
test buffered_put_stamps_publication_metadata ... ok
test put_then_get_is_byte_identical ... ok

test result: ok. 4 passed; 0 failed; 0 ignored; 0 measured; 0 filtered out; finished in 0.06s

     Running tests/erasure_path.rs (target/llvm-cov-target/debug/deps/erasure_path-b63005f9267e0717)

running 6 tests
test mixed_era_chunks_read_through_one_path ... ok
test rs_put_stages_n_fragments_and_reads_back_byte_identical ... ok
test fewer_than_k_fragments_is_a_clean_typed_error ... ok
test checksum_failing_fragments_are_excluded_and_reconstructed_around ... ok
test exactly_one_overwrite_wins_under_rs ... ok
test reads_survive_any_m_fragment_losses ... ok

test result: ok. 6 passed; 0 failed; 0 ignored; 0 measured; 0 filtered out; finished in 0.65s

     Running tests/failure_domain_registration.rs (target/llvm-cov-target/debug/deps/failure_domain_registration-c602fe3b63e91ac3)

running 1 test
test registration_carries_label_and_topology_spreads_distinct_domains ... ok

test result: ok. 1 passed; 0 failed; 0 ignored; 0 measured; 0 filtered out; finished in 0.00s

     Running tests/fdb_backend_selection.rs (target/llvm-cov-target/debug/deps/fdb_backend_selection-e1db734b3adeb552)

running 3 tests
test fdb_without_the_feature_names_the_build_flag ... ok
test unknown_backend_message_lists_fdb_as_a_known_backend ... ok
test usage_lists_fdb_as_a_metadata_backend ... ok

test result: ok. 3 passed; 0 failed; 0 ignored; 0 measured; 0 filtered out; finished in 0.00s

     Running tests/gateway_cluster.rs (target/llvm-cov-target/debug/deps/gateway_cluster-1e2e7ab2009e1015)

running 1 test
test cluster_gateway_round_trips_distinct_objects_across_separate_compositions ... ok

test result: ok. 1 passed; 0 failed; 0 ignored; 0 measured; 0 filtered out; finished in 0.65s

     Running tests/gateway_lease_expiry.rs (target/llvm-cov-target/debug/deps/gateway_lease_expiry-bd40a916eae19033)

running 1 test
test losing_put_leaves_a_future_dated_lease ... ok

test result: ok. 1 passed; 0 failed; 0 ignored; 0 measured; 0 filtered out; finished in 0.05s

     Running tests/gateway_multi_writer.rs (target/llvm-cov-target/debug/deps/gateway_multi_writer-4929e41428781056)

running 2 tests
test shared_inode_allocator_hands_out_distinct_ids_under_contention ... ok
test two_active_gateways_concurrently_store_distinct_objects_without_collision ... ok

test result: ok. 2 passed; 0 failed; 0 ignored; 0 measured; 0 filtered out; finished in 0.05s

     Running tests/gateway_recover_totality.rs (target/llvm-cov-target/debug/deps/gateway_recover_totality-101adb1ef7c33202)

running 4 tests
test the_counter_repair_yields_to_an_allocator_that_won_the_race ... ok
test recover_is_total_over_a_segmented_root ... ok
test recover_is_total_over_an_undecodable_inode_record ... ok
test recover_is_total_over_a_corrupt_next_inode_counter ... ok

test result: ok. 4 passed; 0 failed; 0 ignored; 0 measured; 0 filtered out; finished in 0.08s

     Running tests/health_probe.rs (target/llvm-cov-target/debug/deps/health_probe-414e24998da53374)

running 13 tests
test an_ephemeral_health_bind_refuses_at_the_builder - should panic ... ok
test a_zero_refresh_interval_refuses_at_the_builder - should panic ... ok
test a_health_bind_failure_revokes_the_registration ... ok
test check_reports_serving_while_the_store_is_healthy ... ok
test health_check_answers_while_the_data_plane_is_saturated ... ok
test established_watch_streams_count_against_the_probe_bound ... ok
test a_hanging_health_probe_fails_closed_within_a_bounded_wait ... ok
test check_reports_not_serving_once_unhealthy_or_erroring ... ok
test checks_still_answer_with_watch_streams_held_open ... ok
test the_default_empty_service_check_tracks_the_store ... ok
test liveness_stays_serving_when_the_store_is_unhealthy ... ok
test shutdown_publishes_not_serving_before_draining ... ok
test a_connected_watch_stream_does_not_pin_shutdown ... ok

test result: ok. 13 passed; 0 failed; 0 ignored; 0 measured; 0 filtered out; finished in 2.04s

     Running tests/log_env_directive.rs (target/llvm-cov-target/debug/deps/log_env_directive-8dc264e2a81575ea)

running 1 test
test a_malformed_rust_log_fails_the_process_instead_of_installing_a_filter_nobody_asked_for ... ok

test result: ok. 1 passed; 0 failed; 0 ignored; 0 measured; 0 filtered out; finished in 0.00s

     Running tests/log_span_correlation.rs (target/llvm-cov-target/debug/deps/log_span_correlation-9bd0a0d7fb11c6a0)

running 2 tests
test events_are_still_throttled_even_though_spans_are_not ... ok
test a_request_span_still_carries_its_id_onto_an_error_at_log_level_warn ... ok

test result: ok. 2 passed; 0 failed; 0 ignored; 0 measured; 0 filtered out; finished in 0.00s

     Running tests/read_fanout.rs (target/llvm-cov-target/debug/deps/read_fanout-7a234bce0835be51)

running 2 tests
test rs_read_reconstructs_from_the_first_k_and_abandons_hung_d_servers ... ok
test below_k_readable_fragments_is_a_clean_typed_error ... ok

test result: ok. 2 passed; 0 failed; 0 ignored; 0 measured; 0 filtered out; finished in 0.16s

     Running tests/read_path.rs (target/llvm-cov-target/debug/deps/read_path-e79c22ec0aa655c6)

running 4 tests
test unbound_name_and_uncommitted_inode_read_as_none ... ok
test checksum_mismatch_surfaces_as_an_error ... ok
test reader_sees_old_or_new_version_never_a_hybrid ... ok
test committed_file_reads_back_byte_identical ... ok

test result: ok. 4 passed; 0 failed; 0 ignored; 0 measured; 0 filtered out; finished in 0.02s

     Running tests/request_capacity_planes.rs (target/llvm-cov-target/debug/deps/request_capacity_planes-ac6611bd354920a7)

running 7 tests
test the_request_plane_classes_a_mid_stream_fault_by_the_seam_not_the_head ... ok
test the_request_plane_counts_a_partially_failed_bulk_delete ... ok
test the_request_plane_counts_a_failing_op_by_op_and_by_the_typed_class ... ok
test the_capacity_plane_reports_admission_and_the_in_flight_gauge_returns_to_zero ... ok
test the_capacity_plane_reports_a_forced_load_shed ... ok
test the_request_plane_records_per_op_latency_for_a_put_and_a_get ... ok
test the_capacity_plane_reports_a_request_cut_by_the_request_timeout ... ok

test result: ok. 7 passed; 0 failed; 0 ignored; 0 measured; 0 filtered out; finished in 0.25s

     Running tests/restore_runbook_command.rs (target/llvm-cov-target/debug/deps/restore_runbook_command-ddae3d585d6590a8)

running 2 tests
test the_runbook_states_the_two_conditions_that_make_the_pass_safe ... ok
test the_runbook_restore_command_satisfies_the_topology_validator_it_will_be_checked_against ... ok

test result: ok. 2 passed; 0 failed; 0 ignored; 0 measured; 0 filtered out; finished in 0.00s

     Running tests/s3_copy_object_guard.rs (target/llvm-cov-target/debug/deps/s3_copy_object_guard-2c28a6b598305f4b)

running 2 tests
test copy_source_put_is_refused_and_destination_survives ... ok
test ordinary_put_without_copy_source_still_stores ... ok

test result: ok. 2 passed; 0 failed; 0 ignored; 0 measured; 0 filtered out; finished in 0.08s

     Running tests/s3_delete_objects.rs (target/llvm-cov-target/debug/deps/s3_delete_objects-dda1740db5fd07ae)

running 22 tests
test delete_objects_malformed_xml_is_rejected ... ok
test delete_objects_more_than_1000_keys_is_refused ... ok
test delete_objects_entity_escaped_key_deletes_the_right_object ... ok
test delete_objects_trailing_content_after_root_is_rejected_and_deletes_nothing ... ok
test delete_objects_multiple_roots_are_rejected_and_delete_nothing ... ok
test delete_objects_unsigned_payload_is_refused_and_deletes_nothing ... ok
test delete_objects_numeric_quiet_spellings_are_honoured ... ok
test delete_objects_quiet_omits_deleted_entries_but_still_deletes ... ok
test delete_objects_nested_entity_key_is_decoded_exactly_once ... ok
test delete_objects_removes_present_and_absent_keys_idempotently ... ok
test delete_objects_junk_after_a_tag_name_is_rejected_and_deletes_nothing ... ok
test delete_objects_comment_split_key_is_rejected_and_deletes_nothing ... ok
test delete_objects_version_scoped_entry_is_refused_and_deletes_nothing ... ok
test delete_objects_malformed_processing_instruction_is_rejected_and_deletes_nothing ... ok
test delete_objects_duplicate_attribute_is_rejected_and_deletes_nothing ... ok
test delete_objects_invalid_quiet_is_rejected_and_deletes_nothing ... ok
test delete_objects_conditional_delete_fields_are_refused_and_delete_nothing ... ok
test delete_objects_literal_percent_key_is_not_percent_decoded ... ok
test delete_objects_malformed_attribute_value_is_rejected_and_deletes_nothing ... ok
test delete_objects_denylisted_query_companion_is_refused_and_deletes_nothing ... ok
test delete_objects_oversized_body_is_refused_before_it_is_resident ... ok
test delete_objects_max_keys_with_escaped_content_is_accepted ... ok

test result: ok. 22 passed; 0 failed; 0 ignored; 0 measured; 0 filtered out; finished in 0.38s

     Running tests/s3_gateway_cluster.rs (target/llvm-cov-target/debug/deps/s3_gateway_cluster-9d8e0355379d3ff9)

running 1 test
test s3_gateway_composed_over_cluster_backends_lands_fragments_on_dservers ... ok

test result: ok. 1 passed; 0 failed; 0 ignored; 0 measured; 0 filtered out; finished in 0.11s

     Running tests/s3_head_object.rs (target/llvm-cov-target/debug/deps/s3_head_object-0e090f25d1f7b419)

running 3 tests
test signed_head_of_an_absent_key_returns_404_headers_only ... ok
test signed_head_of_a_stored_object_returns_metadata_headers_and_no_body ... ok
test head_does_not_change_get_put_delete_behaviour ... ok

test result: ok. 3 passed; 0 failed; 0 ignored; 0 measured; 0 filtered out; finished in 0.08s

     Running tests/s3_http_wire.rs (target/llvm-cov-target/debug/deps/s3_http_wire-e723851657cbe3e7)

running 19 tests
test a_failure_reports_the_same_request_id_in_the_header_and_the_error_body ... ok
test unsigned_request_is_refused ... ok
test real_sdk_interop::real_aws_sdk_unsigned_client_is_refused ... ok
test wrong_signature_is_refused_and_stores_nothing ... ok
test unsigned_put_is_refused_before_its_body_is_read ... ok
test streaming_interop::tampered_chunk_body_is_refused_and_stores_nothing ... ok
test streaming_behaviour::streaming_put_writes_chunks_as_they_arrive_not_after_buffering ... ok
test every_response_carries_a_request_id_header ... ok
test restart_without_recover_is_safe_when_prior_process_persisted_the_allocator ... ok
test restart_recovers_id_allocators_no_collision ... ok
test percent_encoded_key_is_stored_under_the_decoded_identity ... ok
test restart_recovers_id_allocators_over_orphan_ledger_no_reclaim_loss ... ok
test get_streaming_resolved_before_delete_is_not_truncated ... ok
test signed_put_get_delete_round_trip_is_byte_identical ... ok
test get_declares_accurate_content_length_for_truncation_detection ... ok
test recover_seeds_the_allocator_over_a_legacy_store_without_meta_next_inode ... ok
test concurrent_delete_is_idempotent ... ok
test streaming_interop::stock_sdk_chunked_put_round_trips_byte_identical ... ok
test real_sdk_interop::real_aws_sdk_put_get_delete_round_trips_byte_identical ... ok

test result: ok. 19 passed; 0 failed; 0 ignored; 0 measured; 0 filtered out; finished in 3.56s

     Running tests/s3_list_objects.rs (target/llvm-cov-target/debug/deps/s3_list_objects-6b46fd1d39e2f8a5)

running 24 tests
test empty_bucket_with_marker_lists_empty_200 ... ok
test list_missing_bucket_is_404_no_such_bucket ... ok
test list_v2_encoding_type_url_matches_botocore_oracle ... ok
test list_v2_invalid_continuation_token_is_400 ... ok
test list_v2_encoding_type_other_than_url_is_400_invalid_argument ... ok
test list_v2_xml_special_key_round_trips ... ok
test list_v2_double_slash_bucket_path_is_rejected_not_listed ... ok
test list_v1_encoding_type_url_encodes_marker_and_next_marker ... ok
test get_bucket_versioning_is_501_not_a_listing_document ... ok
test list_v2_start_after_inside_delimiter_group_drops_the_rollup ... ok
test list_v1_marker_inside_delimiter_group_drops_the_rollup ... ok
test list_v2_max_keys_zero_is_empty_and_untruncated ... ok
test list_v2_continuation_token_wins_over_start_after ... ok
test list_v2_encoding_type_url_encodes_prefix_delimiter_and_common_prefixes ... ok
test list_v2_start_after_equal_to_common_prefix_drops_the_rollup ... ok
test list_v1_next_marker_is_common_prefix_and_resumes_without_double_emit ... ok
test list_v2_prefix_filters ... ok
test list_v2_encoding_type_url_start_after_echo_and_opaque_token_resume ... ok
test list_v2_returns_sorted_contents_with_size_and_etag ... ok
test list_v2_delimiter_rolls_into_common_prefixes ... ok
test list_v2_start_after_skips_consumed_keys ... ok
test list_v2_delimiter_and_max_keys_chain_without_double_emitting_a_prefix ... ok
test list_v1_returns_marker_based_result ... ok
test list_v2_pagination_chains_until_every_key_once ... ok

test result: ok. 24 passed; 0 failed; 0 ignored; 0 measured; 0 filtered out; finished in 0.10s

     Running tests/s3_object_metadata.rs (target/llvm-cov-target/debug/deps/s3_object_metadata-db5942737d7d1108)

running 2 tests
test put_answers_etag_and_get_round_trips_content_type_and_last_modified ... ok
test a_second_put_of_new_content_stamps_a_fresh_etag_and_content_type ... ok

test result: ok. 2 passed; 0 failed; 0 ignored; 0 measured; 0 filtered out; finished in 0.07s

     Running tests/s3_range_conditional.rs (target/llvm-cov-target/debug/deps/s3_range_conditional-57fad7c8c7f3ad6a)

running 17 tests
test head_honors_range_with_206_and_416 ... ok
test pre_epoch_if_unmodified_since_fires_412_not_ignored ... ok
test obsolete_http_date_formats_are_honored_on_conditionals ... ok
test if_none_match_with_the_objects_etag_returns_304_on_get_and_head ... ok
test a_fired_precondition_costs_zero_chunk_reads ... ok
test if_match_with_a_non_matching_etag_returns_412 ... ok
test invalid_weekday_token_conditional_is_ignored ... ok
test invalid_conditional_date_is_ignored_not_misparsed ... ok
test repeated_range_field_lines_degrade_to_the_full_200 ... ok
test narrow_range_fetches_only_the_covering_chunks ... ok
test if_match_uses_strong_comparison_weak_tag_rejected ... ok
test if_modified_since_and_if_unmodified_since_answer_304_and_412 ... ok
test range_unit_is_matched_case_insensitively ... ok
test signed_http_date_fields_are_ignored_not_misparsed ... ok
test unsatisfiable_range_returns_416_with_content_range_star ... ok
test out_of_scope_and_malformed_ranges_answer_full_200_with_accept_ranges ... ok
test ranged_get_returns_206_with_content_range_and_sliced_body ... ok

test result: ok. 17 passed; 0 failed; 0 ignored; 0 measured; 0 filtered out; finished in 0.05s

     Running tests/s3_streaming_trailer.rs (target/llvm-cov-target/debug/deps/s3_streaming_trailer-f049c75b9274c1d9)

running 11 tests
test crc_reference_check_values ... ok
test an_unrecognised_checksum_algorithm_is_refused_before_admission ... ok
test a_non_base64_trailer_checksum_is_refused_as_bad_request ... ok
test garbage_after_the_trailer_block_is_refused_as_bad_request ... ok
test an_undeclared_trailer_name_is_refused_as_bad_request ... ok
test a_non_canonical_base64_trailer_checksum_is_refused_as_bad_request ... ok
test a_decoded_content_length_mismatch_is_refused ... ok
test a_forged_trailer_signature_is_refused_and_stores_nothing ... ok
test a_tampered_trailer_checksum_is_refused_and_stores_nothing ... ok
test signed_trailer_put_with_valid_chunk_and_trailer_signatures_round_trips ... ok
test unsigned_trailer_put_accepts_the_minimum_checksum_algorithm_set ... ok

test result: ok. 11 passed; 0 failed; 0 ignored; 0 measured; 0 filtered out; finished in 4.67s

     Running tests/segmented_object_read.rs (target/llvm-cov-target/debug/deps/segmented_object_read-ce33a5ea527f860d)

running 2 tests
test an_unresolvable_object_fails_closed_without_ending_another_objects_read ... ok
test a_segmented_object_reads_byte_identical_whole_and_across_a_segment_boundary ... ok

test result: ok. 2 passed; 0 failed; 0 ignored; 0 measured; 0 filtered out; finished in 0.02s

     Running tests/write_fanout.rs (target/llvm-cov-target/debug/deps/write_fanout-a1ad8efd8cd27cb1)

running 2 tests
test rs_write_fans_out_to_distinct_d_servers_and_commits ... ok
test partial_fan_out_fails_closed_over_the_wire ... ok

test result: ok. 2 passed; 0 failed; 0 ignored; 0 measured; 0 filtered out; finished in 0.10s

     Running tests/write_path.rs (target/llvm-cov-target/debug/deps/write_path-1f6d02dbcc3525fe)

running 5 tests
test concurrent_create_of_the_same_name_has_one_winner ... ok
test crash_before_commit_leaves_only_collectable_garbage ... ok
test crash_between_commit_and_release_leaves_entries_the_sweep_reclaims ... ok
test write_produces_an_atomically_committed_readable_file ... ok
test exactly_one_overwrite_wins_under_a_concurrent_writer ... ok

test result: ok. 5 passed; 0 failed; 0 ignored; 0 measured; 0 filtered out; finished in 0.44s
run-diff-cov.sh: NOTE — 112 of 432 changed production lines carried a coverage
                 region; the other 320 are not scored either way. Most are simply not
                 executable (comments, `use`, declarations, bare delimiters). But code
                 compiled out by a #[cfg(...)] your feature selection does not enable looks
                 identical here, and this gate cannot tell the two apart (#222).
                 The largest unscored spans, so you can tell at a glance which it is:
run-diff-cov.sh:   UNSCORED crates/custodian/src/gc.rs:1500-1544 (45 lines)
run-diff-cov.sh:   UNSCORED crates/custodian/src/reconstruction.rs:108-124 (17 lines)
run-diff-cov.sh:   UNSCORED crates/custodian/src/reconstruction.rs:45-58 (14 lines)
run-diff-cov.sh:   UNSCORED crates/custodian/src/reconstruction.rs:195-206 (12 lines)
run-diff-cov.sh:   UNSCORED crates/custodian/src/scrub.rs:157-168 (12 lines)
run-diff-cov.sh:   UNSCORED crates/custodian/src/scrub.rs:134-143 (10 lines)
run-diff-cov.sh:   … and 51 further span(s), none larger; all of them are in coverage/diff-cov.json
run-diff-cov.sh: MISS crates/custodian/src/gc.rs:1557
run-diff-cov.sh: MISS crates/custodian/src/gc.rs:1558
run-diff-cov.sh: MISS crates/custodian/src/gc.rs:1559
run-diff-cov.sh: MISS crates/custodian/src/gc.rs:1568
run-diff-cov.sh: MISS crates/custodian/src/gc.rs:1599
run-diff-cov.sh: MISS crates/custodian/src/gc.rs:1600
run-diff-cov.sh: MISS crates/custodian/src/gc.rs:1601
run-diff-cov.sh: MISS crates/custodian/src/reconstruction.rs:218
run-diff-cov.sh: MISS crates/custodian/src/reconstruction.rs:219
run-diff-cov.sh: MISS crates/custodian/src/reconstruction.rs:339
run-diff-cov.sh: MISS crates/custodian/src/reconstruction.rs:723
run-diff-cov.sh: MISS crates/custodian/src/reconstruction.rs:724
run-diff-cov.sh: MISS crates/custodian/src/reconstruction.rs:725
run-diff-cov.sh: MISS crates/custodian/src/reconstruction.rs:1225
run-diff-cov.sh: MISS crates/custodian/src/reconstruction.rs:1226
run-diff-cov.sh: MISS crates/custodian/src/reconstruction.rs:1227
run-diff-cov.sh: MISS crates/custodian/src/reconstruction.rs:1234
run-diff-cov.sh: MISS crates/custodian/src/reconstruction.rs:1262
run-diff-cov.sh: MISS crates/custodian/src/reconstruction.rs:1263
run-diff-cov.sh: MISS crates/custodian/src/reconstruction.rs:1264
run-diff-cov.sh: MISS crates/custodian/src/reconstruction.rs:1267
run-diff-cov.sh: MISS crates/custodian/src/reconstruction.rs:1270
run-diff-cov.sh: MISS crates/custodian/src/scrub.rs:149
run-diff-cov.sh: MISS crates/custodian/src/scrub.rs:150
METRIC diff_cov=78.6 covered=88 instrumentable=112 unscored=320
run-diff-cov.sh: C4-diff-cov: uncovered changed lines in crate wyrd-custodian — 24 of 109 not executed by the patch tests (22.0% uncovered)
run-diff-cov.sh: FAIL — the patch's tests execute 78.6% of its instrumentable changed
                 lines, below the 80% floor. Each MISS above is a REACH gap: the
                 line never ran. (A line that DID run may still be unasserted — that is
                 C5-mutants' question, not this row's.)
PDCA-EVIDENCE: diff coverage 78.6% — 88 of 112 instrumentable changed lines executed (below the 80% floor); 112 of 432 changed lines were instrumentable
