# gate: C4-verify — per-fix red->green: this patch's test red pre-fix, green post-fix
# cmd: ./engine/scripts/run-verify.sh
# cwd: /home/eddie/wyrd/wyrd-pdca
# PDCA_WORKTREE: /home/eddie/wyrd/wyrd.pdca-wt
# start: 2026-09-20T20:21:08+00:00
# duration_secs: 3.73
# exit: 0
# outcome: pass
# ---- combined stdout+stderr (verbatim) ----
run-verify.sh: GREEN — cargo test -p wyrd-custodian --test staged_scrub (fix applied)

running 7 tests
.......
test result: ok. 7 passed; 0 failed; 0 ignored; 0 measured; 0 filtered out; finished in 0.00s
run-verify.sh: RED — cargo test -p wyrd-custodian --test staged_scrub (production reverted, test kept)

running 7 tests
scrub_detects_a_missing_committed_part_fragment --- FAILED
. 2/7
scrub_detects_a_committed_part_fragment_with_the_wrong_ec_scheme --- FAILED
scrub_fails_the_pass_on_a_store_fault_reading_a_part_range --- FAILED
. 5/7
scrub_detects_a_corrupt_committed_part_fragment --- FAILED
scrub_fails_closed_on_an_unreadable_part_record_but_checks_the_rest --- FAILED

failures:

---- scrub_detects_a_missing_committed_part_fragment stdout ----

thread 'scrub_detects_a_missing_committed_part_fragment' (1519054) panicked at crates/custodian/tests/staged_scrub.rs:498:5:
assertion `left == right` failed: scrub must enqueue a repair for the missing committed-part fragment: Satisfied
  left: Satisfied
 right: Changed
note: run with `RUST_BACKTRACE=1` environment variable to display a backtrace

---- scrub_detects_a_committed_part_fragment_with_the_wrong_ec_scheme stdout ----

thread 'scrub_detects_a_committed_part_fragment_with_the_wrong_ec_scheme' (1519052) panicked at crates/custodian/tests/staged_scrub.rs:521:5:
assertion `left == right` failed: scrub must enqueue a repair for a fragment whose header disagrees with the part record's own EC scheme: Satisfied
  left: Satisfied
 right: Changed

---- scrub_fails_the_pass_on_a_store_fault_reading_a_part_range stdout ----

thread 'scrub_fails_the_pass_on_a_store_fault_reading_a_part_range' (1519056) panicked at crates/custodian/tests/staged_scrub.rs:657:45:
a store fault under a session's `part:` range must fail the pass, as it fails GC — a pass that went on would enqueue or certify over a reading with a hole in it: Satisfied

---- scrub_detects_a_corrupt_committed_part_fragment stdout ----

thread 'scrub_detects_a_corrupt_committed_part_fragment' (1519053) panicked at crates/custodian/tests/staged_scrub.rs:478:5:
assertion `left == right` failed: scrub must enqueue a repair for the corrupt committed-part fragment: Satisfied
  left: Satisfied
 right: Changed

---- scrub_fails_closed_on_an_unreadable_part_record_but_checks_the_rest stdout ----

thread 'scrub_fails_closed_on_an_unreadable_part_record_but_checks_the_rest' (1519055) panicked at crates/custodian/tests/staged_scrub.rs:623:5:
assertion `left == right` failed: scrub must refuse to certify the store while a committed part record is unreadable: Satisfied
  left: Satisfied
 right: Blocked


failures:
    scrub_detects_a_committed_part_fragment_with_the_wrong_ec_scheme
    scrub_detects_a_corrupt_committed_part_fragment
    scrub_detects_a_missing_committed_part_fragment
    scrub_fails_closed_on_an_unreadable_part_record_but_checks_the_rest
    scrub_fails_the_pass_on_a_store_fault_reading_a_part_range

test result: FAILED. 2 passed; 5 failed; 0 ignored; 0 measured; 0 filtered out; finished in 0.00s

error: test failed, to rerun pass `-p wyrd-custodian --test staged_scrub`
run-verify.sh: PASS — red without the fix, green with it (7 test(s) ran red).
