# gate C4-verify — attempt 1/1: pass (exit 0)
# cmd: ./engine/scripts/run-verify.sh
# cwd: /home/eddie/wyrd/wyrd-pdca
# PDCA_WORKTREE: /home/eddie/wyrd/wyrd.pdca-wt-l1
# started: 2026-08-07T23:53:11+02:00   duration: 2s

run-verify.sh: GREEN — cargo test -p wyrd-custodian --test segmented_map_rebalance (fix applied)

running 5 tests
.....
test result: ok. 5 passed; 0 failed; 0 ignored; 0 measured; 0 filtered out; finished in 0.00s
run-verify.sh: RED — cargo test -p wyrd-custodian --test segmented_map_rebalance (production reverted, test kept)

running 5 tests
a_healthy_segmented_object_holding_nothing_still_certifies_the_drain --- FAILED
a_segmented_object_that_owes_an_evacuation_is_refused_once_and_mutates_nothing --- FAILED
unreadable_objects_are_named_the_walk_continues_and_nothing_certifies --- FAILED
a_store_fault_under_the_resolver_still_ends_the_pass --- FAILED
a_segmented_object_no_longer_ends_the_pass_and_the_flat_work_still_happens --- FAILED

failures:

---- a_healthy_segmented_object_holding_nothing_still_certifies_the_drain stdout ----

thread 'a_healthy_segmented_object_holding_nothing_still_certifies_the_drain' (2816092) panicked at crates/custodian/tests/segmented_map_rebalance.rs:421:5:
assertion `left == right` failed: no evacuation is owed
  left: Err("reconciliation store access: rebalance::plan_evacuations met a segmented chunk map, which this build cannot yet resolve")
 right: Ok(Satisfied)
note: run with `RUST_BACKTRACE=1` environment variable to display a backtrace

---- a_segmented_object_that_owes_an_evacuation_is_refused_once_and_mutates_nothing stdout ----

thread 'a_segmented_object_that_owes_an_evacuation_is_refused_once_and_mutates_nothing' (2816094) panicked at crates/custodian/tests/segmented_map_rebalance.rs:334:5:
assertion `left == right` failed: a refusal cannot certify
  left: Err("reconciliation store access: rebalance::plan_evacuations met a segmented chunk map, which this build cannot yet resolve")
 right: Ok(Blocked)

---- unreadable_objects_are_named_the_walk_continues_and_nothing_certifies stdout ----

thread 'unreadable_objects_are_named_the_walk_continues_and_nothing_certifies' (2816096) panicked at crates/custodian/tests/segmented_map_rebalance.rs:379:5:
assertion `left == right` failed: an unread object blocks
  left: Err("reconciliation store access: rebalance::plan_evacuations met a segmented chunk map, which this build cannot yet resolve")
 right: Ok(Blocked)

---- a_store_fault_under_the_resolver_still_ends_the_pass stdout ----

thread 'a_store_fault_under_the_resolver_still_ends_the_pass' (2816095) panicked at crates/custodian/tests/segmented_map_rebalance.rs:439:5:
THE injected fault: reconciliation store access: rebalance::plan_evacuations met a segmented chunk map, which this build cannot yet resolve

---- a_segmented_object_no_longer_ends_the_pass_and_the_flat_work_still_happens stdout ----

thread 'a_segmented_object_no_longer_ends_the_pass_and_the_flat_work_still_happens' (2816093) panicked at crates/custodian/tests/segmented_map_rebalance.rs:314:5:
assertion `left == right` failed: flat work happens
  left: Err("reconciliation store access: rebalance::plan_evacuations met a segmented chunk map, which this build cannot yet resolve")
 right: Ok(Changed)


failures:
    a_healthy_segmented_object_holding_nothing_still_certifies_the_drain
    a_segmented_object_no_longer_ends_the_pass_and_the_flat_work_still_happens
    a_segmented_object_that_owes_an_evacuation_is_refused_once_and_mutates_nothing
    a_store_fault_under_the_resolver_still_ends_the_pass
    unreadable_objects_are_named_the_walk_continues_and_nothing_certifies

test result: FAILED. 0 passed; 5 failed; 0 ignored; 0 measured; 0 filtered out; finished in 0.00s

error: test failed, to rerun pass `-p wyrd-custodian --test segmented_map_rebalance`
run-verify.sh: PASS — red without the fix, green with it (5 test(s) ran red).
