# gate: C4-diff-cov — diff coverage: changed lines executed by the patch's tests
# cmd: ./engine/scripts/run-diff-cov.sh
# cwd: /home/eddie/wyrd/wyrd-pdca
# PDCA_WORKTREE: /home/eddie/wyrd/wyrd.pdca-wt-l0
# start: 2026-09-12T13:38:07+00:00
# duration_secs: 89.46
# exit: 0
# outcome: pass
# ---- combined stdout+stderr (verbatim) ----
run-diff-cov.sh: at least one changed crate ships no test in this patch — it is scored
                 against its EXISTING suite, and any co-located #[cfg(test)] lines the
                 patch adds count as covered, so that part of the figure is the generous
                 one; see the coverage boundary in this file's header.
run-diff-cov.sh: MEASURE — cargo llvm-cov test -p wyrd-custodian --test staged_protection (fix applied)
info: cargo-llvm-cov currently setting cfg(coverage); you can opt-out it by passing --no-cfg-coverage
   Compiling syn v3.0.0
   Compiling futures-core v0.3.34
   Compiling futures-sink v0.3.34
   Compiling futures-task v0.3.34
   Compiling chacha20 v0.10.2
   Compiling wyrd-chunk-format v0.0.0 (/home/eddie/wyrd/wyrd-cov-l0/crates/chunk-format)
   Compiling tokio-util v0.7.18
   Compiling futures-channel v0.3.34
   Compiling opentelemetry v0.32.0
   Compiling tokio-stream v0.1.19
   Compiling http-body-util v0.1.3
   Compiling rand v0.10.2
   Compiling h2 v0.4.19
   Compiling futures-macro v0.3.34
   Compiling async-trait v0.1.92
   Compiling serde_derive v1.0.229
   Compiling hyper v1.10.1
   Compiling futures-util v0.3.34
   Compiling wyrd-traits v0.0.0 (/home/eddie/wyrd/wyrd-cov-l0/crates/traits)
   Compiling wyrd-testkit v0.0.0 (/home/eddie/wyrd/wyrd-cov-l0/crates/testkit)
   Compiling wyrd-coordination-mem v0.0.0 (/home/eddie/wyrd/wyrd-cov-l0/crates/coordination-mem)
   Compiling wyrd-chunkstore-fs v0.0.0 (/home/eddie/wyrd/wyrd-cov-l0/crates/chunkstore-fs)
   Compiling serde v1.0.229
   Compiling tracing-serde v0.2.0
   Compiling tracing-subscriber v0.3.23
   Compiling hyper-util v0.1.20
   Compiling tower v0.5.3
   Compiling futures-executor v0.3.32
   Compiling wyrd-core v0.0.0 (/home/eddie/wyrd/wyrd-cov-l0/crates/core)
   Compiling opentelemetry_sdk v0.32.1
   Compiling hyper-timeout v0.5.2
   Compiling tonic v0.14.6
   Compiling tracing-opentelemetry v0.33.0
   Compiling opentelemetry-prometheus v0.32.0
   Compiling tonic-prost v0.14.6
   Compiling tonic-types v0.14.6
   Compiling opentelemetry-proto v0.32.0
   Compiling opentelemetry-otlp v0.32.0
   Compiling wyrd-telemetry v0.0.0 (/home/eddie/wyrd/wyrd-cov-l0/crates/telemetry)
   Compiling wyrd-custodian v0.0.0 (/home/eddie/wyrd/wyrd-cov-l0/crates/custodian)
    Finished `test` profile [unoptimized + debuginfo] target(s) in 6.15s
     Running tests/staged_protection.rs (target/llvm-cov-target/debug/deps/staged_protection-a61b1bd2f30b4d61)

running 20 tests
test h2d_identity_keyed_retirement_waits_for_a_durable_cleanup_marker ... ok
test h_restore_reads_all_three_variants_as_evidence_and_never_rewrites_an_undecodable_one ... ok
test g_the_orphan_ledger_is_walked_in_bounded_pages_and_the_tail_converges ... ok
test h2b_a_reclaim_interrupted_after_its_intent_commits_resumes_exactly_once ... ok
test i_gc_commits_its_reclamation_intent_before_it_deletes_the_bytes ... ok
test h_gc_decodes_all_three_orphan_value_variants_and_leaves_an_undecodable_one_named ... ok
test h2c_fragment_less_marks_are_swept_only_on_an_absence_observed_past_the_deadline ... ok
test h2a_a_pending_retirement_protects_its_fragments_by_one_keyed_lookup ... ok
test b_a_drain_holding_only_a_committed_part_fragment_is_pending ... ok
test f_a_staged_only_draining_server_gets_no_evacuation_while_its_drain_is_pending ... ok
test d_scrub_queues_a_repair_for_a_corrupt_committed_part_fragment ... ok
test b_a_drain_holding_only_an_in_flight_owned_fragment_is_pending ... ok
test f_a_committed_segmented_fragment_on_a_draining_server_is_held_and_never_dropped ... ok
test a_gc_keeps_staged_fragments_that_carry_lapsed_orphan_evidence ... ok
test e_reconstruction_rebuilds_a_lost_staged_fragment_and_repoints_its_part ... ok
test e_a_staged_re_place_that_loses_to_a_session_fence_leaves_its_pre_mark_standing ... ok
test c_restore_marks_no_staged_fragment_and_a_later_gc_keeps_every_byte ... ok
test h2d_a_legacy_mark_meeting_a_new_unreference_event_is_restamped_with_its_identity ... ok
test c2_the_restore_fence_generation_is_durable_and_says_complete_only_after_the_fence ... ok
test c_restore_fences_every_resurrected_session_and_a_retried_complete_is_refused ... ok

test result: ok. 20 passed; 0 failed; 0 ignored; 0 measured; 0 filtered out; finished in 0.04s
run-diff-cov.sh: MEASURE — cargo llvm-cov test -p wyrd-core (fix applied)
info: cargo-llvm-cov currently setting cfg(coverage); you can opt-out it by passing --no-cfg-coverage
   Compiling futures-task v0.3.34
   Compiling wyrd-traits v0.0.0 (/home/eddie/wyrd/wyrd-cov-l0/crates/traits)
   Compiling tokio-stream v0.1.19
   Compiling redb v4.2.0
   Compiling hyper v1.10.1
   Compiling axum-core v0.5.6
   Compiling wyrd-proto v0.0.0 (/home/eddie/wyrd/wyrd-cov-l0/crates/proto)
   Compiling futures-util v0.3.34
   Compiling wyrd-testkit v0.0.0 (/home/eddie/wyrd/wyrd-cov-l0/crates/testkit)
   Compiling wyrd-chunkstore-fs v0.0.0 (/home/eddie/wyrd/wyrd-cov-l0/crates/chunkstore-fs)
   Compiling hyper-util v0.1.20
   Compiling tower v0.5.3
   Compiling wyrd-core v0.0.0 (/home/eddie/wyrd/wyrd-cov-l0/crates/core)
   Compiling axum v0.8.9
   Compiling hyper-timeout v0.5.2
   Compiling wyrd-metadata-redb v0.0.0 (/home/eddie/wyrd/wyrd-cov-l0/crates/metadata-redb)
   Compiling tonic v0.14.6
   Compiling tonic-prost v0.14.6
   Compiling wyrd-chunkstore-grpc v0.0.0 (/home/eddie/wyrd/wyrd-cov-l0/crates/chunkstore-grpc)
    Finished `test` profile [unoptimized + debuginfo] target(s) in 5.86s
     Running unittests src/lib.rs (target/llvm-cov-target/debug/deps/wyrd_core-8e59557abab186e7)

running 51 tests
test metadata::segmented_shape_invariants::a_segment_record_covering_no_bytes_is_err ... ok
test erasure::tests::reconstruct_with_m_zero_is_a_typed_error_even_with_all_k_shards_present ... ok
test erasure::tests::reconstruct_with_k_zero_is_a_typed_error_not_a_panic ... ok
test erasure::tests::supported_accepts_the_schemes_this_module_round_trips ... ok
test metadata::segmented_shape_invariants::a_decoded_root_exposes_which_shape_it_is ... ok
test metadata::segmented_shape_invariants::every_span_arithmetic_that_leaves_u64_is_refused_not_wrapped ... ok
test metadata::segmented_shape_invariants::a_group_prefix_can_never_alias_another_generations_epoch_range ... ok
test metadata::segmented_shape_invariants::a_decoded_segment_record_reports_the_span_its_chunks_cover ... ok
test erasure::tests::coder_error_exposes_its_wrapped_source ... ok
test metadata::segmented_shape_invariants::segment_key_round_trips_over_the_whole_addressable_index_space ... ok
test metadata::segmented_shape_invariants::segment_record_chunk_lengths_not_summing_to_byte_len_is_err ... ok
test metadata::segmented_shape_invariants::wrong_width_segment_index_key_is_malformed ... ok
test metadata::segmented_shape_invariants::a_segment_index_past_the_key_space_is_neither_a_key_nor_a_value ... ok
test metadata::segmented_shape_invariants::only_canonical_epoch_spellings_address_a_segment ... ok
test metadata::tests::empty_placement_is_valid_pre_m3_identity ... ok
test metadata::tests::full_length_placement_is_valid ... ok
test metadata::tests::non_empty_wrong_length_placement_is_malformed ... ok
test metadata::tests::read_path_fragments_stays_liberal_for_malformed_placement ... ok
test metadata::tests::the_value_ceiling_admits_the_boundary_and_refuses_only_past_it ... ok
test orphan::tests::a_retirement_event_names_its_obligation_key ... ok
test multipart::writer_tests::a_placement_move_keeps_every_other_field_of_the_part ... ok
test multipart::writer_tests::the_restore_fence_round_trips_and_refuses_every_other_spelling ... ok
test orphan::tests::the_three_shapes_are_spelled_as_documented ... ok
test multipart::writer_tests::a_teardown_fence_moves_open_and_completing_to_aborting_at_the_next_epoch ... ok
test orphan::tests::every_other_spelling_is_refused ... ok
test placement::tests::domain_utilization_sums_per_domain ... ok
test placement::tests::excluding_carries_retained_utilization_not_excluded ... ok
test multipart::writer_tests::a_session_teardown_decodes_against_its_session_wide_key ... ok
test placement::tests::places_when_free_domains_exactly_equal_need ... ok
test placement::tests::places_across_n_distinct_domains ... ok
test placement::tests::refuses_when_domains_below_n ... ok
test placement::tests::replacement_avoids_occupied_domains ... ok
test placement::tests::replacement_refuses_when_no_free_domain_remains ... ok
test placement::tests::excluding_drops_servers_and_their_utilization ... ok
test read::tests::read_chunk_rejects_a_stored_k_zero_scheme ... ok
test read::tests::read_chunk_rejects_a_stored_m_zero_scheme ... ok
test repair::tests::intact_shard_accepts_the_expected_fragment_and_rejects_wrong_identity ... ok
test orphan::tests::every_shape_round_trips_byte_identically ... ok
test repair::tests::replication_single_copy_fragment_is_admitted_under_scheme_none ... ok
test read::tests::oversized_inode_size_with_empty_chunk_map_errors_cleanly_not_panics ... ok
test metadata::segmented_shape_invariants::create_refuses_a_record_it_could_not_read_back ... ok
test metadata::segmented_shape_invariants::create_refuses_a_segmented_record_this_build_cannot_publish ... ok
test metadata::segmented_shape_invariants::every_chunk_map_commit_refuses_a_segmented_prior_instead_of_stranding_its_segments ... ok
test metadata::segmented_shape_invariants::a_segmented_prior_outranks_the_lease_state_it_is_committed_under ... ok
test metadata::segmented_shape_invariants::unlink_refuses_a_segmented_inode_rather_than_unbind_fragments_it_cannot_orphan ... ok
test metadata::segmented_shape_invariants::high_water_marks_is_total_over_records_it_cannot_read ... ok
test erasure::tests::reconstruct_with_k_zero_and_nonempty_available_is_still_a_typed_error ... ok
test erasure::tests::fewer_than_k_shards_is_an_error ... ok
test erasure::tests::round_trip_matrix ... ok
test erasure::tests::reconstructs_from_every_six_of_nine_for_rs_6_3 ... ok
test erasure::tests::seeded_random_data_and_subsets_round_trip ... ok

test result: ok. 51 passed; 0 failed; 0 ignored; 0 measured; 0 filtered out; finished in 1.18s

     Running tests/buffered_lease_lapse.rs (target/llvm-cov-target/debug/deps/buffered_lease_lapse-472cc38bfec53cd6)

running 3 tests
test stalled_buffered_create_fails_closed_when_its_lease_lapses ... ok
test stalled_buffered_placed_create_fails_closed_when_its_lease_lapses ... ok
test buffered_create_inside_the_ttl_still_publishes ... ok

test result: ok. 3 passed; 0 failed; 0 ignored; 0 measured; 0 filtered out; finished in 0.01s

     Running tests/domain_placement.rs (target/llvm-cov-target/debug/deps/domain_placement-f98a0d794bafb8ac)

running 1 test
test write_records_distinct_domain_placement_not_identity ... ok

test result: ok. 1 passed; 0 failed; 0 ignored; 0 measured; 0 filtered out; finished in 0.05s

     Running tests/fragment_identity.rs (target/llvm-cov-target/debug/deps/fragment_identity-463416ef01692a19)

running 3 tests
test ec_read_rejects_a_same_chunk_wrong_index_fragment ... ok
test ec_read_rejects_a_same_scheme_type_wrong_geometry_fragment ... ok
test ec_read_rejects_a_fragment_whose_ec_tuple_disagrees_with_scheme ... ok

test result: ok. 3 passed; 0 failed; 0 ignored; 0 measured; 0 filtered out; finished in 0.04s

     Running tests/multipart_budget_admission.rs (target/llvm-cov-target/debug/deps/multipart_budget_admission-11f583cd87c074f7)

running 18 tests
test an_unknown_field_or_unreadable_bytes_are_refused_rather_than_dropped ... ok
test g2_zero_inflight_parts_is_refused ... ok
test g1_zero_part_chunks_is_refused_before_the_derivation ... ok
test max_sessions_is_clamped_to_scan_cap_half_when_that_term_binds ... ok
test g7_reference_budget_below_one_session_is_refused ... ok
test p2_staged_ceiling_above_any_publishable_product_still_decodes ... ok
test g4_more_parts_in_flight_than_the_session_may_hold_is_refused ... ok
test p_arith_accept_maximal_staged_chunks_decodes ... ok
test p1_count_above_its_own_max_sessions_still_decodes ... ok
test re_encoding_a_record_this_codec_wrote_is_byte_identical ... ok
test g8_stored_limit_disagreeing_with_its_own_profile_is_refused ... ok
test u_ref_takes_whichever_of_its_two_arms_binds ... ok
test g3_parts_per_session_past_the_key_space_is_refused ... ok
test round_trip_preserves_every_field ... ok
test g6_staged_ceiling_below_one_maximal_part_is_refused ... ok
test g5_owned_staging_range_past_scan_cap_half_is_refused ... ok
test p_arith_reject_maximal_record_names_the_rule_exact_arithmetic_violates ... ok
test p3_part_chunks_outside_the_proposal_window_still_decodes ... ok

test result: ok. 18 passed; 0 failed; 0 ignored; 0 measured; 0 filtered out; finished in 0.00s

     Running tests/multipart_keys.rs (target/llvm-cov-target/debug/deps/multipart_keys-3431812a8f908970)

running 21 tests
test a_retire_key_reports_an_unknown_mode_apart_from_a_key_that_does_not_decode ... ok
test digest_hex_is_the_exact_inverse_over_every_byte_value ... ok
test a_session_range_selects_exactly_its_own_class_and_session ... ok
test pinned_format_constants_hold ... ok
test scan_mpu_does_not_reach_the_mpuctl_singleton ... ok
test sidx_is_not_reachable_from_a_pending_scan ... ok
test the_canonical_spelling_of_every_key_is_pinned_to_the_byte ... ok
test no_key_prefix_is_a_prefix_of_another ... ok
test slot_key_round_trips_and_rejects_noncanonical ... ok
test the_identity_accessors_return_the_value_they_were_built_from ... ok
test upload_and_attempt_ids_validate_the_token_grammar ... ok
test retire_key_rejects_a_token_of_neither_form_and_every_malformed_spelling ... ok
test fixed_width_key_byte_order_matches_numeric_order ... ok
test every_rejection_is_a_typed_error_that_names_the_violation ... ok
test serde_decode_routes_through_the_validating_constructors ... ok
test sidx_key_round_trips_and_rejects_noncanonical ... ok
test retire_key_round_trips_both_token_forms_under_both_modes ... ok
test psum_key_round_trips_and_rejects_noncanonical ... ok
test mpu_key_round_trips_and_rejects_noncanonical ... ok
test part_key_round_trips_and_rejects_noncanonical ... ok
test digest_hex_rejects_every_second_spelling ... ok

test result: ok. 21 passed; 0 failed; 0 ignored; 0 measured; 0 filtered out; finished in 0.00s

     Running tests/multipart_owned_staging.rs (target/llvm-cov-target/debug/deps/multipart_owned_staging-e38a3ddc369d283e)

running 15 tests
test an_explicit_null_ownership_field_is_refused ... ok
test s2_an_owner_other_than_the_keys_upload_id_is_refused ... ok
test s4_each_namespace_refuses_the_other_namespaces_shape ... ok
test s1_staged_geometry_the_erasure_coder_refuses_is_a_typed_error ... ok
test an_owned_entry_round_trips_under_its_own_key ... ok
test s7_an_ordinary_pending_entry_reencodes_byte_identically ... ok
test staged_scheme_is_read_through_a_closed_wire ... ok
test s6_a_length_mismatched_staged_placement_decodes ... ok
test s9_an_owned_entry_is_minted_outside_the_crate_through_the_checked_path ... ok
test s8_an_owned_entry_reencodes_byte_identically_across_a_renewal ... ok
test s3_a_torn_value_is_refused_under_both_namespaces ... ok
test s4_renew_pending_refuses_a_misfiled_owned_entry ... ok
test s4_a_leased_commit_refuses_over_a_misfiled_owned_entry ... ok
test s4_the_pending_writers_refuse_to_store_an_owned_entry ... ok
test s5_the_lease_sweep_skips_what_it_cannot_read_and_completes_for_the_rest ... ok

test result: ok. 15 passed; 0 failed; 0 ignored; 0 measured; 0 filtered out; finished in 0.29s

     Running tests/multipart_retire_obligation.rs (target/llvm-cov-target/debug/deps/multipart_retire_obligation-f00cef4547bc3ece)

running 28 tests
test a_key_that_names_no_obligation_is_rejected ... ok
test a_generation_disagreeing_with_its_token_is_rejected ... ok
test a_placement_length_mismatch_still_decodes ... ok
test a_component_under_the_wrong_mode_is_rejected ... ok
test a_segment_groups_nonce_and_a_generations_epoch_are_unchecked ... ok
test an_obligation_owing_nothing_is_rejected ... ok
test a_component_spelled_outside_its_grammar_is_rejected ... ok
test a_noncanonical_part_number_set_is_rejected ... ok
test an_unknown_or_omitted_field_is_rejected ... ok
test bytes_generation_with_chunks_decodes ... ok
test a_generation_naming_both_sources_is_rejected ... ok
test a_segment_group_epoch_other_than_the_tokens_is_rejected ... ok
test bytes_session_and_all_parts_decodes ... ok
test bytes_session_alone_decodes ... ok
test a_session_wide_component_under_a_per_part_token_is_rejected ... ok
test bytes_generation_with_segments_decodes ... ok
test bytes_parts_alone_decodes ... ok
test part_number_set_minting_is_canonical_and_never_empty ... ok
test a_foreign_spelling_of_an_accepted_payload_is_rejected ... ok
test an_unsupported_chunk_scheme_is_rejected ... ok
test records_parts_and_seg_decodes ... ok
test bytes_session_and_parts_decodes ... ok
test the_all_parts_wildcard_outside_a_session_teardown_is_rejected ... ok
test records_seg_decodes ... ok
test records_parts_decodes ... ok
test the_mode_is_part_of_the_decoded_obligation ... ok
test chunks_under_a_session_wide_token_is_rejected ... ok
test bytes_chunks_under_a_per_part_token_decodes ... ok

test result: ok. 28 passed; 0 failed; 0 ignored; 0 measured; 0 filtered out; finished in 0.00s

     Running tests/multipart_session_records.rs (target/llvm-cov-target/debug/deps/multipart_session_records-d29c6491b3b14b30)

running 34 tests
test completing_cursor_past_key_space_is_rejected ... ok
test completion_round_trips_standalone ... ok
test leg_1c_publish_target_key_mismatch_is_rejected ... ok
test completing_cursor_at_key_space_boundary_still_decodes ... ok
test leg_1c_epoch_publish_target_epoch_mismatch_is_rejected ... ok
test leg_1i_slot_lease_already_lapsed_is_rejected ... ok
test leg_1i_chunk_scheme_unsupported_is_rejected ... ok
test leg_1m_unknown_field_in_nested_chunk_is_rejected ... ok
test leg_1m_unknown_field_in_nested_scheme_is_rejected ... ok
test leg_1k_part_length_mismatch_is_rejected ... ok
test leg_1m_unknown_field_is_rejected ... ok
test leg_1j_open_session_with_forbidden_completing_field_is_rejected ... ok
test noncanonical_escape_spelling_is_rejected_for_part_summary ... ok
test leg_1i_chunk_ref_wrong_placement_length_still_decodes ... ok
test noncanonical_field_order_is_rejected_for_session ... ok
test leg_1j_completing_session_missing_required_field_is_rejected ... ok
test noncanonical_whitespace_is_rejected_for_slot ... ok
test noncanonical_nested_chunk_order_is_rejected_for_part ... ok
test part_length_overflow_is_rejected ... ok
test part_chunk_omitted_placement_is_rejected ... ok
test part_summary_omitted_digest_is_rejected ... ok
test part_round_trips ... ok
test part_summary_round_trips ... ok
test part_with_zero_length_chunk_is_empty ... ok
test publish_target_round_trips_standalone ... ok
test session_aborting_round_trips ... ok
test session_absent_content_type_re_encodes_omitted ... ok
test session_completed_round_trips ... ok
test session_null_content_type_spelling_is_rejected ... ok
test session_state_round_trips_standalone ... ok
test session_open_round_trips ... ok
test session_completing_round_trips ... ok
test slot_round_trips ... ok
test session_with_content_type_round_trips ... ok

test result: ok. 34 passed; 0 failed; 0 ignored; 0 measured; 0 filtered out; finished in 0.00s

     Running tests/mutation_regressions.rs (target/llvm-cov-target/debug/deps/mutation_regressions-779420e16fce0490)

running 9 tests
test commit_chunk_map_bumps_version_by_one ... ok
test commit_chunk_map_superseding_leased_stamps_a_fresh_modified ... ok
test commit_chunk_map_preserves_object_metadata_across_a_repair ... ok
test sweep_reclaims_at_expiry_boundary_and_deletes ... ok
test commit_chunk_map_superseding_stamps_a_fresh_modified ... ok
test a_legacy_record_without_metadata_fields_still_wins_its_cas_commits ... ok
test read_with_fewer_than_k_fragments_reports_insufficient ... ok
test write_new_object_releases_pending_on_commit ... ok
test write_new_object_placed_releases_pending_on_commit ... ok

test result: ok. 9 passed; 0 failed; 0 ignored; 0 measured; 0 filtered out; finished in 0.04s

     Running tests/mutation_regressions_round2.rs (target/llvm-cov-target/debug/deps/mutation_regressions_round2-6666bfc6e0527300)

running 3 tests
test write_plan_chunk_ids_are_the_minted_ids ... ok
test write_new_object_lease_expiry_is_now_plus_ttl ... ok
test write_new_object_placed_lease_expiry_is_now_plus_ttl ... ok

test result: ok. 3 passed; 0 failed; 0 ignored; 0 measured; 0 filtered out; finished in 0.04s

     Running tests/placement_record.rs (target/llvm-cov-target/debug/deps/placement_record-8c3438c7db3dd624)

running 11 tests
test fragments_matrix::none_full_placement_resolves_from_record ... ok
test fragments_matrix::none_malformed_length_placement_still_resolves_liberally ... ok
test fragments_matrix::rs_short_placement_mixes_record_and_identity_fallback ... ok
test fragments_matrix::rs_empty_placement_is_pure_identity ... ok
test fragments_matrix::none_empty_placement_is_pure_identity ... ok
test fragments_matrix::rs_full_placement_resolves_from_record ... ok
test empty_placement_ec_none_resolves_via_identity_fallback ... ok
test empty_placement_rs_6_3_resolves_via_identity_fallback ... ok
test short_placement_rs_6_3_mixed_explicit_and_fallback ... ok
test moved_fragment_resolved_from_record_after_reopen ... ok
test write_records_placement_read_resolves_after_reopen ... ok

test result: ok. 11 passed; 0 failed; 0 ignored; 0 measured; 0 filtered out; finished in 0.05s

     Running tests/read_block_fault_repair.rs (target/llvm-cov-target/debug/deps/read_block_fault_repair-435d4fa233bec00f)

running 2 tests
test none_scheme_block_fault_fails_the_read_but_still_enqueues_repair ... ok
test ec_read_around_block_fault_still_enqueues_repair_with_non_corruption_reason ... ok

test result: ok. 2 passed; 0 failed; 0 ignored; 0 measured; 0 filtered out; finished in 0.06s

     Running tests/read_repair.rs (target/llvm-cov-target/debug/deps/read_repair-c79c7033d86f0cc2)

running 8 tests
test none_read_enqueues_integrity_fault_fragment_for_repair ... ok
test none_read_rejects_a_misplaced_but_intact_fragment ... ok
test unrecoverable_read_still_enqueues_the_corrupt_chunk ... ok
test ec_read_treats_a_misplaced_but_intact_fragment_as_absent ... ok
test ec_read_excludes_corrupt_fragment_and_enqueues_for_repair ... ok
test a_transient_dserver_failure_is_no_longer_silent ... ok
test a_corrupt_fragment_is_reported_with_its_index_and_its_placed_dserver ... ok
test ec_read_enqueues_integrity_fault_shard_for_repair_and_reconstructs ... ok

test result: ok. 8 passed; 0 failed; 0 ignored; 0 measured; 0 filtered out; finished in 0.05s

     Running tests/segmented_map_record.rs (target/llvm-cov-target/debug/deps/segmented_map_record-4439568e1f0c15ad)

running 16 tests
test a_zero_byte_segment_is_err ... ok
test non_hex_nonce_is_err ... ok
test duplicate_segment_index_is_err ... ok
test a_segment_table_whose_tiling_leaves_u64_is_err ... ok
test segment_count_mismatching_segments_len_is_err ... ok
test overlapping_segment_spans_is_err ... ok
test legacy_flat_record_round_trips_byte_identically ... ok
test well_formed_segmented_root_decodes ... ok
test segment_table_span_disagreeing_with_size_is_err ... ok
test segmented_root_round_trips_byte_identically ... ok
test segment_index_gap_is_err ... ok
test non_monotonic_segment_span_is_err ... ok
test an_empty_segmented_map_is_err ... ok
test segmented_root_cas_commits_against_the_stored_bytes ... ok
test legacy_flat_record_cas_still_commits_against_the_original_bytes ... ok
test segmented_root_at_max_root_segments_stays_inside_the_value_ceiling ... ok

test result: ok. 16 passed; 0 failed; 0 ignored; 0 measured; 0 filtered out; finished in 0.01s

     Running tests/segmented_map_resolution.rs (target/llvm-cov-target/debug/deps/segmented_map_resolution-93c8d679e63ee007)

running 13 tests
test a_row_from_another_group_answered_inside_this_range_is_refused ... ok
test a_root_over_the_segment_ceiling_is_refused_before_any_range_read ... ok
test chunks_are_ordered_by_the_parsed_index_not_by_page_order ... ok
test a_generation_retired_mid_resolve_restarts_onto_the_live_root_or_reads_as_absent ... ok
test every_anomaly_on_a_generation_the_root_still_names_fails_closed ... ok
test a_resolve_reads_only_its_own_root_and_its_own_group_range ... ok
test an_object_that_cannot_resolve_fails_closed_for_itself_alone ... ok
test an_over_ceiling_root_superseded_mid_read_restarts_onto_the_live_generation ... ok
test a_segment_value_at_exactly_the_ceiling_still_resolves ... ok
test a_delete_met_on_the_readers_last_attempt_is_no_such_object ... ok
test a_generation_retired_under_every_restart_is_a_typed_refusal_that_terminates ... ok
test a_segmented_object_reads_byte_identical_to_its_flat_equivalent ... ok
test the_widest_admissible_root_still_sizes_no_page_and_reads_back_whole ... ok

test result: ok. 13 passed; 0 failed; 0 ignored; 0 measured; 0 filtered out; finished in 0.04s

     Running tests/stream_lease_lapse.rs (target/llvm-cov-target/debug/deps/stream_lease_lapse-f0a5fc92314b186e)

running 5 tests
test mid_upload_lapse_aborts_the_stream_and_publishes_nothing ... ok
test eof_window_lapse_refuses_at_commit_and_publishes_nothing ... ok
test commit_refuses_at_exact_lease_deadline ... ok
test live_overwrite_still_commits_and_reads_back_the_new_version ... ok
test present_but_expired_leases_refuse_at_commit_and_publish_nothing ... ok

test result: ok. 5 passed; 0 failed; 0 ignored; 0 measured; 0 filtered out; finished in 0.01s

     Running tests/stream_lease_renewal.rs (target/llvm-cov-target/debug/deps/stream_lease_renewal-1033002da5cc86c3)

running 4 tests
test renewal_at_exact_deadline_aborts_the_upload ... ok
test create_commit_refuses_when_lease_swept ... ok
test create_commit_refuses_at_exact_lease_deadline ... ok
test slow_streaming_put_renews_in_flight_leases_before_commit ... ok

test result: ok. 4 passed; 0 failed; 0 ignored; 0 measured; 0 filtered out; finished in 0.01s

     Running tests/write_fanout.rs (target/llvm-cov-target/debug/deps/write_fanout-e29926ad55364106)

running 2 tests
test partial_fan_out_fails_closed ... ok
test full_fan_out_acks_every_fragment ... ok

test result: ok. 2 passed; 0 failed; 0 ignored; 0 measured; 0 filtered out; finished in 0.04s
run-diff-cov.sh: cfg-gated test target (madsim) for crates/dst — passing the flag (#104).
run-diff-cov.sh: MEASURE — cargo llvm-cov test -p wyrd-dst (fix applied)
info: cargo-llvm-cov currently setting cfg(coverage); you can opt-out it by passing --no-cfg-coverage
   Compiling proc-macro2 v1.0.106
   Compiling unicode-ident v1.0.24
   Compiling quote v1.0.46
   Compiling libc v0.2.186
   Compiling cfg-if v1.0.4
   Compiling bytes v1.12.1
   Compiling pin-project-lite v0.2.17
   Compiling memchr v2.8.2
   Compiling once_cell v1.21.4
   Compiling futures-core v0.3.34
   Compiling fnv v1.0.7
   Compiling serde_core v1.0.229
   Compiling futures-sink v0.3.34
   Compiling itoa v1.0.18
   Compiling slab v0.4.12
   Compiling hashbrown v0.17.1
   Compiling equivalent v1.0.2
   Compiling futures-task v0.3.34
   Compiling zerocopy v0.8.52
   Compiling smallvec v1.15.2
   Compiling serde v1.0.229
   Compiling lazy_static v1.5.0
   Compiling anyhow v1.0.103
   Compiling tower-service v0.3.3
   Compiling either v1.16.0
   Compiling tower-layer v0.3.3
   Compiling getrandom v0.3.4
   Compiling semver v1.0.28
   Compiling httparse v1.10.1
   Compiling regex-syntax v0.8.11
   Compiling sync_wrapper v1.0.2
   Compiling percent-encoding v2.3.2
   Compiling futures-channel v0.3.34
   Compiling mime v0.3.17
   Compiling thiserror v2.0.18
   Compiling autocfg v1.5.1
   Compiling atomic-waker v1.1.2
   Compiling try-lock v0.2.5
   Compiling httpdate v1.0.3
   Compiling zmij v1.0.21
   Compiling ident_case v1.0.1
   Compiling serde_json v1.0.151
   Compiling scopeguard v1.2.0
   Compiling syn v1.0.109
   Compiling want v0.3.1
   Compiling base64 v0.22.1
   Compiling log v0.4.32
   Compiling lock_api v0.4.14
   Compiling sharded-slab v0.1.7
   Compiling thread_local v1.1.9
   Compiling rustversion v1.0.22
   Compiling itertools v0.14.0
   Compiling tracing-core v0.1.36
   Compiling bitflags v2.13.0
   Compiling nu-ansi-term v0.50.3
   Compiling rustc_version v0.4.1
   Compiling crossbeam-utils v0.8.21
   Compiling strsim v0.10.0
   Compiling rustix v1.1.4
   Compiling matchit v0.8.4
   Compiling version_check v0.9.5
   Compiling pulldown-cmark v0.13.4
   Compiling getrandom v0.4.3
   Compiling parking v2.2.1
   Compiling linux-raw-sys v0.12.1
   Compiling http v1.4.2
   Compiling thiserror v1.0.69
   Compiling winnow v0.7.15
   Compiling prettyplease v0.2.37
   Compiling indexmap v2.14.0
   Compiling event-listener v5.4.2
   Compiling num-traits v0.2.19
   Compiling unicase v2.9.0
   Compiling logos-codegen v0.15.1
   Compiling aho-corasick v1.1.4
   Compiling tracing-log v0.2.0
   Compiling beef v0.5.2
   Compiling foldhash v0.1.5
   Compiling fastrand v2.4.1
   Compiling winnow v1.0.3
   Compiling ahash v0.8.12
   Compiling rand_core v0.10.1
   Compiling event-listener-strategy v0.5.4
   Compiling hashbrown v0.15.5
   Compiling unicode-width v0.1.14
   Compiling fixedbitset v0.5.7
   Compiling concurrent-queue v2.5.0
   Compiling toml_writer v1.1.1+spec-1.1.0
   Compiling spin v0.9.9
   Compiling panic-message v0.3.0
   Compiling iana-time-zone v0.1.65
   Compiling syn v2.0.118
   Compiling syn v3.0.0
   Compiling multimap v0.10.1
   Compiling strsim v0.11.1
   Compiling readme-rustdocifier v0.1.1
   Compiling parking_lot_core v0.9.12
   Compiling naive-timer v0.2.0
   Compiling toml_parser v1.1.2+spec-1.1.0
   Compiling async-channel v2.5.0
   Compiling async-task v4.7.1
   Compiling heck v0.5.0
   Compiling downcast-rs v1.2.1
   Compiling crc32c v0.6.8
   Compiling indexmap v1.9.3
   Compiling protobuf v3.7.2
   Compiling prometheus v0.14.0
   Compiling hashbrown v0.12.3
   Compiling mio v1.2.1
   Compiling socket2 v0.6.4
   Compiling getrandom v0.2.17
   Compiling errno v0.3.14
   Compiling cpufeatures v0.3.0
   Compiling http-body v1.1.0
   Compiling chacha20 v0.10.2
   Compiling toml_write v0.1.2
   Compiling rand_core v0.9.5
   Compiling rand_core v0.6.4
   Compiling matchit v0.7.3
   Compiling socket2 v0.5.10
   Compiling http-body-util v0.1.3
   Compiling regex-automata v0.4.14
   Compiling petgraph v0.8.3
   Compiling reed-solomon-simd v3.1.0
   Compiling parking_lot v0.12.5
   Compiling wyrd-chunk-format v0.0.0 (/home/eddie/wyrd/wyrd-cov-l0/crates/chunk-format)
   Compiling rand_xoshiro v0.6.0
   Compiling chrono v0.4.45
   Compiling cpufeatures v0.2.17
   Compiling rand v0.10.2
   Compiling redb v4.2.0
   Compiling axum-core v0.5.6
   Compiling pulldown-cmark-to-cmark v22.0.0
   Compiling toml_datetime v0.7.5+spec-1.1.0
   Compiling serde_spanned v1.1.1
   Compiling tempfile v3.27.0
   Compiling toml v0.9.12+spec-1.1.0
   Compiling matchers v0.2.0
   Compiling darling_core v0.14.4
   Compiling ppv-lite86 v0.2.21
   Compiling futures-macro v0.3.34
   Compiling async-trait v0.1.92
   Compiling serde_derive v1.0.229
   Compiling rand_chacha v0.3.1
   Compiling rand_chacha v0.9.0
   Compiling rand_chacha v0.10.0
   Compiling darling_core v0.23.0
   Compiling rand v0.9.4
   Compiling rand v0.8.6
   Compiling futures-util v0.3.34
   Compiling wyrd-traits v0.0.0 (/home/eddie/wyrd/wyrd-cov-l0/crates/traits)
   Compiling wyrd-testkit v0.0.0 (/home/eddie/wyrd/wyrd-cov-l0/crates/testkit)
   Compiling wyrd-coordination-conformance v0.0.0 (/home/eddie/wyrd/wyrd-cov-l0/crates/coordination-conformance)
   Compiling tonic-build v0.14.6
   Compiling tracing-attributes v0.1.31
   Compiling tokio-macros v2.7.0
   Compiling prost-derive v0.14.4
   Compiling thiserror-impl v2.0.18
   Compiling pin-project-internal v1.1.13
   Compiling async-stream-impl v0.3.6
   Compiling thiserror-impl v1.0.69
   Compiling miette-derive v7.6.0
   Compiling wyrd-coordination-mem v0.0.0 (/home/eddie/wyrd/wyrd-cov-l0/crates/coordination-mem)
   Compiling wyrd-metadata-redb v0.0.0 (/home/eddie/wyrd/wyrd-cov-l0/crates/metadata-redb)
   Compiling logos-codegen v0.16.1
   Compiling regex v1.12.4
   Compiling async-stream v0.3.6
   Compiling darling_macro v0.14.4
   Compiling tokio v1.52.3
   Compiling logos-derive v0.15.1
   Compiling darling v0.14.4
   Compiling madsim-macros v0.2.12
   Compiling pin-project v1.1.13
   Compiling logos v0.15.1
   Compiling miette v7.6.0
   Compiling tracing v0.1.44
   Compiling protobuf-support v3.7.2
   Compiling opentelemetry v0.32.0
   Compiling prost v0.14.4
   Compiling darling_macro v0.23.0
   Compiling logos-derive v0.16.1
   Compiling prost-types v0.14.4
   Compiling darling v0.23.0
   Compiling logos v0.16.1
   Compiling serde_with_macros v3.21.0
   Compiling tracing-serde v0.2.0
   Compiling bincode v1.3.3
   Compiling toml_datetime v0.6.11
   Compiling serde_spanned v0.6.9
   Compiling serde_with v3.21.0
   Compiling tracing-subscriber v0.3.23
   Compiling toml_edit v0.22.27
   Compiling futures-executor v0.3.32
   Compiling axum-core v0.4.5
   Compiling wyrd-core v0.0.0 (/home/eddie/wyrd/wyrd-cov-l0/crates/core)
   Compiling wyrd-metadata-conformance v0.0.0 (/home/eddie/wyrd/wyrd-cov-l0/crates/metadata-conformance)
   Compiling opentelemetry_sdk v0.32.1
   Compiling prost-build v0.14.4
   Compiling prost-reflect v0.16.4
   Compiling protox-parse v0.9.0
   Compiling tonic-prost-build v0.14.6
   Compiling madsim-tonic-build v0.6.0+0.14
   Compiling tracing-opentelemetry v0.33.0
   Compiling wyrd-dst v0.0.0 (/home/eddie/wyrd/wyrd-cov-l0/crates/dst)
   Compiling toml v0.8.23
   Compiling tokio-util v0.7.18
   Compiling tokio-stream v0.1.19
   Compiling madsim v0.2.34
   Compiling wyrd-chunkstore-fs v0.0.0 (/home/eddie/wyrd/wyrd-cov-l0/crates/chunkstore-fs)
   Compiling protox v0.9.1
   Compiling h2 v0.4.19
   Compiling tower v0.5.3
   Compiling tower v0.4.13
   Compiling opentelemetry-prometheus v0.32.0
   Compiling wyrd-proto v0.0.0 (/home/eddie/wyrd/wyrd-cov-l0/crates/proto)
   Compiling axum v0.8.9
   Compiling axum v0.7.9
   Compiling madsim-tokio v0.2.30
   Compiling hyper v1.10.1
   Compiling hyper-util v0.1.20
   Compiling hyper-timeout v0.5.2
   Compiling tonic v0.14.6
   Compiling tonic v0.12.3
   Compiling madsim-etcd-client v0.6.0+0.14.0
   Compiling tonic-prost v0.14.6
   Compiling tonic-types v0.14.6
   Compiling madsim-tonic v0.6.0+0.14
   Compiling opentelemetry-proto v0.32.0
   Compiling opentelemetry-otlp v0.32.0
   Compiling wyrd-coordination-etcd v0.0.0 (/home/eddie/wyrd/wyrd-cov-l0/crates/coordination-etcd)
   Compiling wyrd-telemetry v0.0.0 (/home/eddie/wyrd/wyrd-cov-l0/crates/telemetry)
   Compiling wyrd-chunkstore-grpc v0.0.0 (/home/eddie/wyrd/wyrd-cov-l0/crates/chunkstore-grpc)
   Compiling wyrd-custodian v0.0.0 (/home/eddie/wyrd/wyrd-cov-l0/crates/custodian)
    Finished `test` profile [unoptimized + debuginfo] target(s) in 13.20s
     Running unittests src/lib.rs (target/llvm-cov-target/debug/deps/wyrd_dst-1e4b7d20c44ac538)

running 0 tests

test result: ok. 0 passed; 0 failed; 0 ignored; 0 measured; 0 filtered out; finished in 0.00s

     Running tests/commit_ambiguity.rs (target/llvm-cov-target/debug/deps/commit_ambiguity-c3f5a455dd389a5b)

running 14 tests
test the_two_undeterminable_codes_are_not_equally_bad ... ok
test assuming_an_ambiguous_blind_put_landed_leaves_a_chunk_unprotected - should panic ... ok
test treating_a_timed_out_commit_like_1021_fails_the_sweep - should panic ... ok
test assuming_an_ambiguous_commit_did_not_land_fails_the_sweep - should panic ... ok
test a_torn_apply_of_an_ambiguous_commit_is_caught - should panic ... ok
test counting_every_timed_out_commit_a_winner_fails_the_contended_sweep - should panic ... ok
test an_ambiguous_pending_ledger_put_is_settled_by_a_re_read ... ok
test committed_regression_seeds_stay_green ... ok
test a_deferred_1031_batch_that_skips_the_resolver_clobbers_the_winner - should panic ... ok
test a_timed_out_commit_may_still_land_after_the_settling_re_read ... ok
test a_stale_deferred_1031_batch_is_rejected_against_current_truth ... ok
test the_settling_re_read_covers_both_halves_of_the_ambiguity_space ... ok
test contention_under_1031_keeps_exactly_one_winner_through_the_deferral ... ok
test commit_ambiguity_invariants_hold_under_the_dst_seed_sweep ... ok

test result: ok. 14 passed; 0 failed; 0 ignored; 0 measured; 0 filtered out; finished in 0.23s

     Running tests/concurrency.rs (target/llvm-cov-target/debug/deps/concurrency-43258dd406acf64f)

running 5 tests
test blind_batch_lost_lock_race_is_err_never_conflict ... ok
test synchronous_redb_shaped_commit_never_reaches_the_interleaving - should panic ... ok
test sim_tikv_reaches_mid_commit_interleaving_and_one_wins ... ok
test exactly_one_concurrent_writer_wins_sim_tikv ... ok
test exactly_one_concurrent_writer_wins_redb ... ok

test result: ok. 5 passed; 0 failed; 0 ignored; 0 measured; 0 filtered out; finished in 0.67s

     Running tests/conformance.rs (target/llvm-cov-target/debug/deps/conformance-aca28361a5694f66)

running 3 tests
test sim_fdb_backend_passes_shared_contract ... ok
test sim_tikv_backend_passes_shared_contract ... ok
test redb_backend_passes_shared_contract ... ok

test result: ok. 3 passed; 0 failed; 0 ignored; 0 measured; 0 filtered out; finished in 2.53s

     Running tests/coordination.rs (target/llvm-cov-target/debug/deps/coordination-d68401e903d24c07)

running 12 tests
test process_local_store_fails_the_cross_process_discovery_clause - should panic ... ok
test process_local_store_fails_the_single_leader_clause - should panic ... ok
test process_local_store_fails_the_mutual_exclusion_clause - should panic ... ok
test a_registration_lease_expires_deterministically ... ok
test peers_are_discovered_across_instances ... ok
test single_leader_is_exclusive_across_two_etcd_instances ... ok
test only_one_of_two_instances_leads_then_hands_off ... ok
test a_lapsed_leader_recampaigns_after_its_lease_is_lost ... ok
test a_lock_is_mutually_exclusive_across_two_instances ... ok
test a_transient_proclaim_error_keeps_the_hold_and_its_lease ... ok
test a_cancelled_campaign_leaks_no_orphan ... ok
test shared_contract_suite_on_the_etcd_simulator ... ok

test result: ok. 12 passed; 0 failed; 0 ignored; 0 measured; 0 filtered out; finished in 0.08s

     Running tests/custodian.rs (target/llvm-cov-target/debug/deps/custodian-45d58557598f1f10)

running 22 tests
test barrier_installed_and_registry_keeps_callsites_capturable ... ok
test gc_reclaims_only_true_orphans_q3 ... ok
test restore_two_readings_never_license_a_mark ... ok
test segmented_resolve_never_tears ... ok
test gc_over_a_segmented_map_never_reclaims_it_and_never_over_certifies ... ok
test handoffs_never_hide_a_chunk_from_the_reference_build ... ok
test drain_versus_intent_never_strands_a_fragment_on_a_satisfied_drain ... ok
test replace_versus_fence_never_strands_the_rebuilt_fragment ... ok
test gc_walk_never_loses_a_live_byte_or_a_fresh_mark ... ok
test scrub_detects_bit_rot_then_reconstructs_q2 ... ok
test durability_emission_rises_then_returns_to_zero ... ok
test fenced_stale_leader_lands_nothing ... ok
test restore_two_readings_cover_the_divergence_window ... ok
test reader_flips_atomically_across_commit ... ok
test crash_mid_fragment_write_commits_nothing ... ok
test reconstruct_to_full_redundancy_q1 ... ok
test commit_point_atomic_repair_under_crash ... ok
test replace_versus_fence_reaches_the_lost_cas_window ... ok
test drain_versus_intent_reaches_both_orders ... ok
test handoffs_reach_the_windows_the_read_order_closes ... ok
test gc_walk_reaches_the_reference_to_ledger_window ... ok
test committed_regression_seeds_stay_green ... ok

test result: ok. 22 passed; 0 failed; 0 ignored; 0 measured; 0 filtered out; finished in 14.02s

     Running tests/network.rs (target/llvm-cov-target/debug/deps/network-2db06cb8133207ca)

running 8 tests
test a_publication_the_d_server_could_not_verify_is_reported_not_acknowledged ... ok
test a_write_parked_past_its_deadline_is_refused_by_the_real_d_server ... ok
test a_write_that_expires_inside_the_d_servers_store_is_refused_before_publication ... ok
test partial_fanout_fails_closed ... ok
test parallel_write_durability_over_network ... ok
test corrupt_fragment_is_read_around ... ok
test k_of_n_read_survives_dropped_fetches ... ok
test exactly_one_concurrent_writer_wins_over_network ... ok

test result: ok. 8 passed; 0 failed; 0 ignored; 0 measured; 0 filtered out; finished in 1.45s

     Running tests/no_fdb_linkage.rs (target/llvm-cov-target/debug/deps/no_fdb_linkage-b4d25cb44abfcbf3)

running 9 tests
test scan_line_catches_every_manifest_dependency_shape ... ok
test package_nodes_reads_package_lines_and_not_feature_lines ... ok
test scan_line_ignores_comments_and_unrelated_dependencies ... ok
test the_dst_manifest_declares_no_fdb_dependency ... ok
test scan_manifest_is_red_when_an_fdb_dependency_is_planted ... ok
test the_dst_support_module_declares_the_simulated_fdb_store ... ok
test the_graph_scanner_is_red_on_a_cfg_madsim_gated_rename_and_transitive_edge ... ok
test the_dst_dependency_graph_links_no_libfdb_c ... ok
test the_graph_scanner_is_red_on_the_real_fdb_backend_with_its_feature_on ... ok

test result: ok. 9 passed; 0 failed; 0 ignored; 0 measured; 0 filtered out; finished in 0.17s

     Running tests/tikv_await_commit_interleaving.rs (target/llvm-cov-target/debug/deps/tikv_await_commit_interleaving-a701ffd58471d9e0)

running 1 test
test redb_overwrite_cas_classifies_the_stale_writer_as_conflict ... ok

test result: ok. 1 passed; 0 failed; 0 ignored; 0 measured; 0 filtered out; finished in 0.50s
run-diff-cov.sh: MEASURE — cargo llvm-cov test -p wyrd-server (fix applied)
info: cargo-llvm-cov currently setting cfg(coverage); you can opt-out it by passing --no-cfg-coverage
   Compiling tokio-util v0.7.18
   Compiling aws-smithy-async v1.3.0
   Compiling opentelemetry v0.32.0
   Compiling serde v1.0.229
   Compiling wyrd-testkit v0.0.0 (/home/eddie/wyrd/wyrd-cov-l0/crates/testkit)
   Compiling wyrd-gateway-core v0.0.0 (/home/eddie/wyrd/wyrd-cov-l0/crates/gateway-core)
   Compiling wyrd-proto v0.0.0 (/home/eddie/wyrd/wyrd-cov-l0/crates/proto)
   Compiling wyrd-metadata-redb v0.0.0 (/home/eddie/wyrd/wyrd-cov-l0/crates/metadata-redb)
   Compiling wyrd-chunkstore-fs v0.0.0 (/home/eddie/wyrd/wyrd-cov-l0/crates/chunkstore-fs)
   Compiling wyrd-coordination-mem v0.0.0 (/home/eddie/wyrd/wyrd-cov-l0/crates/coordination-mem)
   Compiling wyrd-metadata-fault-conformance v0.0.0 (/home/eddie/wyrd/wyrd-cov-l0/crates/metadata-fault-conformance)
   Compiling h2 v0.4.19
   Compiling aws-smithy-types v1.6.2
   Compiling tower v0.5.3
   Compiling tokio-stream v0.1.19
   Compiling tracing-serde v0.2.0
   Compiling wyrd-core v0.0.0 (/home/eddie/wyrd/wyrd-cov-l0/crates/core)
   Compiling tracing-subscriber v0.3.23
   Compiling opentelemetry_sdk v0.32.1
   Compiling aws-smithy-runtime-api v1.15.0
   Compiling aws-smithy-eventstream v0.61.2
   Compiling tracing-opentelemetry v0.33.0
   Compiling aws-smithy-schema v0.2.0
   Compiling aws-smithy-http v0.64.0
   Compiling aws-credential-types v1.3.0
   Compiling aws-smithy-observability v0.3.0
   Compiling aws-sigv4 v1.5.1
   Compiling aws-smithy-checksums v0.65.0
   Compiling opentelemetry-prometheus v0.32.0
   Compiling aws-smithy-runtime v1.14.0
   Compiling aws-types v1.5.0
   Compiling aws-smithy-xml v0.62.0
   Compiling aws-smithy-json v0.63.0
   Compiling hyper v1.10.1
   Compiling hyper-util v0.1.20
   Compiling aws-runtime v1.9.1
   Compiling axum v0.8.9
   Compiling hyper-timeout v0.5.2
   Compiling aws-smithy-http-client v1.4.0
   Compiling aws-sdk-s3 v1.142.0
   Compiling tonic v0.14.6
   Compiling wyrd-gateway-s3 v0.0.0 (/home/eddie/wyrd/wyrd-cov-l0/crates/gateway-s3)
   Compiling tonic-prost v0.14.6
   Compiling tonic-types v0.14.6
   Compiling opentelemetry-proto v0.32.0
   Compiling tonic-health v0.14.6
   Compiling wyrd-chunkstore-grpc v0.0.0 (/home/eddie/wyrd/wyrd-cov-l0/crates/chunkstore-grpc)
   Compiling opentelemetry-otlp v0.32.0
   Compiling wyrd-telemetry v0.0.0 (/home/eddie/wyrd/wyrd-cov-l0/crates/telemetry)
   Compiling wyrd-custodian v0.0.0 (/home/eddie/wyrd/wyrd-cov-l0/crates/custodian)
   Compiling wyrd-server v0.0.0 (/home/eddie/wyrd/wyrd-cov-l0/crates/server)
    Finished `test` profile [unoptimized + debuginfo] target(s) in 21.57s
     Running unittests src/lib.rs (target/llvm-cov-target/debug/deps/wyrd_server-a51d102d9e56c59c)

running 41 tests
test cli::tests::a_probe_data_address_collision_refuses_at_parse ... ok
test cli::tests::an_ephemeral_probe_port_refuses_at_parse ... ok
test cli::tests::a_flag_without_a_value_fails_logging_setup_on_every_subcommand ... ok
test cli::tests::default_chunk_size_is_one_mib ... ok
test cli::tests::parsed_args_consumes_flag_value_pairs ... ok
test cli::tests::parse_endpoints_splits_trims_and_rejects_empty ... ok
test cli::tests::chunk_id_minter_packs_inode_in_the_high_bits ... ok
test cli::tests::require_aligned_topology_rejects_missing_or_mismatched_lists ... ok
test cli::tests::parse_durability_maps_each_form ... ok
test cli::tests::dual_stack_overlap_risk_fires_only_for_the_v6_wildcard_cross_family ... ok
test cli::tests::wildcard_probe_data_overlaps_refuse_and_distinct_ips_coexist ... ok
test consistency_observable::tests::a_regressing_version_is_not_monotone ... ok
test consistency_observable::tests::a_torn_chunked_body_is_an_error_never_a_panic ... ok
test consistency_observable::tests::an_indeterminate_write_is_not_counted_as_an_observed_version ... ok
test cli::tests::restore_needs_human_agrees_with_every_paragraph_it_prints ... ok
test consistency_observable::tests::an_op_with_a_reversed_span_is_not_well_formed ... ok
test consistency_observable::tests::empty_history_is_not_well_formed ... ok
test consistency_observable::tests::decode_rejects_a_torn_value ... ok
test consistency_observable::tests::encode_decode_round_trips ... ok
test consistency_workload::tests::cross_key_read_write_overlap_is_not_genuine_concurrency ... ok
test consistency_workload::tests::indeterminate_predicate_flags_5xx_and_synthetic_zero ... ok
test consistency_workload::tests::indeterminate_put_is_info_not_ok ... ok
test consistency_workload::tests::membership_never_fabricates_absence ... ok
test cli::tests::restore_verdict_names_the_blocking_records_and_counts_the_ones_it_cannot_fit ... ok
test cli::tests::the_restore_one_shot_is_valueless_but_value_flags_still_demand_a_value ... ok
test consistency_workload::tests::verdict_routes_off_check_by_default ... ok
test logging::tests::an_invalid_format_is_rejected ... ok
test logging::tests::a_malformed_rust_log_directive_is_rejected ... ok
test logging::tests::a_valid_or_absent_rust_log_directive_is_accepted ... ok
test tests::default_chunk_size_is_one_mib ... ok
test consistency_observable::tests::a_wellformed_response_still_parses ... ok
test consistency_observable::tests::a_body_shorter_than_its_declared_content_length_is_an_error_never_a_prefix_read ... ok
test logging::tests::a_structured_event_reaches_the_sink_as_json_with_its_fields ... ok
test logging::tests::an_explicit_level_admits_debug ... ok
test cli::tests::scoped_ipv6_binds_collide_only_within_one_scope ... ok
test cli::tests::the_default_health_bind_follows_the_data_bind_interface ... ok
test logging::tests::an_invalid_level_is_rejected_not_ignored ... ok
test consistency_observable::tests::a_torn_response_is_an_error_never_a_panic ... ok
test dserver::tests::id_reports_the_configured_identity ... ok
test logging::tests::the_text_format_writes_prose_not_json ... ok
test logging::tests::the_default_level_drops_debug_and_keeps_info ... ok

test result: ok. 41 passed; 0 failed; 0 ignored; 0 measured; 0 filtered out; finished in 0.00s

     Running unittests src/main.rs (target/llvm-cov-target/debug/deps/wyrd-27cd4beb09cc10ed)

running 0 tests

test result: ok. 0 passed; 0 failed; 0 ignored; 0 measured; 0 filtered out; finished in 0.00s

     Running tests/advertise_addr_registration.rs (target/llvm-cov-target/debug/deps/advertise_addr_registration-8b94dfbdf3acb814)

running 2 tests
test no_advertise_addr_keeps_the_bound_address_endpoint ... ok
test advertise_addr_overrides_the_registered_endpoint ... ok

test result: ok. 2 passed; 0 failed; 0 ignored; 0 measured; 0 filtered out; finished in 0.00s

     Running tests/backend_selection.rs (target/llvm-cov-target/debug/deps/backend_selection-2088b445b8685bfa)

running 3 tests
test coordination_backend_selects_by_config ... ok
test alloc_inode_is_bounded_against_a_perpetual_conflict_store ... ok
test redb_backend_selected_by_config_and_alloc_inode_roundtrips ... ok

test result: ok. 3 passed; 0 failed; 0 ignored; 0 measured; 0 filtered out; finished in 0.00s

     Running tests/cli_roundtrip.rs (target/llvm-cov-target/debug/deps/cli_roundtrip-af90f1a89ff193dc)

running 5 tests
test no_subcommand_prints_usage_and_exits_two ... ok
test get_of_a_missing_key_exits_nonzero ... ok
test demo_exits_zero ... ok
test re_putting_an_existing_key_exits_nonzero ... ok
test put_then_get_round_trips_across_separate_invocations ... ok

test result: ok. 5 passed; 0 failed; 0 ignored; 0 measured; 0 filtered out; finished in 0.24s

     Running tests/closed_write_path.rs (target/llvm-cov-target/debug/deps/closed_write_path-bbaa965044e36da9)

running 1 test
test a_gateway_written_object_is_a_custodian_derived_repair_obligation_and_round_trips ... ok

test result: ok. 1 passed; 0 failed; 0 ignored; 0 measured; 0 filtered out; finished in 0.44s

     Running tests/consistency_observable.rs (target/llvm-cov-target/debug/deps/consistency_observable-e8378b13d52b087c)

running 4 tests
test a_peer_that_closes_without_a_complete_response_records_the_op_as_indeterminate ... ok
test a_body_cut_mid_transfer_records_an_indeterminate_read_not_a_prefix_version ... ok
test a_transport_failure_records_the_op_as_indeterminate_rather_than_omitting_it ... ok
test observable_records_a_nonvacuous_wellformed_register_history ... ok

test result: ok. 4 passed; 0 failed; 0 ignored; 0 measured; 0 filtered out; finished in 0.06s

     Running tests/consistency_run_fdb.rs (target/llvm-cov-target/debug/deps/consistency_run_fdb-687b797fc59d40de)

running 1 test
test consistency_run_fdb ... ignored, privileged #408: live 3-process FDB cluster + a #407 nemesis leg (cargo xtask consistency-run)

test result: ok. 0 passed; 0 failed; 1 ignored; 0 measured; 0 filtered out; finished in 0.00s

     Running tests/consistency_workload.rs (target/llvm-cov-target/debug/deps/consistency_workload-b09900ee8c22e19e)

running 18 tests
test directory_op_count_counts_the_composed_read_once_not_every_probe ... ok
test a_fully_resolved_sweep_composes_a_definite_read_that_still_exposes_a_lost_element ... ok
test a_shared_delete_pool_key_with_version_bands_would_fabricate_a_violation ... ok
test reads_monotone_ignores_overlapping_reads ... ok
test reads_monotone_per_key_is_global_and_guards_indeterminate ... ok
test concurrency_witness_counts_only_same_key_read_write_overlaps ... ok
test session_monotonic_reads_guard_indeterminate_and_reject_determinate_regression ... ok
test register_serializer_panics_on_a_delete_never_fabricating_a_representation - should panic ... ok
test session_read_your_writes_guards_indeterminate_on_every_arm ... ok
test directory_serializer_emits_set_model_add_and_composed_read_with_integer_elements ... ok
test register_serializer_emits_byte_exact_rw_register_txn_edn_with_info_for_indeterminate ... ok
test membership_derivation_never_coerces_unknown_to_absent ... ok
test register_serializer_tags_each_op_with_its_key_inside_the_micro_op ... ok
test session_read_your_writes_is_cross_process_aware ... ok
test an_unresolved_probe_degrades_the_composed_read_to_info_rather_than_omitting_the_member ... ok
test delete_pool_keys_are_single_writer_per_key_so_version_tags_track_commit_order ... ok
test verdict_dispatch_routes_to_off_check_elle_by_default ... ok
test concurrent_workload_records_a_nonvacuous_genuinely_concurrent_history ... ok

test result: ok. 18 passed; 0 failed; 0 ignored; 0 measured; 0 filtered out; finished in 0.14s

     Running tests/custodian_day_one.rs (target/llvm-cov-target/debug/deps/custodian_day_one-7f4861e8080ccf78)

running 15 tests
test a_malformed_log_level_still_fails_the_process_loudly ... ok
test run_loop_stops_when_fenced ... ok
test cmd_custodian_rejects_misaligned_topology_through_the_real_entry_point ... ok
test cmd_custodian_fails_loud_when_the_whole_fleet_is_unreachable_at_startup - should panic ... ok
test the_data_loss_audit_line_reaches_the_log_sink_naming_the_chunk ... ok
test a_transient_below_k_outage_does_not_false_alarm_data_loss_and_recovers ... ok
test a_repair_with_no_free_domain_is_blocked_off_the_backlog_gauge ... ok
test a_loss_beyond_tolerance_raises_data_loss_and_the_backlog_gauge_returns_to_zero ... ok
test a_raised_log_level_does_not_starve_the_durability_metrics ... ok
test gauge_rises_then_returns_to_zero_surviving_a_killed_dserver ... ok
test running_the_cli_twice_in_process_still_dispatches_the_command ... ok
test run_loop_logs_and_continues_on_a_store_fault ... ok
test run_loop_survives_a_dead_dserver_and_keeps_running ... ok
test connect_fleet_starts_degraded_around_a_startup_down_peer_and_repairs ... ok
test gauge_rises_then_returns_to_zero_through_the_redb_backend_open_path ... ok

test result: ok. 15 passed; 0 failed; 0 ignored; 0 measured; 0 filtered out; finished in 0.19s

     Running tests/custodian_gc.rs (target/llvm-cov-target/debug/deps/custodian_gc-04f8ab7bef2e8117)

running 10 tests
test deployed_run_loop_refuses_a_value_after_the_valueless_gc_flag ... ok
test deployed_run_loop_refuses_duplicate_endpoints ... ok
test deployed_run_loop_refuses_duplicate_ids ... ok
test armed_deployed_role_reclaims_expired_pending_lease_garbage ... ok
test deployed_role_defers_expired_pending_garbage_by_default ... ok
test deployed_role_reclaims_at_the_exact_grace_boundary ... ok
test deployed_role_reclaims_orphaned_bytes_after_grace_elapses ... ok
test deployed_role_keeps_orphaned_bytes_within_the_grace_window ... ok
test deployed_role_defers_gc_when_the_operator_fleet_is_startup_partial ... ok
test deployed_role_defers_gc_and_preserves_a_skipped_servers_evidence ... ok

test result: ok. 10 passed; 0 failed; 0 ignored; 0 measured; 0 filtered out; finished in 0.17s

     Running tests/dserver.rs (target/llvm-cov-target/debug/deps/dserver-be5f0fd0ad72d198)

running 4 tests
test lease_renews_and_lapses_deterministically ... ok
test overload_across_connections_sheds_excess_with_a_retryable_status ... ok
test d_servers_register_serve_and_are_discovered ... ok
test hung_handler_is_cut_by_the_request_timeout ... ok

test result: ok. 4 passed; 0 failed; 0 ignored; 0 measured; 0 filtered out; finished in 0.25s

     Running tests/dst_commit.rs (target/llvm-cov-target/debug/deps/dst_commit-c58ddb237c31896e)

running 4 tests
test commit_invariants_hold_at_pinned_regression_seed ... ok
test exactly_one_commit_wins_across_seeds ... ok
test reader_never_sees_a_hybrid_across_seeds ... ok
test crash_between_commit_and_release_is_atomic_across_seeds ... ok

test result: ok. 4 passed; 0 failed; 0 ignored; 0 measured; 0 filtered out; finished in 1.53s

     Running tests/dst_erasure.rs (target/llvm-cov-target/debug/deps/dst_erasure-5e5981cc01d74703)

running 7 tests
test ec_properties_hold_at_pinned_regression_seed ... ok
test mixed_era_reads_across_seeds ... ok
test empty_placement_reads_and_maintenance_agree_across_seeds ... ok
test rs_loss_beyond_m_is_a_clean_error_across_seeds ... ok
test rs_corruption_beyond_m_is_a_clean_error_across_seeds ... ok
test rs_reads_survive_losses_across_seeds ... ok
test rs_corruption_is_excluded_across_seeds ... ok

test result: ok. 7 passed; 0 failed; 0 ignored; 0 measured; 0 filtered out; finished in 1.28s

     Running tests/dst_read_fanout.rs (target/llvm-cov-target/debug/deps/dst_read_fanout-98ce02d45082b5e2)

running 4 tests
test read_fanout_properties_hold_at_pinned_regression_seed ... ok
test none_scheme_is_a_single_fetch_across_seeds ... ok
test below_k_is_a_clean_typed_error_across_seeds ... ok
test any_k_arrive_first_across_seeds ... ok

test result: ok. 4 passed; 0 failed; 0 ignored; 0 measured; 0 filtered out; finished in 0.50s

     Running tests/e2e.rs (target/llvm-cov-target/debug/deps/e2e-110ecd343036f48b)

running 4 tests
test gateway_composes_the_coordination_backend ... ok
test binary_runs_the_round_trip_in_one_process ... ok
test buffered_put_stamps_publication_metadata ... ok
test put_then_get_is_byte_identical ... ok

test result: ok. 4 passed; 0 failed; 0 ignored; 0 measured; 0 filtered out; finished in 0.06s

     Running tests/erasure_path.rs (target/llvm-cov-target/debug/deps/erasure_path-4ca7d27130f071a1)

running 6 tests
test mixed_era_chunks_read_through_one_path ... ok
test fewer_than_k_fragments_is_a_clean_typed_error ... ok
test rs_put_stages_n_fragments_and_reads_back_byte_identical ... ok
test checksum_failing_fragments_are_excluded_and_reconstructed_around ... ok
test exactly_one_overwrite_wins_under_rs ... ok
test reads_survive_any_m_fragment_losses ... ok

test result: ok. 6 passed; 0 failed; 0 ignored; 0 measured; 0 filtered out; finished in 0.64s

     Running tests/failure_domain_registration.rs (target/llvm-cov-target/debug/deps/failure_domain_registration-54f9cc7a64dbbf51)

running 1 test
test registration_carries_label_and_topology_spreads_distinct_domains ... ok

test result: ok. 1 passed; 0 failed; 0 ignored; 0 measured; 0 filtered out; finished in 0.00s

     Running tests/fdb_backend_selection.rs (target/llvm-cov-target/debug/deps/fdb_backend_selection-6c79baf5ed9dc27b)

running 3 tests
test fdb_without_the_feature_names_the_build_flag ... ok
test unknown_backend_message_lists_fdb_as_a_known_backend ... ok
test usage_lists_fdb_as_a_metadata_backend ... ok

test result: ok. 3 passed; 0 failed; 0 ignored; 0 measured; 0 filtered out; finished in 0.00s

     Running tests/gateway_cluster.rs (target/llvm-cov-target/debug/deps/gateway_cluster-5586dd7a079e3cc1)

running 1 test
test cluster_gateway_round_trips_distinct_objects_across_separate_compositions ... ok

test result: ok. 1 passed; 0 failed; 0 ignored; 0 measured; 0 filtered out; finished in 0.69s

     Running tests/gateway_lease_expiry.rs (target/llvm-cov-target/debug/deps/gateway_lease_expiry-f88368ae73f927dd)

running 1 test
test losing_put_leaves_a_future_dated_lease ... ok

test result: ok. 1 passed; 0 failed; 0 ignored; 0 measured; 0 filtered out; finished in 0.04s

     Running tests/gateway_multi_writer.rs (target/llvm-cov-target/debug/deps/gateway_multi_writer-c909d857c9fea08d)

running 2 tests
test shared_inode_allocator_hands_out_distinct_ids_under_contention ... ok
test two_active_gateways_concurrently_store_distinct_objects_without_collision ... ok

test result: ok. 2 passed; 0 failed; 0 ignored; 0 measured; 0 filtered out; finished in 0.05s

     Running tests/gateway_recover_totality.rs (target/llvm-cov-target/debug/deps/gateway_recover_totality-ab0e3e28c2f2b7d0)

running 4 tests
test the_counter_repair_yields_to_an_allocator_that_won_the_race ... ok
test recover_is_total_over_a_segmented_root ... ok
test recover_is_total_over_an_undecodable_inode_record ... ok
test recover_is_total_over_a_corrupt_next_inode_counter ... ok

test result: ok. 4 passed; 0 failed; 0 ignored; 0 measured; 0 filtered out; finished in 0.07s

     Running tests/health_probe.rs (target/llvm-cov-target/debug/deps/health_probe-70a30bdb28072d50)

running 13 tests
test a_health_bind_failure_revokes_the_registration ... ok
test a_zero_refresh_interval_refuses_at_the_builder - should panic ... ok
test an_ephemeral_health_bind_refuses_at_the_builder - should panic ... ok
test check_reports_serving_while_the_store_is_healthy ... ok
test checks_still_answer_with_watch_streams_held_open ... ok
test health_check_answers_while_the_data_plane_is_saturated ... ok
test established_watch_streams_count_against_the_probe_bound ... ok
test the_default_empty_service_check_tracks_the_store ... ok
test a_hanging_health_probe_fails_closed_within_a_bounded_wait ... ok
test check_reports_not_serving_once_unhealthy_or_erroring ... ok
test liveness_stays_serving_when_the_store_is_unhealthy ... ok
test a_connected_watch_stream_does_not_pin_shutdown ... ok
test shutdown_publishes_not_serving_before_draining ... ok

test result: ok. 13 passed; 0 failed; 0 ignored; 0 measured; 0 filtered out; finished in 2.04s

     Running tests/log_env_directive.rs (target/llvm-cov-target/debug/deps/log_env_directive-e7e384186386b092)

running 1 test
test a_malformed_rust_log_fails_the_process_instead_of_installing_a_filter_nobody_asked_for ... ok

test result: ok. 1 passed; 0 failed; 0 ignored; 0 measured; 0 filtered out; finished in 0.00s

     Running tests/log_span_correlation.rs (target/llvm-cov-target/debug/deps/log_span_correlation-74bee089eacb72ee)

running 2 tests
test a_request_span_still_carries_its_id_onto_an_error_at_log_level_warn ... ok
test events_are_still_throttled_even_though_spans_are_not ... ok

test result: ok. 2 passed; 0 failed; 0 ignored; 0 measured; 0 filtered out; finished in 0.00s

     Running tests/read_fanout.rs (target/llvm-cov-target/debug/deps/read_fanout-6f015b47325d4bfb)

running 2 tests
test rs_read_reconstructs_from_the_first_k_and_abandons_hung_d_servers ... ok
test below_k_readable_fragments_is_a_clean_typed_error ... ok

test result: ok. 2 passed; 0 failed; 0 ignored; 0 measured; 0 filtered out; finished in 0.12s

     Running tests/read_path.rs (target/llvm-cov-target/debug/deps/read_path-c895f11ab8fa6bf8)

running 4 tests
test unbound_name_and_uncommitted_inode_read_as_none ... ok
test checksum_mismatch_surfaces_as_an_error ... ok
test reader_sees_old_or_new_version_never_a_hybrid ... ok
test committed_file_reads_back_byte_identical ... ok

test result: ok. 4 passed; 0 failed; 0 ignored; 0 measured; 0 filtered out; finished in 0.02s

     Running tests/request_capacity_planes.rs (target/llvm-cov-target/debug/deps/request_capacity_planes-c461c2c68669a7f6)

running 7 tests
test the_request_plane_counts_a_partially_failed_bulk_delete ... ok
test the_request_plane_classes_a_mid_stream_fault_by_the_seam_not_the_head ... ok
test the_request_plane_counts_a_failing_op_by_op_and_by_the_typed_class ... ok
test the_capacity_plane_reports_admission_and_the_in_flight_gauge_returns_to_zero ... ok
test the_capacity_plane_reports_a_forced_load_shed ... ok
test the_request_plane_records_per_op_latency_for_a_put_and_a_get ... ok
test the_capacity_plane_reports_a_request_cut_by_the_request_timeout ... ok

test result: ok. 7 passed; 0 failed; 0 ignored; 0 measured; 0 filtered out; finished in 0.25s

     Running tests/restore_runbook_command.rs (target/llvm-cov-target/debug/deps/restore_runbook_command-1a025fc909b8f15d)

running 2 tests
test the_runbook_states_the_two_conditions_that_make_the_pass_safe ... ok
test the_runbook_restore_command_satisfies_the_topology_validator_it_will_be_checked_against ... ok

test result: ok. 2 passed; 0 failed; 0 ignored; 0 measured; 0 filtered out; finished in 0.00s

     Running tests/s3_copy_object_guard.rs (target/llvm-cov-target/debug/deps/s3_copy_object_guard-2833528d7fde4279)

running 2 tests
test copy_source_put_is_refused_and_destination_survives ... ok
test ordinary_put_without_copy_source_still_stores ... ok

test result: ok. 2 passed; 0 failed; 0 ignored; 0 measured; 0 filtered out; finished in 0.08s

     Running tests/s3_delete_objects.rs (target/llvm-cov-target/debug/deps/s3_delete_objects-8cd4d090737830a4)

running 22 tests
test delete_objects_malformed_xml_is_rejected ... ok
test delete_objects_more_than_1000_keys_is_refused ... ok
test delete_objects_entity_escaped_key_deletes_the_right_object ... ok
test delete_objects_numeric_quiet_spellings_are_honoured ... ok
test delete_objects_unsigned_payload_is_refused_and_deletes_nothing ... ok
test delete_objects_multiple_roots_are_rejected_and_delete_nothing ... ok
test delete_objects_quiet_omits_deleted_entries_but_still_deletes ... ok
test delete_objects_trailing_content_after_root_is_rejected_and_deletes_nothing ... ok
test delete_objects_nested_entity_key_is_decoded_exactly_once ... ok
test delete_objects_removes_present_and_absent_keys_idempotently ... ok
test delete_objects_literal_percent_key_is_not_percent_decoded ... ok
test delete_objects_duplicate_attribute_is_rejected_and_deletes_nothing ... ok
test delete_objects_junk_after_a_tag_name_is_rejected_and_deletes_nothing ... ok
test delete_objects_comment_split_key_is_rejected_and_deletes_nothing ... ok
test delete_objects_version_scoped_entry_is_refused_and_deletes_nothing ... ok
test delete_objects_malformed_processing_instruction_is_rejected_and_deletes_nothing ... ok
test delete_objects_invalid_quiet_is_rejected_and_deletes_nothing ... ok
test delete_objects_conditional_delete_fields_are_refused_and_delete_nothing ... ok
test delete_objects_denylisted_query_companion_is_refused_and_deletes_nothing ... ok
test delete_objects_malformed_attribute_value_is_rejected_and_deletes_nothing ... ok
test delete_objects_oversized_body_is_refused_before_it_is_resident ... ok
test delete_objects_max_keys_with_escaped_content_is_accepted ... ok

test result: ok. 22 passed; 0 failed; 0 ignored; 0 measured; 0 filtered out; finished in 0.38s

     Running tests/s3_gateway_cluster.rs (target/llvm-cov-target/debug/deps/s3_gateway_cluster-3f05c3d794043be1)

running 1 test
test s3_gateway_composed_over_cluster_backends_lands_fragments_on_dservers ... ok

test result: ok. 1 passed; 0 failed; 0 ignored; 0 measured; 0 filtered out; finished in 0.13s

     Running tests/s3_head_object.rs (target/llvm-cov-target/debug/deps/s3_head_object-140c074c29871877)

running 3 tests
test signed_head_of_an_absent_key_returns_404_headers_only ... ok
test signed_head_of_a_stored_object_returns_metadata_headers_and_no_body ... ok
test head_does_not_change_get_put_delete_behaviour ... ok

test result: ok. 3 passed; 0 failed; 0 ignored; 0 measured; 0 filtered out; finished in 0.07s

     Running tests/s3_http_wire.rs (target/llvm-cov-target/debug/deps/s3_http_wire-60fe96a65516ada8)

running 19 tests
test a_failure_reports_the_same_request_id_in_the_header_and_the_error_body ... ok
test unsigned_request_is_refused ... ok
test real_sdk_interop::real_aws_sdk_unsigned_client_is_refused ... ok
test wrong_signature_is_refused_and_stores_nothing ... ok
test unsigned_put_is_refused_before_its_body_is_read ... ok
test streaming_interop::tampered_chunk_body_is_refused_and_stores_nothing ... ok
test every_response_carries_a_request_id_header ... ok
test streaming_behaviour::streaming_put_writes_chunks_as_they_arrive_not_after_buffering ... ok
test get_streaming_resolved_before_delete_is_not_truncated ... ok
test get_declares_accurate_content_length_for_truncation_detection ... ok
test signed_put_get_delete_round_trip_is_byte_identical ... ok
test restart_recovers_id_allocators_no_collision ... ok
test restart_without_recover_is_safe_when_prior_process_persisted_the_allocator ... ok
test percent_encoded_key_is_stored_under_the_decoded_identity ... ok
test restart_recovers_id_allocators_over_orphan_ledger_no_reclaim_loss ... ok
test recover_seeds_the_allocator_over_a_legacy_store_without_meta_next_inode ... ok
test concurrent_delete_is_idempotent ... ok
test streaming_interop::stock_sdk_chunked_put_round_trips_byte_identical ... ok
test real_sdk_interop::real_aws_sdk_put_get_delete_round_trips_byte_identical ... ok

test result: ok. 19 passed; 0 failed; 0 ignored; 0 measured; 0 filtered out; finished in 3.78s

     Running tests/s3_list_objects.rs (target/llvm-cov-target/debug/deps/s3_list_objects-695002cc8476e743)

running 24 tests
test empty_bucket_with_marker_lists_empty_200 ... ok
test list_missing_bucket_is_404_no_such_bucket ... ok
test list_v2_double_slash_bucket_path_is_rejected_not_listed ... ok
test get_bucket_versioning_is_501_not_a_listing_document ... ok
test list_v2_encoding_type_other_than_url_is_400_invalid_argument ... ok
test list_v2_xml_special_key_round_trips ... ok
test list_v2_encoding_type_url_matches_botocore_oracle ... ok
test list_v2_invalid_continuation_token_is_400 ... ok
test list_v2_start_after_equal_to_common_prefix_drops_the_rollup ... ok
test list_v1_encoding_type_url_encodes_marker_and_next_marker ... ok
test list_v2_returns_sorted_contents_with_size_and_etag ... ok
test list_v2_max_keys_zero_is_empty_and_untruncated ... ok
test list_v1_marker_inside_delimiter_group_drops_the_rollup ... ok
test list_v2_continuation_token_wins_over_start_after ... ok
test list_v2_encoding_type_url_encodes_prefix_delimiter_and_common_prefixes ... ok
test list_v2_start_after_inside_delimiter_group_drops_the_rollup ... ok
test list_v2_start_after_skips_consumed_keys ... ok
test list_v2_encoding_type_url_start_after_echo_and_opaque_token_resume ... ok
test list_v2_prefix_filters ... ok
test list_v1_returns_marker_based_result ... ok
test list_v2_delimiter_rolls_into_common_prefixes ... ok
test list_v1_next_marker_is_common_prefix_and_resumes_without_double_emit ... ok
test list_v2_delimiter_and_max_keys_chain_without_double_emitting_a_prefix ... ok
test list_v2_pagination_chains_until_every_key_once ... ok

test result: ok. 24 passed; 0 failed; 0 ignored; 0 measured; 0 filtered out; finished in 0.12s

     Running tests/s3_object_metadata.rs (target/llvm-cov-target/debug/deps/s3_object_metadata-e87e855486c49ef8)

running 2 tests
test put_answers_etag_and_get_round_trips_content_type_and_last_modified ... ok
test a_second_put_of_new_content_stamps_a_fresh_etag_and_content_type ... ok

test result: ok. 2 passed; 0 failed; 0 ignored; 0 measured; 0 filtered out; finished in 0.08s

     Running tests/s3_range_conditional.rs (target/llvm-cov-target/debug/deps/s3_range_conditional-b9beb132ecfc71e8)

running 17 tests
test if_match_uses_strong_comparison_weak_tag_rejected ... ok
test pre_epoch_if_unmodified_since_fires_412_not_ignored ... ok
test head_honors_range_with_206_and_416 ... ok
test if_modified_since_and_if_unmodified_since_answer_304_and_412 ... ok
test invalid_weekday_token_conditional_is_ignored ... ok
test ranged_get_returns_206_with_content_range_and_sliced_body ... ok
test a_fired_precondition_costs_zero_chunk_reads ... ok
test if_match_with_a_non_matching_etag_returns_412 ... ok
test invalid_conditional_date_is_ignored_not_misparsed ... ok
test repeated_range_field_lines_degrade_to_the_full_200 ... ok
test narrow_range_fetches_only_the_covering_chunks ... ok
test range_unit_is_matched_case_insensitively ... ok
test if_none_match_with_the_objects_etag_returns_304_on_get_and_head ... ok
test obsolete_http_date_formats_are_honored_on_conditionals ... ok
test unsatisfiable_range_returns_416_with_content_range_star ... ok
test out_of_scope_and_malformed_ranges_answer_full_200_with_accept_ranges ... ok
test signed_http_date_fields_are_ignored_not_misparsed ... ok

test result: ok. 17 passed; 0 failed; 0 ignored; 0 measured; 0 filtered out; finished in 0.04s

     Running tests/s3_streaming_trailer.rs (target/llvm-cov-target/debug/deps/s3_streaming_trailer-5c6aad11558e9fb6)

running 11 tests
test crc_reference_check_values ... ok
test an_unrecognised_checksum_algorithm_is_refused_before_admission ... ok
test garbage_after_the_trailer_block_is_refused_as_bad_request ... ok
test an_undeclared_trailer_name_is_refused_as_bad_request ... ok
test a_non_canonical_base64_trailer_checksum_is_refused_as_bad_request ... ok
test a_non_base64_trailer_checksum_is_refused_as_bad_request ... ok
test a_decoded_content_length_mismatch_is_refused ... ok
test a_forged_trailer_signature_is_refused_and_stores_nothing ... ok
test a_tampered_trailer_checksum_is_refused_and_stores_nothing ... ok
test signed_trailer_put_with_valid_chunk_and_trailer_signatures_round_trips ... ok
test unsigned_trailer_put_accepts_the_minimum_checksum_algorithm_set ... ok

test result: ok. 11 passed; 0 failed; 0 ignored; 0 measured; 0 filtered out; finished in 4.79s

     Running tests/segmented_object_read.rs (target/llvm-cov-target/debug/deps/segmented_object_read-8f84d8510c0d3e22)

running 2 tests
test an_unresolvable_object_fails_closed_without_ending_another_objects_read ... ok
test a_segmented_object_reads_byte_identical_whole_and_across_a_segment_boundary ... ok

test result: ok. 2 passed; 0 failed; 0 ignored; 0 measured; 0 filtered out; finished in 0.02s

     Running tests/write_fanout.rs (target/llvm-cov-target/debug/deps/write_fanout-565ad05683228a56)

running 2 tests
test rs_write_fans_out_to_distinct_d_servers_and_commits ... ok
test partial_fan_out_fails_closed_over_the_wire ... ok

test result: ok. 2 passed; 0 failed; 0 ignored; 0 measured; 0 filtered out; finished in 0.10s

     Running tests/write_path.rs (target/llvm-cov-target/debug/deps/write_path-b285fdbe2f6ecda0)

running 5 tests
test concurrent_create_of_the_same_name_has_one_winner ... ok
test crash_between_commit_and_release_leaves_entries_the_sweep_reclaims ... ok
test write_produces_an_atomically_committed_readable_file ... ok
test crash_before_commit_leaves_only_collectable_garbage ... ok
test exactly_one_overwrite_wins_under_a_concurrent_writer ... ok

test result: ok. 5 passed; 0 failed; 0 ignored; 0 measured; 0 filtered out; finished in 0.47s
run-diff-cov.sh: NOTE — 1205 of 2586 changed production lines carried a coverage
                 region; the other 1381 are not scored either way. Most are simply not
                 executable (comments, `use`, declarations, bare delimiters). But code
                 compiled out by a #[cfg(...)] your feature selection does not enable looks
                 identical here, and this gate cannot tell the two apart (#222).
                 The largest unscored spans, so you can tell at a glance which it is:
run-diff-cov.sh:   UNSCORED crates/custodian/src/ledger.rs:1-134 (134 lines)
run-diff-cov.sh:   UNSCORED crates/custodian/src/staged.rs:1-89 (89 lines)
run-diff-cov.sh:   UNSCORED crates/core/src/orphan.rs:1-77 (77 lines)
run-diff-cov.sh:   UNSCORED crates/core/src/multipart.rs:3713-3754 (42 lines)
run-diff-cov.sh:   UNSCORED crates/custodian/src/reconstruction.rs:1029-1070 (42 lines)
run-diff-cov.sh:   UNSCORED crates/core/src/orphan.rs:145-184 (40 lines)
run-diff-cov.sh:   … and 308 further span(s), none larger; all of them are in coverage/diff-cov.json
run-diff-cov.sh: MISS crates/core/src/orphan.rs:216
run-diff-cov.sh: MISS crates/core/src/orphan.rs:397
run-diff-cov.sh: MISS crates/custodian/src/desired_state.rs:258
run-diff-cov.sh: MISS crates/custodian/src/desired_state.rs:259
run-diff-cov.sh: MISS crates/custodian/src/desired_state.rs:260
run-diff-cov.sh: MISS crates/custodian/src/desired_state.rs:261
run-diff-cov.sh: MISS crates/custodian/src/desired_state.rs:262
run-diff-cov.sh: MISS crates/custodian/src/desired_state.rs:263
run-diff-cov.sh: MISS crates/custodian/src/desired_state.rs:265
run-diff-cov.sh: MISS crates/custodian/src/gc.rs:170
run-diff-cov.sh: MISS crates/custodian/src/gc.rs:176
run-diff-cov.sh: MISS crates/custodian/src/gc.rs:177
run-diff-cov.sh: MISS crates/custodian/src/gc.rs:230
run-diff-cov.sh: MISS crates/custodian/src/gc.rs:632
run-diff-cov.sh: MISS crates/custodian/src/gc.rs:633
run-diff-cov.sh: MISS crates/custodian/src/gc.rs:634
run-diff-cov.sh: MISS crates/custodian/src/ledger.rs:153
run-diff-cov.sh: MISS crates/custodian/src/ledger.rs:154
run-diff-cov.sh: MISS crates/custodian/src/ledger.rs:159
run-diff-cov.sh: MISS crates/custodian/src/ledger.rs:208
run-diff-cov.sh: MISS crates/custodian/src/ledger.rs:209
run-diff-cov.sh: MISS crates/custodian/src/ledger.rs:210
run-diff-cov.sh: MISS crates/custodian/src/ledger.rs:211
run-diff-cov.sh: MISS crates/custodian/src/ledger.rs:212
run-diff-cov.sh: MISS crates/custodian/src/ledger.rs:213
run-diff-cov.sh: MISS crates/custodian/src/ledger.rs:259
run-diff-cov.sh: MISS crates/custodian/src/ledger.rs:260
run-diff-cov.sh: MISS crates/custodian/src/ledger.rs:331
run-diff-cov.sh: MISS crates/custodian/src/ledger.rs:332
run-diff-cov.sh: MISS crates/custodian/src/ledger.rs:356
run-diff-cov.sh: MISS crates/custodian/src/ledger.rs:392
run-diff-cov.sh: MISS crates/custodian/src/ledger.rs:444
run-diff-cov.sh: MISS crates/custodian/src/ledger.rs:445
run-diff-cov.sh: MISS crates/custodian/src/ledger.rs:446
run-diff-cov.sh: MISS crates/custodian/src/ledger.rs:447
run-diff-cov.sh: MISS crates/custodian/src/ledger.rs:448
run-diff-cov.sh: MISS crates/custodian/src/ledger.rs:449
run-diff-cov.sh: MISS crates/custodian/src/ledger.rs:450
run-diff-cov.sh: MISS crates/custodian/src/ledger.rs:451
run-diff-cov.sh: MISS crates/custodian/src/ledger.rs:487
run-diff-cov.sh: MISS crates/custodian/src/ledger.rs:488
run-diff-cov.sh: MISS crates/custodian/src/ledger.rs:489
run-diff-cov.sh: MISS crates/custodian/src/ledger.rs:490
run-diff-cov.sh: MISS crates/custodian/src/ledger.rs:491
run-diff-cov.sh: MISS crates/custodian/src/ledger.rs:492
run-diff-cov.sh: MISS crates/custodian/src/ledger.rs:493
run-diff-cov.sh: MISS crates/custodian/src/ledger.rs:494
run-diff-cov.sh: MISS crates/custodian/src/ledger.rs:496
run-diff-cov.sh: MISS crates/custodian/src/ledger.rs:504
run-diff-cov.sh: MISS crates/custodian/src/ledger.rs:535
run-diff-cov.sh: MISS crates/custodian/src/ledger.rs:608
run-diff-cov.sh: MISS crates/custodian/src/ledger.rs:609
run-diff-cov.sh: MISS crates/custodian/src/ledger.rs:610
run-diff-cov.sh: MISS crates/custodian/src/ledger.rs:613
run-diff-cov.sh: MISS crates/custodian/src/ledger.rs:616
run-diff-cov.sh: MISS crates/custodian/src/ledger.rs:618
run-diff-cov.sh: MISS crates/custodian/src/ledger.rs:619
run-diff-cov.sh: MISS crates/custodian/src/ledger.rs:622
run-diff-cov.sh: MISS crates/custodian/src/ledger.rs:625
run-diff-cov.sh: MISS crates/custodian/src/ledger.rs:630
run-diff-cov.sh: MISS crates/custodian/src/ledger.rs:631
run-diff-cov.sh: MISS crates/custodian/src/ledger.rs:632
run-diff-cov.sh: MISS crates/custodian/src/ledger.rs:637
run-diff-cov.sh: MISS crates/custodian/src/ledger.rs:641
run-diff-cov.sh: MISS crates/custodian/src/reconstruction.rs:193
run-diff-cov.sh: MISS crates/custodian/src/reconstruction.rs:194
run-diff-cov.sh: MISS crates/custodian/src/reconstruction.rs:300
run-diff-cov.sh: MISS crates/custodian/src/reconstruction.rs:680
run-diff-cov.sh: MISS crates/custodian/src/reconstruction.rs:1090
run-diff-cov.sh: MISS crates/custodian/src/reconstruction.rs:1099
run-diff-cov.sh: MISS crates/custodian/src/reconstruction.rs:1122
run-diff-cov.sh: MISS crates/custodian/src/reconstruction.rs:1125
run-diff-cov.sh: MISS crates/custodian/src/reconstruction.rs:1129
run-diff-cov.sh: MISS crates/custodian/src/reconstruction.rs:1130
run-diff-cov.sh: MISS crates/custodian/src/reconstruction.rs:1131
run-diff-cov.sh: MISS crates/custodian/src/reconstruction.rs:1132
run-diff-cov.sh: MISS crates/custodian/src/reconstruction.rs:1148
run-diff-cov.sh: MISS crates/custodian/src/reconstruction.rs:1150
run-diff-cov.sh: MISS crates/custodian/src/reconstruction.rs:1152
run-diff-cov.sh: MISS crates/custodian/src/reconstruction.rs:1153
run-diff-cov.sh: MISS crates/custodian/src/reconstruction.rs:1154
run-diff-cov.sh: MISS crates/custodian/src/reconstruction.rs:1157
run-diff-cov.sh: MISS crates/custodian/src/reconstruction.rs:1158
run-diff-cov.sh: MISS crates/custodian/src/reconstruction.rs:1159
run-diff-cov.sh: MISS crates/custodian/src/reconstruction.rs:1160
run-diff-cov.sh: MISS crates/custodian/src/reconstruction.rs:1161
run-diff-cov.sh: MISS crates/custodian/src/reconstruction.rs:1162
run-diff-cov.sh: MISS crates/custodian/src/reconstruction.rs:1163
run-diff-cov.sh: MISS crates/custodian/src/reconstruction.rs:1164
run-diff-cov.sh: MISS crates/custodian/src/reconstruction.rs:1165
run-diff-cov.sh: MISS crates/custodian/src/reconstruction.rs:1171
run-diff-cov.sh: MISS crates/custodian/src/reconstruction.rs:1184
run-diff-cov.sh: MISS crates/custodian/src/reconstruction.rs:1185
run-diff-cov.sh: MISS crates/custodian/src/reconstruction.rs:1187
run-diff-cov.sh: MISS crates/custodian/src/reconstruction.rs:1209
run-diff-cov.sh: MISS crates/custodian/src/reconstruction.rs:1213
run-diff-cov.sh: MISS crates/custodian/src/reconstruction.rs:1386
run-diff-cov.sh: MISS crates/custodian/src/reconstruction.rs:1387
run-diff-cov.sh: MISS crates/custodian/src/reconstruction.rs:1390
run-diff-cov.sh: MISS crates/custodian/src/reconstruction.rs:1393
run-diff-cov.sh: MISS crates/custodian/src/reconstruction.rs:1397
run-diff-cov.sh: MISS crates/custodian/src/reconstruction.rs:1398
run-diff-cov.sh: MISS crates/custodian/src/reconstruction.rs:1399
run-diff-cov.sh: MISS crates/custodian/src/reconstruction.rs:1406
run-diff-cov.sh: MISS crates/custodian/src/restore.rs:378
run-diff-cov.sh: MISS crates/custodian/src/restore.rs:381
run-diff-cov.sh: MISS crates/custodian/src/restore.rs:682
run-diff-cov.sh: MISS crates/custodian/src/restore.rs:686
run-diff-cov.sh: MISS crates/custodian/src/restore.rs:698
run-diff-cov.sh: MISS crates/custodian/src/restore.rs:704
run-diff-cov.sh: MISS crates/custodian/src/restore.rs:705
run-diff-cov.sh: MISS crates/custodian/src/restore.rs:706
run-diff-cov.sh: MISS crates/custodian/src/restore.rs:707
run-diff-cov.sh: MISS crates/custodian/src/restore.rs:708
run-diff-cov.sh: MISS crates/custodian/src/restore.rs:734
run-diff-cov.sh: MISS crates/custodian/src/restore.rs:735
run-diff-cov.sh: MISS crates/custodian/src/restore.rs:736
run-diff-cov.sh: MISS crates/custodian/src/restore.rs:737
run-diff-cov.sh: MISS crates/custodian/src/restore.rs:747
run-diff-cov.sh: MISS crates/custodian/src/restore.rs:748
run-diff-cov.sh: MISS crates/custodian/src/restore.rs:749
run-diff-cov.sh: MISS crates/custodian/src/restore.rs:762
run-diff-cov.sh: MISS crates/custodian/src/restore.rs:766
run-diff-cov.sh: MISS crates/custodian/src/restore.rs:767
run-diff-cov.sh: MISS crates/custodian/src/restore.rs:778
run-diff-cov.sh: MISS crates/custodian/src/restore.rs:779
run-diff-cov.sh: MISS crates/custodian/src/restore.rs:804
run-diff-cov.sh: MISS crates/custodian/src/restore.rs:806
run-diff-cov.sh: MISS crates/custodian/src/restore.rs:807
run-diff-cov.sh: MISS crates/custodian/src/restore.rs:810
run-diff-cov.sh: MISS crates/custodian/src/restore.rs:811
run-diff-cov.sh: MISS crates/custodian/src/restore.rs:816
run-diff-cov.sh: MISS crates/custodian/src/restore.rs:817
run-diff-cov.sh: MISS crates/custodian/src/restore.rs:821
run-diff-cov.sh: MISS crates/custodian/src/restore.rs:822
run-diff-cov.sh: MISS crates/custodian/src/restore.rs:1115
run-diff-cov.sh: MISS crates/custodian/src/restore.rs:1116
run-diff-cov.sh: MISS crates/custodian/src/restore.rs:1122
run-diff-cov.sh: MISS crates/custodian/src/restore.rs:1137
run-diff-cov.sh: MISS crates/custodian/src/restore.rs:1138
run-diff-cov.sh: MISS crates/custodian/src/restore.rs:1139
run-diff-cov.sh: MISS crates/custodian/src/restore.rs:1146
run-diff-cov.sh: MISS crates/custodian/src/scrub.rs:107
run-diff-cov.sh: MISS crates/custodian/src/staged.rs:118
run-diff-cov.sh: MISS crates/custodian/src/staged.rs:120
run-diff-cov.sh: MISS crates/custodian/src/staged.rs:121
run-diff-cov.sh: MISS crates/custodian/src/staged.rs:127
run-diff-cov.sh: MISS crates/custodian/src/staged.rs:128
run-diff-cov.sh: MISS crates/custodian/src/staged.rs:129
run-diff-cov.sh: MISS crates/custodian/src/staged.rs:130
run-diff-cov.sh: MISS crates/custodian/src/staged.rs:138
run-diff-cov.sh: MISS crates/custodian/src/staged.rs:139
run-diff-cov.sh: MISS crates/custodian/src/staged.rs:140
run-diff-cov.sh: MISS crates/custodian/src/staged.rs:155
run-diff-cov.sh: MISS crates/custodian/src/staged.rs:156
run-diff-cov.sh: MISS crates/custodian/src/staged.rs:157
run-diff-cov.sh: MISS crates/custodian/src/staged.rs:167
run-diff-cov.sh: MISS crates/custodian/src/staged.rs:168
run-diff-cov.sh: MISS crates/custodian/src/staged.rs:169
run-diff-cov.sh: MISS crates/custodian/src/staged.rs:196
run-diff-cov.sh: MISS crates/custodian/src/staged.rs:197
run-diff-cov.sh: MISS crates/custodian/src/staged.rs:198
METRIC diff_cov=86.6 covered=1043 instrumentable=1205 unscored=1381
run-diff-cov.sh: PASS — the patch's tests execute 86.6% of its 1205 instrumentable changed
                 lines (floor 80%, 622 test(s) ran).
PDCA-EVIDENCE: diff coverage 86.6% — 1043 of 1205 instrumentable changed lines executed (floor 80%); 1205 of 2586 changed lines were instrumentable
