# gate: C4-verify — per-fix red->green: this patch's test red pre-fix, green post-fix
# cmd: ./engine/scripts/run-verify.sh
# cwd: /home/eddie/wyrd/wyrd-pdca
# PDCA_WORKTREE: /home/eddie/wyrd/wyrd.pdca-wt-l0
# start: 2026-09-12T13:37:58+00:00
# duration_secs: 9.19
# exit: 0
# outcome: pass
# ---- combined stdout+stderr (verbatim) ----
run-verify.sh: GREEN — cargo test -p wyrd-custodian --test staged_protection (fix applied)

running 20 tests
....................
test result: ok. 20 passed; 0 failed; 0 ignored; 0 measured; 0 filtered out; finished in 0.05s
run-verify.sh: RED — cargo test -p wyrd-custodian --test staged_protection (production reverted, test kept)

running 20 tests
h_restore_reads_all_three_variants_as_evidence_and_never_rewrites_an_undecodable_one --- FAILED
h2c_fragment_less_marks_are_swept_only_on_an_absence_observed_past_the_deadline --- FAILED
h2d_identity_keyed_retirement_waits_for_a_durable_cleanup_marker --- FAILED
g_the_orphan_ledger_is_walked_in_bounded_pages_and_the_tail_converges --- FAILED
h2b_a_reclaim_interrupted_after_its_intent_commits_resumes_exactly_once --- FAILED
i_gc_commits_its_reclamation_intent_before_it_deletes_the_bytes --- FAILED
h_gc_decodes_all_three_orphan_value_variants_and_leaves_an_undecodable_one_named --- FAILED
h2a_a_pending_retirement_protects_its_fragments_by_one_keyed_lookup --- FAILED
b_a_drain_holding_only_an_in_flight_owned_fragment_is_pending --- FAILED
c_restore_fences_every_resurrected_session_and_a_retried_complete_is_refused --- FAILED
d_scrub_queues_a_repair_for_a_corrupt_committed_part_fragment --- FAILED
a_gc_keeps_staged_fragments_that_carry_lapsed_orphan_evidence --- FAILED
f_a_staged_only_draining_server_gets_no_evacuation_while_its_drain_is_pending --- FAILED
h2d_a_legacy_mark_meeting_a_new_unreference_event_is_restamped_with_its_identity --- FAILED
c2_the_restore_fence_generation_is_durable_and_says_complete_only_after_the_fence --- FAILED
b_a_drain_holding_only_a_committed_part_fragment_is_pending --- FAILED
e_reconstruction_rebuilds_a_lost_staged_fragment_and_repoints_its_part --- FAILED
c_restore_marks_no_staged_fragment_and_a_later_gc_keeps_every_byte --- FAILED
e_a_staged_re_place_that_loses_to_a_session_fence_leaves_its_pre_mark_standing --- FAILED
.
failures:

---- h_restore_reads_all_three_variants_as_evidence_and_never_rewrites_an_undecodable_one stdout ----

thread 'h_restore_reads_all_three_variants_as_evidence_and_never_rewrites_an_undecodable_one' (2806128) panicked at crates/custodian/tests/staged_protection.rs:1539:5:
assertion `left == right` failed: RestoreReport { stranded_marked: 4, already_marked: 1, pending_skipped: 0, pending_unreadable: [], displaced_kept: 0, dangling: [], misplaced: [], under_replicated: [], unresolvable: [] }
  left: 4
 right: 0
note: run with `RUST_BACKTRACE=1` environment variable to display a backtrace

---- h2c_fragment_less_marks_are_swept_only_on_an_absence_observed_past_the_deadline stdout ----

thread 'h2c_fragment_less_marks_are_swept_only_on_an_absence_observed_past_the_deadline' (2806124) panicked at crates/custodian/tests/staged_protection.rs:1717:5:
past the deadline, with its absence observed after it, the fragment-less mark goes

---- h2d_identity_keyed_retirement_waits_for_a_durable_cleanup_marker stdout ----

thread 'h2d_identity_keyed_retirement_waits_for_a_durable_cleanup_marker' (2806126) panicked at crates/custodian/tests/staged_protection.rs:1787:9:
before the cleanup marker, every mark protects: nothing is reclaimed on one

---- g_the_orphan_ledger_is_walked_in_bounded_pages_and_the_tail_converges stdout ----

thread 'g_the_orphan_ledger_is_walked_in_bounded_pages_and_the_tail_converges' (2806121) panicked at crates/custodian/tests/staged_protection.rs:1365:14:
a ledger past the store's cap must not abort the reconcile step: Store(ScanCapExceeded { cap: 64, prefix: [111, 114, 112, 104, 97, 110, 58] })

---- h2b_a_reclaim_interrupted_after_its_intent_commits_resumes_exactly_once stdout ----

thread 'h2b_a_reclaim_interrupted_after_its_intent_commits_resumes_exactly_once' (2806123) panicked at crates/custodian/tests/staged_protection.rs:1660:5:
assertion `left == right` failed: the reclamation decision is durable before the bytes go, stamp intact: Some(b"0")
  left: Some((0, false))
 right: Some((0, true))

---- i_gc_commits_its_reclamation_intent_before_it_deletes_the_bytes stdout ----

thread 'i_gc_commits_its_reclamation_intent_before_it_deletes_the_bytes' (2806129) panicked at crates/custodian/tests/staged_protection.rs:1871:5:
the fragment was destroyed although the commit recording its reclamation failed

---- h_gc_decodes_all_three_orphan_value_variants_and_leaves_an_undecodable_one_named stdout ----

thread 'h_gc_decodes_all_three_orphan_value_variants_and_leaves_an_undecodable_one_named' (2806127) panicked at crates/custodian/tests/staged_protection.rs:1475:9:
the structured orphan value must decode and reclaim its lapsed fragment

---- h2a_a_pending_retirement_protects_its_fragments_by_one_keyed_lookup stdout ----

thread 'h2a_a_pending_retirement_protects_its_fragments_by_one_keyed_lookup' (2806122) panicked at crates/custodian/tests/staged_protection.rs:1634:9:
once its retirement drained, a lapsed structured mark reclaims its fragment

---- b_a_drain_holding_only_an_in_flight_owned_fragment_is_pending stdout ----

thread 'b_a_drain_holding_only_an_in_flight_owned_fragment_is_pending' (2806112) panicked at crates/custodian/tests/staged_protection.rs:736:5:
assertion `left == right` failed: server 3 holds an in-flight part's fragment: the drain must stay Pending
  left: Satisfied
 right: Pending

---- c_restore_fences_every_resurrected_session_and_a_retried_complete_is_refused stdout ----

thread 'c_restore_fences_every_resurrected_session_and_a_retried_complete_is_refused' (2806114) panicked at crates/custodian/tests/staged_protection.rs:885:5:
both resurrected sessions must be fenced, and counted: RestoreReport { stranded_marked: 9, already_marked: 0, pending_skipped: 0, pending_unreadable: [], displaced_kept: 0, dangling: [], misplaced: [], under_replicated: [], unresolvable: [] }

---- d_scrub_queues_a_repair_for_a_corrupt_committed_part_fragment stdout ----

thread 'd_scrub_queues_a_repair_for_a_corrupt_committed_part_fragment' (2806116) panicked at crates/custodian/tests/staged_protection.rs:1050:5:
scrub must queue a durable repair obligation for the corrupt staged chunk 0xd001

---- a_gc_keeps_staged_fragments_that_carry_lapsed_orphan_evidence stdout ----

thread 'a_gc_keeps_staged_fragments_that_carry_lapsed_orphan_evidence' (2806110) panicked at crates/custodian/tests/staged_protection.rs:704:13:
GC reclaimed fragment 0 of staged chunk 0xa001 on D server 0 — a live upload's bytes, deleted on the strength of an orphan mark the staged reference set should have overridden

---- f_a_staged_only_draining_server_gets_no_evacuation_while_its_drain_is_pending stdout ----

thread 'f_a_staged_only_draining_server_gets_no_evacuation_while_its_drain_is_pending' (2806120) panicked at crates/custodian/tests/staged_protection.rs:1250:5:
assertion `left == right` failed: ...while the drain of that server is Pending: its staged bytes are held there
  left: Satisfied
 right: Pending

---- h2d_a_legacy_mark_meeting_a_new_unreference_event_is_restamped_with_its_identity stdout ----

thread 'h2d_a_legacy_mark_meeting_a_new_unreference_event_is_restamped_with_its_identity' (2806125) panicked at crates/custodian/tests/staged_protection.rs:1831:5:
a clean cleanup sweep leaves its durable marker: identity-keyed retirement is enabled

---- c2_the_restore_fence_generation_is_durable_and_says_complete_only_after_the_fence stdout ----

thread 'c2_the_restore_fence_generation_is_durable_and_says_complete_only_after_the_fence' (2806113) panicked at crates/custodian/tests/staged_protection.rs:991:5:
assertion `left == right` failed: a restore whose fence has not landed is an IN-PROGRESS generation, readable as such
  left: None
 right: Some([123, 34, 103, 101, 110, 101, 114, 97, 116, 105, 111, 110, 34, 58, 49, 44, 34, 99, 111, 109, 112, 108, 101, 116, 101, 34, 58, 102, 97, 108, 115, 101, 125])

---- b_a_drain_holding_only_a_committed_part_fragment_is_pending stdout ----

thread 'b_a_drain_holding_only_a_committed_part_fragment_is_pending' (2806111) panicked at crates/custodian/tests/staged_protection.rs:760:5:
assertion `left == right` failed: server 3 holds a committed part's fragment: the drain must stay Pending
  left: Satisfied
 right: Pending

---- e_reconstruction_rebuilds_a_lost_staged_fragment_and_repoints_its_part stdout ----

thread 'e_reconstruction_rebuilds_a_lost_staged_fragment_and_repoints_its_part' (2806118) panicked at crates/custodian/tests/staged_protection.rs:1111:10:
the rebuilt fragment must be written to its new holder, server 3

---- c_restore_marks_no_staged_fragment_and_a_later_gc_keeps_every_byte stdout ----

thread 'c_restore_marks_no_staged_fragment_and_a_later_gc_keeps_every_byte' (2806115) panicked at crates/custodian/tests/staged_protection.rs:839:5:
assertion `left == right` failed: a live upload's fragments are not strays: RestoreReport { stranded_marked: 9, already_marked: 0, pending_skipped: 0, pending_unreadable: [], displaced_kept: 0, dangling: [], misplaced: [], under_replicated: [], unresolvable: [] }
  left: 9
 right: 0

---- e_a_staged_re_place_that_loses_to_a_session_fence_leaves_its_pre_mark_standing stdout ----

thread 'e_a_staged_re_place_that_loses_to_a_session_fence_leaves_its_pre_mark_standing' (2806117) panicked at crates/custodian/tests/staged_protection.rs:1179:5:
the destination pre-mark must stand on a lost CAS, so GC reclaims the pre-written fragment: None


failures:
    a_gc_keeps_staged_fragments_that_carry_lapsed_orphan_evidence
    b_a_drain_holding_only_a_committed_part_fragment_is_pending
    b_a_drain_holding_only_an_in_flight_owned_fragment_is_pending
    c2_the_restore_fence_generation_is_durable_and_says_complete_only_after_the_fence
    c_restore_fences_every_resurrected_session_and_a_retried_complete_is_refused
    c_restore_marks_no_staged_fragment_and_a_later_gc_keeps_every_byte
    d_scrub_queues_a_repair_for_a_corrupt_committed_part_fragment
    e_a_staged_re_place_that_loses_to_a_session_fence_leaves_its_pre_mark_standing
    e_reconstruction_rebuilds_a_lost_staged_fragment_and_repoints_its_part
    f_a_staged_only_draining_server_gets_no_evacuation_while_its_drain_is_pending
    g_the_orphan_ledger_is_walked_in_bounded_pages_and_the_tail_converges
    h2a_a_pending_retirement_protects_its_fragments_by_one_keyed_lookup
    h2b_a_reclaim_interrupted_after_its_intent_commits_resumes_exactly_once
    h2c_fragment_less_marks_are_swept_only_on_an_absence_observed_past_the_deadline
    h2d_a_legacy_mark_meeting_a_new_unreference_event_is_restamped_with_its_identity
    h2d_identity_keyed_retirement_waits_for_a_durable_cleanup_marker
    h_gc_decodes_all_three_orphan_value_variants_and_leaves_an_undecodable_one_named
    h_restore_reads_all_three_variants_as_evidence_and_never_rewrites_an_undecodable_one
    i_gc_commits_its_reclamation_intent_before_it_deletes_the_bytes

test result: FAILED. 1 passed; 19 failed; 0 ignored; 0 measured; 0 filtered out; finished in 0.04s

error: test failed, to rerun pass `-p wyrd-custodian --test staged_protection`
run-verify.sh: PASS — red without the fix, green with it (20 test(s) ran red).
