# gate: C4-verify — per-fix red->green: this patch's test red pre-fix, green post-fix
# cmd: ./engine/scripts/run-verify.sh
# cwd: /home/eddie/wyrd/wyrd-pdca
# PDCA_WORKTREE: /home/eddie/wyrd/wyrd.pdca-wt-l0
# start: 2026-10-01T00:00:36+00:00
# duration_secs: 6.99
# exit: 0
# outcome: pass
# ---- combined stdout+stderr (verbatim) ----
run-verify.sh: GREEN — cargo test -p wyrd-custodian --test restore_open_fence (fix applied)

running 8 tests
........
test result: ok. 8 passed; 0 failed; 0 ignored; 0 measured; 0 filtered out; finished in 0.00s
run-verify.sh: RED — cargo test -p wyrd-custodian --test restore_open_fence (production reverted, test kept)

running 8 tests
a_session_that_changes_under_the_pass_is_not_fenced_blind --- FAILED
the_fence_never_overwrites_an_obligation --- FAILED
a_fence_fault_never_hides_the_pass_verdicts --- FAILED
a_failed_fence_commit_leaves_neither_write --- FAILED
sessions_listed_across_pages_are_all_fenced --- FAILED
what_the_pass_cannot_fence_is_named_never_passed_off_as_done --- FAILED
an_open_session_is_fenced_whole --- FAILED
a_second_pass_is_idempotent --- FAILED

failures:

---- a_session_that_changes_under_the_pass_is_not_fenced_blind stdout ----

thread 'a_session_that_changes_under_the_pass_is_not_fenced_blind' (1749292) panicked at crates/custodian/tests/restore_open_fence.rs:602:5:
assertion `left == right` failed: the race was not exercised
  left: None
 right: Some(Committed)

---- the_fence_never_overwrites_an_obligation stdout ----

thread 'the_fence_never_overwrites_an_obligation' (1749295) panicked at crates/custodian/tests/restore_open_fence.rs:679:5:
RestoreReport { stranded_marked: 0, already_marked: 0, pending_skipped: 0, staged_skipped: 0, pending_unreadable: [], staged_untrusted: [], displaced_kept: 0, dangling: [], misplaced: [], under_replicated: [], unresolvable: [] }
note: run with `RUST_BACKTRACE=1` environment variable to display a backtrace

---- a_fence_fault_never_hides_the_pass_verdicts stdout ----

thread 'a_fence_fault_never_hides_the_pass_verdicts' (1749290) panicked at crates/custodian/tests/restore_open_fence.rs:825:5:
Some(RestoreReport { stranded_marked: 0, already_marked: 0, pending_skipped: 0, staged_skipped: 0, pending_unreadable: [], staged_untrusted: [], displaced_kept: 0, dangling: [2465], misplaced: [], under_replicated: [2466], unresolvable: [] })

---- a_failed_fence_commit_leaves_neither_write stdout ----

thread 'a_failed_fence_commit_leaves_neither_write' (1749289) panicked at crates/custodian/tests/restore_open_fence.rs:565:27:
an unknown fence outcome must fail the pass: RestoreReport { stranded_marked: 0, already_marked: 0, pending_skipped: 0, staged_skipped: 0, pending_unreadable: [], staged_untrusted: [], displaced_kept: 0, dangling: [], misplaced: [], under_replicated: [], unresolvable: [] }

---- sessions_listed_across_pages_are_all_fenced stdout ----

thread 'sessions_listed_across_pages_are_all_fenced' (1749294) panicked at crates/custodian/tests/restore_open_fence.rs:366:5:
assertion `left == right` failed: mpu:50505050505050505050505050505050: RestoreReport { stranded_marked: 0, already_marked: 0, pending_skipped: 0, staged_skipped: 0, pending_unreadable: [], staged_untrusted: [], displaced_kept: 0, dangling: [], misplaced: [], under_replicated: [], unresolvable: [] }
  left: Some(b"{\"parent\":42,\"object\":\"o\",\"created_at_millis\":100,\"clock_source\":\"wall\",\"segment_nonce\":\"0123456789abcdef0123456789abcdef\",\"epoch\":3,\"attempts\":1,\"state\":{\"kind\":\"Open\"}}")
 right: Some(b"{\"parent\":42,\"object\":\"o\",\"created_at_millis\":100,\"clock_source\":\"wall\",\"segment_nonce\":\"0123456789abcdef0123456789abcdef\",\"epoch\":4,\"attempts\":1,\"state\":{\"kind\":\"Aborting\"}}")

---- what_the_pass_cannot_fence_is_named_never_passed_off_as_done stdout ----

thread 'what_the_pass_cannot_fence_is_named_never_passed_off_as_done' (1749296) panicked at crates/custodian/tests/restore_open_fence.rs:735:9:
mpu:d1d1d1d1d1d1d1d1d1d1d1d1d1d1d1d1: RestoreReport { stranded_marked: 1, already_marked: 0, pending_skipped: 0, staged_skipped: 1, pending_unreadable: [], staged_untrusted: [], displaced_kept: 0, dangling: [], misplaced: [], under_replicated: [], unresolvable: [] }

---- an_open_session_is_fenced_whole stdout ----

thread 'an_open_session_is_fenced_whole' (1749293) panicked at crates/custodian/tests/restore_open_fence.rs:366:5:
assertion `left == right` failed: mpu:f1f1f1f1f1f1f1f1f1f1f1f1f1f1f1f1: RestoreReport { stranded_marked: 0, already_marked: 0, pending_skipped: 0, staged_skipped: 2, pending_unreadable: [], staged_untrusted: [], displaced_kept: 0, dangling: [], misplaced: [], under_replicated: [], unresolvable: [] }
  left: Some(b"{\"parent\":42,\"object\":\"o\",\"created_at_millis\":100,\"clock_source\":\"wall\",\"segment_nonce\":\"0123456789abcdef0123456789abcdef\",\"epoch\":3,\"attempts\":1,\"state\":{\"kind\":\"Open\"}}")
 right: Some(b"{\"parent\":42,\"object\":\"o\",\"created_at_millis\":100,\"clock_source\":\"wall\",\"segment_nonce\":\"0123456789abcdef0123456789abcdef\",\"epoch\":4,\"attempts\":1,\"state\":{\"kind\":\"Aborting\"}}")

---- a_second_pass_is_idempotent stdout ----

thread 'a_second_pass_is_idempotent' (1749291) panicked at crates/custodian/tests/restore_open_fence.rs:366:5:
assertion `left == right` failed: mpu:e4e4e4e4e4e4e4e4e4e4e4e4e4e4e4e4: RestoreReport { stranded_marked: 1, already_marked: 0, pending_skipped: 0, staged_skipped: 2, pending_unreadable: [], staged_untrusted: ["part:e4e4e4e4e4e4e4e4e4e4e4e4e4e4e4e4:000001"], displaced_kept: 0, dangling: [], misplaced: [], under_replicated: [], unresolvable: [] }
  left: Some(b"{\"parent\":42,\"object\":\"o\",\"created_at_millis\":100,\"clock_source\":\"wall\",\"segment_nonce\":\"0123456789abcdef0123456789abcdef\",\"epoch\":3,\"attempts\":1,\"state\":{\"kind\":\"Open\"}}")
 right: Some(b"{\"parent\":42,\"object\":\"o\",\"created_at_millis\":100,\"clock_source\":\"wall\",\"segment_nonce\":\"0123456789abcdef0123456789abcdef\",\"epoch\":4,\"attempts\":1,\"state\":{\"kind\":\"Aborting\"}}")


failures:
    a_failed_fence_commit_leaves_neither_write
    a_fence_fault_never_hides_the_pass_verdicts
    a_second_pass_is_idempotent
    a_session_that_changes_under_the_pass_is_not_fenced_blind
    an_open_session_is_fenced_whole
    sessions_listed_across_pages_are_all_fenced
    the_fence_never_overwrites_an_obligation
    what_the_pass_cannot_fence_is_named_never_passed_off_as_done

test result: FAILED. 0 passed; 8 failed; 0 ignored; 0 measured; 0 filtered out; finished in 0.00s

error: test failed, to rerun pass `-p wyrd-custodian --test restore_open_fence`
run-verify.sh: PASS — red without the fix, green with it (8 test(s) ran red).
