# gate: C4-verify — per-fix red->green: this patch's test red pre-fix, green post-fix
# cmd: ./engine/scripts/run-verify.sh
# cwd: /home/eddie/wyrd/wyrd-pdca
# PDCA_WORKTREE: /home/eddie/wyrd/wyrd.pdca-wt
# start: 2026-09-24T15:48:22+00:00
# duration_secs: 2.33
# exit: 0
# outcome: pass
# ---- combined stdout+stderr (verbatim) ----
run-verify.sh: GREEN — cargo test -p wyrd-custodian --test staged_repair (fix applied)

running 30 tests
..............................
test result: ok. 30 passed; 0 failed; 0 ignored; 0 measured; 0 filtered out; finished in 0.05s
run-verify.sh: RED — cargo test -p wyrd-custodian --test staged_repair (production reverted, test kept)

running 30 tests
. 1/30
a_write_the_server_cannot_certify_adopts_nothing --- FAILED
. 3/30
a_moves_writes_are_sent_together --- FAILED
the_premark_is_durable_when_the_write_arrives --- FAILED
a_part_record_rewritten_before_the_premark_writes_nothing --- FAILED
a_degraded_chunk_with_no_usable_destination_is_kept --- FAILED
the_write_deadline_runs_from_the_premark_not_the_pass_start --- FAILED
gc_reclaiming_the_destination_before_the_premark_writes_nothing --- FAILED
a_write_refused_past_its_deadline_adopts_nothing --- FAILED
an_open_uploads_committed_part_is_rebuilt_and_adopted --- FAILED
no_write_is_authorized_on_a_premark_w_repoint_old --- FAILED
a_fragment_lost_from_a_live_server_is_rebuilt_in_place --- FAILED
a_chunk_below_k_only_behind_an_outage_is_not_data_loss --- FAILED
an_unreadable_vacated_mark_withholds_the_move --- FAILED
a_chunk_two_parts_name_is_repaired_against_the_first --- FAILED
a_drain_recorded_before_the_premark_writes_nothing --- FAILED
a_destinations_existing_mark_is_restamped_fresh --- FAILED
a_slow_but_legal_write_never_stops_a_multi_fragment_move --- FAILED
a_part_record_rewritten_between_the_write_and_the_adoption_strands_nothing --- FAILED
a_session_fenced_before_the_premark_writes_nothing --- FAILED
a_session_fenced_between_the_write_and_the_adoption_strands_nothing --- FAILED
a_drain_recorded_before_the_adoption_makes_it_lose --- FAILED
a_ruled_out_position_rules_out_only_itself --- FAILED
an_unreadable_session_withholds_the_move --- FAILED
gc_reclaiming_the_vacated_position_before_the_adoption_makes_it_lose --- FAILED
a_server_with_any_desired_state_record_is_never_chosen --- FAILED
gc_reclaiming_the_destination_before_the_adoption_makes_it_lose --- FAILED
an_open_uploads_intact_chunk_drains_its_obligation --- FAILED
.
failures:

---- a_write_the_server_cannot_certify_adopts_nothing stdout ----

thread 'a_write_the_server_cannot_certify_adopts_nothing' (1224530) panicked at crates/custodian/tests/staged_repair.rs:1368:5:
the unverified write's bytes may have landed — here they did
note: run with `RUST_BACKTRACE=1` environment variable to display a backtrace

---- a_moves_writes_are_sent_together stdout ----

thread 'a_moves_writes_are_sent_together' (1224521) panicked at crates/custodian/tests/staged_repair.rs:1627:5:
assertion `left == right` failed: one pass must rebuild and adopt both fragments: writes arrived at []
  left: [Blocked, Blocked]
 right: [Changed]

---- the_premark_is_durable_when_the_write_arrives stdout ----

thread 'the_premark_is_durable_when_the_write_arrives' (1224539) panicked at crates/custodian/tests/staged_repair.rs:1135:5:
assertion `left == right` failed: exactly one write must reach the destination
  left: 0
 right: 1

---- a_part_record_rewritten_before_the_premark_writes_nothing stdout ----

thread 'a_part_record_rewritten_before_the_premark_writes_nothing' (1224522) panicked at crates/custodian/tests/staged_repair.rs:1089:5:
assertion `left == right` failed: the part record was never rewritten between the choice and the pre-mark
  left: None
 right: Some(Committed)

---- a_degraded_chunk_with_no_usable_destination_is_kept stdout ----

thread 'a_degraded_chunk_with_no_usable_destination_is_kept' (1224516) panicked at crates/custodian/tests/staged_repair.rs:2127:5:
assertion `left == right` failed: blocked for want of a destination, as a committed chunk with no free domain is
  left: Blocked
 right: Satisfied

---- the_write_deadline_runs_from_the_premark_not_the_pass_start stdout ----

thread 'the_write_deadline_runs_from_the_premark_not_the_pass_start' (1224540) panicked at crates/custodian/tests/staged_repair.rs:1294:5:
assertion `left == right` failed: the write must carry the deadline the pre-mark's own stamp fixes
  left: []
 right: [(2, FragmentId { chunk: 33096, index: 2 }, Some(16000))]

---- gc_reclaiming_the_destination_before_the_premark_writes_nothing stdout ----

thread 'gc_reclaiming_the_destination_before_the_premark_writes_nothing' (1224536) panicked at crates/custodian/tests/staged_repair.rs:1800:32:
a stamped mark: GC never reclaimed the destination position

---- a_write_refused_past_its_deadline_adopts_nothing stdout ----

thread 'a_write_refused_past_its_deadline_adopts_nothing' (1224529) panicked at crates/custodian/tests/staged_repair.rs:1330:5:
assertion `left == right` failed: the write must reach the D server, which refuses it
  left: 0
 right: 1

---- an_open_uploads_committed_part_is_rebuilt_and_adopted stdout ----

thread 'an_open_uploads_committed_part_is_rebuilt_and_adopted' (1224531) panicked at crates/custodian/tests/staged_repair.rs:870:5:
assertion `left == right` failed: one pass must rebuild and adopt the lost fragment
  left: Blocked
 right: Changed

---- no_write_is_authorized_on_a_premark_w_repoint_old stdout ----

thread 'no_write_is_authorized_on_a_premark_w_repoint_old' (1224538) panicked at crates/custodian/tests/staged_repair.rs:1419:13:
the stale pre-mark stands: None

---- a_fragment_lost_from_a_live_server_is_rebuilt_in_place stdout ----

thread 'a_fragment_lost_from_a_live_server_is_rebuilt_in_place' (1224520) panicked at crates/custodian/tests/staged_repair.rs:2363:5:
assertion `left == right` failed
  left: Blocked
 right: Changed

---- a_chunk_below_k_only_behind_an_outage_is_not_data_loss stdout ----

thread 'a_chunk_below_k_only_behind_an_outage_is_not_data_loss' (1224512) panicked at crates/custodian/tests/staged_repair.rs:2283:9:
assertion `left == right` failed: unreachable true: not a hole in the pass, as for a committed chunk
  left: Blocked
 right: Satisfied

---- an_unreadable_vacated_mark_withholds_the_move stdout ----

thread 'an_unreadable_vacated_mark_withholds_the_move' (1224534) panicked at crates/custodian/tests/staged_repair.rs:1468:5:
the unreadable mark must be named on the audit seam

---- a_chunk_two_parts_name_is_repaired_against_the_first stdout ----

thread 'a_chunk_two_parts_name_is_repaired_against_the_first' (1224515) panicked at crates/custodian/tests/staged_repair.rs:2331:5:
assertion `left == right` failed: one pass must repair the chunk
  left: Blocked
 right: Changed

---- a_drain_recorded_before_the_premark_writes_nothing stdout ----

thread 'a_drain_recorded_before_the_premark_writes_nothing' (1224519) panicked at crates/custodian/tests/staged_repair.rs:2026:5:
the drain was never recorded between the choice and the pre-mark

---- a_destinations_existing_mark_is_restamped_fresh stdout ----

thread 'a_destinations_existing_mark_is_restamped_fresh' (1224517) panicked at crates/custodian/tests/staged_repair.rs:1181:9:
assertion `left == right` failed: another event: exactly one write must arrive
  left: 0
 right: 1

---- a_slow_but_legal_write_never_stops_a_multi_fragment_move stdout ----

thread 'a_slow_but_legal_write_never_stops_a_multi_fragment_move' (1224528) panicked at crates/custodian/tests/staged_repair.rs:1543:5:
two passes must rebuild and adopt both fragments, so the obligation drains: [Blocked, Blocked], writes []

---- a_part_record_rewritten_between_the_write_and_the_adoption_strands_nothing stdout ----

thread 'a_part_record_rewritten_between_the_write_and_the_adoption_strands_nothing' (1224523) panicked at crates/custodian/tests/staged_repair.rs:1011:5:
assertion `left == right` failed: the part record was never rewritten between the write and the adoption
  left: None
 right: Some(Committed)

---- a_session_fenced_before_the_premark_writes_nothing stdout ----

thread 'a_session_fenced_before_the_premark_writes_nothing' (1224526) panicked at crates/custodian/tests/staged_repair.rs:1056:5:
the aborted move must say why on the audit seam

---- a_session_fenced_between_the_write_and_the_adoption_strands_nothing stdout ----

thread 'a_session_fenced_between_the_write_and_the_adoption_strands_nothing' (1224527) panicked at crates/custodian/tests/staged_repair.rs:956:5:
assertion `left == right` failed: the fence never landed between the write and the adoption, so the race was not run
  left: None
 right: Some(Committed)

---- a_drain_recorded_before_the_adoption_makes_it_lose stdout ----

thread 'a_drain_recorded_before_the_adoption_makes_it_lose' (1224518) panicked at crates/custodian/tests/staged_repair.rs:1997:5:
the drain was recorded

---- a_ruled_out_position_rules_out_only_itself stdout ----

thread 'a_ruled_out_position_rules_out_only_itself' (1224524) panicked at crates/custodian/tests/staged_repair.rs:1234:9:
assertion `left == right` failed: reclaiming: one pass must repair both lost fragments
  left: Blocked
 right: Changed

---- an_unreadable_session_withholds_the_move stdout ----

thread 'an_unreadable_session_withholds_the_move' (1224533) panicked at crates/custodian/tests/staged_repair.rs:1929:5:
assertion failed: named_on_audit_seam(&String::from_utf8(mpu_key(&fx.upload)).unwrap())

---- gc_reclaiming_the_vacated_position_before_the_adoption_makes_it_lose stdout ----

thread 'gc_reclaiming_the_vacated_position_before_the_adoption_makes_it_lose' (1224537) panicked at crates/custodian/tests/staged_repair.rs:1877:13:
a stamped mark: GC never reclaimed the vacated position before the adoption

---- a_server_with_any_desired_state_record_is_never_chosen stdout ----

thread 'a_server_with_any_desired_state_record_is_never_chosen' (1224525) panicked at crates/custodian/tests/staged_repair.rs:1962:9:
assertion `left == right` failed: maintenance: one pass must repair the chunk
  left: Blocked
 right: Changed

---- gc_reclaiming_the_destination_before_the_adoption_makes_it_lose stdout ----

thread 'gc_reclaiming_the_destination_before_the_adoption_makes_it_lose' (1224535) panicked at crates/custodian/tests/staged_repair.rs:1717:10:
GC never reclaimed the destination between the write and the adoption

---- an_open_uploads_intact_chunk_drains_its_obligation stdout ----

thread 'an_open_uploads_intact_chunk_drains_its_obligation' (1224532) panicked at crates/custodian/tests/staged_repair.rs:2252:5:
assertion `left == right` failed
  left: Blocked
 right: Satisfied


failures:
    a_chunk_below_k_only_behind_an_outage_is_not_data_loss
    a_chunk_two_parts_name_is_repaired_against_the_first
    a_degraded_chunk_with_no_usable_destination_is_kept
    a_destinations_existing_mark_is_restamped_fresh
    a_drain_recorded_before_the_adoption_makes_it_lose
    a_drain_recorded_before_the_premark_writes_nothing
    a_fragment_lost_from_a_live_server_is_rebuilt_in_place
    a_moves_writes_are_sent_together
    a_part_record_rewritten_before_the_premark_writes_nothing
    a_part_record_rewritten_between_the_write_and_the_adoption_strands_nothing
    a_ruled_out_position_rules_out_only_itself
    a_server_with_any_desired_state_record_is_never_chosen
    a_session_fenced_before_the_premark_writes_nothing
    a_session_fenced_between_the_write_and_the_adoption_strands_nothing
    a_slow_but_legal_write_never_stops_a_multi_fragment_move
    a_write_refused_past_its_deadline_adopts_nothing
    a_write_the_server_cannot_certify_adopts_nothing
    an_open_uploads_committed_part_is_rebuilt_and_adopted
    an_open_uploads_intact_chunk_drains_its_obligation
    an_unreadable_session_withholds_the_move
    an_unreadable_vacated_mark_withholds_the_move
    gc_reclaiming_the_destination_before_the_adoption_makes_it_lose
    gc_reclaiming_the_destination_before_the_premark_writes_nothing
    gc_reclaiming_the_vacated_position_before_the_adoption_makes_it_lose
    no_write_is_authorized_on_a_premark_w_repoint_old
    the_premark_is_durable_when_the_write_arrives
    the_write_deadline_runs_from_the_premark_not_the_pass_start

test result: FAILED. 3 passed; 27 failed; 0 ignored; 0 measured; 0 filtered out; finished in 0.05s

error: test failed, to rerun pass `-p wyrd-custodian --test staged_repair`
run-verify.sh: PASS — red without the fix, green with it (30 test(s) ran red).
