# gate: C4-verify — per-fix red->green: this patch's test red pre-fix, green post-fix
# cmd: ./engine/scripts/run-verify.sh
# cwd: /home/eddie/wyrd/wyrd-pdca
# PDCA_WORKTREE: /home/eddie/wyrd/wyrd.pdca-wt
# start: 2026-09-21T21:00:29+00:00
# duration_secs: 2.38
# exit: 0
# outcome: pass
# ---- combined stdout+stderr (verbatim) ----
run-verify.sh: GREEN — cargo test -p wyrd-custodian --test staged_repair (fix applied)

running 29 tests
.............................
test result: ok. 29 passed; 0 failed; 0 ignored; 0 measured; 0 filtered out; finished in 0.05s
run-verify.sh: RED — cargo test -p wyrd-custodian --test staged_repair (production reverted, test kept)

running 29 tests
a_write_the_server_cannot_certify_adopts_nothing --- FAILED
a_chunk_two_parts_name_is_repaired_against_the_first --- FAILED
a_ruled_out_position_rules_out_only_itself --- FAILED
a_drain_recorded_before_the_adoption_makes_it_lose --- FAILED
. 5/29
a_session_fenced_between_the_write_and_the_adoption_strands_nothing --- FAILED
an_unreadable_vacated_mark_withholds_the_move --- FAILED
an_open_uploads_committed_part_is_rebuilt_and_adopted --- FAILED
gc_reclaiming_the_destination_before_the_adoption_makes_it_lose --- FAILED
the_premark_is_durable_when_the_write_arrives --- FAILED
a_part_record_rewritten_between_the_write_and_the_adoption_strands_nothing --- FAILED
a_drain_recorded_before_the_premark_writes_nothing --- FAILED
a_part_record_rewritten_before_the_premark_writes_nothing --- FAILED
a_degraded_chunk_with_no_usable_destination_is_kept --- FAILED
. 15/29
no_write_is_authorized_on_a_premark_w_repoint_old --- FAILED
a_write_refused_past_its_deadline_adopts_nothing --- FAILED
an_open_uploads_intact_chunk_drains_its_obligation --- FAILED
a_fragment_lost_from_a_live_server_is_rebuilt_in_place --- FAILED
the_write_deadline_runs_from_the_premark_not_the_pass_start --- FAILED
an_unreadable_session_withholds_the_move --- FAILED
a_moves_writes_are_sent_together --- FAILED
a_destinations_existing_mark_is_restamped_fresh --- FAILED
gc_reclaiming_the_destination_before_the_premark_writes_nothing --- FAILED
a_session_fenced_before_the_premark_writes_nothing --- FAILED
a_slow_but_legal_write_never_stops_a_multi_fragment_move --- FAILED
a_server_with_any_desired_state_record_is_never_chosen --- FAILED
a_chunk_below_k_only_behind_an_outage_is_not_data_loss --- FAILED
.
failures:

---- a_write_the_server_cannot_certify_adopts_nothing stdout ----

thread 'a_write_the_server_cannot_certify_adopts_nothing' (485563) panicked at crates/custodian/tests/staged_repair.rs:1367:5:
the unverified write's bytes may have landed — here they did
note: run with `RUST_BACKTRACE=1` environment variable to display a backtrace

---- a_chunk_two_parts_name_is_repaired_against_the_first stdout ----

thread 'a_chunk_two_parts_name_is_repaired_against_the_first' (485548) panicked at crates/custodian/tests/staged_repair.rs:2238:5:
assertion `left == right` failed: one pass must repair the chunk
  left: Blocked
 right: Changed

---- a_ruled_out_position_rules_out_only_itself stdout ----

thread 'a_ruled_out_position_rules_out_only_itself' (485557) panicked at crates/custodian/tests/staged_repair.rs:1233:9:
assertion `left == right` failed: reclaiming: one pass must repair both lost fragments
  left: Blocked
 right: Changed

---- a_drain_recorded_before_the_adoption_makes_it_lose stdout ----

thread 'a_drain_recorded_before_the_adoption_makes_it_lose' (485551) panicked at crates/custodian/tests/staged_repair.rs:1904:5:
the drain was recorded

---- a_session_fenced_between_the_write_and_the_adoption_strands_nothing stdout ----

thread 'a_session_fenced_between_the_write_and_the_adoption_strands_nothing' (485560) panicked at crates/custodian/tests/staged_repair.rs:955:5:
assertion `left == right` failed: the fence never landed between the write and the adoption, so the race was not run
  left: None
 right: Some(Committed)

---- an_unreadable_vacated_mark_withholds_the_move stdout ----

thread 'an_unreadable_vacated_mark_withholds_the_move' (485567) panicked at crates/custodian/tests/staged_repair.rs:1467:5:
the unreadable mark must be named on the audit seam

---- an_open_uploads_committed_part_is_rebuilt_and_adopted stdout ----

thread 'an_open_uploads_committed_part_is_rebuilt_and_adopted' (485564) panicked at crates/custodian/tests/staged_repair.rs:869:5:
assertion `left == right` failed: one pass must rebuild and adopt the lost fragment
  left: Blocked
 right: Changed

---- gc_reclaiming_the_destination_before_the_adoption_makes_it_lose stdout ----

thread 'gc_reclaiming_the_destination_before_the_adoption_makes_it_lose' (485568) panicked at crates/custodian/tests/staged_repair.rs:1716:10:
GC never reclaimed the destination between the write and the adoption

---- the_premark_is_durable_when_the_write_arrives stdout ----

thread 'the_premark_is_durable_when_the_write_arrives' (485571) panicked at crates/custodian/tests/staged_repair.rs:1134:5:
assertion `left == right` failed: exactly one write must reach the destination
  left: 0
 right: 1

---- a_part_record_rewritten_between_the_write_and_the_adoption_strands_nothing stdout ----

thread 'a_part_record_rewritten_between_the_write_and_the_adoption_strands_nothing' (485556) panicked at crates/custodian/tests/staged_repair.rs:1010:5:
assertion `left == right` failed: the part record was never rewritten between the write and the adoption
  left: None
 right: Some(Committed)

---- a_drain_recorded_before_the_premark_writes_nothing stdout ----

thread 'a_drain_recorded_before_the_premark_writes_nothing' (485552) panicked at crates/custodian/tests/staged_repair.rs:1933:5:
the drain was never recorded between the choice and the pre-mark

---- a_part_record_rewritten_before_the_premark_writes_nothing stdout ----

thread 'a_part_record_rewritten_before_the_premark_writes_nothing' (485555) panicked at crates/custodian/tests/staged_repair.rs:1088:5:
assertion `left == right` failed: the part record was never rewritten between the choice and the pre-mark
  left: None
 right: Some(Committed)

---- a_degraded_chunk_with_no_usable_destination_is_kept stdout ----

thread 'a_degraded_chunk_with_no_usable_destination_is_kept' (485549) panicked at crates/custodian/tests/staged_repair.rs:2034:5:
assertion `left == right` failed: blocked for want of a destination, as a committed chunk with no free domain is
  left: Blocked
 right: Satisfied

---- no_write_is_authorized_on_a_premark_w_repoint_old stdout ----

thread 'no_write_is_authorized_on_a_premark_w_repoint_old' (485570) panicked at crates/custodian/tests/staged_repair.rs:1418:13:
the stale pre-mark stands: None

---- a_write_refused_past_its_deadline_adopts_nothing stdout ----

thread 'a_write_refused_past_its_deadline_adopts_nothing' (485562) panicked at crates/custodian/tests/staged_repair.rs:1329:5:
assertion `left == right` failed: the write must reach the D server, which refuses it
  left: 0
 right: 1

---- an_open_uploads_intact_chunk_drains_its_obligation stdout ----

thread 'an_open_uploads_intact_chunk_drains_its_obligation' (485565) panicked at crates/custodian/tests/staged_repair.rs:2159:5:
assertion `left == right` failed
  left: Blocked
 right: Satisfied

---- a_fragment_lost_from_a_live_server_is_rebuilt_in_place stdout ----

thread 'a_fragment_lost_from_a_live_server_is_rebuilt_in_place' (485553) panicked at crates/custodian/tests/staged_repair.rs:2270:5:
assertion `left == right` failed
  left: Blocked
 right: Changed

---- the_write_deadline_runs_from_the_premark_not_the_pass_start stdout ----

thread 'the_write_deadline_runs_from_the_premark_not_the_pass_start' (485572) panicked at crates/custodian/tests/staged_repair.rs:1293:5:
assertion `left == right` failed: the write must carry the deadline the pre-mark's own stamp fixes
  left: []
 right: [(2, FragmentId { chunk: 33096, index: 2 }, Some(16000))]

---- an_unreadable_session_withholds_the_move stdout ----

thread 'an_unreadable_session_withholds_the_move' (485566) panicked at crates/custodian/tests/staged_repair.rs:1836:5:
assertion failed: named_on_audit_seam(&String::from_utf8(mpu_key(&fx.upload)).unwrap())

---- a_moves_writes_are_sent_together stdout ----

thread 'a_moves_writes_are_sent_together' (485554) panicked at crates/custodian/tests/staged_repair.rs:1626:5:
assertion `left == right` failed: one pass must rebuild and adopt both fragments: writes arrived at []
  left: [Blocked, Blocked]
 right: [Changed]

---- a_destinations_existing_mark_is_restamped_fresh stdout ----

thread 'a_destinations_existing_mark_is_restamped_fresh' (485550) panicked at crates/custodian/tests/staged_repair.rs:1180:9:
assertion `left == right` failed: another event: exactly one write must arrive
  left: 0
 right: 1

---- gc_reclaiming_the_destination_before_the_premark_writes_nothing stdout ----

thread 'gc_reclaiming_the_destination_before_the_premark_writes_nothing' (485569) panicked at crates/custodian/tests/staged_repair.rs:1799:32:
a stamped mark: GC never reclaimed the destination position

---- a_session_fenced_before_the_premark_writes_nothing stdout ----

thread 'a_session_fenced_before_the_premark_writes_nothing' (485559) panicked at crates/custodian/tests/staged_repair.rs:1055:5:
the aborted move must say why on the audit seam

---- a_slow_but_legal_write_never_stops_a_multi_fragment_move stdout ----

thread 'a_slow_but_legal_write_never_stops_a_multi_fragment_move' (485561) panicked at crates/custodian/tests/staged_repair.rs:1542:5:
two passes must rebuild and adopt both fragments, so the obligation drains: [Blocked, Blocked], writes []

---- a_server_with_any_desired_state_record_is_never_chosen stdout ----

thread 'a_server_with_any_desired_state_record_is_never_chosen' (485558) panicked at crates/custodian/tests/staged_repair.rs:1869:9:
assertion `left == right` failed: maintenance: one pass must repair the chunk
  left: Blocked
 right: Changed

---- a_chunk_below_k_only_behind_an_outage_is_not_data_loss stdout ----

thread 'a_chunk_below_k_only_behind_an_outage_is_not_data_loss' (485545) panicked at crates/custodian/tests/staged_repair.rs:2190:9:
assertion `left == right` failed: unreachable true: not a hole in the pass, as for a committed chunk
  left: Blocked
 right: Satisfied


failures:
    a_chunk_below_k_only_behind_an_outage_is_not_data_loss
    a_chunk_two_parts_name_is_repaired_against_the_first
    a_degraded_chunk_with_no_usable_destination_is_kept
    a_destinations_existing_mark_is_restamped_fresh
    a_drain_recorded_before_the_adoption_makes_it_lose
    a_drain_recorded_before_the_premark_writes_nothing
    a_fragment_lost_from_a_live_server_is_rebuilt_in_place
    a_moves_writes_are_sent_together
    a_part_record_rewritten_before_the_premark_writes_nothing
    a_part_record_rewritten_between_the_write_and_the_adoption_strands_nothing
    a_ruled_out_position_rules_out_only_itself
    a_server_with_any_desired_state_record_is_never_chosen
    a_session_fenced_before_the_premark_writes_nothing
    a_session_fenced_between_the_write_and_the_adoption_strands_nothing
    a_slow_but_legal_write_never_stops_a_multi_fragment_move
    a_write_refused_past_its_deadline_adopts_nothing
    a_write_the_server_cannot_certify_adopts_nothing
    an_open_uploads_committed_part_is_rebuilt_and_adopted
    an_open_uploads_intact_chunk_drains_its_obligation
    an_unreadable_session_withholds_the_move
    an_unreadable_vacated_mark_withholds_the_move
    gc_reclaiming_the_destination_before_the_adoption_makes_it_lose
    gc_reclaiming_the_destination_before_the_premark_writes_nothing
    no_write_is_authorized_on_a_premark_w_repoint_old
    the_premark_is_durable_when_the_write_arrives
    the_write_deadline_runs_from_the_premark_not_the_pass_start

test result: FAILED. 3 passed; 26 failed; 0 ignored; 0 measured; 0 filtered out; finished in 0.04s

error: test failed, to rerun pass `-p wyrd-custodian --test staged_repair`
run-verify.sh: PASS — red without the fix, green with it (29 test(s) ran red).
