# gate C4-verify — attempt 1/1: pass (exit 0)
# cmd: ./engine/scripts/run-verify.sh
# cwd: /home/eddie/wyrd/wyrd-pdca
# PDCA_WORKTREE: /home/eddie/wyrd/wyrd.pdca-wt-l0
# started: 2026-08-06T23:54:22+02:00   duration: 2s

run-verify.sh: GREEN — cargo test -p wyrd-custodian --test segmented_map_backfill (fix applied)

running 7 tests
.......
test result: ok. 7 passed; 0 failed; 0 ignored; 0 measured; 0 filtered out; finished in 0.00s
run-verify.sh: RED — cargo test -p wyrd-custodian --test segmented_map_backfill (production reverted, test kept)

running 7 tests
. 1/7
a_record_is_read_written_and_named_under_the_key_the_store_gave_it --- FAILED
a_pass_never_writes_to_a_generation_it_did_not_scan --- FAILED
one_resolving_reading_of_the_namespace_per_pass --- FAILED
a_segmented_object_no_longer_ends_the_pass_and_the_flat_work_still_happens --- FAILED
an_unreadable_committed_object_is_named_and_the_walk_continues --- FAILED
a_segmented_record_is_declined_not_mutated_and_the_pass_does_not_certify --- FAILED

failures:

---- a_record_is_read_written_and_named_under_the_key_the_store_gave_it stdout ----

thread 'a_record_is_read_written_and_named_under_the_key_the_store_gave_it' (1202815) panicked at crates/custodian/tests/segmented_map_backfill.rs:388:9:
assertion `left != right` failed: left undone, never Satisfied
  left: Satisfied
 right: Satisfied

---- a_pass_never_writes_to_a_generation_it_did_not_scan stdout ----

thread 'a_pass_never_writes_to_a_generation_it_did_not_scan' (1202814) panicked at crates/custodian/tests/segmented_map_backfill.rs:354:10:
a changed-under-scan object must not error: SegmentedMapUnsupported { operation: "backfill::reconcile" }

---- one_resolving_reading_of_the_namespace_per_pass stdout ----

thread 'one_resolving_reading_of_the_namespace_per_pass' (1202819) panicked at crates/custodian/tests/segmented_map_backfill.rs:409:42:
must not error: SegmentedMapUnsupported { operation: "backfill::reconcile" }
note: run with `RUST_BACKTRACE=1` environment variable to display a backtrace

---- a_segmented_object_no_longer_ends_the_pass_and_the_flat_work_still_happens stdout ----

thread 'a_segmented_object_no_longer_ends_the_pass_and_the_flat_work_still_happens' (1202816) panicked at crates/custodian/tests/segmented_map_backfill.rs:247:10:
a segmented object must not end the pass: SegmentedMapUnsupported { operation: "backfill::reconcile" }

---- an_unreadable_committed_object_is_named_and_the_walk_continues stdout ----

thread 'an_unreadable_committed_object_is_named_and_the_walk_continues' (1202818) panicked at crates/custodian/tests/segmented_map_backfill.rs:311:17:
called `Result::unwrap()` on an `Err` value: SegmentedMapUnsupported { operation: "backfill::reconcile" }

---- a_segmented_record_is_declined_not_mutated_and_the_pass_does_not_certify stdout ----

thread 'a_segmented_record_is_declined_not_mutated_and_the_pass_does_not_certify' (1202817) panicked at crates/custodian/tests/segmented_map_backfill.rs:269:17:
called `Result::unwrap()` on an `Err` value: SegmentedMapUnsupported { operation: "backfill::reconcile" }


failures:
    a_pass_never_writes_to_a_generation_it_did_not_scan
    a_record_is_read_written_and_named_under_the_key_the_store_gave_it
    a_segmented_object_no_longer_ends_the_pass_and_the_flat_work_still_happens
    a_segmented_record_is_declined_not_mutated_and_the_pass_does_not_certify
    an_unreadable_committed_object_is_named_and_the_walk_continues
    one_resolving_reading_of_the_namespace_per_pass

test result: FAILED. 1 passed; 6 failed; 0 ignored; 0 measured; 0 filtered out; finished in 0.00s

error: test failed, to rerun pass `-p wyrd-custodian --test segmented_map_backfill`
run-verify.sh: PASS — red without the fix, green with it (7 test(s) ran red).
