# gate: C4-verify — per-fix red->green: this patch's test red pre-fix, green post-fix
# cmd: ./engine/scripts/run-verify.sh
# cwd: /home/eddie/wyrd/wyrd-pdca
# PDCA_WORKTREE: /home/eddie/wyrd/wyrd.pdca-wt-l0
# start: 2026-10-04T03:20:51+00:00
# duration_secs: 9.22
# exit: 0
# outcome: pass
# ---- combined stdout+stderr (verbatim) ----
run-verify.sh: GREEN — cargo test -p wyrd-validate --test s3_client_upload_peers (fix applied)

running 12 tests
............
test result: ok. 12 passed; 0 failed; 0 ignored; 0 measured; 0 filtered out; finished in 3.03s
run-verify.sh: RED — cargo test -p wyrd-validate --test s3_client_upload_peers (production reverted, test kept)

running 12 tests
a_source_that_gave_its_declared_length_and_held_an_extra_byte_is_not_a_receipt --- FAILED
a_source_that_fails_after_the_acknowledgement_is_the_body_error --- FAILED
. 3/12
a_rejection_whose_body_is_on_its_way_is_the_servers_error_not_the_sources --- FAILED
a_source_that_fails_while_the_acknowledgements_body_is_on_its_way_is_the_body_error --- FAILED
a_source_that_ended_before_the_acknowledgement_is_a_receipt --- FAILED
a_final_piece_ready_once_the_client_has_read_the_acknowledgement_is_the_body_error --- FAILED
a_source_that_gave_its_whole_length_but_held_its_end_is_not_a_receipt --- FAILED
an_acknowledgement_before_the_source_is_done_is_the_body_error --- FAILED
an_acknowledgement_under_backpressure_is_the_body_error_and_releases_the_upload --- FAILED
a_final_piece_ready_while_the_acknowledgements_body_is_on_its_way_is_the_body_error --- FAILED
a_peer_that_stops_reading_and_never_answers_is_the_operation_timeout --- FAILED

failures:

---- a_source_that_gave_its_declared_length_and_held_an_extra_byte_is_not_a_receipt stdout ----

thread 'a_source_that_gave_its_declared_length_and_held_an_extra_byte_is_not_a_receipt' (3338301) panicked at crates/validate/tests/s3_client_upload_peers.rs:1173:5:
an acknowledgement that arrived before the source had ended must be the body error for exactly that, `AcknowledgedEarly`: Run { outcome: Err(Body(SourceLength { declared: 10, produced: 11 })), declared: 10, elapsed: 6.518308ms, dropped_at_return: true, given_at_return: 11, ended_at_return: false, peer: Some(PeerReport { seen_open: true, backed_up: NotWaited, parked: BeforeAnswer, answered: true, late_body_written: None, client_close: After(1.359433ms), closed: Eof { drained: 0, after: 1.378719ms } }) }
note: run with `RUST_BACKTRACE=1` environment variable to display a backtrace

---- a_source_that_fails_after_the_acknowledgement_is_the_body_error stdout ----

thread 'a_source_that_fails_after_the_acknowledgement_is_the_body_error' (3338299) panicked at crates/validate/tests/s3_client_upload_peers.rs:1173:5:
an acknowledgement that arrived before the source had ended must be the body error for exactly that, `AcknowledgedEarly`: Run { outcome: Err(Body(SourceFailed { produced: 4, detail: "the source failed after the acknowledgement" })), declared: 10, elapsed: 5.218147ms, dropped_at_return: true, given_at_return: 4, ended_at_return: false, peer: Some(PeerReport { seen_open: true, backed_up: NotWaited, parked: BeforeAnswer, answered: true, late_body_written: None, client_close: After(952.095µs), closed: Eof { drained: 0, after: 962.354µs } }) }

---- a_rejection_whose_body_is_on_its_way_is_the_servers_error_not_the_sources stdout ----

thread 'a_rejection_whose_body_is_on_its_way_is_the_servers_error_not_the_sources' (3338297) panicked at crates/validate/tests/s3_client_upload_peers.rs:1267:5:
assertion `left == right` failed: an early rejection must be the server's error, never a source failure that came after it: Run { outcome: Err(Body(SourceFailed { produced: 4, detail: "the source failed after the acknowledgement" })), declared: 10, elapsed: 6.485366ms, dropped_at_return: true, given_at_return: 4, ended_at_return: false, peer: Some(PeerReport { seen_open: true, backed_up: NotWaited, parked: BeforeAnswer, answered: true, late_body_written: Some(true), client_close: After(499.215703ms), closed: Eof { drained: 0, after: 499.234729ms } }) }
  left: Err(Body(SourceFailed { produced: 4, detail: "the source failed after the acknowledgement" }))
 right: Err(Service { status: 403, code: Code("AccessDenied"), message: Some("Access Denied"), request_id: Some("early") })

---- a_source_that_fails_while_the_acknowledgements_body_is_on_its_way_is_the_body_error stdout ----

thread 'a_source_that_fails_while_the_acknowledgements_body_is_on_its_way_is_the_body_error' (3338300) panicked at crates/validate/tests/s3_client_upload_peers.rs:1173:5:
an acknowledgement that arrived before the source had ended must be the body error for exactly that, `AcknowledgedEarly`: Run { outcome: Err(Body(SourceFailed { produced: 4, detail: "the source failed after the acknowledgement" })), declared: 10, elapsed: 8.493492ms, dropped_at_return: true, given_at_return: 4, ended_at_return: false, peer: Some(PeerReport { seen_open: true, backed_up: NotWaited, parked: BeforeAnswer, answered: true, late_body_written: Some(true), client_close: After(498.491467ms), closed: Eof { drained: 0, after: 498.521274ms } }) }

---- a_source_that_ended_before_the_acknowledgement_is_a_receipt stdout ----

thread 'a_source_that_ended_before_the_acknowledgement_is_a_receipt' (3338298) panicked at crates/validate/tests/s3_client_upload_peers.rs:1082:5:
the client's socket was not seen out of ESTABLISHED within 1s of the call's end: the client had not closed the connection in time. PeerReport { seen_open: true, backed_up: NotWaited, parked: NotWaited, answered: true, late_body_written: None, client_close: Not, closed: StillOpen { drained: 0 } }; Run { outcome: Ok(PutOutcome { etag: None }), declared: 10, elapsed: 2.314583ms, dropped_at_return: true, given_at_return: 10, ended_at_return: true, peer: Some(PeerReport { seen_open: true, backed_up: NotWaited, parked: NotWaited, answered: true, late_body_written: None, client_close: Not, closed: StillOpen { drained: 0 } }) }

---- a_final_piece_ready_once_the_client_has_read_the_acknowledgement_is_the_body_error stdout ----

thread 'a_final_piece_ready_once_the_client_has_read_the_acknowledgement_is_the_body_error' (3338293) panicked at crates/validate/tests/s3_client_upload_peers.rs:1168:9:
an acknowledgement that arrived before the source had ended must be the body error carrying request id `early`, never a receipt: Run { outcome: Ok(PutOutcome { etag: None }), declared: 10, elapsed: 8.788427ms, dropped_at_return: true, given_at_return: 10, ended_at_return: true, peer: Some(PeerReport { seen_open: true, backed_up: NotWaited, parked: BeforeAnswer, answered: true, late_body_written: None, client_close: Not, closed: StillOpen { drained: 303 } }) }

---- a_source_that_gave_its_whole_length_but_held_its_end_is_not_a_receipt stdout ----

thread 'a_source_that_gave_its_whole_length_but_held_its_end_is_not_a_receipt' (3338302) panicked at crates/validate/tests/s3_client_upload_peers.rs:1168:9:
an acknowledgement that arrived before the source had ended must be the body error carrying request id `early`, never a receipt: Run { outcome: Ok(PutOutcome { etag: None }), declared: 10, elapsed: 8.030729ms, dropped_at_return: true, given_at_return: 10, ended_at_return: true, peer: Some(PeerReport { seen_open: true, backed_up: NotWaited, parked: BeforeAnswer, answered: true, late_body_written: None, client_close: Not, closed: StillOpen { drained: 303 } }) }

---- an_acknowledgement_before_the_source_is_done_is_the_body_error stdout ----

thread 'an_acknowledgement_before_the_source_is_done_is_the_body_error' (3338303) panicked at crates/validate/tests/s3_client_upload_peers.rs:1168:9:
an acknowledgement that arrived before the source had ended must be the body error carrying request id `early`, never a receipt: Run { outcome: Ok(PutOutcome { etag: None }), declared: 67108864, elapsed: 49.63116ms, dropped_at_return: false, given_at_return: 3145728, ended_at_return: false, peer: Some(PeerReport { seen_open: true, backed_up: NotWaited, parked: NotWaited, answered: true, late_body_written: None, client_close: Not, closed: StillOpen { drained: 122973 } }) }

---- an_acknowledgement_under_backpressure_is_the_body_error_and_releases_the_upload stdout ----

thread 'an_acknowledgement_under_backpressure_is_the_body_error_and_releases_the_upload' (3338304) panicked at crates/validate/tests/s3_client_upload_peers.rs:1168:9:
an acknowledgement that arrived before the source had ended must be the body error carrying request id `early`, never a receipt: Run { outcome: Ok(PutOutcome { etag: None }), declared: 536870912, elapsed: 287.669667ms, dropped_at_return: false, given_at_return: 33554432, ended_at_return: false, peer: Some(PeerReport { seen_open: true, backed_up: Yes(2500849), parked: NotWaited, answered: true, late_body_written: None, client_close: Not, closed: StillOpen { drained: 122973 } }) }

---- a_final_piece_ready_while_the_acknowledgements_body_is_on_its_way_is_the_body_error stdout ----

thread 'a_final_piece_ready_while_the_acknowledgements_body_is_on_its_way_is_the_body_error' (3338294) panicked at crates/validate/tests/s3_client_upload_peers.rs:1168:9:
an acknowledgement that arrived before the source had ended must be the body error carrying request id `early`, never a receipt: Run { outcome: Ok(PutOutcome { etag: None }), declared: 10, elapsed: 504.53455ms, dropped_at_return: true, given_at_return: 10, ended_at_return: true, peer: Some(PeerReport { seen_open: true, backed_up: NotWaited, parked: BeforeAnswer, answered: true, late_body_written: Some(true), client_close: Not, closed: StillOpen { drained: 303 } }) }

---- a_peer_that_stops_reading_and_never_answers_is_the_operation_timeout stdout ----

thread 'a_peer_that_stops_reading_and_never_answers_is_the_operation_timeout' (3338295) panicked at crates/validate/tests/s3_client_upload_peers.rs:1048:5:
the source was still alive when put_object returned: the upload outlived its call. Run { outcome: Err(Timeout { phase: Operation, limit: 3s }), declared: 536870912, elapsed: 3.001917593s, dropped_at_return: false, given_at_return: 33554432, ended_at_return: false, peer: Some(PeerReport { seen_open: true, backed_up: NotWaited, parked: NotWaited, answered: false, late_body_written: None, client_close: After(3.865687ms), closed: Eof { drained: 2623822, after: 4.471269ms } }) }


failures:
    a_final_piece_ready_once_the_client_has_read_the_acknowledgement_is_the_body_error
    a_final_piece_ready_while_the_acknowledgements_body_is_on_its_way_is_the_body_error
    a_peer_that_stops_reading_and_never_answers_is_the_operation_timeout
    a_rejection_whose_body_is_on_its_way_is_the_servers_error_not_the_sources
    a_source_that_ended_before_the_acknowledgement_is_a_receipt
    a_source_that_fails_after_the_acknowledgement_is_the_body_error
    a_source_that_fails_while_the_acknowledgements_body_is_on_its_way_is_the_body_error
    a_source_that_gave_its_declared_length_and_held_an_extra_byte_is_not_a_receipt
    a_source_that_gave_its_whole_length_but_held_its_end_is_not_a_receipt
    an_acknowledgement_before_the_source_is_done_is_the_body_error
    an_acknowledgement_under_backpressure_is_the_body_error_and_releases_the_upload

test result: FAILED. 1 passed; 11 failed; 0 ignored; 0 measured; 0 filtered out; finished in 3.04s

error: test failed, to rerun pass `-p wyrd-validate --test s3_client_upload_peers`
run-verify.sh: PASS — red without the fix, green with it (12 test(s) ran red).
