# gate: C4-verify — per-fix red->green: this patch's test red pre-fix, green post-fix
# cmd: ./engine/scripts/run-verify.sh
# cwd: /home/eddie/wyrd/wyrd-pdca
# PDCA_WORKTREE: /home/eddie/wyrd/wyrd.pdca-wt-l0
# start: 2026-10-03T21:50:21+00:00
# duration_secs: 12.82
# exit: 0
# outcome: pass
# ---- combined stdout+stderr (verbatim) ----
run-verify.sh: GREEN — cargo test -p wyrd-validate --test s3_client_upload_peers (fix applied)

running 11 tests
...........
test result: ok. 11 passed; 0 failed; 0 ignored; 0 measured; 0 filtered out; finished in 3.03s
run-verify.sh: RED — cargo test -p wyrd-validate --test s3_client_upload_peers (production reverted, test kept)

running 11 tests
a_source_that_fails_after_the_acknowledgement_is_the_body_error --- FAILED
. 2/11
a_source_that_fails_while_the_acknowledgements_body_is_on_its_way_is_the_body_error --- FAILED
a_rejection_whose_body_is_on_its_way_is_the_servers_error_not_the_sources --- FAILED
a_source_that_gave_its_whole_length_but_held_its_end_is_a_receipt --- FAILED
a_final_piece_ready_once_the_client_has_read_the_acknowledgement_is_the_body_error --- FAILED
a_source_fully_taken_before_the_acknowledgement_is_a_receipt --- FAILED
an_acknowledgement_before_the_source_is_done_is_the_body_error --- FAILED
an_acknowledgement_under_backpressure_is_the_body_error_and_releases_the_upload --- FAILED
a_final_piece_ready_while_the_acknowledgements_body_is_on_its_way_is_the_body_error --- FAILED
a_peer_that_stops_reading_and_never_answers_is_the_operation_timeout --- FAILED

failures:

---- a_source_that_fails_after_the_acknowledgement_is_the_body_error stdout ----

thread 'a_source_that_fails_after_the_acknowledgement_is_the_body_error' (2174565) panicked at crates/validate/tests/s3_client_upload_peers.rs:894:40:
the body error does not carry the acknowledgement's request id: object body: the PUT source failed after yielding 4 bytes: the source failed after the acknowledgement. Run { outcome: Err(Body(SourceFailed { produced: 4, detail: "the source failed after the acknowledgement" })), declared: 10, elapsed: 24.320794ms, dropped_at_return: true, given_at_return: 4, peer: Some(PeerReport { backed_up: NotWaited, parked: BeforeAnswer, answered: true, late_body_written: None, client_close: After(1.23598ms), closed: Eof { drained: 0 } }) }
note: run with `RUST_BACKTRACE=1` environment variable to display a backtrace

---- a_source_that_fails_while_the_acknowledgements_body_is_on_its_way_is_the_body_error stdout ----

thread 'a_source_that_fails_while_the_acknowledgements_body_is_on_its_way_is_the_body_error' (2174566) panicked at crates/validate/tests/s3_client_upload_peers.rs:894:40:
the body error does not carry the acknowledgement's request id: object body: the PUT source failed after yielding 4 bytes: the source failed after the acknowledgement. Run { outcome: Err(Body(SourceFailed { produced: 4, detail: "the source failed after the acknowledgement" })), declared: 10, elapsed: 23.749808ms, dropped_at_return: true, given_at_return: 4, peer: Some(PeerReport { backed_up: NotWaited, parked: BeforeAnswer, answered: true, late_body_written: Some(true), client_close: After(754.632µs), closed: Eof { drained: 0 } }) }

---- a_rejection_whose_body_is_on_its_way_is_the_servers_error_not_the_sources stdout ----

thread 'a_rejection_whose_body_is_on_its_way_is_the_servers_error_not_the_sources' (2174563) panicked at crates/validate/tests/s3_client_upload_peers.rs:988:5:
assertion `left == right` failed: an early rejection must be the server's error, never a source failure that came after it: Run { outcome: Err(Body(SourceFailed { produced: 4, detail: "the source failed after the acknowledgement" })), declared: 10, elapsed: 23.982246ms, dropped_at_return: true, given_at_return: 4, peer: Some(PeerReport { backed_up: NotWaited, parked: BeforeAnswer, answered: true, late_body_written: Some(true), client_close: After(1.155789ms), closed: Eof { drained: 0 } }) }
  left: Err(Body(SourceFailed { produced: 4, detail: "the source failed after the acknowledgement" }))
 right: Err(Service { status: 403, code: Code("AccessDenied"), message: Some("Access Denied"), request_id: Some("early") })

---- a_source_that_gave_its_whole_length_but_held_its_end_is_a_receipt stdout ----

thread 'a_source_that_gave_its_whole_length_but_held_its_end_is_a_receipt' (2174567) panicked at crates/validate/tests/s3_client_upload_peers.rs:817:5:
the client's socket was still ESTABLISHED 1s after the call ended: the client had not closed the connection. PeerReport { backed_up: NotWaited, parked: BeforeAnswer, answered: true, late_body_written: None, client_close: Not, closed: StillOpen { drained: 303 } }; Run { outcome: Ok(PutOutcome { etag: None }), declared: 10, elapsed: 24.256182ms, dropped_at_return: true, given_at_return: 10, peer: Some(PeerReport { backed_up: NotWaited, parked: BeforeAnswer, answered: true, late_body_written: None, client_close: Not, closed: StillOpen { drained: 303 } }) }

---- a_final_piece_ready_once_the_client_has_read_the_acknowledgement_is_the_body_error stdout ----

thread 'a_final_piece_ready_once_the_client_has_read_the_acknowledgement_is_the_body_error' (2174559) panicked at crates/validate/tests/s3_client_upload_peers.rs:899:14:
an acknowledgement that arrived while the source still had bytes to give must be the body error carrying request id `early`, never a receipt: Run { outcome: Ok(PutOutcome { etag: None }), declared: 10, elapsed: 24.356111ms, dropped_at_return: true, given_at_return: 10, peer: Some(PeerReport { backed_up: NotWaited, parked: BeforeAnswer, answered: true, late_body_written: None, client_close: Not, closed: StillOpen { drained: 303 } }) }

---- a_source_fully_taken_before_the_acknowledgement_is_a_receipt stdout ----

thread 'a_source_fully_taken_before_the_acknowledgement_is_a_receipt' (2174564) panicked at crates/validate/tests/s3_client_upload_peers.rs:817:5:
the client's socket was still ESTABLISHED 1s after the call ended: the client had not closed the connection. PeerReport { backed_up: NotWaited, parked: NotWaited, answered: true, late_body_written: None, client_close: Not, closed: StillOpen { drained: 0 } }; Run { outcome: Ok(PutOutcome { etag: None }), declared: 10, elapsed: 20.747358ms, dropped_at_return: true, given_at_return: 10, peer: Some(PeerReport { backed_up: NotWaited, parked: NotWaited, answered: true, late_body_written: None, client_close: Not, closed: StillOpen { drained: 0 } }) }

---- an_acknowledgement_before_the_source_is_done_is_the_body_error stdout ----

thread 'an_acknowledgement_before_the_source_is_done_is_the_body_error' (2174568) panicked at crates/validate/tests/s3_client_upload_peers.rs:899:14:
an acknowledgement that arrived while the source still had bytes to give must be the body error carrying request id `early`, never a receipt: Run { outcome: Ok(PutOutcome { etag: None }), declared: 67108864, elapsed: 79.356806ms, dropped_at_return: false, given_at_return: 3145728, peer: Some(PeerReport { backed_up: NotWaited, parked: NotWaited, answered: true, late_body_written: None, client_close: Not, closed: StillOpen { drained: 1208902 } }) }

---- an_acknowledgement_under_backpressure_is_the_body_error_and_releases_the_upload stdout ----

thread 'an_acknowledgement_under_backpressure_is_the_body_error_and_releases_the_upload' (2174569) panicked at crates/validate/tests/s3_client_upload_peers.rs:899:14:
an acknowledgement that arrived while the source still had bytes to give must be the body error carrying request id `early`, never a receipt: Run { outcome: Ok(PutOutcome { etag: None }), declared: 536870912, elapsed: 302.957186ms, dropped_at_return: false, given_at_return: 33554432, peer: Some(PeerReport { backed_up: Yes(2500849), parked: NotWaited, answered: true, late_body_written: None, client_close: Not, closed: StillOpen { drained: 122973 } }) }

---- a_final_piece_ready_while_the_acknowledgements_body_is_on_its_way_is_the_body_error stdout ----

thread 'a_final_piece_ready_while_the_acknowledgements_body_is_on_its_way_is_the_body_error' (2174560) panicked at crates/validate/tests/s3_client_upload_peers.rs:899:14:
an acknowledgement that arrived while the source still had bytes to give must be the body error carrying request id `early`, never a receipt: Run { outcome: Ok(PutOutcome { etag: None }), declared: 10, elapsed: 521.639075ms, dropped_at_return: true, given_at_return: 10, peer: Some(PeerReport { backed_up: NotWaited, parked: BeforeAnswer, answered: true, late_body_written: Some(true), client_close: Not, closed: StillOpen { drained: 303 } }) }

---- a_peer_that_stops_reading_and_never_answers_is_the_operation_timeout stdout ----

thread 'a_peer_that_stops_reading_and_never_answers_is_the_operation_timeout' (2174561) panicked at crates/validate/tests/s3_client_upload_peers.rs:804:5:
the source was still alive when put_object returned: the upload outlived its call. Run { outcome: Err(Timeout { phase: Operation, limit: 3s }), declared: 536870912, elapsed: 3.002084883s, dropped_at_return: false, given_at_return: 33554432, peer: Some(PeerReport { backed_up: NotWaited, parked: NotWaited, answered: false, late_body_written: None, client_close: After(941.454µs), closed: Eof { drained: 2623822 } }) }


failures:
    a_final_piece_ready_once_the_client_has_read_the_acknowledgement_is_the_body_error
    a_final_piece_ready_while_the_acknowledgements_body_is_on_its_way_is_the_body_error
    a_peer_that_stops_reading_and_never_answers_is_the_operation_timeout
    a_rejection_whose_body_is_on_its_way_is_the_servers_error_not_the_sources
    a_source_fully_taken_before_the_acknowledgement_is_a_receipt
    a_source_that_fails_after_the_acknowledgement_is_the_body_error
    a_source_that_fails_while_the_acknowledgements_body_is_on_its_way_is_the_body_error
    a_source_that_gave_its_whole_length_but_held_its_end_is_a_receipt
    an_acknowledgement_before_the_source_is_done_is_the_body_error
    an_acknowledgement_under_backpressure_is_the_body_error_and_releases_the_upload

test result: FAILED. 1 passed; 10 failed; 0 ignored; 0 measured; 0 filtered out; finished in 3.03s

error: test failed, to rerun pass `-p wyrd-validate --test s3_client_upload_peers`
run-verify.sh: PASS — red without the fix, green with it (11 test(s) ran red).
