# gate: C4-diff-cov — diff coverage: changed lines executed by the patch's tests
# cmd: ./engine/scripts/run-diff-cov.sh
# cwd: /home/eddie/wyrd/wyrd-pdca
# PDCA_WORKTREE: /home/eddie/wyrd/wyrd.pdca-wt-l1
# start: 2026-10-01T00:57:49+00:00
# duration_secs: 2.28
# exit: 77
# outcome: unverifiable
# ---- combined stdout+stderr (verbatim) ----
run-diff-cov.sh: MEASURE — cargo llvm-cov test -p xtask --test blackbox_dependency_guard (fix applied)
info: cargo-llvm-cov currently setting cfg(coverage); you can opt-out it by passing --no-cfg-coverage
   Compiling wyrd-chunk-format v0.0.0 (/home/eddie/wyrd/wyrd-cov-l1/crates/chunk-format)
   Compiling xtask v0.0.0 (/home/eddie/wyrd/wyrd-cov-l1/xtask)
    Finished `test` profile [unoptimized + debuginfo] target(s) in 1.16s
     Running tests/blackbox_dependency_guard.rs (target/llvm-cov-target/debug/deps/blackbox_dependency_guard-2f9a81bf1fdb8637)

running 27 tests
test a_missing_blackbox_package_is_refused ... ok
test a_blackbox_package_in_no_resolve_node_is_refused ... ok
test a_reached_package_record_without_an_id_is_refused ... ok
test a_transitive_wyrd_dependency_is_a_violation_naming_the_path ... ok
test a_reached_package_in_no_resolve_node_is_refused ... ok
test a_crate_first_met_on_a_dev_edge_is_still_walked_on_a_normal_path ... ok
test a_reached_package_record_without_a_name_is_refused ... ok
test a_dev_dependency_on_a_wyrd_crate_is_allowed ... ok
test an_edge_without_dep_kinds_is_refused ... ok
test a_build_dependency_on_a_wyrd_crate_is_not_a_normal_edge ... ok
test a_normal_dependency_on_a_wyrd_crate_is_one_violation_naming_it ... ok
test the_ci_gate_runs_the_blackbox_guard_before_any_cargo_step ... ok
test an_unparsable_document_is_refused ... ok
test an_optional_off_by_default_wyrd_dependency_is_a_violation ... ok
test a_wyrd_crate_behind_a_third_party_dev_edge_is_not_followed ... ok
test a_declared_dependency_of_unknown_kind_is_refused ... ok
test a_document_without_a_resolve_graph_is_refused ... ok
test an_edge_with_empty_dep_kinds_is_refused ... ok
test an_edge_of_unknown_kind_is_refused ... ok
test structurally_incomplete_documents_are_refused ... ok
test two_blackbox_packages_are_refused ... ok
test an_edge_that_is_both_dev_and_normal_is_followed ... ok
test the_guard_never_writes_the_lock_file_it_audits ... ok
test a_renamed_dependency_is_caught_by_its_package_name ... ok
test a_real_dev_dependency_is_allowed ... ok
test an_optional_crate_behind_an_off_by_default_feature_is_walked ... ok
test the_real_workspace_has_no_violation ... FAILED

failures:

---- the_real_workspace_has_no_violation stdout ----

thread 'the_real_workspace_has_no_violation' (2362806) panicked at xtask/tests/blackbox_dependency_guard.rs:249:5:

$ xtask blackbox-guard (#775 wyrd-validate links no wyrd-* crate)

xtask: blackbox-guard: cargo metadata has no `wyrd-validate` package — refusing to pass a guard whose subject it cannot see (is `crates/validate` still a [workspace] member?)

note: run with `RUST_BACKTRACE=1` environment variable to display a backtrace


failures:
    the_real_workspace_has_no_violation

test result: FAILED. 26 passed; 1 failed; 0 ignored; 0 measured; 0 filtered out; finished in 0.21s

error: test failed, to rerun pass `-p xtask --test blackbox_dependency_guard`
error: process didn't exit successfully: `/home/eddie/.rustup/toolchains/1.96.0-x86_64-unknown-linux-gnu/bin/cargo test --manifest-path /home/eddie/wyrd/wyrd-cov-l1/Cargo.toml --target-dir /home/eddie/wyrd/wyrd-cov-l1/target/llvm-cov-target -p xtask --test blackbox_dependency_guard` (exit status: 101)
run-diff-cov.sh: UNVERIFIABLE — the run exited 101 and produced no usable report
                 (27 test(s) ran). Coverage of a fix whose own test does not pass
                 measures nothing about the fix; whether that test SHOULD pass is
                 C4-verify's verdict, not this row's (the output is above).
PDCA-UNVERIFIABLE: the shipped test did not pass under llvm-cov, so diff coverage was not measured
