# gate: C4-verify — per-fix red->green: this patch's test red pre-fix, green post-fix
# cmd: ./engine/scripts/run-verify.sh
# cwd: /home/eddie/wyrd/wyrd-pdca
# PDCA_WORKTREE: /home/eddie/wyrd/wyrd.pdca-wt-l1
# start: 2026-10-01T00:57:47+00:00
# duration_secs: 2.63
# exit: 0
# outcome: pass
# ---- combined stdout+stderr (verbatim) ----
run-verify.sh: GREEN — cargo test -p xtask --test blackbox_dependency_guard (fix applied)

running 27 tests
...........................
test result: ok. 27 passed; 0 failed; 0 ignored; 0 measured; 0 filtered out; finished in 0.21s
run-verify.sh: RED — cargo test -p xtask --test blackbox_dependency_guard (production reverted, test kept)

running 27 tests
a_declared_dependency_of_unknown_kind_is_refused --- FAILED
a_reached_package_record_without_a_name_is_refused --- FAILED
a_reached_package_in_no_resolve_node_is_refused --- FAILED
a_missing_blackbox_package_is_refused --- FAILED
a_build_dependency_on_a_wyrd_crate_is_not_a_normal_edge --- FAILED
a_transitive_wyrd_dependency_is_a_violation_naming_the_path --- FAILED
a_dev_dependency_on_a_wyrd_crate_is_allowed --- FAILED
a_blackbox_package_in_no_resolve_node_is_refused --- FAILED
an_edge_of_unknown_kind_is_refused --- FAILED
a_document_without_a_resolve_graph_is_refused --- FAILED
a_crate_first_met_on_a_dev_edge_is_still_walked_on_a_normal_path --- FAILED
an_edge_that_is_both_dev_and_normal_is_followed --- FAILED
an_edge_with_empty_dep_kinds_is_refused --- FAILED
a_reached_package_record_without_an_id_is_refused --- FAILED
an_optional_off_by_default_wyrd_dependency_is_a_violation --- FAILED
an_unparsable_document_is_refused --- FAILED
an_edge_without_dep_kinds_is_refused --- FAILED
the_real_workspace_has_no_violation --- FAILED
the_ci_gate_runs_the_blackbox_guard_before_any_cargo_step --- FAILED
a_normal_dependency_on_a_wyrd_crate_is_one_violation_naming_it --- FAILED
two_blackbox_packages_are_refused --- FAILED
a_wyrd_crate_behind_a_third_party_dev_edge_is_not_followed --- FAILED
structurally_incomplete_documents_are_refused --- FAILED
the_guard_never_writes_the_lock_file_it_audits --- FAILED
a_renamed_dependency_is_caught_by_its_package_name --- FAILED
a_real_dev_dependency_is_allowed --- FAILED
an_optional_crate_behind_an_off_by_default_feature_is_walked --- FAILED

failures:

---- a_declared_dependency_of_unknown_kind_is_refused stdout ----

thread 'a_declared_dependency_of_unknown_kind_is_refused' (2360974) panicked at xtask/tests/blackbox_dependency_guard.rs:104:5:
unknown-declared-kind: must be refused with `declared dependency `wyrd-core` of `wyrd-validate` has unknown dependency kind`:
xtask: unknown task `blackbox-guard`
usage: cargo xtask <ci|conformance|gen-vectors|dst|statics|integration|tikv-conformance|fdb-conformance|fdb-doctor|fdb-metadata-tier1|metadata-nemesis|consistency-run|etcd-conformance|deploy-small-multi-node|dist|disk-faults|jepsen|kill-reconstruct|metadata-tier1|metadata-tier2|bench>

note: run with `RUST_BACKTRACE=1` environment variable to display a backtrace

---- a_reached_package_record_without_a_name_is_refused stdout ----

thread 'a_reached_package_record_without_a_name_is_refused' (2360981) panicked at xtask/tests/blackbox_dependency_guard.rs:104:5:
no-name: must be refused with `has no decodable `name``:
xtask: unknown task `blackbox-guard`
usage: cargo xtask <ci|conformance|gen-vectors|dst|statics|integration|tikv-conformance|fdb-conformance|fdb-doctor|fdb-metadata-tier1|metadata-nemesis|consistency-run|etcd-conformance|deploy-small-multi-node|dist|disk-faults|jepsen|kill-reconstruct|metadata-tier1|metadata-tier2|bench>


---- a_reached_package_in_no_resolve_node_is_refused stdout ----

thread 'a_reached_package_in_no_resolve_node_is_refused' (2360980) panicked at xtask/tests/blackbox_dependency_guard.rs:104:5:
reached-no-node: must be refused with `is reached but appears in no resolve node`:
xtask: unknown task `blackbox-guard`
usage: cargo xtask <ci|conformance|gen-vectors|dst|statics|integration|tikv-conformance|fdb-conformance|fdb-doctor|fdb-metadata-tier1|metadata-nemesis|consistency-run|etcd-conformance|deploy-small-multi-node|dist|disk-faults|jepsen|kill-reconstruct|metadata-tier1|metadata-tier2|bench>


---- a_missing_blackbox_package_is_refused stdout ----

thread 'a_missing_blackbox_package_is_refused' (2360977) panicked at xtask/tests/blackbox_dependency_guard.rs:104:5:
no-subject: must be refused with `no `wyrd-validate` package`:
xtask: unknown task `blackbox-guard`
usage: cargo xtask <ci|conformance|gen-vectors|dst|statics|integration|tikv-conformance|fdb-conformance|fdb-doctor|fdb-metadata-tier1|metadata-nemesis|consistency-run|etcd-conformance|deploy-small-multi-node|dist|disk-faults|jepsen|kill-reconstruct|metadata-tier1|metadata-tier2|bench>


---- a_build_dependency_on_a_wyrd_crate_is_not_a_normal_edge stdout ----

thread 'a_build_dependency_on_a_wyrd_crate_is_not_a_normal_edge' (2360972) panicked at xtask/tests/blackbox_dependency_guard.rs:293:5:
xtask: unknown task `blackbox-guard`
usage: cargo xtask <ci|conformance|gen-vectors|dst|statics|integration|tikv-conformance|fdb-conformance|fdb-doctor|fdb-metadata-tier1|metadata-nemesis|consistency-run|etcd-conformance|deploy-small-multi-node|dist|disk-faults|jepsen|kill-reconstruct|metadata-tier1|metadata-tier2|bench>


---- a_transitive_wyrd_dependency_is_a_violation_naming_the_path stdout ----

thread 'a_transitive_wyrd_dependency_is_a_violation_naming_the_path' (2360987) panicked at xtask/tests/blackbox_dependency_guard.rs:327:5:
assertion `left == right` failed: xtask: unknown task `blackbox-guard`
usage: cargo xtask <ci|conformance|gen-vectors|dst|statics|integration|tikv-conformance|fdb-conformance|fdb-doctor|fdb-metadata-tier1|metadata-nemesis|consistency-run|etcd-conformance|deploy-small-multi-node|dist|disk-faults|jepsen|kill-reconstruct|metadata-tier1|metadata-tier2|bench>

  left: 0
 right: 1

---- a_dev_dependency_on_a_wyrd_crate_is_allowed stdout ----

thread 'a_dev_dependency_on_a_wyrd_crate_is_allowed' (2360975) panicked at xtask/tests/blackbox_dependency_guard.rs:284:5:
xtask: unknown task `blackbox-guard`
usage: cargo xtask <ci|conformance|gen-vectors|dst|statics|integration|tikv-conformance|fdb-conformance|fdb-doctor|fdb-metadata-tier1|metadata-nemesis|consistency-run|etcd-conformance|deploy-small-multi-node|dist|disk-faults|jepsen|kill-reconstruct|metadata-tier1|metadata-tier2|bench>


---- a_blackbox_package_in_no_resolve_node_is_refused stdout ----

thread 'a_blackbox_package_in_no_resolve_node_is_refused' (2360971) panicked at xtask/tests/blackbox_dependency_guard.rs:104:5:
subject-no-node: must be refused with ``wyrd-validate` appears in no resolve node`:
xtask: unknown task `blackbox-guard`
usage: cargo xtask <ci|conformance|gen-vectors|dst|statics|integration|tikv-conformance|fdb-conformance|fdb-doctor|fdb-metadata-tier1|metadata-nemesis|consistency-run|etcd-conformance|deploy-small-multi-node|dist|disk-faults|jepsen|kill-reconstruct|metadata-tier1|metadata-tier2|bench>


---- an_edge_of_unknown_kind_is_refused stdout ----

thread 'an_edge_of_unknown_kind_is_refused' (2360989) panicked at xtask/tests/blackbox_dependency_guard.rs:104:5:
unknown-edge-kind: must be refused with `has unknown dependency kind "weird"`:
xtask: unknown task `blackbox-guard`
usage: cargo xtask <ci|conformance|gen-vectors|dst|statics|integration|tikv-conformance|fdb-conformance|fdb-doctor|fdb-metadata-tier1|metadata-nemesis|consistency-run|etcd-conformance|deploy-small-multi-node|dist|disk-faults|jepsen|kill-reconstruct|metadata-tier1|metadata-tier2|bench>


---- a_document_without_a_resolve_graph_is_refused stdout ----

thread 'a_document_without_a_resolve_graph_is_refused' (2360976) panicked at xtask/tests/blackbox_dependency_guard.rs:104:5:
resolve-null: must be refused with `no `resolve.nodes` graph`:
xtask: unknown task `blackbox-guard`
usage: cargo xtask <ci|conformance|gen-vectors|dst|statics|integration|tikv-conformance|fdb-conformance|fdb-doctor|fdb-metadata-tier1|metadata-nemesis|consistency-run|etcd-conformance|deploy-small-multi-node|dist|disk-faults|jepsen|kill-reconstruct|metadata-tier1|metadata-tier2|bench>


---- a_crate_first_met_on_a_dev_edge_is_still_walked_on_a_normal_path stdout ----

thread 'a_crate_first_met_on_a_dev_edge_is_still_walked_on_a_normal_path' (2360973) panicked at xtask/tests/blackbox_dependency_guard.rs:389:5:
assertion `left == right` failed: xtask: unknown task `blackbox-guard`
usage: cargo xtask <ci|conformance|gen-vectors|dst|statics|integration|tikv-conformance|fdb-conformance|fdb-doctor|fdb-metadata-tier1|metadata-nemesis|consistency-run|etcd-conformance|deploy-small-multi-node|dist|disk-faults|jepsen|kill-reconstruct|metadata-tier1|metadata-tier2|bench>

  left: 0
 right: 1

---- an_edge_that_is_both_dev_and_normal_is_followed stdout ----

thread 'an_edge_that_is_both_dev_and_normal_is_followed' (2360993) panicked at xtask/tests/blackbox_dependency_guard.rs:352:5:
assertion `left == right` failed: xtask: unknown task `blackbox-guard`
usage: cargo xtask <ci|conformance|gen-vectors|dst|statics|integration|tikv-conformance|fdb-conformance|fdb-doctor|fdb-metadata-tier1|metadata-nemesis|consistency-run|etcd-conformance|deploy-small-multi-node|dist|disk-faults|jepsen|kill-reconstruct|metadata-tier1|metadata-tier2|bench>

  left: 0
 right: 1

---- an_edge_with_empty_dep_kinds_is_refused stdout ----

thread 'an_edge_with_empty_dep_kinds_is_refused' (2360996) panicked at xtask/tests/blackbox_dependency_guard.rs:104:5:
empty-kinds-deep: must be refused with `has an empty `dep_kinds` list`:
xtask: unknown task `blackbox-guard`
usage: cargo xtask <ci|conformance|gen-vectors|dst|statics|integration|tikv-conformance|fdb-conformance|fdb-doctor|fdb-metadata-tier1|metadata-nemesis|consistency-run|etcd-conformance|deploy-small-multi-node|dist|disk-faults|jepsen|kill-reconstruct|metadata-tier1|metadata-tier2|bench>


---- a_reached_package_record_without_an_id_is_refused stdout ----

thread 'a_reached_package_record_without_an_id_is_refused' (2360982) panicked at xtask/tests/blackbox_dependency_guard.rs:104:5:
no-id: must be refused with `has no decodable `id``:
xtask: unknown task `blackbox-guard`
usage: cargo xtask <ci|conformance|gen-vectors|dst|statics|integration|tikv-conformance|fdb-conformance|fdb-doctor|fdb-metadata-tier1|metadata-nemesis|consistency-run|etcd-conformance|deploy-small-multi-node|dist|disk-faults|jepsen|kill-reconstruct|metadata-tier1|metadata-tier2|bench>


---- an_optional_off_by_default_wyrd_dependency_is_a_violation stdout ----

thread 'an_optional_off_by_default_wyrd_dependency_is_a_violation' (2361005) panicked at xtask/tests/blackbox_dependency_guard.rs:313:5:
assertion `left == right` failed: xtask: unknown task `blackbox-guard`
usage: cargo xtask <ci|conformance|gen-vectors|dst|statics|integration|tikv-conformance|fdb-conformance|fdb-doctor|fdb-metadata-tier1|metadata-nemesis|consistency-run|etcd-conformance|deploy-small-multi-node|dist|disk-faults|jepsen|kill-reconstruct|metadata-tier1|metadata-tier2|bench>

  left: 0
 right: 1

---- an_unparsable_document_is_refused stdout ----

thread 'an_unparsable_document_is_refused' (2361007) panicked at xtask/tests/blackbox_dependency_guard.rs:104:5:
unparsable: must be refused with `cannot parse cargo metadata`:
xtask: unknown task `blackbox-guard`
usage: cargo xtask <ci|conformance|gen-vectors|dst|statics|integration|tikv-conformance|fdb-conformance|fdb-doctor|fdb-metadata-tier1|metadata-nemesis|consistency-run|etcd-conformance|deploy-small-multi-node|dist|disk-faults|jepsen|kill-reconstruct|metadata-tier1|metadata-tier2|bench>


---- an_edge_without_dep_kinds_is_refused stdout ----

thread 'an_edge_without_dep_kinds_is_refused' (2361002) panicked at xtask/tests/blackbox_dependency_guard.rs:104:5:
no-dep-kinds: must be refused with `has no `dep_kinds` list`:
xtask: unknown task `blackbox-guard`
usage: cargo xtask <ci|conformance|gen-vectors|dst|statics|integration|tikv-conformance|fdb-conformance|fdb-doctor|fdb-metadata-tier1|metadata-nemesis|consistency-run|etcd-conformance|deploy-small-multi-node|dist|disk-faults|jepsen|kill-reconstruct|metadata-tier1|metadata-tier2|bench>


---- the_real_workspace_has_no_violation stdout ----

thread 'the_real_workspace_has_no_violation' (2361015) panicked at xtask/tests/blackbox_dependency_guard.rs:249:5:
xtask: unknown task `blackbox-guard`
usage: cargo xtask <ci|conformance|gen-vectors|dst|statics|integration|tikv-conformance|fdb-conformance|fdb-doctor|fdb-metadata-tier1|metadata-nemesis|consistency-run|etcd-conformance|deploy-small-multi-node|dist|disk-faults|jepsen|kill-reconstruct|metadata-tier1|metadata-tier2|bench>


---- the_ci_gate_runs_the_blackbox_guard_before_any_cargo_step stdout ----

thread 'the_ci_gate_runs_the_blackbox_guard_before_any_cargo_step' (2361010) panicked at xtask/tests/blackbox_dependency_guard.rs:226:5:
xtask: unknown task `ci-plan`
usage: cargo xtask <ci|conformance|gen-vectors|dst|statics|integration|tikv-conformance|fdb-conformance|fdb-doctor|fdb-metadata-tier1|metadata-nemesis|consistency-run|etcd-conformance|deploy-small-multi-node|dist|disk-faults|jepsen|kill-reconstruct|metadata-tier1|metadata-tier2|bench>


---- a_normal_dependency_on_a_wyrd_crate_is_one_violation_naming_it stdout ----

thread 'a_normal_dependency_on_a_wyrd_crate_is_one_violation_naming_it' (2360978) panicked at xtask/tests/blackbox_dependency_guard.rs:264:5:
assertion `left == right` failed: xtask: unknown task `blackbox-guard`
usage: cargo xtask <ci|conformance|gen-vectors|dst|statics|integration|tikv-conformance|fdb-conformance|fdb-doctor|fdb-metadata-tier1|metadata-nemesis|consistency-run|etcd-conformance|deploy-small-multi-node|dist|disk-faults|jepsen|kill-reconstruct|metadata-tier1|metadata-tier2|bench>

  left: 0
 right: 1

---- two_blackbox_packages_are_refused stdout ----

thread 'two_blackbox_packages_are_refused' (2361017) panicked at xtask/tests/blackbox_dependency_guard.rs:104:5:
two-subjects: must be refused with `more than one `wyrd-validate` package`:
xtask: unknown task `blackbox-guard`
usage: cargo xtask <ci|conformance|gen-vectors|dst|statics|integration|tikv-conformance|fdb-conformance|fdb-doctor|fdb-metadata-tier1|metadata-nemesis|consistency-run|etcd-conformance|deploy-small-multi-node|dist|disk-faults|jepsen|kill-reconstruct|metadata-tier1|metadata-tier2|bench>


---- a_wyrd_crate_behind_a_third_party_dev_edge_is_not_followed stdout ----

thread 'a_wyrd_crate_behind_a_third_party_dev_edge_is_not_followed' (2360988) panicked at xtask/tests/blackbox_dependency_guard.rs:340:5:
xtask: unknown task `blackbox-guard`
usage: cargo xtask <ci|conformance|gen-vectors|dst|statics|integration|tikv-conformance|fdb-conformance|fdb-doctor|fdb-metadata-tier1|metadata-nemesis|consistency-run|etcd-conformance|deploy-small-multi-node|dist|disk-faults|jepsen|kill-reconstruct|metadata-tier1|metadata-tier2|bench>


---- structurally_incomplete_documents_are_refused stdout ----

thread 'structurally_incomplete_documents_are_refused' (2361009) panicked at xtask/tests/blackbox_dependency_guard.rs:104:5:
no-packages: must be refused with `no `packages` array`:
xtask: unknown task `blackbox-guard`
usage: cargo xtask <ci|conformance|gen-vectors|dst|statics|integration|tikv-conformance|fdb-conformance|fdb-doctor|fdb-metadata-tier1|metadata-nemesis|consistency-run|etcd-conformance|deploy-small-multi-node|dist|disk-faults|jepsen|kill-reconstruct|metadata-tier1|metadata-tier2|bench>


---- the_guard_never_writes_the_lock_file_it_audits stdout ----

thread 'the_guard_never_writes_the_lock_file_it_audits' (2361012) panicked at xtask/tests/blackbox_dependency_guard.rs:531:5:
xtask: unknown task `blackbox-guard`
usage: cargo xtask <ci|conformance|gen-vectors|dst|statics|integration|tikv-conformance|fdb-conformance|fdb-doctor|fdb-metadata-tier1|metadata-nemesis|consistency-run|etcd-conformance|deploy-small-multi-node|dist|disk-faults|jepsen|kill-reconstruct|metadata-tier1|metadata-tier2|bench>


---- a_renamed_dependency_is_caught_by_its_package_name stdout ----

thread 'a_renamed_dependency_is_caught_by_its_package_name' (2360985) panicked at xtask/tests/blackbox_dependency_guard.rs:503:5:
assertion `left == right` failed: xtask: unknown task `blackbox-guard`
usage: cargo xtask <ci|conformance|gen-vectors|dst|statics|integration|tikv-conformance|fdb-conformance|fdb-doctor|fdb-metadata-tier1|metadata-nemesis|consistency-run|etcd-conformance|deploy-small-multi-node|dist|disk-faults|jepsen|kill-reconstruct|metadata-tier1|metadata-tier2|bench>

  left: 0
 right: 1

---- a_real_dev_dependency_is_allowed stdout ----

thread 'a_real_dev_dependency_is_allowed' (2360983) panicked at xtask/tests/blackbox_dependency_guard.rs:520:5:
xtask: unknown task `blackbox-guard`
usage: cargo xtask <ci|conformance|gen-vectors|dst|statics|integration|tikv-conformance|fdb-conformance|fdb-doctor|fdb-metadata-tier1|metadata-nemesis|consistency-run|etcd-conformance|deploy-small-multi-node|dist|disk-faults|jepsen|kill-reconstruct|metadata-tier1|metadata-tier2|bench>


---- an_optional_crate_behind_an_off_by_default_feature_is_walked stdout ----

thread 'an_optional_crate_behind_an_off_by_default_feature_is_walked' (2361003) panicked at xtask/tests/blackbox_dependency_guard.rs:486:5:
assertion `left == right` failed: xtask: unknown task `blackbox-guard`
usage: cargo xtask <ci|conformance|gen-vectors|dst|statics|integration|tikv-conformance|fdb-conformance|fdb-doctor|fdb-metadata-tier1|metadata-nemesis|consistency-run|etcd-conformance|deploy-small-multi-node|dist|disk-faults|jepsen|kill-reconstruct|metadata-tier1|metadata-tier2|bench>

  left: 0
 right: 1


failures:
    a_blackbox_package_in_no_resolve_node_is_refused
    a_build_dependency_on_a_wyrd_crate_is_not_a_normal_edge
    a_crate_first_met_on_a_dev_edge_is_still_walked_on_a_normal_path
    a_declared_dependency_of_unknown_kind_is_refused
    a_dev_dependency_on_a_wyrd_crate_is_allowed
    a_document_without_a_resolve_graph_is_refused
    a_missing_blackbox_package_is_refused
    a_normal_dependency_on_a_wyrd_crate_is_one_violation_naming_it
    a_reached_package_in_no_resolve_node_is_refused
    a_reached_package_record_without_a_name_is_refused
    a_reached_package_record_without_an_id_is_refused
    a_real_dev_dependency_is_allowed
    a_renamed_dependency_is_caught_by_its_package_name
    a_transitive_wyrd_dependency_is_a_violation_naming_the_path
    a_wyrd_crate_behind_a_third_party_dev_edge_is_not_followed
    an_edge_of_unknown_kind_is_refused
    an_edge_that_is_both_dev_and_normal_is_followed
    an_edge_with_empty_dep_kinds_is_refused
    an_edge_without_dep_kinds_is_refused
    an_optional_crate_behind_an_off_by_default_feature_is_walked
    an_optional_off_by_default_wyrd_dependency_is_a_violation
    an_unparsable_document_is_refused
    structurally_incomplete_documents_are_refused
    the_ci_gate_runs_the_blackbox_guard_before_any_cargo_step
    the_guard_never_writes_the_lock_file_it_audits
    the_real_workspace_has_no_violation
    two_blackbox_packages_are_refused

test result: FAILED. 0 passed; 27 failed; 0 ignored; 0 measured; 0 filtered out; finished in 0.03s

error: test failed, to rerun pass `-p xtask --test blackbox_dependency_guard`
run-verify.sh: PASS — red without the fix, green with it (27 test(s) ran red).
